Archive member included to satisfy reference by file (symbol)

.\CortexM0\ARM_GCC_541\Debug\QuadEncoderRTOS.a(I2C.o)
                              .\CortexM0\ARM_GCC_541\Debug\main.o (I2C_Start)
.\CortexM0\ARM_GCC_541\Debug\QuadEncoderRTOS.a(I2C_I2C.o)
                              .\CortexM0\ARM_GCC_541\Debug\QuadEncoderRTOS.a(I2C.o) (I2C_I2CInit)
.\CortexM0\ARM_GCC_541\Debug\QuadEncoderRTOS.a(I2C_I2C_MASTER.o)
                              .\CortexM0\ARM_GCC_541\Debug\QuadEncoderRTOS.a(I2C_I2C.o) (I2C_mstrRdBufIndex)
.\CortexM0\ARM_GCC_541\Debug\QuadEncoderRTOS.a(PWM_1.o)
                              .\CortexM0\ARM_GCC_541\Debug\main.o (PWM_1_WritePeriod)
.\CortexM0\ARM_GCC_541\Debug\QuadEncoderRTOS.a(I2C_sda.o)
                              .\CortexM0\ARM_GCC_541\Debug\QuadEncoderRTOS.a(I2C_I2C_MASTER.o) (I2C_sda_Read)
.\CortexM0\ARM_GCC_541\Debug\QuadEncoderRTOS.a(I2C_scl.o)
                              .\CortexM0\ARM_GCC_541\Debug\QuadEncoderRTOS.a(I2C_I2C_MASTER.o) (I2C_scl_Write)
.\CortexM0\ARM_GCC_541\Debug\QuadEncoderRTOS.a(CyLib.o)
                              .\CortexM0\ARM_GCC_541\Debug\QuadEncoderRTOS.a(I2C.o) (CyIntEnable)
.\CortexM0\ARM_GCC_541\Debug\QuadEncoderRTOS.a(CyLFClk.o)
                              .\CortexM0\ARM_GCC_541\Debug\main.o (CySysWdtResetCounters)
.\CortexM0\ARM_GCC_541\Debug\QuadEncoderRTOS.a(INDEX_OUT.o)
                              .\CortexM0\ARM_GCC_541\Debug\main.o (INDEX_OUT_SetDriveMode)
.\CortexM0\ARM_GCC_541\Debug\QuadEncoderRTOS.a(HOME_OUT.o)
                              .\CortexM0\ARM_GCC_541\Debug\main.o (HOME_OUT_SetDriveMode)
.\CortexM0\ARM_GCC_541\Debug\QuadEncoderRTOS.a(HOME_IN.o)
                              .\CortexM0\ARM_GCC_541\Debug\main.o (HOME_IN_ClearInterrupt)
.\CortexM0\ARM_GCC_541\Debug\QuadEncoderRTOS.a(SPI_1.o)
                              .\CortexM0\ARM_GCC_541\Debug\main.o (SPI_1_Start)
.\CortexM0\ARM_GCC_541\Debug\QuadEncoderRTOS.a(SPI_1_SPI_UART.o)
                              .\CortexM0\ARM_GCC_541\Debug\main.o (SPI_1_SpiUartReadRxData)
.\CortexM0\ARM_GCC_541\Debug\QuadEncoderRTOS.a(SPI_1_SPI.o)
                              .\CortexM0\ARM_GCC_541\Debug\QuadEncoderRTOS.a(SPI_1.o) (SPI_1_SpiInit)
.\CortexM0\ARM_GCC_541\Debug\QuadEncoderRTOS.a(SPI_1_SPI_UART_INT.o)
                              .\CortexM0\ARM_GCC_541\Debug\QuadEncoderRTOS.a(SPI_1_SPI.o) (SPI_1_SPI_UART_ISR)
.\CortexM0\ARM_GCC_541\Debug\QuadEncoderRTOS.a(Counter_1.o)
                              .\CortexM0\ARM_GCC_541\Debug\main.o (Counter_1_WriteCounter)
.\CortexM0\ARM_GCC_541\Debug\QuadEncoderRTOS.a(Reset_Encoder.o)
                              .\CortexM0\ARM_GCC_541\Debug\main.o (Reset_Encoder_ClearInterrupt)
.\CortexM0\ARM_GCC_541\Debug\QuadEncoderRTOS.a(isr_rst_encoder.o)
                              .\CortexM0\ARM_GCC_541\Debug\main.o (isr_rst_encoder_SetPriority)
.\CortexM0\ARM_GCC_541\Debug\QuadEncoderRTOS.a(isr_home.o)
                              .\CortexM0\ARM_GCC_541\Debug\main.o (isr_home_SetPriority)
.\CortexM0\ARM_GCC_541\Debug\QuadEncoderRTOS.a(LED.o)
                              .\CortexM0\ARM_GCC_541\Debug\main.o (LED_Write)
.\CortexM0\ARM_GCC_541\Debug\QuadEncoderRTOS.a(isr_spi_ss.o)
                              .\CortexM0\ARM_GCC_541\Debug\main.o (isr_spi_ss_SetPriority)
.\CortexM0\ARM_GCC_541\Debug\QuadEncoderRTOS.a(spi_ss.o)
                              .\CortexM0\ARM_GCC_541\Debug\main.o (spi_ss_Read)
.\CortexM0\ARM_GCC_541\Debug\QuadEncoderRTOS.a(PROBE.o)
                              .\CortexM0\ARM_GCC_541\Debug\main.o (PROBE_Write)
.\CortexM0\ARM_GCC_541\Debug\QuadEncoderRTOS.a(Index_Counter_1.o)
                              .\CortexM0\ARM_GCC_541\Debug\main.o (Index_Counter_1_WriteCounter)
.\CortexM0\ARM_GCC_541\Debug\QuadEncoderRTOS.a(CyBootAsmGnu.o)
                              .\CortexM0\ARM_GCC_541\Debug\QuadEncoderRTOS.a(CyLib.o) (CyDelayCycles)
.\CortexM0\ARM_GCC_541\Debug\QuadEncoderRTOS.a(I2C_I2C_INT.o)
                              .\CortexM0\ARM_GCC_541\Debug\QuadEncoderRTOS.a(I2C_I2C.o) (I2C_I2C_ISR)
.\CortexM0\ARM_GCC_541\Debug\QuadEncoderRTOS.a(cyutils.o)
                              .\CortexM0\ARM_GCC_541\Debug\QuadEncoderRTOS.a(Counter_1.o) (CySetReg24)
c:/program files (x86)/cypress/psoc creator/4.2/psoc creator/import/gnu/arm/5.4.1/bin/../lib/gcc/arm-none-eabi/5.4.1/armv6-m\libgcc.a(_udivsi3.o)
                              .\CortexM0\ARM_GCC_541\Debug\QuadEncoderRTOS.a(CyLib.o) (__aeabi_uidiv)
c:/program files (x86)/cypress/psoc creator/4.2/psoc creator/import/gnu/arm/5.4.1/bin/../lib/gcc/arm-none-eabi/5.4.1/armv6-m\libgcc.a(_dvmd_tls.o)
                              c:/program files (x86)/cypress/psoc creator/4.2/psoc creator/import/gnu/arm/5.4.1/bin/../lib/gcc/arm-none-eabi/5.4.1/armv6-m\libgcc.a(_udivsi3.o) (__aeabi_idiv0)
c:/program files (x86)/cypress/psoc creator/4.2/psoc creator/import/gnu/arm/5.4.1/bin/../lib/gcc/arm-none-eabi/5.4.1/armv6-m\libgcc.a(_arm_cmpsf2.o)
[...]
Memory Configuration

Name             Origin             Length             Attributes
rom              0x00000000         0x00008000         xr
ram              0x20000000         0x00001000         xrw
*default*        0x00000000         0xffffffff

Linker script and memory map

LOAD c:/program files (x86)/cypress/psoc creator/4.2/psoc creator/import/gnu/arm/5.4.1/bin/../lib/gcc/arm-none-eabi/5.4.1/armv6-m/crti.o
LOAD c:/program files (x86)/cypress/psoc creator/4.2/psoc creator/import/gnu/arm/5.4.1/bin/../lib/gcc/arm-none-eabi/5.4.1/armv6-m/crtbegin.o
LOAD c:/program files (x86)/cypress/psoc creator/4.2/psoc creator/import/gnu/arm/5.4.1/bin/../lib/gcc/arm-none-eabi/5.4.1/../../../../arm-none-eabi/lib/armv6-m/crt0.o
START GROUP
LOAD .\CortexM0\ARM_GCC_541\Debug\main.o
LOAD .\CortexM0\ARM_GCC_541\Debug\INA219.o
LOAD .\CortexM0\ARM_GCC_541\Debug\port.o
LOAD .\CortexM0\ARM_GCC_541\Debug\heap_1.o
LOAD .\CortexM0\ARM_GCC_541\Debug\stream_buffer.o
LOAD .\CortexM0\ARM_GCC_541\Debug\tasks.o
LOAD .\CortexM0\ARM_GCC_541\Debug\timers.o
LOAD .\CortexM0\ARM_GCC_541\Debug\croutine.o
LOAD .\CortexM0\ARM_GCC_541\Debug\event_groups.o
LOAD .\CortexM0\ARM_GCC_541\Debug\list.o
LOAD .\CortexM0\ARM_GCC_541\Debug\queue.o
LOAD .\CortexM0\ARM_GCC_541\Debug\cyfitter_cfg.o
LOAD .\CortexM0\ARM_GCC_541\Debug\cymetadata.o
LOAD .\CortexM0\ARM_GCC_541\Debug\Cm0Start.o
LOAD .\CortexM0\ARM_GCC_541\Debug\QuadEncoderRTOS.a
END GROUP
START GROUP
LOAD c:/program files (x86)/cypress/psoc creator/4.2/psoc creator/import/gnu/arm/5.4.1/bin/../lib/gcc/arm-none-eabi/5.4.1/armv6-m\libgcc.a
LOAD c:/program files (x86)/cypress/psoc creator/4.2/psoc creator/import/gnu/arm/5.4.1/bin/../lib/gcc/arm-none-eabi/5.4.1/../../../../arm-none-eabi/lib/armv6-m\libg_nano.a
LOAD c:/program files (x86)/cypress/psoc creator/4.2/psoc creator/import/gnu/arm/5.4.1/bin/../lib/gcc/arm-none-eabi/5.4.1/../../../../arm-none-eabi/lib/armv6-m\libc_nano.a
END GROUP
START GROUP
LOAD c:/program files (x86)/cypress/psoc creator/4.2/psoc creator/import/gnu/arm/5.4.1/bin/../lib/gcc/arm-none-eabi/5.4.1/armv6-m\libgcc.a
LOAD c:/program files (x86)/cypress/psoc creator/4.2/psoc creator/import/gnu/arm/5.4.1/bin/../lib/gcc/arm-none-eabi/5.4.1/../../../../arm-none-eabi/lib/armv6-m\libc_nano.a
END GROUP
LOAD c:/program files (x86)/cypress/psoc creator/4.2/psoc creator/import/gnu/arm/5.4.1/bin/../lib/gcc/arm-none-eabi/5.4.1/armv6-m/crtend.o
LOAD c:/program files (x86)/cypress/psoc creator/4.2/psoc creator/import/gnu/arm/5.4.1/bin/../lib/gcc/arm-none-eabi/5.4.1/armv6-m/crtn.o
START GROUP
LOAD c:/program files (x86)/cypress/psoc creator/4.2/psoc creator/import/gnu/arm/5.4.1/bin/../lib/gcc/arm-none-eabi/5.4.1/armv6-m\libgcc.a
LOAD c:/program files (x86)/cypress/psoc creator/4.2/psoc creator/import/gnu/arm/5.4.1/bin/../lib/gcc/arm-none-eabi/5.4.1/../../../../arm-none-eabi/lib/armv6-m\libc.a
LOAD c:/program files (x86)/cypress/psoc creator/4.2/psoc creator/import/gnu/arm/5.4.1/bin/../lib/gcc/arm-none-eabi/5.4.1/../../../../arm-none-eabi/lib/armv6-m\libnosys.a
END GROUP
                0x00000000                CY_APPL_ORIGIN = 0x0
                0x00000080                CY_FLASH_ROW_SIZE = 0x80
                0x00000001                CY_APPL_NUM = 0x1
                0x00000001                CY_APPL_MAX = 0x1
                0x00000040                CY_METADATA_SIZE = 0x40
                0x00000000                CY_APPL_LOADABLE = 0x0
                0x00000000                CY_CHECKSUM_EXCLUDE_SIZE = ALIGN (0x0, CY_FLASH_ROW_SIZE)
                0x00000000                CY_APP_FOR_STACK_AND_COPIER = 0x0
                [!provide]                PROVIDE (__cy_heap_start, _end)
                0x00000001                PROVIDE (__cy_region_num, ((__cy_regions_end - __cy_regions) / 0x10))
                0x20001000                PROVIDE (__cy_stack, (ORIGIN (ram) + LENGTH (ram)))
                [!provide]                PROVIDE (__cy_heap_end, (__cy_stack - 0x200))

.cybootloader   0x00000000        0x0
 *(.cybootloader)
                0x00000000                appl1_start = CY_APPL_ORIGIN?CY_APPL_ORIGIN:ALIGN (CY_FLASH_ROW_SIZE)
                0x00003f80                appl2_start = (appl1_start + ALIGN ((((LENGTH (rom) - appl1_start) - (0x2 * CY_FLASH_ROW_SIZE)) / 0x2), CY_FLASH_ROW_SIZE))
                0x00000000                appl_start = (CY_APPL_NUM == 0x1)?appl1_start:appl2_start
                0x00000001                cy_project_type_bootloader = (appl_start == 0x0)?0x1:0x0
                0x00000000                cy_project_type_app_for_stack_and_copier = (CY_APP_FOR_STACK_AND_COPIER == 0x1)?0x1:0x0

.text           0x00000000     0x409e
 CREATE_OBJECT_SYMBOLS
                0x00000000                PROVIDE (__cy_interrupt_vector, RomVectors)
 *(.romvectors)
 .romvectors    0x00000000       0x10 .\CortexM0\ARM_GCC_541\Debug\Cm0Start.o
                0x00000000                RomVectors
                0x00000001                ASSERT ((. != __cy_interrupt_vector), No interrupt vector)
                0x00000001                ASSERT (CY_APPL_ORIGIN?(SIZEOF (.cybootloader) <= CY_APPL_ORIGIN):0x1, Wrong image location)
                0x00000010                PROVIDE (__cy_reset, Reset)
 *(.text.Reset)
 .text.Reset    0x00000010        0x8 .\CortexM0\ARM_GCC_541\Debug\Cm0Start.o
                0x00000010                Reset
                0x00000001                ASSERT ((. != __cy_reset), No reset code)
 *(.psocinit)
 .psocinit      0x00000018      0x200 .\CortexM0\ARM_GCC_541\Debug\cyfitter_cfg.o
                0x000000a4                cyfitter_cfg
                0x00000218                . = MAX (., 0x100)
 *(.text .text.* .gnu.linkonce.t.*)
 .text          0x00000218       0x60 c:/program files (x86)/cypress/psoc creator/4.2/psoc creator/import/gnu/arm/5.4.1/bin/../lib/gcc/arm-none-eabi/5.4.1/armv6-m/crtbegin.o
 .text.Current_Read_Task
                0x00000278       0x44 .\CortexM0\ARM_GCC_541\Debug\main.o
                0x00000278                Current_Read_Task
 .text.RSTIsrHandler
                0x000002bc       0x24 .\CortexM0\ARM_GCC_541\Debug\main.o
                0x000002bc                RSTIsrHandler
 .text.HomeIsrHandler
                0x000002e0       0x1c .\CortexM0\ARM_GCC_541\Debug\main.o
                0x000002e0                HomeIsrHandler
 .text.SPI_SS_IsrHandler
                0x000002fc       0x5c .\CortexM0\ARM_GCC_541\Debug\main.o
                0x000002fc                SPI_SS_IsrHandler
 .text.setupFreeRTOS
                0x00000358       0x28 .\CortexM0\ARM_GCC_541\Debug\main.o
                0x00000358                setupFreeRTOS
 .text.AssertFault
                0x00000380       0x1c .\CortexM0\ARM_GCC_541\Debug\main.o
                0x00000380                AssertFault
 .text.ClearFault
                0x0000039c       0x1c .\CortexM0\ARM_GCC_541\Debug\main.o
                0x0000039c                ClearFault
 .text.PWM_Set  0x000003b8       0x40 .\CortexM0\ARM_GCC_541\Debug\main.o
                0x000003b8                PWM_Set
 .text.GetPosition
                0x000003f8       0x44 .\CortexM0\ARM_GCC_541\Debug\main.o
                0x000003f8                GetPosition
 .text.Comm_Task
                0x0000043c      0x2d4 .\CortexM0\ARM_GCC_541\Debug\main.o
                0x0000043c                Comm_Task
 .text.PID_Initialize
                0x00000710       0x30 .\CortexM0\ARM_GCC_541\Debug\main.o
                0x00000710                PID_Initialize
 .text.PID_SetTunings
                0x00000740       0x44 .\CortexM0\ARM_GCC_541\Debug\main.o
                0x00000740                PID_SetTunings
 .text.PID_Compute
                0x00000784      0x138 .\CortexM0\ARM_GCC_541\Debug\main.o
                0x00000784                PID_Compute
 .text.PID_SetMode
                0x000008bc       0x24 .\CortexM0\ARM_GCC_541\Debug\main.o
                0x000008bc                PID_SetMode
 .text.PID_SetDrive
                0x000008e0       0x1c .\CortexM0\ARM_GCC_541\Debug\main.o
                0x000008e0                PID_SetDrive
 .text.PID_Task
                0x000008fc      0x248 .\CortexM0\ARM_GCC_541\Debug\main.o
                0x000008fc                PID_Task
 .text.main     0x00000b44      0x148 .\CortexM0\ARM_GCC_541\Debug\main.o
                0x00000b44                main
 .text.I2C_INA_SendSequence
                0x00000c8c       0x3c .\CortexM0\ARM_GCC_541\Debug\INA219.o
                0x00000c8c                I2C_INA_SendSequence
 .text.I2C_INA_SendData
                0x00000cc8       0x18 .\CortexM0\ARM_GCC_541\Debug\INA219.o
                0x00000cc8                I2C_INA_SendData
 .text.Init_INA
                0x00000ce0       0x24 .\CortexM0\ARM_GCC_541\Debug\INA219.o
                0x00000ce0                Init_INA
 .text.I2C_INA_ReadSequence
                0x00000d04       0x38 .\CortexM0\ARM_GCC_541\Debug\INA219.o
                0x00000d04                I2C_INA_ReadSequence
 .text.I2C_INA_ReadData
                0x00000d3c       0x1c .\CortexM0\ARM_GCC_541\Debug\INA219.o
                0x00000d3c                I2C_INA_ReadData
 .text.getCurrent_raw
                0x00000d58       0x48 .\CortexM0\ARM_GCC_541\Debug\INA219.o
                0x00000d58                getCurrent_raw
 .text.getCurrent_mA
                0x00000da0       0x18 .\CortexM0\ARM_GCC_541\Debug\INA219.o
                0x00000da0                getCurrent_mA
 .text.prvTaskExitError
                0x00000db8       0x24 .\CortexM0\ARM_GCC_541\Debug\port.o
 *fill*         0x00000ddc        0x4 
 .text.vPortStartFirstTask
                0x00000de0       0x34 .\CortexM0\ARM_GCC_541\Debug\port.o
 .text.prvSetupTimerInterrupt
                0x00000e14       0x28 .\CortexM0\ARM_GCC_541\Debug\port.o
 .text.pxPortInitialiseStack
                0x00000e3c       0x20 .\CortexM0\ARM_GCC_541\Debug\port.o
                0x00000e3c                pxPortInitialiseStack
 .text.vPortSVCHandler
                0x00000e5c        0x4 .\CortexM0\ARM_GCC_541\Debug\port.o
                0x00000e5c                vPortSVCHandler
 .text.xPortStartScheduler
                0x00000e60       0x3c .\CortexM0\ARM_GCC_541\Debug\port.o
                0x00000e60                xPortStartScheduler
 .text.vPortYield
                0x00000e9c       0x18 .\CortexM0\ARM_GCC_541\Debug\port.o
                0x00000e9c                vPortYield
 .text.vPortEnterCritical
                0x00000eb4       0x18 .\CortexM0\ARM_GCC_541\Debug\port.o
                0x00000eb4                vPortEnterCritical
 .text.vPortExitCritical
                0x00000ecc       0x20 .\CortexM0\ARM_GCC_541\Debug\port.o
                0x00000ecc                vPortExitCritical
 .text.ulSetInterruptMaskFromISR
                0x00000eec        0x8 .\CortexM0\ARM_GCC_541\Debug\port.o
                0x00000eec                ulSetInterruptMaskFromISR
 .text.vClearInterruptMaskFromISR
                0x00000ef4        0x8 .\CortexM0\ARM_GCC_541\Debug\port.o
                0x00000ef4                vClearInterruptMaskFromISR
 *fill*         0x00000efc        0x4 
 .text.xPortPendSVHandler
                0x00000f00       0x44 .\CortexM0\ARM_GCC_541\Debug\port.o
                0x00000f00                xPortPendSVHandler
 .text.xPortSysTickHandler
                0x00000f44       0x24 .\CortexM0\ARM_GCC_541\Debug\port.o
                0x00000f44                xPortSysTickHandler
 .text.pvPortMalloc
                0x00000f68       0x5c .\CortexM0\ARM_GCC_541\Debug\heap_1.o
                0x00000f68                pvPortMalloc
 .text.vPortFree
                0x00000fc4        0xc .\CortexM0\ARM_GCC_541\Debug\heap_1.o
                0x00000fc4                vPortFree
 .text.prvTaskCheckFreeStackSpace
                0x00000fd0       0x14 .\CortexM0\ARM_GCC_541\Debug\tasks.o
 .text.prvResetNextTaskUnblockTime
                0x00000fe4       0x30 .\CortexM0\ARM_GCC_541\Debug\tasks.o
 .text.prvDeleteTCB
                0x00001014       0x14 .\CortexM0\ARM_GCC_541\Debug\tasks.o
 .text.prvInitialiseNewTask
                0x00001028       0xac .\CortexM0\ARM_GCC_541\Debug\tasks.o
 .text.prvInitialiseTaskLists
                0x000010d4       0x58 .\CortexM0\ARM_GCC_541\Debug\tasks.o
 .text.prvAddNewTaskToReadyList
                0x0000112c       0x8c .\CortexM0\ARM_GCC_541\Debug\tasks.o
 .text.prvCheckTasksWaitingTermination
                0x000011b8       0x38 .\CortexM0\ARM_GCC_541\Debug\tasks.o
 .text.prvIdleTask
                0x000011f0        0x8 .\CortexM0\ARM_GCC_541\Debug\tasks.o
 .text.prvAddCurrentTaskToDelayedList
                0x000011f8       0x64 .\CortexM0\ARM_GCC_541\Debug\tasks.o
 .text.xTaskCreate
                0x0000125c       0x60 .\CortexM0\ARM_GCC_541\Debug\tasks.o
                0x0000125c                xTaskCreate
 .text.vTaskStartScheduler
                0x000012bc       0x54 .\CortexM0\ARM_GCC_541\Debug\tasks.o
                0x000012bc                vTaskStartScheduler
 .text.vTaskSuspendAll
                0x00001310       0x10 .\CortexM0\ARM_GCC_541\Debug\tasks.o
                0x00001310                vTaskSuspendAll
 .text.xTaskGetTickCount
                0x00001320        0xc .\CortexM0\ARM_GCC_541\Debug\tasks.o
                0x00001320                xTaskGetTickCount
 .text.xTaskIncrementTick
                0x0000132c       0xe8 .\CortexM0\ARM_GCC_541\Debug\tasks.o
                0x0000132c                xTaskIncrementTick
 .text.xTaskResumeAll
                0x00001414       0xd4 .\CortexM0\ARM_GCC_541\Debug\tasks.o
                0x00001414                xTaskResumeAll
 .text.vTaskDelay
                0x000014e8       0x34 .\CortexM0\ARM_GCC_541\Debug\tasks.o
                0x000014e8                vTaskDelay
 .text.vTaskSwitchContext
                0x0000151c       0x88 .\CortexM0\ARM_GCC_541\Debug\tasks.o
                0x0000151c                vTaskSwitchContext
 .text.vTaskPlaceOnEventList
                0x000015a4       0x24 .\CortexM0\ARM_GCC_541\Debug\tasks.o
                0x000015a4                vTaskPlaceOnEventList
 .text.xTaskRemoveFromEventList
                0x000015c8       0x7c .\CortexM0\ARM_GCC_541\Debug\tasks.o
                0x000015c8                xTaskRemoveFromEventList
 .text.vTaskInternalSetTimeOutState
                0x00001644       0x10 .\CortexM0\ARM_GCC_541\Debug\tasks.o
                0x00001644                vTaskInternalSetTimeOutState
 .text.xTaskCheckForTimeOut
                0x00001654       0x64 .\CortexM0\ARM_GCC_541\Debug\tasks.o
                0x00001654                xTaskCheckForTimeOut
 .text.vTaskMissedYield
                0x000016b8        0xc .\CortexM0\ARM_GCC_541\Debug\tasks.o
                0x000016b8                vTaskMissedYield
 .text.uxTaskGetStackHighWaterMark
                0x000016c4       0x18 .\CortexM0\ARM_GCC_541\Debug\tasks.o
                0x000016c4                uxTaskGetStackHighWaterMark
 .text.xTaskGetSchedulerState
                0x000016dc       0x20 .\CortexM0\ARM_GCC_541\Debug\tasks.o
                0x000016dc                xTaskGetSchedulerState
 .text.xTaskPriorityInherit
                0x000016fc       0x9c .\CortexM0\ARM_GCC_541\Debug\tasks.o
                0x000016fc                xTaskPriorityInherit
 .text.xTaskPriorityDisinherit
                0x00001798       0x74 .\CortexM0\ARM_GCC_541\Debug\tasks.o
                0x00001798                xTaskPriorityDisinherit
 .text.vTaskPriorityDisinheritAfterTimeout
                0x0000180c       0x8c .\CortexM0\ARM_GCC_541\Debug\tasks.o
                0x0000180c                vTaskPriorityDisinheritAfterTimeout
 .text.pvTaskIncrementMutexHeldCount
                0x00001898       0x1c .\CortexM0\ARM_GCC_541\Debug\tasks.o
                0x00001898                pvTaskIncrementMutexHeldCount
 .text.vListInitialise
                0x000018b4       0x18 .\CortexM0\ARM_GCC_541\Debug\list.o
                0x000018b4                vListInitialise
 .text.vListInitialiseItem
                0x000018cc        0x8 .\CortexM0\ARM_GCC_541\Debug\list.o
                0x000018cc                vListInitialiseItem
 .text.vListInsertEnd
                0x000018d4       0x18 .\CortexM0\ARM_GCC_541\Debug\list.o
                0x000018d4                vListInsertEnd
 .text.vListInsert
                0x000018ec       0x30 .\CortexM0\ARM_GCC_541\Debug\list.o
                0x000018ec                vListInsert
 .text.uxListRemove
                0x0000191c       0x28 .\CortexM0\ARM_GCC_541\Debug\list.o
                0x0000191c                uxListRemove
 .text.prvGetDisinheritPriorityAfterTimeout
                0x00001944       0x14 .\CortexM0\ARM_GCC_541\Debug\queue.o
 .text.prvIsQueueFull
                0x00001958       0x20 .\CortexM0\ARM_GCC_541\Debug\queue.o
 .text.prvIsQueueEmpty
                0x00001978       0x1c .\CortexM0\ARM_GCC_541\Debug\queue.o
 .text.prvCopyDataToQueue
                0x00001994       0x84 .\CortexM0\ARM_GCC_541\Debug\queue.o
 .text.prvUnlockQueue
                0x00001a18       0x70 .\CortexM0\ARM_GCC_541\Debug\queue.o
 .text.xQueueGenericReset
                0x00001a88       0x6c .\CortexM0\ARM_GCC_541\Debug\queue.o
                0x00001a88                xQueueGenericReset
 .text.prvInitialiseNewQueue
                0x00001af4       0x1c .\CortexM0\ARM_GCC_541\Debug\queue.o
 .text.xQueueGenericCreate
                0x00001b10       0x40 .\CortexM0\ARM_GCC_541\Debug\queue.o
                0x00001b10                xQueueGenericCreate
 .text.xQueueGenericSend
                0x00001b50      0x148 .\CortexM0\ARM_GCC_541\Debug\queue.o
                0x00001b50                xQueueGenericSend
 .text.prvInitialiseMutex
                0x00001c98       0x18 .\CortexM0\ARM_GCC_541\Debug\queue.o
 .text.xQueueCreateMutex
                0x00001cb0       0x18 .\CortexM0\ARM_GCC_541\Debug\queue.o
                0x00001cb0                xQueueCreateMutex
 .text.xQueueSemaphoreTake
                0x00001cc8      0x154 .\CortexM0\ARM_GCC_541\Debug\queue.o
                0x00001cc8                xQueueSemaphoreTake
 .text.cfg_write_bytes32
                0x00001e1c       0x34 .\CortexM0\ARM_GCC_541\Debug\cyfitter_cfg.o
 .text.CYMEMZERO
                0x00001e50        0xc .\CortexM0\ARM_GCC_541\Debug\cyfitter_cfg.o
 .text.IntDefaultHandler
                0x00001e5c       0x10 .\CortexM0\ARM_GCC_541\Debug\Cm0Start.o
                0x00001e5c                IntDefaultHandler
 .text.Start_c  0x00001e6c       0x48 .\CortexM0\ARM_GCC_541\Debug\Cm0Start.o
                0x00001e6c                Start_c
 .text.initialize_psoc
                0x00001eb4       0x40 .\CortexM0\ARM_GCC_541\Debug\Cm0Start.o
                0x00001eb4                initialize_psoc
 .text.I2C_ScbEnableIntr
                0x00001ef4        0xc .\CortexM0\ARM_GCC_541\Debug\QuadEncoderRTOS.a(I2C.o)
 .text.I2C_Init
                0x00001f00        0x8 .\CortexM0\ARM_GCC_541\Debug\QuadEncoderRTOS.a(I2C.o)
                0x00001f00                I2C_Init
 .text.I2C_Enable
                0x00001f08       0x18 .\CortexM0\ARM_GCC_541\Debug\QuadEncoderRTOS.a(I2C.o)
                0x00001f08                I2C_Enable
 .text.I2C_Start
                0x00001f20       0x20 .\CortexM0\ARM_GCC_541\Debug\QuadEncoderRTOS.a(I2C.o)
                0x00001f20                I2C_Start
 .text.I2C_I2CInit
                0x00001f40       0xc4 .\CortexM0\ARM_GCC_541\Debug\QuadEncoderRTOS.a(I2C_I2C.o)
                0x00001f40                I2C_I2CInit
 .text.I2C_I2CFwBlockReset
                0x00002004       0x94 .\CortexM0\ARM_GCC_541\Debug\QuadEncoderRTOS.a(I2C_I2C.o)
                0x00002004                I2C_I2CFwBlockReset
 .text.I2C_I2CMasterStatus
                0x00002098       0x30 .\CortexM0\ARM_GCC_541\Debug\QuadEncoderRTOS.a(I2C_I2C_MASTER.o)
                0x00002098                I2C_I2CMasterStatus
 .text.I2C_I2CReStartGeneration
                0x000020c8       0xc4 .\CortexM0\ARM_GCC_541\Debug\QuadEncoderRTOS.a(I2C_I2C_MASTER.o)
                0x000020c8                I2C_I2CReStartGeneration
 .text.I2C_I2CMasterWriteBuf
                0x0000218c       0xf8 .\CortexM0\ARM_GCC_541\Debug\QuadEncoderRTOS.a(I2C_I2C_MASTER.o)
                0x0000218c                I2C_I2CMasterWriteBuf
 .text.I2C_I2CMasterReadBuf
                0x00002284      0x108 .\CortexM0\ARM_GCC_541\Debug\QuadEncoderRTOS.a(I2C_I2C_MASTER.o)
                0x00002284                I2C_I2CMasterReadBuf
 .text.PWM_1_WriteCounter
                0x0000238c       0x10 .\CortexM0\ARM_GCC_541\Debug\QuadEncoderRTOS.a(PWM_1.o)
                0x0000238c                PWM_1_WriteCounter
 .text.PWM_1_WritePeriod
                0x0000239c       0x10 .\CortexM0\ARM_GCC_541\Debug\QuadEncoderRTOS.a(PWM_1.o)
                0x0000239c                PWM_1_WritePeriod
 .text.PWM_1_WriteCompare
                0x000023ac       0x10 .\CortexM0\ARM_GCC_541\Debug\QuadEncoderRTOS.a(PWM_1.o)
                0x000023ac                PWM_1_WriteCompare
 .text.PWM_1_TriggerCommand
                0x000023bc       0x1c .\CortexM0\ARM_GCC_541\Debug\QuadEncoderRTOS.a(PWM_1.o)
                0x000023bc                PWM_1_TriggerCommand
 .text.PWM_1_Enable
                0x000023d8       0x24 .\CortexM0\ARM_GCC_541\Debug\QuadEncoderRTOS.a(PWM_1.o)
                0x000023d8                PWM_1_Enable
 .text.PWM_1_SetInterruptMode
                0x000023fc        0xc .\CortexM0\ARM_GCC_541\Debug\QuadEncoderRTOS.a(PWM_1.o)
                0x000023fc                PWM_1_SetInterruptMode
 .text.PWM_1_Init
                0x00002408       0x48 .\CortexM0\ARM_GCC_541\Debug\QuadEncoderRTOS.a(PWM_1.o)
                0x00002408                PWM_1_Init
 .text.PWM_1_Start
                0x00002450       0x20 .\CortexM0\ARM_GCC_541\Debug\QuadEncoderRTOS.a(PWM_1.o)
                0x00002450                PWM_1_Start
 .text.I2C_sda_Read
                0x00002470       0x10 .\CortexM0\ARM_GCC_541\Debug\QuadEncoderRTOS.a(I2C_sda.o)
                0x00002470                I2C_sda_Read
 .text.I2C_scl_Write
                0x00002480       0x18 .\CortexM0\ARM_GCC_541\Debug\QuadEncoderRTOS.a(I2C_scl.o)
                0x00002480                I2C_scl_Write
 .text.I2C_scl_Read
                0x00002498       0x10 .\CortexM0\ARM_GCC_541\Debug\QuadEncoderRTOS.a(I2C_scl.o)
                0x00002498                I2C_scl_Read
 .text.CyIntEnable
                0x000024a8       0x14 .\CortexM0\ARM_GCC_541\Debug\QuadEncoderRTOS.a(CyLib.o)
                0x000024a8                CyIntEnable
 .text.CyIntDisable
                0x000024bc       0x14 .\CortexM0\ARM_GCC_541\Debug\QuadEncoderRTOS.a(CyLib.o)
                0x000024bc                CyIntDisable
 .text.CyHalt   0x000024d0        0x4 .\CortexM0\ARM_GCC_541\Debug\QuadEncoderRTOS.a(CyLib.o)
                0x000024d0                CyHalt
 .text.CyIntSetSysVector
                0x000024d4       0x20 .\CortexM0\ARM_GCC_541\Debug\QuadEncoderRTOS.a(CyLib.o)
                0x000024d4                CyIntSetSysVector
 .text.CyIntSetVector
                0x000024f4       0x24 .\CortexM0\ARM_GCC_541\Debug\QuadEncoderRTOS.a(CyLib.o)
                0x000024f4                CyIntSetVector
 .text.CyIntSetPriority
                0x00002518       0x4c .\CortexM0\ARM_GCC_541\Debug\QuadEncoderRTOS.a(CyLib.o)
                0x00002518                CyIntSetPriority
 .text.CyDelay  0x00002564       0x30 .\CortexM0\ARM_GCC_541\Debug\QuadEncoderRTOS.a(CyLib.o)
                0x00002564                CyDelay
 .text.CyDelayUs
                0x00002594       0x14 .\CortexM0\ARM_GCC_541\Debug\QuadEncoderRTOS.a(CyLib.o)
                0x00002594                CyDelayUs
 .text.CySysClkWriteImoFreq
                0x000025a8      0x164 .\CortexM0\ARM_GCC_541\Debug\QuadEncoderRTOS.a(CyLib.o)
                0x000025a8                CySysClkWriteImoFreq
 .text.CySysWdtResetCounters
                0x0000270c       0x20 .\CortexM0\ARM_GCC_541\Debug\QuadEncoderRTOS.a(CyLFClk.o)
                0x0000270c                CySysWdtResetCounters
 .text.INDEX_OUT_SetDriveMode
                0x0000272c       0x18 .\CortexM0\ARM_GCC_541\Debug\QuadEncoderRTOS.a(INDEX_OUT.o)
                0x0000272c                INDEX_OUT_SetDriveMode
 .text.HOME_OUT_SetDriveMode
                0x00002744       0x18 .\CortexM0\ARM_GCC_541\Debug\QuadEncoderRTOS.a(HOME_OUT.o)
                0x00002744                HOME_OUT_SetDriveMode
 .text.HOME_IN_ClearInterrupt
                0x0000275c       0x14 .\CortexM0\ARM_GCC_541\Debug\QuadEncoderRTOS.a(HOME_IN.o)
                0x0000275c                HOME_IN_ClearInterrupt
 .text.SPI_1_ScbEnableIntr
                0x00002770        0xc .\CortexM0\ARM_GCC_541\Debug\QuadEncoderRTOS.a(SPI_1.o)
 .text.SPI_1_ScbModePostEnable
                0x0000277c        0x8 .\CortexM0\ARM_GCC_541\Debug\QuadEncoderRTOS.a(SPI_1.o)
 .text.SPI_1_Init
                0x00002784        0x8 .\CortexM0\ARM_GCC_541\Debug\QuadEncoderRTOS.a(SPI_1.o)
                0x00002784                SPI_1_Init
 .text.SPI_1_Enable
                0x0000278c       0x1c .\CortexM0\ARM_GCC_541\Debug\QuadEncoderRTOS.a(SPI_1.o)
                0x0000278c                SPI_1_Enable
 .text.SPI_1_Start
                0x000027a8       0x20 .\CortexM0\ARM_GCC_541\Debug\QuadEncoderRTOS.a(SPI_1.o)
                0x000027a8                SPI_1_Start
 .text.SPI_1_SpiUartReadRxData
                0x000027c8       0x34 .\CortexM0\ARM_GCC_541\Debug\QuadEncoderRTOS.a(SPI_1_SPI_UART.o)
                0x000027c8                SPI_1_SpiUartReadRxData
 .text.SPI_1_SpiUartClearRxBuffer
                0x000027fc       0x54 .\CortexM0\ARM_GCC_541\Debug\QuadEncoderRTOS.a(SPI_1_SPI_UART.o)
                0x000027fc                SPI_1_SpiUartClearRxBuffer
 .text.SPI_1_SpiUartWriteTxData
                0x00002850       0x70 .\CortexM0\ARM_GCC_541\Debug\QuadEncoderRTOS.a(SPI_1_SPI_UART.o)
                0x00002850                SPI_1_SpiUartWriteTxData
 .text.SPI_1_SpiUartPutArray
                0x000028c0       0x18 .\CortexM0\ARM_GCC_541\Debug\QuadEncoderRTOS.a(SPI_1_SPI_UART.o)
                0x000028c0                SPI_1_SpiUartPutArray
 .text.SPI_1_SpiUartClearTxBuffer
                0x000028d8       0x58 .\CortexM0\ARM_GCC_541\Debug\QuadEncoderRTOS.a(SPI_1_SPI_UART.o)
                0x000028d8                SPI_1_SpiUartClearTxBuffer
 .text.SPI_1_SpiInit
                0x00002930       0xcc .\CortexM0\ARM_GCC_541\Debug\QuadEncoderRTOS.a(SPI_1_SPI.o)
                0x00002930                SPI_1_SpiInit
 .text.SPI_1_SpiPostEnable
                0x000029fc       0x14 .\CortexM0\ARM_GCC_541\Debug\QuadEncoderRTOS.a(SPI_1_SPI.o)
                0x000029fc                SPI_1_SpiPostEnable
 .text.SPI_1_SPI_UART_ISR
                0x00002a10       0xe4 .\CortexM0\ARM_GCC_541\Debug\QuadEncoderRTOS.a(SPI_1_SPI_UART_INT.o)
                0x00002a10                SPI_1_SPI_UART_ISR
 .text.Counter_1_Enable
                0x00002af4       0x14 .\CortexM0\ARM_GCC_541\Debug\QuadEncoderRTOS.a(Counter_1.o)
                0x00002af4                Counter_1_Enable
 .text.Counter_1_SetInterruptMode
                0x00002b08        0xc .\CortexM0\ARM_GCC_541\Debug\QuadEncoderRTOS.a(Counter_1.o)
                0x00002b08                Counter_1_SetInterruptMode
 .text.Counter_1_ReadStatusRegister
                0x00002b14        0xc .\CortexM0\ARM_GCC_541\Debug\QuadEncoderRTOS.a(Counter_1.o)
                0x00002b14                Counter_1_ReadStatusRegister
 .text.Counter_1_WriteCounter
                0x00002b20       0x10 .\CortexM0\ARM_GCC_541\Debug\QuadEncoderRTOS.a(Counter_1.o)
                0x00002b20                Counter_1_WriteCounter
 .text.Counter_1_ReadCounter
                0x00002b30       0x18 .\CortexM0\ARM_GCC_541\Debug\QuadEncoderRTOS.a(Counter_1.o)
                0x00002b30                Counter_1_ReadCounter
 .text.Counter_1_ReadCapture
                0x00002b48       0x10 .\CortexM0\ARM_GCC_541\Debug\QuadEncoderRTOS.a(Counter_1.o)
                0x00002b48                Counter_1_ReadCapture
 .text.Counter_1_WritePeriod
                0x00002b58       0x10 .\CortexM0\ARM_GCC_541\Debug\QuadEncoderRTOS.a(Counter_1.o)
                0x00002b58                Counter_1_WritePeriod
 .text.Counter_1_WriteCompare
                0x00002b68       0x10 .\CortexM0\ARM_GCC_541\Debug\QuadEncoderRTOS.a(Counter_1.o)
                0x00002b68                Counter_1_WriteCompare
 .text.Counter_1_ClearFIFO
                0x00002b78       0x14 .\CortexM0\ARM_GCC_541\Debug\QuadEncoderRTOS.a(Counter_1.o)
                0x00002b78                Counter_1_ClearFIFO
 .text.Counter_1_Init
                0x00002b8c       0x64 .\CortexM0\ARM_GCC_541\Debug\QuadEncoderRTOS.a(Counter_1.o)
                0x00002b8c                Counter_1_Init
 .text.Counter_1_Start
                0x00002bf0       0x20 .\CortexM0\ARM_GCC_541\Debug\QuadEncoderRTOS.a(Counter_1.o)
                0x00002bf0                Counter_1_Start
 .text.Reset_Encoder_ClearInterrupt
                0x00002c10       0x14 .\CortexM0\ARM_GCC_541\Debug\QuadEncoderRTOS.a(Reset_Encoder.o)
                0x00002c10                Reset_Encoder_ClearInterrupt
 .text.isr_rst_encoder_SetVector
                0x00002c24        0xc .\CortexM0\ARM_GCC_541\Debug\QuadEncoderRTOS.a(isr_rst_encoder.o)
                0x00002c24                isr_rst_encoder_SetVector
 .text.isr_rst_encoder_SetPriority
                0x00002c30       0x24 .\CortexM0\ARM_GCC_541\Debug\QuadEncoderRTOS.a(isr_rst_encoder.o)
                0x00002c30                isr_rst_encoder_SetPriority
 .text.isr_rst_encoder_Enable
                0x00002c54        0xc .\CortexM0\ARM_GCC_541\Debug\QuadEncoderRTOS.a(isr_rst_encoder.o)
                0x00002c54                isr_rst_encoder_Enable
 .text.isr_rst_encoder_Disable
                0x00002c60        0xc .\CortexM0\ARM_GCC_541\Debug\QuadEncoderRTOS.a(isr_rst_encoder.o)
                0x00002c60                isr_rst_encoder_Disable
 .text.isr_rst_encoder_StartEx
                0x00002c6c       0x1c .\CortexM0\ARM_GCC_541\Debug\QuadEncoderRTOS.a(isr_rst_encoder.o)
                0x00002c6c                isr_rst_encoder_StartEx
 .text.isr_rst_encoder_ClearPending
                0x00002c88        0xc .\CortexM0\ARM_GCC_541\Debug\QuadEncoderRTOS.a(isr_rst_encoder.o)
                0x00002c88                isr_rst_encoder_ClearPending
 .text.isr_home_SetVector
                0x00002c94        0xc .\CortexM0\ARM_GCC_541\Debug\QuadEncoderRTOS.a(isr_home.o)
                0x00002c94                isr_home_SetVector
 .text.isr_home_SetPriority
                0x00002ca0       0x20 .\CortexM0\ARM_GCC_541\Debug\QuadEncoderRTOS.a(isr_home.o)
                0x00002ca0                isr_home_SetPriority
 .text.isr_home_Enable
                0x00002cc0        0xc .\CortexM0\ARM_GCC_541\Debug\QuadEncoderRTOS.a(isr_home.o)
                0x00002cc0                isr_home_Enable
 .text.isr_home_Disable
                0x00002ccc        0xc .\CortexM0\ARM_GCC_541\Debug\QuadEncoderRTOS.a(isr_home.o)
                0x00002ccc                isr_home_Disable
 .text.isr_home_StartEx
                0x00002cd8       0x1c .\CortexM0\ARM_GCC_541\Debug\QuadEncoderRTOS.a(isr_home.o)
                0x00002cd8                isr_home_StartEx
 .text.isr_home_ClearPending
                0x00002cf4        0xc .\CortexM0\ARM_GCC_541\Debug\QuadEncoderRTOS.a(isr_home.o)
                0x00002cf4                isr_home_ClearPending
 .text.LED_Write
                0x00002d00       0x18 .\CortexM0\ARM_GCC_541\Debug\QuadEncoderRTOS.a(LED.o)
                0x00002d00                LED_Write
 .text.isr_spi_ss_SetVector
                0x00002d18        0xc .\CortexM0\ARM_GCC_541\Debug\QuadEncoderRTOS.a(isr_spi_ss.o)
                0x00002d18                isr_spi_ss_SetVector
 .text.isr_spi_ss_SetPriority
                0x00002d24       0x24 .\CortexM0\ARM_GCC_541\Debug\QuadEncoderRTOS.a(isr_spi_ss.o)
                0x00002d24                isr_spi_ss_SetPriority
 .text.isr_spi_ss_Enable
                0x00002d48        0xc .\CortexM0\ARM_GCC_541\Debug\QuadEncoderRTOS.a(isr_spi_ss.o)
                0x00002d48                isr_spi_ss_Enable
 .text.isr_spi_ss_Disable
                0x00002d54        0xc .\CortexM0\ARM_GCC_541\Debug\QuadEncoderRTOS.a(isr_spi_ss.o)
                0x00002d54                isr_spi_ss_Disable
 .text.isr_spi_ss_StartEx
                0x00002d60       0x1c .\CortexM0\ARM_GCC_541\Debug\QuadEncoderRTOS.a(isr_spi_ss.o)
                0x00002d60                isr_spi_ss_StartEx
 .text.spi_ss_Read
                0x00002d7c       0x10 .\CortexM0\ARM_GCC_541\Debug\QuadEncoderRTOS.a(spi_ss.o)
                0x00002d7c                spi_ss_Read
 .text.spi_ss_ClearInterrupt
                0x00002d8c       0x14 .\CortexM0\ARM_GCC_541\Debug\QuadEncoderRTOS.a(spi_ss.o)
                0x00002d8c                spi_ss_ClearInterrupt
 .text.PROBE_Write
                0x00002da0       0x18 .\CortexM0\ARM_GCC_541\Debug\QuadEncoderRTOS.a(PROBE.o)
                0x00002da0                PROBE_Write
 .text.Index_Counter_1_Enable
                0x00002db8       0x14 .\CortexM0\ARM_GCC_541\Debug\QuadEncoderRTOS.a(Index_Counter_1.o)
                0x00002db8                Index_Counter_1_Enable
 .text.Index_Counter_1_SetInterruptMode
                0x00002dcc        0xc .\CortexM0\ARM_GCC_541\Debug\QuadEncoderRTOS.a(Index_Counter_1.o)
                0x00002dcc                Index_Counter_1_SetInterruptMode
 .text.Index_Counter_1_ReadStatusRegister
                0x00002dd8        0xc .\CortexM0\ARM_GCC_541\Debug\QuadEncoderRTOS.a(Index_Counter_1.o)
                0x00002dd8                Index_Counter_1_ReadStatusRegister
 .text.Index_Counter_1_WriteCounter
                0x00002de4        0xc .\CortexM0\ARM_GCC_541\Debug\QuadEncoderRTOS.a(Index_Counter_1.o)
                0x00002de4                Index_Counter_1_WriteCounter
 .text.Index_Counter_1_ReadCounter
                0x00002df0       0x14 .\CortexM0\ARM_GCC_541\Debug\QuadEncoderRTOS.a(Index_Counter_1.o)
                0x00002df0                Index_Counter_1_ReadCounter
 .text.Index_Counter_1_ReadCapture
                0x00002e04        0xc .\CortexM0\ARM_GCC_541\Debug\QuadEncoderRTOS.a(Index_Counter_1.o)
                0x00002e04                Index_Counter_1_ReadCapture
 .text.Index_Counter_1_WritePeriod
                0x00002e10        0xc .\CortexM0\ARM_GCC_541\Debug\QuadEncoderRTOS.a(Index_Counter_1.o)
                0x00002e10                Index_Counter_1_WritePeriod
 .text.Index_Counter_1_WriteCompare
                0x00002e1c        0xc .\CortexM0\ARM_GCC_541\Debug\QuadEncoderRTOS.a(Index_Counter_1.o)
                0x00002e1c                Index_Counter_1_WriteCompare
 .text.Index_Counter_1_ClearFIFO
                0x00002e28       0x14 .\CortexM0\ARM_GCC_541\Debug\QuadEncoderRTOS.a(Index_Counter_1.o)
                0x00002e28                Index_Counter_1_ClearFIFO
 .text.Index_Counter_1_Init
                0x00002e3c       0x58 .\CortexM0\ARM_GCC_541\Debug\QuadEncoderRTOS.a(Index_Counter_1.o)
                0x00002e3c                Index_Counter_1_Init
 .text.Index_Counter_1_Start
                0x00002e94       0x20 .\CortexM0\ARM_GCC_541\Debug\QuadEncoderRTOS.a(Index_Counter_1.o)
                0x00002e94                Index_Counter_1_Start
 *fill*         0x00002eb4        0x4 
 .text          0x00002eb8       0x24 .\CortexM0\ARM_GCC_541\Debug\QuadEncoderRTOS.a(CyBootAsmGnu.o)
                0x00002eb8                CyDelayCycles
                0x00002ecc                CyEnterCriticalSection
                0x00002ed4                CyExitCriticalSection
 .text.I2C_I2C_ISR
                0x00002edc      0x33c .\CortexM0\ARM_GCC_541\Debug\QuadEncoderRTOS.a(I2C_I2C_INT.o)
                0x00002edc                I2C_I2C_ISR
 .text.CySetReg24
                0x00003218       0x14 .\CortexM0\ARM_GCC_541\Debug\QuadEncoderRTOS.a(cyutils.o)
                0x00003218                CySetReg24
 .text.CyGetReg24
                0x0000322c       0x14 .\CortexM0\ARM_GCC_541\Debug\QuadEncoderRTOS.a(cyutils.o)
                0x0000322c                CyGetReg24
 .text          0x00003240       0x74 c:/program files (x86)/cypress/psoc creator/4.2/psoc creator/import/gnu/arm/5.4.1/bin/../lib/gcc/arm-none-eabi/5.4.1/armv6-m\libgcc.a(_arm_cmpsf2.o)
                0x00003240                __aeabi_cfrcmple
                0x00003248                __aeabi_cfcmpeq
                0x00003248                __aeabi_cfcmple
                0x00003258                __aeabi_fcmpeq
                0x00003264                __aeabi_fcmplt
                0x00003278                __aeabi_fcmple
                0x0000328c                __aeabi_fcmpgt
                0x000032a0                __aeabi_fcmpge
 .text          0x000032b4       0x30 c:/program files (x86)/cypress/psoc creator/4.2/psoc creator/import/gnu/arm/5.4.1/bin/../lib/gcc/arm-none-eabi/5.4.1/armv6-m\libgcc.a(_fixunssfsi.o)
                0x000032b4                __fixunssfsi
                0x000032b4                __aeabi_f2uiz
 .text          0x000032e4      0x2ec c:/program files (x86)/cypress/psoc creator/4.2/psoc creator/import/gnu/arm/5.4.1/bin/../lib/gcc/arm-none-eabi/5.4.1/armv6-m\libgcc.a(addsf3.o)
                0x000032e4                __aeabi_fadd
 .text          0x000035d0      0x234 c:/program files (x86)/cypress/psoc creator/4.2/psoc creator/import/gnu/arm/5.4.1/bin/../lib/gcc/arm-none-eabi/5.4.1/armv6-m\libgcc.a(divsf3.o)
                0x000035d0                __aeabi_fdiv
 .text          0x00003804       0x50 c:/program files (x86)/cypress/psoc creator/4.2/psoc creator/import/gnu/arm/5.4.1/bin/../lib/gcc/arm-none-eabi/5.4.1/armv6-m\libgcc.a(eqsf2.o)
                0x00003804                __eqsf2
                0x00003804                __nesf2
 .text          0x00003854       0x88 c:/program files (x86)/cypress/psoc creator/4.2/psoc creator/import/gnu/arm/5.4.1/bin/../lib/gcc/arm-none-eabi/5.4.1/armv6-m\libgcc.a(gesf2.o)
                0x00003854                __gesf2
                0x00003854                __gtsf2
 .text          0x000038dc       0x88 c:/program files (x86)/cypress/psoc creator/4.2/psoc creator/import/gnu/arm/5.4.1/bin/../lib/gcc/arm-none-eabi/5.4.1/armv6-m\libgcc.a(lesf2.o)
                0x000038dc                __ltsf2
                0x000038dc                __lesf2
 .text          0x00003964      0x228 c:/program files (x86)/cypress/psoc creator/4.2/psoc creator/import/gnu/arm/5.4.1/bin/../lib/gcc/arm-none-eabi/5.4.1/armv6-m\libgcc.a(mulsf3.o)
                0x00003964                __aeabi_fmul
 .text          0x00003b8c      0x30c c:/program files (x86)/cypress/psoc creator/4.2/psoc creator/import/gnu/arm/5.4.1/bin/../lib/gcc/arm-none-eabi/5.4.1/armv6-m\libgcc.a(subsf3.o)
                0x00003b8c                __aeabi_fsub
 .text          0x00003e98       0x44 c:/program files (x86)/cypress/psoc creator/4.2/psoc creator/import/gnu/arm/5.4.1/bin/../lib/gcc/arm-none-eabi/5.4.1/armv6-m\libgcc.a(fixsfsi.o)
                0x00003e98                __aeabi_f2iz
 .text          0x00003edc       0x90 c:/program files (x86)/cypress/psoc creator/4.2/psoc creator/import/gnu/arm/5.4.1/bin/../lib/gcc/arm-none-eabi/5.4.1/armv6-m\libgcc.a(floatsisf.o)
                0x00003edc                __aeabi_i2f
 .text          0x00003f6c       0x7c c:/program files (x86)/cypress/psoc creator/4.2/psoc creator/import/gnu/arm/5.4.1/bin/../lib/gcc/arm-none-eabi/5.4.1/armv6-m\libgcc.a(floatunsisf.o)
                0x00003f6c                __aeabi_ui2f
 .text          0x00003fe8       0x3c c:/program files (x86)/cypress/psoc creator/4.2/psoc creator/import/gnu/arm/5.4.1/bin/../lib/gcc/arm-none-eabi/5.4.1/armv6-m\libgcc.a(_clzsi2.o)
                0x00003fe8                __clzsi2
 .text.__errno  0x00004024        0xc c:/program files (x86)/cypress/psoc creator/4.2/psoc creator/import/gnu/arm/5.4.1/bin/../lib/gcc/arm-none-eabi/5.4.1/../../../../arm-none-eabi/lib/armv6-m\libg_nano.a(lib_a-errno.o)
                0x00004024                __errno
 .text.__libc_init_array
                0x00004030       0x4c c:/program files (x86)/cypress/psoc creator/4.2/psoc creator/import/gnu/arm/5.4.1/bin/../lib/gcc/arm-none-eabi/5.4.1/../../../../arm-none-eabi/lib/armv6-m\libg_nano.a(lib_a-init.o)
                0x00004030                __libc_init_array
 .text.memcpy   0x0000407c       0x12 c:/program files (x86)/cypress/psoc creator/4.2/psoc creator/import/gnu/arm/5.4.1/bin/../lib/gcc/arm-none-eabi/5.4.1/../../../../arm-none-eabi/lib/armv6-m\libg_nano.a(lib_a-memcpy-stub.o)
                0x0000407c                memcpy
 .text.memset   0x0000408e       0x10 c:/program files (x86)/cypress/psoc creator/4.2/psoc creator/import/gnu/arm/5.4.1/bin/../lib/gcc/arm-none-eabi/5.4.1/../../../../arm-none-eabi/lib/armv6-m\libg_nano.a(lib_a-memset.o)
                0x0000408e                memset
 *(.plt)
 *(.gnu.warning)
 *(.glue_7t)
 .glue_7t       0x0000409e        0x0 linker stubs
 *(.glue_7)
 .glue_7        0x0000409e        0x0 linker stubs
 *(.vfp11_veneer)
 .vfp11_veneer  0x0000409e        0x0 linker stubs
 *(.bootloader)
 *(.ARM.extab* .gnu.linkonce.armextab.*)
 *(.gcc_except_table)

.v4_bx          0x000040a0        0x0
 .v4_bx         0x000040a0        0x0 linker stubs

.iplt           0x000040a0        0x0
 .iplt          0x000040a0        0x0 c:/program files (x86)/cypress/psoc creator/4.2/psoc creator/import/gnu/arm/5.4.1/bin/../lib/gcc/arm-none-eabi/5.4.1/armv6-m/crtbegin.o

.eh_frame_hdr
 *(.eh_frame_hdr)

.eh_frame       0x000040a0        0x4
 *(.eh_frame)
 .eh_frame      0x000040a0        0x0 c:/program files (x86)/cypress/psoc creator/4.2/psoc creator/import/gnu/arm/5.4.1/bin/../lib/gcc/arm-none-eabi/5.4.1/armv6-m/crtbegin.o
 .eh_frame      0x000040a0        0x4 c:/program files (x86)/cypress/psoc creator/4.2/psoc creator/import/gnu/arm/5.4.1/bin/../lib/gcc/arm-none-eabi/5.4.1/armv6-m/crtend.o
                [!provide]                PROVIDE (__exidx_start, .)

.ARM.exidx
 *(.ARM.exidx* .gnu.linkonce.armexidx.*)
                0x000040a4                __exidx_end = .

.rodata         0x000040a4      0x46c
 *(.rodata .rodata.* .gnu.linkonce.r.*)
 .rodata.str1.4
                0x000040a4       0x21 .\CortexM0\ARM_GCC_541\Debug\main.o
 *fill*         0x000040c5        0x3 
 .rodata.str1.4
                0x000040c8        0x8 .\CortexM0\ARM_GCC_541\Debug\tasks.o
                                  0x5 (size before relaxing)
 .rodata        0x000040d0      0x318 .\CortexM0\ARM_GCC_541\Debug\cyfitter_cfg.o
 .rodata        0x000043e8       0x2e .\CortexM0\ARM_GCC_541\Debug\QuadEncoderRTOS.a(CyLib.o)
                0x000043e8                cyImoFreqMhz2Reg
 *fill*         0x00004416        0x2 
 .rodata        0x00004418       0x80 c:/program files (x86)/cypress/psoc creator/4.2/psoc creator/import/gnu/arm/5.4.1/bin/../lib/gcc/arm-none-eabi/5.4.1/armv6-m\libgcc.a(divsf3.o)
 .rodata        0x00004498       0x40 c:/program files (x86)/cypress/psoc creator/4.2/psoc creator/import/gnu/arm/5.4.1/bin/../lib/gcc/arm-none-eabi/5.4.1/armv6-m\libgcc.a(mulsf3.o)
 .rodata.str1.1
                0x000044d8        0x2 c:/program files (x86)/cypress/psoc creator/4.2/psoc creator/import/gnu/arm/5.4.1/bin/../lib/gcc/arm-none-eabi/5.4.1/../../../../arm-none-eabi/lib/armv6-m\libg_nano.a(lib_a-impure.o)
                0x000044dc                . = ALIGN (0x4)
 *fill*         0x000044da        0x2 
 *(.init)
 .init          0x000044dc        0x4 c:/program files (x86)/cypress/psoc creator/4.2/psoc creator/import/gnu/arm/5.4.1/bin/../lib/gcc/arm-none-eabi/5.4.1/armv6-m/crti.o
                0x000044dc                _init
 .init          0x000044e0        0x8 c:/program files (x86)/cypress/psoc creator/4.2/psoc creator/import/gnu/arm/5.4.1/bin/../lib/gcc/arm-none-eabi/5.4.1/armv6-m/crtn.o
                0x000044e8                . = ALIGN (0x4)
                0x000044e8                __preinit_array_start = .
 *(.preinit_array)
                0x000044e8                __preinit_array_end = .
                0x000044e8                . = ALIGN (0x4)
                0x000044e8                __init_array_start = .
 *(SORT(.init_array.*))
 *(.init_array)
 .init_array    0x000044e8        0x4 c:/program files (x86)/cypress/psoc creator/4.2/psoc creator/import/gnu/arm/5.4.1/bin/../lib/gcc/arm-none-eabi/5.4.1/armv6-m/crtbegin.o
 .init_array    0x000044ec        0x4 .\CortexM0\ARM_GCC_541\Debug\Cm0Start.o
                0x000044f0                __init_array_end = .
                0x000044f0                . = ALIGN (0x4)
 *(.fini)
 .fini          0x000044f0        0x4 c:/program files (x86)/cypress/psoc creator/4.2/psoc creator/import/gnu/arm/5.4.1/bin/../lib/gcc/arm-none-eabi/5.4.1/armv6-m/crti.o
                0x000044f0                _fini
 .fini          0x000044f4        0x8 c:/program files (x86)/cypress/psoc creator/4.2/psoc creator/import/gnu/arm/5.4.1/bin/../lib/gcc/arm-none-eabi/5.4.1/armv6-m/crtn.o
                0x000044fc                . = ALIGN (0x4)
                0x000044fc                __fini_array_start = .
 *(.fini_array)
 .fini_array    0x000044fc        0x4 c:/program files (x86)/cypress/psoc creator/4.2/psoc creator/import/gnu/arm/5.4.1/bin/../lib/gcc/arm-none-eabi/5.4.1/armv6-m/crtbegin.o
 *(SORT(.fini_array.*))
                0x00004500                __fini_array_end = .
                0x00004500                . = ALIGN (0x4)
 *crtbegin.o(.ctors)
 *(EXCLUDE_FILE(*crtend.o) .ctors)
 *(SORT(.ctors.*))
 *crtend.o(.ctors)
                0x00004500                . = ALIGN (0x4)
 *crtbegin.o(.dtors)
 *(EXCLUDE_FILE(*crtend.o) .dtors)
 *(SORT(.dtors.*))
 *crtend.o(.dtors)
                0x00004500                . = ALIGN (0x4)
                0x00004500                __cy_regions = .
                0x00004500        0x4 LONG 0x4510 __cy_region_init_ram
                0x00004504        0x4 LONG 0x200000c0 __cy_region_start_data
                0x00004508        0x4 LONG 0x98 __cy_region_init_size_ram
                0x0000450c        0x4 LONG 0xa88 __cy_region_zero_size_ram
                0x00004510                __cy_regions_end = .
                0x00004510                . = ALIGN (0x8)
                0x00004510                _etext = .

.cy_checksum_exclude
                0x00004510        0x0
 *(.cy_checksum_exclude)

.ramvectors     0x20000000       0xc0
                0x20000000                __cy_region_start_ram = .
 *(.ramvectors)
 .ramvectors    0x20000000       0xc0 .\CortexM0\ARM_GCC_541\Debug\Cm0Start.o
                0x20000000                CyRamVectors

.noinit
 *(.noinit)

.data           0x200000c0       0x98 load address 0x00004510
                0x200000c0                __cy_region_start_data = .
 *(.jcr)
 .jcr           0x200000c0        0x0 c:/program files (x86)/cypress/psoc creator/4.2/psoc creator/import/gnu/arm/5.4.1/bin/../lib/gcc/arm-none-eabi/5.4.1/armv6-m/crtbegin.o
 .jcr           0x200000c0        0x4 c:/program files (x86)/cypress/psoc creator/4.2/psoc creator/import/gnu/arm/5.4.1/bin/../lib/gcc/arm-none-eabi/5.4.1/armv6-m/crtend.o
 *(.got.plt)
 *(.got)
 *(.shdata)
 *(.data .data.* .gnu.linkonce.d.*)
 .data          0x200000c4        0x8 .\CortexM0\ARM_GCC_541\Debug\main.o
                0x200000c4                homingDone
                0x200000c8                refSampleTime
 .data          0x200000cc        0xc .\CortexM0\ARM_GCC_541\Debug\INA219.o
                0x200000d0                ina219_calValue
                0x200000d4                ina219_calScale
 .data          0x200000d8        0x4 .\CortexM0\ARM_GCC_541\Debug\port.o
 .data          0x200000dc       0x14 .\CortexM0\ARM_GCC_541\Debug\QuadEncoderRTOS.a(CyLib.o)
                0x200000dc                CySysClkPumpConfig
                0x200000e0                cydelay32kMs
                0x200000e4                cydelayFreqKhz
                0x200000e8                cydelayFreqMhz
                0x200000ec                cydelayFreqHz
 .data.impure_data
                0x200000f0       0x60 c:/program files (x86)/cypress/psoc creator/4.2/psoc creator/import/gnu/arm/5.4.1/bin/../lib/gcc/arm-none-eabi/5.4.1/../../../../arm-none-eabi/lib/armv6-m\libg_nano.a(lib_a-impure.o)
 .data._impure_ptr
                0x20000150        0x4 c:/program files (x86)/cypress/psoc creator/4.2/psoc creator/import/gnu/arm/5.4.1/bin/../lib/gcc/arm-none-eabi/5.4.1/../../../../arm-none-eabi/lib/armv6-m\libg_nano.a(lib_a-impure.o)
                0x20000150                _impure_ptr
                0x20000158                . = ALIGN (0x8)
 *fill*         0x20000154        0x4 
 *(.ram)
                0x20000158                _edata = .

.igot.plt       0x20000158        0x0 load address 0x000045a8
 .igot.plt      0x20000158        0x0 c:/program files (x86)/cypress/psoc creator/4.2/psoc creator/import/gnu/arm/5.4.1/bin/../lib/gcc/arm-none-eabi/5.4.1/armv6-m/crtbegin.o

.bss            0x20000158      0xa88 load address 0x000045a8
                0x20000158                PROVIDE (__bss_start__, .)
 *(.shbss)
 *(.bss .bss.* .gnu.linkonce.b.*)
 .bss           0x20000158       0x1c c:/program files (x86)/cypress/psoc creator/4.2/psoc creator/import/gnu/arm/5.4.1/bin/../lib/gcc/arm-none-eabi/5.4.1/armv6-m/crtbegin.o
 .bss           0x20000174        0x9 .\CortexM0\ARM_GCC_541\Debug\main.o
                0x2000017c                inAuto
 *fill*         0x2000017d        0x3 
 .bss           0x20000180        0xe .\CortexM0\ARM_GCC_541\Debug\INA219.o
 *fill*         0x2000018e        0x2 
 .bss           0x20000190      0x7d8 .\CortexM0\ARM_GCC_541\Debug\heap_1.o
 .bss           0x20000968      0x104 .\CortexM0\ARM_GCC_541\Debug\tasks.o
                0x20000a40                pxCurrentTCB
 .bss           0x20000a6c        0x8 .\CortexM0\ARM_GCC_541\Debug\QuadEncoderRTOS.a(I2C.o)
                0x20000a6c                I2C_initVar
                0x20000a70                I2C_customIntrHandler
 .bss           0x20000a74        0x1 .\CortexM0\ARM_GCC_541\Debug\QuadEncoderRTOS.a(PWM_1.o)
                0x20000a74                PWM_1_initVar
 *fill*         0x20000a75        0x3 
 .bss           0x20000a78        0xa .\CortexM0\ARM_GCC_541\Debug\QuadEncoderRTOS.a(SPI_1.o)
                0x20000a78                SPI_1_initVar
                0x20000a7c                SPI_1_customIntrHandler
                0x20000a80                SPI_1_IntrTxMask
 .bss           0x20000a82        0x1 .\CortexM0\ARM_GCC_541\Debug\QuadEncoderRTOS.a(Counter_1.o)
                0x20000a82                Counter_1_initVar
 .bss           0x20000a83        0x1 .\CortexM0\ARM_GCC_541\Debug\QuadEncoderRTOS.a(Index_Counter_1.o)
                0x20000a83                Index_Counter_1_initVar
 *(COMMON)
 COMMON         0x20000a84       0xd8 .\CortexM0\ARM_GCC_541\Debug\main.o
                0x20000a84                PID_Enabled
                0x20000a88                pwmMin
                0x20000a8c                PID_Setpoint
                0x20000a90                kd
                0x20000a94                Position
                0x20000a98                pwmLimit
                0x20000a9c                uxHighWaterMark_Comm
                0x20000aa0                outMax_Total
                0x20000aa4                FaultState
                0x20000aa5                PID_Was_Enabled
                0x20000aa8                refKd
                0x20000aac                PID_EffSetDelta
                0x20000ab0                Lock
                0x20000ab4                LastJog
                0x20000ab8                LastMessageTimeTick
                0x20000abc                Current
                0x20000ac0                Output
                0x20000ac4                pwmMax
                0x20000ac8                uxHighWaterMark_PID
                0x20000acc                txMessage
                0x20000aec                ki
                0x20000af0                outMax_ITerm
                0x20000af4                lastTime
                0x20000af8                refKp
                0x20000afc                PWM
                0x20000b00                CurrentI2Cinbuf
                0x20000b14                PID_EffectiveSetpoint
                0x20000b18                Jog
                0x20000b1a                ChecksumErrors
                0x20000b1c                ITerm
                0x20000b20                txMessageState
                0x20000b24                refKi
                0x20000b28                ConfigSequence
                0x20000b2c                rxMessage
                0x20000b4c                uxHighWaterMark_Current
                0x20000b50                kp
                0x20000b54                ConfigState
                0x20000b58                LastPosition
 COMMON         0x20000b5c        0x1 .\CortexM0\ARM_GCC_541\Debug\QuadEncoderRTOS.a(I2C_I2C.o)
                0x20000b5c                I2C_state
 *fill*         0x20000b5d        0x3 
 COMMON         0x20000b60       0x24 .\CortexM0\ARM_GCC_541\Debug\QuadEncoderRTOS.a(I2C_I2C_MASTER.o)
                0x20000b60                I2C_mstrWrBufIndexTmp
                0x20000b64                I2C_mstrWrBufIndex
                0x20000b68                I2C_mstrWrBufSize
                0x20000b6c                I2C_mstrStatus
                0x20000b70                I2C_mstrRdBufPtr
                0x20000b74                I2C_mstrControl
                0x20000b78                I2C_mstrRdBufSize
                0x20000b7c                I2C_mstrRdBufIndex
                0x20000b80                I2C_mstrWrBufPtr
 COMMON         0x20000b84       0x58 .\CortexM0\ARM_GCC_541\Debug\QuadEncoderRTOS.a(SPI_1_SPI_UART.o)
                0x20000b84                SPI_1_txBufferTail
                0x20000b88                SPI_1_rxBufferOverflow
                0x20000b8c                SPI_1_txBufferHead
                0x20000b90                SPI_1_rxBufferTail
                0x20000b94                SPI_1_rxBufferHead
                0x20000b98                SPI_1_rxBufferInternal
                0x20000bbc                SPI_1_txBufferInternal
                0x20000be0                . = ALIGN (0x8)
 *fill*         0x20000bdc        0x4 
 *(.ram.b)
                0x20000be0                _end = .
                0x20000be0                __end = .
                0x20000be0                PROVIDE (end, .)
                0x20000be0                PROVIDE (__bss_end__, .)
                0x00004510                __cy_region_init_ram = LOADADDR (.data)
                0x00000098                __cy_region_init_size_ram = (_edata - ADDR (.data))
                0x00000a88                __cy_region_zero_size_ram = (_end - _edata)

.heap           0x20000be0       0x80 load address 0x000045a8
                0x20000be0                . = _end
                0x20000c60                . = (. + 0x80)
 *fill*         0x20000be0       0x80 
                0x20000c60                __cy_heap_limit = .

.stack          0x20000e00      0x200
                0x20000e00                __cy_stack_limit = .
                0x20001000                . = (. + 0x200)
 *fill*         0x20000e00      0x200 
                0x00000001                ASSERT ((__cy_stack_limit >= __cy_heap_limit), region RAM overflowed with stack)
                0x00000000                cy_checksum_exclude_size = (CY_APPL_LOADABLE == 0x1)?SIZEOF (.cy_checksum_exclude):0x0
                0x00000001                ASSERT ((cy_checksum_exclude_size <= CY_CHECKSUM_EXCLUDE_SIZE), CY_BOOT: Section .cy_checksum_exclude size exceedes specified limit.)
                0x00007fc0                cyloadermeta_start = (cy_project_type_bootloader || cy_project_type_app_for_stack_and_copier)?(LENGTH (rom) - CY_METADATA_SIZE):0xf0000000

.cyloadermeta
 *(.cyloadermeta)
                0x00007fc0                cyloadablemeta_start = cy_project_type_app_for_stack_and_copier?((LENGTH (rom) - CY_FLASH_ROW_SIZE) - CY_METADATA_SIZE):((LENGTH (rom) - (CY_FLASH_ROW_SIZE * (CY_APPL_NUM - 0x1))) - CY_METADATA_SIZE)

.cyloadablemeta
 *(.cyloadablemeta)

.cyflashprotect
                0x90400000       0x20
 *(.cyflashprotect)
 .cyflashprotect
                0x90400000       0x20 .\CortexM0\ARM_GCC_541\Debug\cymetadata.o
                0x90400000                cy_meta_flashprotect

.cymeta         0x90500000        0xc
 *(.cymeta)
 .cymeta        0x90500000        0xc .\CortexM0\ARM_GCC_541\Debug\cymetadata.o
                0x90500000                cy_metadata

.cychipprotect  0x90600000        0x1
 *(.cychipprotect)
 .cychipprotect
                0x90600000        0x1 .\CortexM0\ARM_GCC_541\Debug\cymetadata.o
                0x90600000                cy_meta_chipprotect

.rel.dyn        0x000045a8        0x0 load address 0x90600004
 .rel.iplt      0x000045a8        0x0 c:/program files (x86)/cypress/psoc creator/4.2/psoc creator/import/gnu/arm/5.4.1/bin/../lib/gcc/arm-none-eabi/5.4.1/armv6-m/crtbegin.o

.stab
 *(.stab)

.stabstr
 *(.stabstr)

.debug
 *(.debug)

.line
 *(.line)

.debug_srcinfo
 *(.debug_srcinfo)

.debug_sfnames
 *(.debug_sfnames)

.debug_aranges  0x00000000     0x12b0
 *(.debug_aranges)
 .debug_aranges
                0x00000000       0xa0 .\CortexM0\ARM_GCC_541\Debug\main.o
 .debug_aranges
                0x000000a0       0x60 .\CortexM0\ARM_GCC_541\Debug\INA219.o
 .debug_aranges
                0x00000100       0x88 .\CortexM0\ARM_GCC_541\Debug\port.o
 .debug_aranges
                0x00000188       0x38 .\CortexM0\ARM_GCC_541\Debug\heap_1.o
 .debug_aranges
                0x000001c0       0xb8 .\CortexM0\ARM_GCC_541\Debug\stream_buffer.o
 .debug_aranges
                0x00000278      0x1c8 .\CortexM0\ARM_GCC_541\Debug\tasks.o
 .debug_aranges
                0x00000440       0x18 .\CortexM0\ARM_GCC_541\Debug\timers.o
 .debug_aranges
                0x00000458       0x18 .\CortexM0\ARM_GCC_541\Debug\croutine.o
 .debug_aranges
                0x00000470       0x68 .\CortexM0\ARM_GCC_541\Debug\event_groups.o
 .debug_aranges
                0x000004d8       0x40 .\CortexM0\ARM_GCC_541\Debug\list.o
 .debug_aranges
                0x00000518       0xf8 .\CortexM0\ARM_GCC_541\Debug\queue.o
 .debug_aranges
                0x00000610       0x38 .\CortexM0\ARM_GCC_541\Debug\cyfitter_cfg.o
 .debug_aranges
                0x00000648       0x18 .\CortexM0\ARM_GCC_541\Debug\cymetadata.o
 .debug_aranges
                0x00000660       0x48 .\CortexM0\ARM_GCC_541\Debug\Cm0Start.o
 .debug_aranges
                0x000006a8       0x68 .\CortexM0\ARM_GCC_541\Debug\QuadEncoderRTOS.a(I2C.o)
 .debug_aranges
                0x00000710       0x30 .\CortexM0\ARM_GCC_541\Debug\QuadEncoderRTOS.a(I2C_I2C.o)
 .debug_aranges
                0x00000740       0x98 .\CortexM0\ARM_GCC_541\Debug\QuadEncoderRTOS.a(I2C_I2C_MASTER.o)
 .debug_aranges
                0x000007d8      0x158 .\CortexM0\ARM_GCC_541\Debug\QuadEncoderRTOS.a(PWM_1.o)
 .debug_aranges
                0x00000930       0x48 .\CortexM0\ARM_GCC_541\Debug\QuadEncoderRTOS.a(I2C_sda.o)
 .debug_aranges
                0x00000978       0x48 .\CortexM0\ARM_GCC_541\Debug\QuadEncoderRTOS.a(I2C_scl.o)
 .debug_aranges
                0x000009c0      0x180 .\CortexM0\ARM_GCC_541\Debug\QuadEncoderRTOS.a(CyLib.o)
 .debug_aranges
                0x00000b40      0x138 .\CortexM0\ARM_GCC_541\Debug\QuadEncoderRTOS.a(CyLFClk.o)
 .debug_aranges
                0x00000c78       0x48 .\CortexM0\ARM_GCC_541\Debug\QuadEncoderRTOS.a(INDEX_OUT.o)
 .debug_aranges
                0x00000cc0       0x48 .\CortexM0\ARM_GCC_541\Debug\QuadEncoderRTOS.a(HOME_OUT.o)
 .debug_aranges
                0x00000d08       0x48 .\CortexM0\ARM_GCC_541\Debug\QuadEncoderRTOS.a(HOME_IN.o)
 .debug_aranges
                0x00000d50       0x70 .\CortexM0\ARM_GCC_541\Debug\QuadEncoderRTOS.a(SPI_1.o)
 .debug_aranges
                0x00000dc0       0x60 .\CortexM0\ARM_GCC_541\Debug\QuadEncoderRTOS.a(SPI_1_SPI_UART.o)
 .debug_aranges
                0x00000e20       0x30 .\CortexM0\ARM_GCC_541\Debug\QuadEncoderRTOS.a(SPI_1_SPI.o)
 .debug_aranges
                0x00000e50       0x20 .\CortexM0\ARM_GCC_541\Debug\QuadEncoderRTOS.a(SPI_1_SPI_UART_INT.o)
 .debug_aranges
                0x00000e70       0xa0 .\CortexM0\ARM_GCC_541\Debug\QuadEncoderRTOS.a(Counter_1.o)
 .debug_aranges
                0x00000f10       0x48 .\CortexM0\ARM_GCC_541\Debug\QuadEncoderRTOS.a(Reset_Encoder.o)
 .debug_aranges
                0x00000f58       0x80 .\CortexM0\ARM_GCC_541\Debug\QuadEncoderRTOS.a(isr_rst_encoder.o)
 .debug_aranges
                0x00000fd8       0x80 .\CortexM0\ARM_GCC_541\Debug\QuadEncoderRTOS.a(isr_home.o)
 .debug_aranges
                0x00001058       0x48 .\CortexM0\ARM_GCC_541\Debug\QuadEncoderRTOS.a(LED.o)
 .debug_aranges
                0x000010a0       0x80 .\CortexM0\ARM_GCC_541\Debug\QuadEncoderRTOS.a(isr_spi_ss.o)
 .debug_aranges
                0x00001120       0x48 .\CortexM0\ARM_GCC_541\Debug\QuadEncoderRTOS.a(spi_ss.o)
 .debug_aranges
                0x00001168       0x48 .\CortexM0\ARM_GCC_541\Debug\QuadEncoderRTOS.a(PROBE.o)
 .debug_aranges
                0x000011b0       0x98 .\CortexM0\ARM_GCC_541\Debug\QuadEncoderRTOS.a(Index_Counter_1.o)
 .debug_aranges
                0x00001248       0x20 .\CortexM0\ARM_GCC_541\Debug\QuadEncoderRTOS.a(CyBootAsmGnu.o)
 .debug_aranges
                0x00001268       0x20 .\CortexM0\ARM_GCC_541\Debug\QuadEncoderRTOS.a(I2C_I2C_INT.o)
 .debug_aranges
                0x00001288       0x28 .\CortexM0\ARM_GCC_541\Debug\QuadEncoderRTOS.a(cyutils.o)

.debug_pubnames
 *(.debug_pubnames)

.debug_info     0x00000000     0xd275
 *(.debug_info .gnu.linkonce.wi.*)
 .debug_info    0x00000000     0x139e .\CortexM0\ARM_GCC_541\Debug\main.o
 .debug_info    0x0000139e      0x49e .\CortexM0\ARM_GCC_541\Debug\INA219.o
 .debug_info    0x0000183c      0x2cc .\CortexM0\ARM_GCC_541\Debug\port.o
 .debug_info    0x00001b08      0x1bc .\CortexM0\ARM_GCC_541\Debug\heap_1.o
 .debug_info    0x00001cc4     0x10ef .\CortexM0\ARM_GCC_541\Debug\stream_buffer.o
 .debug_info    0x00002db3     0x1ec6 .\CortexM0\ARM_GCC_541\Debug\tasks.o
 .debug_info    0x00004c79       0x87 .\CortexM0\ARM_GCC_541\Debug\timers.o
 .debug_info    0x00004d00       0x87 .\CortexM0\ARM_GCC_541\Debug\croutine.o
 .debug_info    0x00004d87      0x8db .\CortexM0\ARM_GCC_541\Debug\event_groups.o
 .debug_info    0x00005662      0x2b4 .\CortexM0\ARM_GCC_541\Debug\list.o
 .debug_info    0x00005916     0x1715 .\CortexM0\ARM_GCC_541\Debug\queue.o
 .debug_info    0x0000702b      0x366 .\CortexM0\ARM_GCC_541\Debug\cyfitter_cfg.o
 .debug_info    0x00007391       0xf8 .\CortexM0\ARM_GCC_541\Debug\cymetadata.o
 .debug_info    0x00007489      0x3a2 .\CortexM0\ARM_GCC_541\Debug\Cm0Start.o
 .debug_info    0x0000782b      0x2aa .\CortexM0\ARM_GCC_541\Debug\QuadEncoderRTOS.a(I2C.o)
 .debug_info    0x00007ad5      0x195 .\CortexM0\ARM_GCC_541\Debug\QuadEncoderRTOS.a(I2C_I2C.o)
 .debug_info    0x00007c6a      0x91d .\CortexM0\ARM_GCC_541\Debug\QuadEncoderRTOS.a(I2C_I2C_MASTER.o)
 .debug_info    0x00008587      0x90b .\CortexM0\ARM_GCC_541\Debug\QuadEncoderRTOS.a(PWM_1.o)
 .debug_info    0x00008e92      0x19d .\CortexM0\ARM_GCC_541\Debug\QuadEncoderRTOS.a(I2C_sda.o)
 .debug_info    0x0000902f      0x19b .\CortexM0\ARM_GCC_541\Debug\QuadEncoderRTOS.a(I2C_scl.o)
 .debug_info    0x000091ca      0xaec .\CortexM0\ARM_GCC_541\Debug\QuadEncoderRTOS.a(CyLib.o)
 .debug_info    0x00009cb6      0xcfe .\CortexM0\ARM_GCC_541\Debug\QuadEncoderRTOS.a(CyLFClk.o)
 .debug_info    0x0000a9b4      0x19d .\CortexM0\ARM_GCC_541\Debug\QuadEncoderRTOS.a(INDEX_OUT.o)
 .debug_info    0x0000ab51      0x19d .\CortexM0\ARM_GCC_541\Debug\QuadEncoderRTOS.a(HOME_OUT.o)
 .debug_info    0x0000acee      0x19d .\CortexM0\ARM_GCC_541\Debug\QuadEncoderRTOS.a(HOME_IN.o)
 .debug_info    0x0000ae8b      0x2fb .\CortexM0\ARM_GCC_541\Debug\QuadEncoderRTOS.a(SPI_1.o)
 .debug_info    0x0000b186      0x372 .\CortexM0\ARM_GCC_541\Debug\QuadEncoderRTOS.a(SPI_1_SPI_UART.o)
 .debug_info    0x0000b4f8      0x19f .\CortexM0\ARM_GCC_541\Debug\QuadEncoderRTOS.a(SPI_1_SPI.o)
 .debug_info    0x0000b697      0x186 .\CortexM0\ARM_GCC_541\Debug\QuadEncoderRTOS.a(SPI_1_SPI_UART_INT.o)
 .debug_info    0x0000b81d      0x43b .\CortexM0\ARM_GCC_541\Debug\QuadEncoderRTOS.a(Counter_1.o)
 .debug_info    0x0000bc58      0x19d .\CortexM0\ARM_GCC_541\Debug\QuadEncoderRTOS.a(Reset_Encoder.o)
 .debug_info    0x0000bdf5      0x305 .\CortexM0\ARM_GCC_541\Debug\QuadEncoderRTOS.a(isr_rst_encoder.o)
 .debug_info    0x0000c0fa      0x305 .\CortexM0\ARM_GCC_541\Debug\QuadEncoderRTOS.a(isr_home.o)
 .debug_info    0x0000c3ff      0x19d .\CortexM0\ARM_GCC_541\Debug\QuadEncoderRTOS.a(LED.o)
 .debug_info    0x0000c59c      0x305 .\CortexM0\ARM_GCC_541\Debug\QuadEncoderRTOS.a(isr_spi_ss.o)
 .debug_info    0x0000c8a1      0x19d .\CortexM0\ARM_GCC_541\Debug\QuadEncoderRTOS.a(spi_ss.o)
 .debug_info    0x0000ca3e      0x19d .\CortexM0\ARM_GCC_541\Debug\QuadEncoderRTOS.a(PROBE.o)
 .debug_info    0x0000cbdb      0x327 .\CortexM0\ARM_GCC_541\Debug\QuadEncoderRTOS.a(Index_Counter_1.o)
 .debug_info    0x0000cf02       0x80 .\CortexM0\ARM_GCC_541\Debug\QuadEncoderRTOS.a(CyBootAsmGnu.o)
 .debug_info    0x0000cf82      0x1a8 .\CortexM0\ARM_GCC_541\Debug\QuadEncoderRTOS.a(I2C_I2C_INT.o)
 .debug_info    0x0000d12a      0x14b .\CortexM0\ARM_GCC_541\Debug\QuadEncoderRTOS.a(cyutils.o)

.debug_abbrev   0x00000000     0x3046
 *(.debug_abbrev)
 .debug_abbrev  0x00000000      0x2ba .\CortexM0\ARM_GCC_541\Debug\main.o
 .debug_abbrev  0x000002ba      0x155 .\CortexM0\ARM_GCC_541\Debug\INA219.o
 .debug_abbrev  0x0000040f      0x1a0 .\CortexM0\ARM_GCC_541\Debug\port.o
 .debug_abbrev  0x000005af      0x119 .\CortexM0\ARM_GCC_541\Debug\heap_1.o
 .debug_abbrev  0x000006c8      0x1e6 .\CortexM0\ARM_GCC_541\Debug\stream_buffer.o
 .debug_abbrev  0x000008ae      0x26d .\CortexM0\ARM_GCC_541\Debug\tasks.o
 .debug_abbrev  0x00000b1b       0x26 .\CortexM0\ARM_GCC_541\Debug\timers.o
 .debug_abbrev  0x00000b41       0x26 .\CortexM0\ARM_GCC_541\Debug\croutine.o
 .debug_abbrev  0x00000b67      0x184 .\CortexM0\ARM_GCC_541\Debug\event_groups.o
 .debug_abbrev  0x00000ceb       0xe3 .\CortexM0\ARM_GCC_541\Debug\list.o
 .debug_abbrev  0x00000dce      0x239 .\CortexM0\ARM_GCC_541\Debug\queue.o
 .debug_abbrev  0x00001007      0x195 .\CortexM0\ARM_GCC_541\Debug\cyfitter_cfg.o
 .debug_abbrev  0x0000119c       0x5d .\CortexM0\ARM_GCC_541\Debug\cymetadata.o
 .debug_abbrev  0x000011f9      0x1d7 .\CortexM0\ARM_GCC_541\Debug\Cm0Start.o
 .debug_abbrev  0x000013d0      0x130 .\CortexM0\ARM_GCC_541\Debug\QuadEncoderRTOS.a(I2C.o)
 .debug_abbrev  0x00001500       0xc7 .\CortexM0\ARM_GCC_541\Debug\QuadEncoderRTOS.a(I2C_I2C.o)
 .debug_abbrev  0x000015c7      0x1b3 .\CortexM0\ARM_GCC_541\Debug\QuadEncoderRTOS.a(I2C_I2C_MASTER.o)
 .debug_abbrev  0x0000177a      0x119 .\CortexM0\ARM_GCC_541\Debug\QuadEncoderRTOS.a(PWM_1.o)
 .debug_abbrev  0x00001893       0xc8 .\CortexM0\ARM_GCC_541\Debug\QuadEncoderRTOS.a(I2C_sda.o)
 .debug_abbrev  0x0000195b       0xc8 .\CortexM0\ARM_GCC_541\Debug\QuadEncoderRTOS.a(I2C_scl.o)
 .debug_abbrev  0x00001a23      0x1e0 .\CortexM0\ARM_GCC_541\Debug\QuadEncoderRTOS.a(CyLib.o)
 .debug_abbrev  0x00001c03      0x210 .\CortexM0\ARM_GCC_541\Debug\QuadEncoderRTOS.a(CyLFClk.o)
 .debug_abbrev  0x00001e13       0xc8 .\CortexM0\ARM_GCC_541\Debug\QuadEncoderRTOS.a(INDEX_OUT.o)
 .debug_abbrev  0x00001edb       0xc8 .\CortexM0\ARM_GCC_541\Debug\QuadEncoderRTOS.a(HOME_OUT.o)
 .debug_abbrev  0x00001fa3       0xc8 .\CortexM0\ARM_GCC_541\Debug\QuadEncoderRTOS.a(HOME_IN.o)
 .debug_abbrev  0x0000206b      0x130 .\CortexM0\ARM_GCC_541\Debug\QuadEncoderRTOS.a(SPI_1.o)
 .debug_abbrev  0x0000219b      0x168 .\CortexM0\ARM_GCC_541\Debug\QuadEncoderRTOS.a(SPI_1_SPI_UART.o)
 .debug_abbrev  0x00002303       0xce .\CortexM0\ARM_GCC_541\Debug\QuadEncoderRTOS.a(SPI_1_SPI.o)
 .debug_abbrev  0x000023d1       0x9a .\CortexM0\ARM_GCC_541\Debug\QuadEncoderRTOS.a(SPI_1_SPI_UART_INT.o)
 .debug_abbrev  0x0000246b      0x15e .\CortexM0\ARM_GCC_541\Debug\QuadEncoderRTOS.a(Counter_1.o)
 .debug_abbrev  0x000025c9       0xc8 .\CortexM0\ARM_GCC_541\Debug\QuadEncoderRTOS.a(Reset_Encoder.o)
 .debug_abbrev  0x00002691      0x19a .\CortexM0\ARM_GCC_541\Debug\QuadEncoderRTOS.a(isr_rst_encoder.o)
 .debug_abbrev  0x0000282b      0x19a .\CortexM0\ARM_GCC_541\Debug\QuadEncoderRTOS.a(isr_home.o)
 .debug_abbrev  0x000029c5       0xc8 .\CortexM0\ARM_GCC_541\Debug\QuadEncoderRTOS.a(LED.o)
 .debug_abbrev  0x00002a8d      0x19a .\CortexM0\ARM_GCC_541\Debug\QuadEncoderRTOS.a(isr_spi_ss.o)
 .debug_abbrev  0x00002c27       0xc8 .\CortexM0\ARM_GCC_541\Debug\QuadEncoderRTOS.a(spi_ss.o)
 .debug_abbrev  0x00002cef       0xc8 .\CortexM0\ARM_GCC_541\Debug\QuadEncoderRTOS.a(PROBE.o)
 .debug_abbrev  0x00002db7      0x117 .\CortexM0\ARM_GCC_541\Debug\QuadEncoderRTOS.a(Index_Counter_1.o)
 .debug_abbrev  0x00002ece       0x14 .\CortexM0\ARM_GCC_541\Debug\QuadEncoderRTOS.a(CyBootAsmGnu.o)
 .debug_abbrev  0x00002ee2       0xa4 .\CortexM0\ARM_GCC_541\Debug\QuadEncoderRTOS.a(I2C_I2C_INT.o)
 .debug_abbrev  0x00002f86       0xc0 .\CortexM0\ARM_GCC_541\Debug\QuadEncoderRTOS.a(cyutils.o)

.debug_line     0x00000000     0x55e0
 *(.debug_line)
 .debug_line    0x00000000      0x54d .\CortexM0\ARM_GCC_541\Debug\main.o
 .debug_line    0x0000054d      0x232 .\CortexM0\ARM_GCC_541\Debug\INA219.o
 .debug_line    0x0000077f      0x288 .\CortexM0\ARM_GCC_541\Debug\port.o
 .debug_line    0x00000a07      0x220 .\CortexM0\ARM_GCC_541\Debug\heap_1.o
 .debug_line    0x00000c27      0x5b4 .\CortexM0\ARM_GCC_541\Debug\stream_buffer.o
 .debug_line    0x000011db      0xc20 .\CortexM0\ARM_GCC_541\Debug\tasks.o
 .debug_line    0x00001dfb       0x1d .\CortexM0\ARM_GCC_541\Debug\timers.o
 .debug_line    0x00001e18       0x1d .\CortexM0\ARM_GCC_541\Debug\croutine.o
 .debug_line    0x00001e35      0x34e .\CortexM0\ARM_GCC_541\Debug\event_groups.o
 .debug_line    0x00002183      0x1d7 .\CortexM0\ARM_GCC_541\Debug\list.o
 .debug_line    0x0000235a      0x7b6 .\CortexM0\ARM_GCC_541\Debug\queue.o
 .debug_line    0x00002b10      0x170 .\CortexM0\ARM_GCC_541\Debug\cyfitter_cfg.o
 .debug_line    0x00002c80      0x141 .\CortexM0\ARM_GCC_541\Debug\cymetadata.o
 .debug_line    0x00002dc1      0x235 .\CortexM0\ARM_GCC_541\Debug\Cm0Start.o
 .debug_line    0x00002ff6      0x143 .\CortexM0\ARM_GCC_541\Debug\QuadEncoderRTOS.a(I2C.o)
 .debug_line    0x00003139       0xc3 .\CortexM0\ARM_GCC_541\Debug\QuadEncoderRTOS.a(I2C_I2C.o)
 .debug_line    0x000031fc      0x339 .\CortexM0\ARM_GCC_541\Debug\QuadEncoderRTOS.a(I2C_I2C_MASTER.o)
 .debug_line    0x00003535      0x37e .\CortexM0\ARM_GCC_541\Debug\QuadEncoderRTOS.a(PWM_1.o)
 .debug_line    0x000038b3       0xbf .\CortexM0\ARM_GCC_541\Debug\QuadEncoderRTOS.a(I2C_sda.o)
 .debug_line    0x00003972       0xbe .\CortexM0\ARM_GCC_541\Debug\QuadEncoderRTOS.a(I2C_scl.o)
 .debug_line    0x00003a30      0x460 .\CortexM0\ARM_GCC_541\Debug\QuadEncoderRTOS.a(CyLib.o)
 .debug_line    0x00003e90      0x466 .\CortexM0\ARM_GCC_541\Debug\QuadEncoderRTOS.a(CyLFClk.o)
 .debug_line    0x000042f6       0xc1 .\CortexM0\ARM_GCC_541\Debug\QuadEncoderRTOS.a(INDEX_OUT.o)
 .debug_line    0x000043b7       0xc0 .\CortexM0\ARM_GCC_541\Debug\QuadEncoderRTOS.a(HOME_OUT.o)
 .debug_line    0x00004477       0xbf .\CortexM0\ARM_GCC_541\Debug\QuadEncoderRTOS.a(HOME_IN.o)
 .debug_line    0x00004536      0x15f .\CortexM0\ARM_GCC_541\Debug\QuadEncoderRTOS.a(SPI_1.o)
 .debug_line    0x00004695      0x153 .\CortexM0\ARM_GCC_541\Debug\QuadEncoderRTOS.a(SPI_1_SPI_UART.o)
 .debug_line    0x000047e8       0xd2 .\CortexM0\ARM_GCC_541\Debug\QuadEncoderRTOS.a(SPI_1_SPI.o)
 .debug_line    0x000048ba       0xb1 .\CortexM0\ARM_GCC_541\Debug\QuadEncoderRTOS.a(SPI_1_SPI_UART_INT.o)
 .debug_line    0x0000496b      0x1a5 .\CortexM0\ARM_GCC_541\Debug\QuadEncoderRTOS.a(Counter_1.o)
 .debug_line    0x00004b10       0xc5 .\CortexM0\ARM_GCC_541\Debug\QuadEncoderRTOS.a(Reset_Encoder.o)
 .debug_line    0x00004bd5      0x15b .\CortexM0\ARM_GCC_541\Debug\QuadEncoderRTOS.a(isr_rst_encoder.o)
 .debug_line    0x00004d30      0x150 .\CortexM0\ARM_GCC_541\Debug\QuadEncoderRTOS.a(isr_home.o)
 .debug_line    0x00004e80       0xbb .\CortexM0\ARM_GCC_541\Debug\QuadEncoderRTOS.a(LED.o)
 .debug_line    0x00004f3b      0x156 .\CortexM0\ARM_GCC_541\Debug\QuadEncoderRTOS.a(isr_spi_ss.o)
 .debug_line    0x00005091       0xbe .\CortexM0\ARM_GCC_541\Debug\QuadEncoderRTOS.a(spi_ss.o)
 .debug_line    0x0000514f       0xbd .\CortexM0\ARM_GCC_541\Debug\QuadEncoderRTOS.a(PROBE.o)
 .debug_line    0x0000520c      0x198 .\CortexM0\ARM_GCC_541\Debug\QuadEncoderRTOS.a(Index_Counter_1.o)
 .debug_line    0x000053a4       0x69 .\CortexM0\ARM_GCC_541\Debug\QuadEncoderRTOS.a(CyBootAsmGnu.o)
 .debug_line    0x0000540d      0x15f .\CortexM0\ARM_GCC_541\Debug\QuadEncoderRTOS.a(I2C_I2C_INT.o)
 .debug_line    0x0000556c       0x74 .\CortexM0\ARM_GCC_541\Debug\QuadEncoderRTOS.a(cyutils.o)

.debug_frame    0x00000000     0x31b4
 *(.debug_frame)
 .debug_frame   0x00000000      0x200 .\CortexM0\ARM_GCC_541\Debug\main.o
 .debug_frame   0x00000200      0x10c .\CortexM0\ARM_GCC_541\Debug\INA219.o
 .debug_frame   0x0000030c      0x118 .\CortexM0\ARM_GCC_541\Debug\port.o
 .debug_frame   0x00000424       0x60 .\CortexM0\ARM_GCC_541\Debug\heap_1.o
 .debug_frame   0x00000484      0x29c .\CortexM0\ARM_GCC_541\Debug\stream_buffer.o
 .debug_frame   0x00000720      0x5ec .\CortexM0\ARM_GCC_541\Debug\tasks.o
 .debug_frame   0x00000d0c      0x148 .\CortexM0\ARM_GCC_541\Debug\event_groups.o
 .debug_frame   0x00000e54       0x6c .\CortexM0\ARM_GCC_541\Debug\list.o
 .debug_frame   0x00000ec0      0x340 .\CortexM0\ARM_GCC_541\Debug\queue.o
 .debug_frame   0x00001200       0x8c .\CortexM0\ARM_GCC_541\Debug\cyfitter_cfg.o
 .debug_frame   0x0000128c       0xbc .\CortexM0\ARM_GCC_541\Debug\Cm0Start.o
 .debug_frame   0x00001348       0xf8 .\CortexM0\ARM_GCC_541\Debug\QuadEncoderRTOS.a(I2C.o)
 .debug_frame   0x00001440       0x58 .\CortexM0\ARM_GCC_541\Debug\QuadEncoderRTOS.a(I2C_I2C.o)
 .debug_frame   0x00001498      0x1e8 .\CortexM0\ARM_GCC_541\Debug\QuadEncoderRTOS.a(I2C_I2C_MASTER.o)
 .debug_frame   0x00001680      0x3a0 .\CortexM0\ARM_GCC_541\Debug\QuadEncoderRTOS.a(PWM_1.o)
 .debug_frame   0x00001a20       0x70 .\CortexM0\ARM_GCC_541\Debug\QuadEncoderRTOS.a(I2C_sda.o)
 .debug_frame   0x00001a90       0x70 .\CortexM0\ARM_GCC_541\Debug\QuadEncoderRTOS.a(I2C_scl.o)
 .debug_frame   0x00001b00      0x3e0 .\CortexM0\ARM_GCC_541\Debug\QuadEncoderRTOS.a(CyLib.o)
 .debug_frame   0x00001ee0      0x3a8 .\CortexM0\ARM_GCC_541\Debug\QuadEncoderRTOS.a(CyLFClk.o)
 .debug_frame   0x00002288       0x70 .\CortexM0\ARM_GCC_541\Debug\QuadEncoderRTOS.a(INDEX_OUT.o)
 .debug_frame   0x000022f8       0x70 .\CortexM0\ARM_GCC_541\Debug\QuadEncoderRTOS.a(HOME_OUT.o)
 .debug_frame   0x00002368       0x70 .\CortexM0\ARM_GCC_541\Debug\QuadEncoderRTOS.a(HOME_IN.o)
 .debug_frame   0x000023d8      0x114 .\CortexM0\ARM_GCC_541\Debug\QuadEncoderRTOS.a(SPI_1.o)
 .debug_frame   0x000024ec       0xc8 .\CortexM0\ARM_GCC_541\Debug\QuadEncoderRTOS.a(SPI_1_SPI_UART.o)
 .debug_frame   0x000025b4       0x4c .\CortexM0\ARM_GCC_541\Debug\QuadEncoderRTOS.a(SPI_1_SPI.o)
 .debug_frame   0x00002600       0x2c .\CortexM0\ARM_GCC_541\Debug\QuadEncoderRTOS.a(SPI_1_SPI_UART_INT.o)
 .debug_frame   0x0000262c      0x198 .\CortexM0\ARM_GCC_541\Debug\QuadEncoderRTOS.a(Counter_1.o)
 .debug_frame   0x000027c4       0x70 .\CortexM0\ARM_GCC_541\Debug\QuadEncoderRTOS.a(Reset_Encoder.o)
 .debug_frame   0x00002834      0x110 .\CortexM0\ARM_GCC_541\Debug\QuadEncoderRTOS.a(isr_rst_encoder.o)
 .debug_frame   0x00002944      0x110 .\CortexM0\ARM_GCC_541\Debug\QuadEncoderRTOS.a(isr_home.o)
 .debug_frame   0x00002a54       0x70 .\CortexM0\ARM_GCC_541\Debug\QuadEncoderRTOS.a(LED.o)
 .debug_frame   0x00002ac4      0x110 .\CortexM0\ARM_GCC_541\Debug\QuadEncoderRTOS.a(isr_spi_ss.o)
 .debug_frame   0x00002bd4       0x70 .\CortexM0\ARM_GCC_541\Debug\QuadEncoderRTOS.a(spi_ss.o)
 .debug_frame   0x00002c44       0x70 .\CortexM0\ARM_GCC_541\Debug\QuadEncoderRTOS.a(PROBE.o)
 .debug_frame   0x00002cb4      0x134 .\CortexM0\ARM_GCC_541\Debug\QuadEncoderRTOS.a(Index_Counter_1.o)
 .debug_frame   0x00002de8       0x2c .\CortexM0\ARM_GCC_541\Debug\QuadEncoderRTOS.a(I2C_I2C_INT.o)
 .debug_frame   0x00002e14       0x30 .\CortexM0\ARM_GCC_541\Debug\QuadEncoderRTOS.a(cyutils.o)
 .debug_frame   0x00002e44       0x20 c:/program files (x86)/cypress/psoc creator/4.2/psoc creator/import/gnu/arm/5.4.1/bin/../lib/gcc/arm-none-eabi/5.4.1/armv6-m\libgcc.a(_udivsi3.o)
 .debug_frame   0x00002e64       0x28 c:/program files (x86)/cypress/psoc creator/4.2/psoc creator/import/gnu/arm/5.4.1/bin/../lib/gcc/arm-none-eabi/5.4.1/armv6-m\libgcc.a(_fixunssfsi.o)
 .debug_frame   0x00002e8c       0x30 c:/program files (x86)/cypress/psoc creator/4.2/psoc creator/import/gnu/arm/5.4.1/bin/../lib/gcc/arm-none-eabi/5.4.1/armv6-m\libgcc.a(addsf3.o)
 .debug_frame   0x00002ebc       0x3c c:/program files (x86)/cypress/psoc creator/4.2/psoc creator/import/gnu/arm/5.4.1/bin/../lib/gcc/arm-none-eabi/5.4.1/armv6-m\libgcc.a(divsf3.o)
 .debug_frame   0x00002ef8       0x2c c:/program files (x86)/cypress/psoc creator/4.2/psoc creator/import/gnu/arm/5.4.1/bin/../lib/gcc/arm-none-eabi/5.4.1/armv6-m\libgcc.a(eqsf2.o)
 .debug_frame   0x00002f24       0x30 c:/program files (x86)/cypress/psoc creator/4.2/psoc creator/import/gnu/arm/5.4.1/bin/../lib/gcc/arm-none-eabi/5.4.1/armv6-m\libgcc.a(gesf2.o)
 .debug_frame   0x00002f54       0x30 c:/program files (x86)/cypress/psoc creator/4.2/psoc creator/import/gnu/arm/5.4.1/bin/../lib/gcc/arm-none-eabi/5.4.1/armv6-m\libgcc.a(lesf2.o)
 .debug_frame   0x00002f84       0x38 c:/program files (x86)/cypress/psoc creator/4.2/psoc creator/import/gnu/arm/5.4.1/bin/../lib/gcc/arm-none-eabi/5.4.1/armv6-m\libgcc.a(mulsf3.o)
 .debug_frame   0x00002fbc       0x30 c:/program files (x86)/cypress/psoc creator/4.2/psoc creator/import/gnu/arm/5.4.1/bin/../lib/gcc/arm-none-eabi/5.4.1/armv6-m\libgcc.a(subsf3.o)
 .debug_frame   0x00002fec       0x20 c:/program files (x86)/cypress/psoc creator/4.2/psoc creator/import/gnu/arm/5.4.1/bin/../lib/gcc/arm-none-eabi/5.4.1/armv6-m\libgcc.a(fixsfsi.o)
 .debug_frame   0x0000300c       0x2c c:/program files (x86)/cypress/psoc creator/4.2/psoc creator/import/gnu/arm/5.4.1/bin/../lib/gcc/arm-none-eabi/5.4.1/armv6-m\libgcc.a(floatsisf.o)
 .debug_frame   0x00003038       0x2c c:/program files (x86)/cypress/psoc creator/4.2/psoc creator/import/gnu/arm/5.4.1/bin/../lib/gcc/arm-none-eabi/5.4.1/armv6-m\libgcc.a(floatunsisf.o)
 .debug_frame   0x00003064       0x3c c:/program files (x86)/cypress/psoc creator/4.2/psoc creator/import/gnu/arm/5.4.1/bin/../lib/gcc/arm-none-eabi/5.4.1/armv6-m\libgcc.a(muldf3.o)
 .debug_frame   0x000030a0       0x2c c:/program files (x86)/cypress/psoc creator/4.2/psoc creator/import/gnu/arm/5.4.1/bin/../lib/gcc/arm-none-eabi/5.4.1/armv6-m\libgcc.a(floatsidf.o)
 .debug_frame   0x000030cc       0x2c c:/program files (x86)/cypress/psoc creator/4.2/psoc creator/import/gnu/arm/5.4.1/bin/../lib/gcc/arm-none-eabi/5.4.1/armv6-m\libgcc.a(truncdfsf2.o)
 .debug_frame   0x000030f8       0x20 c:/program files (x86)/cypress/psoc creator/4.2/psoc creator/import/gnu/arm/5.4.1/bin/../lib/gcc/arm-none-eabi/5.4.1/../../../../arm-none-eabi/lib/armv6-m\libg_nano.a(lib_a-errno.o)
 .debug_frame   0x00003118       0x28 c:/program files (x86)/cypress/psoc creator/4.2/psoc creator/import/gnu/arm/5.4.1/bin/../lib/gcc/arm-none-eabi/5.4.1/../../../../arm-none-eabi/lib/armv6-m\libg_nano.a(lib_a-exit.o)
 .debug_frame   0x00003140       0x2c c:/program files (x86)/cypress/psoc creator/4.2/psoc creator/import/gnu/arm/5.4.1/bin/../lib/gcc/arm-none-eabi/5.4.1/../../../../arm-none-eabi/lib/armv6-m\libg_nano.a(lib_a-init.o)
 .debug_frame   0x0000316c       0x28 c:/program files (x86)/cypress/psoc creator/4.2/psoc creator/import/gnu/arm/5.4.1/bin/../lib/gcc/arm-none-eabi/5.4.1/../../../../arm-none-eabi/lib/armv6-m\libg_nano.a(lib_a-memcpy-stub.o)
 .debug_frame   0x00003194       0x20 c:/program files (x86)/cypress/psoc creator/4.2/psoc creator/import/gnu/arm/5.4.1/bin/../lib/gcc/arm-none-eabi/5.4.1/../../../../arm-none-eabi/lib/armv6-m\libg_nano.a(lib_a-memset.o)

.debug_str      0x00000000     0x4634
 *(.debug_str)
 .debug_str     0x00000000      0xa31 .\CortexM0\ARM_GCC_541\Debug\main.o
                                0xb2c (size before relaxing)
 .debug_str     0x00000a31      0x161 .\CortexM0\ARM_GCC_541\Debug\INA219.o
                                0x337 (size before relaxing)
 .debug_str     0x00000b92      0x1b6 .\CortexM0\ARM_GCC_541\Debug\port.o
                                0x34c (size before relaxing)
 .debug_str     0x00000d48       0xb3 .\CortexM0\ARM_GCC_541\Debug\heap_1.o
                                0x244 (size before relaxing)
 .debug_str     0x00000dfb      0x536 .\CortexM0\ARM_GCC_541\Debug\stream_buffer.o
                                0x7cd (size before relaxing)
 .debug_str     0x00001331      0xa1c .\CortexM0\ARM_GCC_541\Debug\tasks.o
                                0xf1b (size before relaxing)
 .debug_str     0x00001d4d       0x19 .\CortexM0\ARM_GCC_541\Debug\timers.o
                                0x184 (size before relaxing)
 .debug_str     0x00001d66       0x1b .\CortexM0\ARM_GCC_541\Debug\croutine.o
                                0x186 (size before relaxing)
 .debug_str     0x00001d81      0x26f .\CortexM0\ARM_GCC_541\Debug\event_groups.o
                                0x613 (size before relaxing)
 .debug_str     0x00001ff0       0x58 .\CortexM0\ARM_GCC_541\Debug\list.o
                                0x2d5 (size before relaxing)
 .debug_str     0x00002048      0x457 .\CortexM0\ARM_GCC_541\Debug\queue.o
                                0x947 (size before relaxing)
 .debug_str     0x0000249f       0xde .\CortexM0\ARM_GCC_541\Debug\cyfitter_cfg.o
                                0x29a (size before relaxing)
 .debug_str     0x0000257d       0x59 .\CortexM0\ARM_GCC_541\Debug\cymetadata.o
                                0x1b8 (size before relaxing)
 .debug_str     0x000025d6      0x127 .\CortexM0\ARM_GCC_541\Debug\Cm0Start.o
                                0x2f1 (size before relaxing)
 .debug_str     0x000026fd      0x141 .\CortexM0\ARM_GCC_541\Debug\QuadEncoderRTOS.a(I2C.o)
                                0x2c9 (size before relaxing)
 .debug_str     0x0000283e       0x94 .\CortexM0\ARM_GCC_541\Debug\QuadEncoderRTOS.a(I2C_I2C.o)
                                0x23e (size before relaxing)
 .debug_str     0x000028d2      0x29b .\CortexM0\ARM_GCC_541\Debug\QuadEncoderRTOS.a(I2C_I2C_MASTER.o)
                                0x4dc (size before relaxing)
 .debug_str     0x00002b6d      0x3e7 .\CortexM0\ARM_GCC_541\Debug\QuadEncoderRTOS.a(PWM_1.o)
                                0x5a1 (size before relaxing)
 .debug_str     0x00002f54       0xa3 .\CortexM0\ARM_GCC_541\Debug\QuadEncoderRTOS.a(I2C_sda.o)
                                0x234 (size before relaxing)
 .debug_str     0x00002ff7       0x7a .\CortexM0\ARM_GCC_541\Debug\QuadEncoderRTOS.a(I2C_scl.o)
                                0x234 (size before relaxing)
 .debug_str     0x00003071      0x42e .\CortexM0\ARM_GCC_541\Debug\QuadEncoderRTOS.a(CyLib.o)
                                0x6a6 (size before relaxing)
 .debug_str     0x0000349f      0x515 .\CortexM0\ARM_GCC_541\Debug\QuadEncoderRTOS.a(CyLFClk.o)
                                0x72d (size before relaxing)
 .debug_str     0x000039b4       0x8c .\CortexM0\ARM_GCC_541\Debug\QuadEncoderRTOS.a(INDEX_OUT.o)
                                0x242 (size before relaxing)
 .debug_str     0x00003a40       0x86 .\CortexM0\ARM_GCC_541\Debug\QuadEncoderRTOS.a(HOME_OUT.o)
                                0x23b (size before relaxing)
 .debug_str     0x00003ac6       0x7e .\CortexM0\ARM_GCC_541\Debug\QuadEncoderRTOS.a(HOME_IN.o)
                                0x234 (size before relaxing)
 .debug_str     0x00003b44      0x14e .\CortexM0\ARM_GCC_541\Debug\QuadEncoderRTOS.a(SPI_1.o)
                                0x32b (size before relaxing)
 .debug_str     0x00003c92      0x17c .\CortexM0\ARM_GCC_541\Debug\QuadEncoderRTOS.a(SPI_1_SPI_UART.o)
                                0x382 (size before relaxing)
 .debug_str     0x00003e0e       0x23 .\CortexM0\ARM_GCC_541\Debug\QuadEncoderRTOS.a(SPI_1_SPI.o)
                                0x279 (size before relaxing)
 .debug_str     0x00003e31       0x3f .\CortexM0\ARM_GCC_541\Debug\QuadEncoderRTOS.a(SPI_1_SPI_UART_INT.o)
                                0x283 (size before relaxing)
 .debug_str     0x00003e70       0x82 .\CortexM0\ARM_GCC_541\Debug\QuadEncoderRTOS.a(Counter_1.o)
                                0x3cf (size before relaxing)
 .debug_str     0x00003ef2       0xa2 .\CortexM0\ARM_GCC_541\Debug\QuadEncoderRTOS.a(Reset_Encoder.o)
                                0x25e (size before relaxing)
 .debug_str     0x00003f94      0x130 .\CortexM0\ARM_GCC_541\Debug\QuadEncoderRTOS.a(isr_rst_encoder.o)
                                0x366 (size before relaxing)
 .debug_str     0x000040c4       0xd4 .\CortexM0\ARM_GCC_541\Debug\QuadEncoderRTOS.a(isr_home.o)
                                0x304 (size before relaxing)
 .debug_str     0x00004198       0x6f .\CortexM0\ARM_GCC_541\Debug\QuadEncoderRTOS.a(LED.o)
                                0x218 (size before relaxing)
 .debug_str     0x00004207      0x102 .\CortexM0\ARM_GCC_541\Debug\QuadEncoderRTOS.a(isr_spi_ss.o)
                                0x320 (size before relaxing)
 .debug_str     0x00004309       0x6c .\CortexM0\ARM_GCC_541\Debug\QuadEncoderRTOS.a(spi_ss.o)
                                0x22d (size before relaxing)
 .debug_str     0x00004375       0x7b .\CortexM0\ARM_GCC_541\Debug\QuadEncoderRTOS.a(PROBE.o)
                                0x226 (size before relaxing)
 .debug_str     0x000043f0      0x1d4 .\CortexM0\ARM_GCC_541\Debug\QuadEncoderRTOS.a(Index_Counter_1.o)
                                0x3f9 (size before relaxing)
 .debug_str     0x000045c4       0x47 .\CortexM0\ARM_GCC_541\Debug\QuadEncoderRTOS.a(I2C_I2C_INT.o)
                                0x2ae (size before relaxing)
 .debug_str     0x0000460b       0x29 .\CortexM0\ARM_GCC_541\Debug\QuadEncoderRTOS.a(cyutils.o)
                                0x1ad (size before relaxing)

.debug_loc      0x00000000     0x7dd8
 *(.debug_loc)
 .debug_loc     0x00000000      0x4d7 .\CortexM0\ARM_GCC_541\Debug\main.o
 .debug_loc     0x000004d7      0x26a .\CortexM0\ARM_GCC_541\Debug\INA219.o
 .debug_loc     0x00000741       0xa6 .\CortexM0\ARM_GCC_541\Debug\port.o
 .debug_loc     0x000007e7       0x5f .\CortexM0\ARM_GCC_541\Debug\heap_1.o
 .debug_loc     0x00000846     0x124b .\CortexM0\ARM_GCC_541\Debug\stream_buffer.o
 .debug_loc     0x00001a91     0x172b .\CortexM0\ARM_GCC_541\Debug\tasks.o
 .debug_loc     0x000031bc      0x86e .\CortexM0\ARM_GCC_541\Debug\event_groups.o
 .debug_loc     0x00003a2a       0x65 .\CortexM0\ARM_GCC_541\Debug\list.o
 .debug_loc     0x00003a8f     0x1559 .\CortexM0\ARM_GCC_541\Debug\queue.o
 .debug_loc     0x00004fe8      0x118 .\CortexM0\ARM_GCC_541\Debug\cyfitter_cfg.o
 .debug_loc     0x00005100      0x14f .\CortexM0\ARM_GCC_541\Debug\Cm0Start.o
 .debug_loc     0x0000524f       0x7e .\CortexM0\ARM_GCC_541\Debug\QuadEncoderRTOS.a(I2C.o)
 .debug_loc     0x000052cd      0xa90 .\CortexM0\ARM_GCC_541\Debug\QuadEncoderRTOS.a(I2C_I2C_MASTER.o)
 .debug_loc     0x00005d5d      0x547 .\CortexM0\ARM_GCC_541\Debug\QuadEncoderRTOS.a(PWM_1.o)
 .debug_loc     0x000062a4       0xa2 .\CortexM0\ARM_GCC_541\Debug\QuadEncoderRTOS.a(I2C_sda.o)
 .debug_loc     0x00006346       0x81 .\CortexM0\ARM_GCC_541\Debug\QuadEncoderRTOS.a(I2C_scl.o)
 .debug_loc     0x000063c7      0x599 .\CortexM0\ARM_GCC_541\Debug\QuadEncoderRTOS.a(CyLib.o)
 .debug_loc     0x00006960      0x9b5 .\CortexM0\ARM_GCC_541\Debug\QuadEncoderRTOS.a(CyLFClk.o)
 .debug_loc     0x00007315       0xa2 .\CortexM0\ARM_GCC_541\Debug\QuadEncoderRTOS.a(INDEX_OUT.o)
 .debug_loc     0x000073b7       0xa2 .\CortexM0\ARM_GCC_541\Debug\QuadEncoderRTOS.a(HOME_OUT.o)
 .debug_loc     0x00007459       0xa2 .\CortexM0\ARM_GCC_541\Debug\QuadEncoderRTOS.a(HOME_IN.o)
 .debug_loc     0x000074fb       0x7e .\CortexM0\ARM_GCC_541\Debug\QuadEncoderRTOS.a(SPI_1.o)
 .debug_loc     0x00007579      0x170 .\CortexM0\ARM_GCC_541\Debug\QuadEncoderRTOS.a(SPI_1_SPI_UART.o)
 .debug_loc     0x000076e9       0x3d .\CortexM0\ARM_GCC_541\Debug\QuadEncoderRTOS.a(SPI_1_SPI_UART_INT.o)
 .debug_loc     0x00007726       0xd6 .\CortexM0\ARM_GCC_541\Debug\QuadEncoderRTOS.a(Counter_1.o)
 .debug_loc     0x000077fc       0xa2 .\CortexM0\ARM_GCC_541\Debug\QuadEncoderRTOS.a(Reset_Encoder.o)
 .debug_loc     0x0000789e       0x82 .\CortexM0\ARM_GCC_541\Debug\QuadEncoderRTOS.a(isr_rst_encoder.o)
 .debug_loc     0x00007920       0x82 .\CortexM0\ARM_GCC_541\Debug\QuadEncoderRTOS.a(isr_home.o)
 .debug_loc     0x000079a2       0xa2 .\CortexM0\ARM_GCC_541\Debug\QuadEncoderRTOS.a(LED.o)
 .debug_loc     0x00007a44       0x82 .\CortexM0\ARM_GCC_541\Debug\QuadEncoderRTOS.a(isr_spi_ss.o)
 .debug_loc     0x00007ac6       0xa2 .\CortexM0\ARM_GCC_541\Debug\QuadEncoderRTOS.a(spi_ss.o)
 .debug_loc     0x00007b68       0xa2 .\CortexM0\ARM_GCC_541\Debug\QuadEncoderRTOS.a(PROBE.o)
 .debug_loc     0x00007c0a       0x31 .\CortexM0\ARM_GCC_541\Debug\QuadEncoderRTOS.a(Index_Counter_1.o)
 .debug_loc     0x00007c3b      0x10c .\CortexM0\ARM_GCC_541\Debug\QuadEncoderRTOS.a(I2C_I2C_INT.o)
 .debug_loc     0x00007d47       0x91 .\CortexM0\ARM_GCC_541\Debug\QuadEncoderRTOS.a(cyutils.o)

.debug_macinfo
 *(.debug_macinfo)

.debug_ranges   0x00000000     0x1090
 *(.debug_ranges)
 .debug_ranges  0x00000000       0x90 .\CortexM0\ARM_GCC_541\Debug\main.o
 .debug_ranges  0x00000090       0x50 .\CortexM0\ARM_GCC_541\Debug\INA219.o
 .debug_ranges  0x000000e0       0x78 .\CortexM0\ARM_GCC_541\Debug\port.o
 .debug_ranges  0x00000158       0x28 .\CortexM0\ARM_GCC_541\Debug\heap_1.o
 .debug_ranges  0x00000180       0xa8 .\CortexM0\ARM_GCC_541\Debug\stream_buffer.o
 .debug_ranges  0x00000228      0x1f0 .\CortexM0\ARM_GCC_541\Debug\tasks.o
 .debug_ranges  0x00000418       0x70 .\CortexM0\ARM_GCC_541\Debug\event_groups.o
 .debug_ranges  0x00000488       0x30 .\CortexM0\ARM_GCC_541\Debug\list.o
 .debug_ranges  0x000004b8      0x130 .\CortexM0\ARM_GCC_541\Debug\queue.o
 .debug_ranges  0x000005e8       0x28 .\CortexM0\ARM_GCC_541\Debug\cyfitter_cfg.o
 .debug_ranges  0x00000610       0x38 .\CortexM0\ARM_GCC_541\Debug\Cm0Start.o
 .debug_ranges  0x00000648       0x58 .\CortexM0\ARM_GCC_541\Debug\QuadEncoderRTOS.a(I2C.o)
 .debug_ranges  0x000006a0       0x20 .\CortexM0\ARM_GCC_541\Debug\QuadEncoderRTOS.a(I2C_I2C.o)
 .debug_ranges  0x000006c0       0x88 .\CortexM0\ARM_GCC_541\Debug\QuadEncoderRTOS.a(I2C_I2C_MASTER.o)
 .debug_ranges  0x00000748      0x148 .\CortexM0\ARM_GCC_541\Debug\QuadEncoderRTOS.a(PWM_1.o)
 .debug_ranges  0x00000890       0x38 .\CortexM0\ARM_GCC_541\Debug\QuadEncoderRTOS.a(I2C_sda.o)
 .debug_ranges  0x000008c8       0x38 .\CortexM0\ARM_GCC_541\Debug\QuadEncoderRTOS.a(I2C_scl.o)
 .debug_ranges  0x00000900      0x170 .\CortexM0\ARM_GCC_541\Debug\QuadEncoderRTOS.a(CyLib.o)
 .debug_ranges  0x00000a70      0x128 .\CortexM0\ARM_GCC_541\Debug\QuadEncoderRTOS.a(CyLFClk.o)
 .debug_ranges  0x00000b98       0x38 .\CortexM0\ARM_GCC_541\Debug\QuadEncoderRTOS.a(INDEX_OUT.o)
 .debug_ranges  0x00000bd0       0x38 .\CortexM0\ARM_GCC_541\Debug\QuadEncoderRTOS.a(HOME_OUT.o)
 .debug_ranges  0x00000c08       0x38 .\CortexM0\ARM_GCC_541\Debug\QuadEncoderRTOS.a(HOME_IN.o)
 .debug_ranges  0x00000c40       0x60 .\CortexM0\ARM_GCC_541\Debug\QuadEncoderRTOS.a(SPI_1.o)
 .debug_ranges  0x00000ca0       0x50 .\CortexM0\ARM_GCC_541\Debug\QuadEncoderRTOS.a(SPI_1_SPI_UART.o)
 .debug_ranges  0x00000cf0       0x20 .\CortexM0\ARM_GCC_541\Debug\QuadEncoderRTOS.a(SPI_1_SPI.o)
 .debug_ranges  0x00000d10       0x10 .\CortexM0\ARM_GCC_541\Debug\QuadEncoderRTOS.a(SPI_1_SPI_UART_INT.o)
 .debug_ranges  0x00000d20       0x90 .\CortexM0\ARM_GCC_541\Debug\QuadEncoderRTOS.a(Counter_1.o)
 .debug_ranges  0x00000db0       0x38 .\CortexM0\ARM_GCC_541\Debug\QuadEncoderRTOS.a(Reset_Encoder.o)
 .debug_ranges  0x00000de8       0x70 .\CortexM0\ARM_GCC_541\Debug\QuadEncoderRTOS.a(isr_rst_encoder.o)
 .debug_ranges  0x00000e58       0x70 .\CortexM0\ARM_GCC_541\Debug\QuadEncoderRTOS.a(isr_home.o)
 .debug_ranges  0x00000ec8       0x38 .\CortexM0\ARM_GCC_541\Debug\QuadEncoderRTOS.a(LED.o)
 .debug_ranges  0x00000f00       0x70 .\CortexM0\ARM_GCC_541\Debug\QuadEncoderRTOS.a(isr_spi_ss.o)
 .debug_ranges  0x00000f70       0x38 .\CortexM0\ARM_GCC_541\Debug\QuadEncoderRTOS.a(spi_ss.o)
 .debug_ranges  0x00000fa8       0x38 .\CortexM0\ARM_GCC_541\Debug\QuadEncoderRTOS.a(PROBE.o)
 .debug_ranges  0x00000fe0       0x88 .\CortexM0\ARM_GCC_541\Debug\QuadEncoderRTOS.a(Index_Counter_1.o)
 .debug_ranges  0x00001068       0x10 .\CortexM0\ARM_GCC_541\Debug\QuadEncoderRTOS.a(I2C_I2C_INT.o)
 .debug_ranges  0x00001078       0x18 .\CortexM0\ARM_GCC_541\Debug\QuadEncoderRTOS.a(cyutils.o)

.comment        0x00000000       0x6e
 .comment       0x00000000       0x6e .\CortexM0\ARM_GCC_541\Debug\main.o
                                 0x6f (size before relaxing)
 .comment       0x0000006e       0x6f .\CortexM0\ARM_GCC_541\Debug\INA219.o
 .comment       0x0000006e       0x6f .\CortexM0\ARM_GCC_541\Debug\port.o
 .comment       0x0000006e       0x6f .\CortexM0\ARM_GCC_541\Debug\heap_1.o
 .comment       0x0000006e       0x6f .\CortexM0\ARM_GCC_541\Debug\stream_buffer.o
 .comment       0x0000006e       0x6f .\CortexM0\ARM_GCC_541\Debug\tasks.o
 .comment       0x0000006e       0x6f .\CortexM0\ARM_GCC_541\Debug\timers.o
 .comment       0x0000006e       0x6f .\CortexM0\ARM_GCC_541\Debug\croutine.o
 .comment       0x0000006e       0x6f .\CortexM0\ARM_GCC_541\Debug\event_groups.o
 .comment       0x0000006e       0x6f .\CortexM0\ARM_GCC_541\Debug\list.o
 .comment       0x0000006e       0x6f .\CortexM0\ARM_GCC_541\Debug\queue.o
 .comment       0x0000006e       0x6f .\CortexM0\ARM_GCC_541\Debug\cyfitter_cfg.o
 .comment       0x0000006e       0x6f .\CortexM0\ARM_GCC_541\Debug\cymetadata.o
 .comment       0x0000006e       0x6f .\CortexM0\ARM_GCC_541\Debug\Cm0Start.o
 .comment       0x0000006e       0x6f .\CortexM0\ARM_GCC_541\Debug\QuadEncoderRTOS.a(I2C.o)
 .comment       0x0000006e       0x6f .\CortexM0\ARM_GCC_541\Debug\QuadEncoderRTOS.a(I2C_I2C.o)