Archive member included to satisfy reference by file (symbol)

.\CortexM0\ARM_GCC_541\Debug\QuadEncoderRTOS.a(I2C.o)
                              .\CortexM0\ARM_GCC_541\Debug\main.o (I2C_Start)
.\CortexM0\ARM_GCC_541\Debug\QuadEncoderRTOS.a(I2C_I2C.o)
                              .\CortexM0\ARM_GCC_541\Debug\QuadEncoderRTOS.a(I2C.o) (I2C_I2CInit)
.\CortexM0\ARM_GCC_541\Debug\QuadEncoderRTOS.a(I2C_I2C_MASTER.o)
                              .\CortexM0\ARM_GCC_541\Debug\main.o (I2C_I2CMasterSendStart)
.\CortexM0\ARM_GCC_541\Debug\QuadEncoderRTOS.a(PWM_1.o)
                              .\CortexM0\ARM_GCC_541\Debug\main.o (PWM_1_WritePeriod)
.\CortexM0\ARM_GCC_541\Debug\QuadEncoderRTOS.a(I2C_sda.o)
                              .\CortexM0\ARM_GCC_541\Debug\QuadEncoderRTOS.a(I2C_I2C_MASTER.o) (I2C_sda_Read)
.\CortexM0\ARM_GCC_541\Debug\QuadEncoderRTOS.a(I2C_scl.o)
                              .\CortexM0\ARM_GCC_541\Debug\QuadEncoderRTOS.a(I2C_I2C_MASTER.o) (I2C_scl_Write)
.\CortexM0\ARM_GCC_541\Debug\QuadEncoderRTOS.a(CyLib.o)
                              .\CortexM0\ARM_GCC_541\Debug\QuadEncoderRTOS.a(I2C.o) (CyIntEnable)
.\CortexM0\ARM_GCC_541\Debug\QuadEncoderRTOS.a(CyLFClk.o)
                              .\CortexM0\ARM_GCC_541\Debug\main.o (CySysWdtResetCounters)
.\CortexM0\ARM_GCC_541\Debug\QuadEncoderRTOS.a(INDEX_OUT.o)
                              .\CortexM0\ARM_GCC_541\Debug\main.o (INDEX_OUT_SetDriveMode)
.\CortexM0\ARM_GCC_541\Debug\QuadEncoderRTOS.a(HOME_OUT.o)
                              .\CortexM0\ARM_GCC_541\Debug\main.o (HOME_OUT_SetDriveMode)
.\CortexM0\ARM_GCC_541\Debug\QuadEncoderRTOS.a(HOME_IN.o)
                              .\CortexM0\ARM_GCC_541\Debug\main.o (HOME_IN_ClearInterrupt)
.\CortexM0\ARM_GCC_541\Debug\QuadEncoderRTOS.a(SPI_1.o)
                              .\CortexM0\ARM_GCC_541\Debug\main.o (SPI_1_Start)
.\CortexM0\ARM_GCC_541\Debug\QuadEncoderRTOS.a(SPI_1_SPI_UART.o)
                              .\CortexM0\ARM_GCC_541\Debug\main.o (SPI_1_SpiUartReadRxData)
.\CortexM0\ARM_GCC_541\Debug\QuadEncoderRTOS.a(SPI_1_SPI.o)
                              .\CortexM0\ARM_GCC_541\Debug\QuadEncoderRTOS.a(SPI_1.o) (SPI_1_SpiInit)
.\CortexM0\ARM_GCC_541\Debug\QuadEncoderRTOS.a(SPI_1_SPI_UART_INT.o)
                              .\CortexM0\ARM_GCC_541\Debug\QuadEncoderRTOS.a(SPI_1_SPI.o) (SPI_1_SPI_UART_ISR)
.\CortexM0\ARM_GCC_541\Debug\QuadEncoderRTOS.a(Counter_1.o)
                              .\CortexM0\ARM_GCC_541\Debug\main.o (Counter_1_WriteCounter)
.\CortexM0\ARM_GCC_541\Debug\QuadEncoderRTOS.a(Reset_Encoder.o)
                              .\CortexM0\ARM_GCC_541\Debug\main.o (Reset_Encoder_ClearInterrupt)
.\CortexM0\ARM_GCC_541\Debug\QuadEncoderRTOS.a(isr_rst_encoder.o)
                              .\CortexM0\ARM_GCC_541\Debug\main.o (isr_rst_encoder_SetPriority)
.\CortexM0\ARM_GCC_541\Debug\QuadEncoderRTOS.a(isr_home.o)
                              .\CortexM0\ARM_GCC_541\Debug\main.o (isr_home_SetPriority)
.\CortexM0\ARM_GCC_541\Debug\QuadEncoderRTOS.a(LED.o)
                              .\CortexM0\ARM_GCC_541\Debug\main.o (LED_Write)
.\CortexM0\ARM_GCC_541\Debug\QuadEncoderRTOS.a(isr_spi_ss.o)
                              .\CortexM0\ARM_GCC_541\Debug\main.o (isr_spi_ss_SetPriority)
.\CortexM0\ARM_GCC_541\Debug\QuadEncoderRTOS.a(spi_ss.o)
                              .\CortexM0\ARM_GCC_541\Debug\main.o (spi_ss_Read)
.\CortexM0\ARM_GCC_541\Debug\QuadEncoderRTOS.a(PROBE.o)
                              .\CortexM0\ARM_GCC_541\Debug\main.o (PROBE_Write)
.\CortexM0\ARM_GCC_541\Debug\QuadEncoderRTOS.a(Index_Counter_1.o)
                              .\CortexM0\ARM_GCC_541\Debug\main.o (Index_Counter_1_WriteCounter)
.\CortexM0\ARM_GCC_541\Debug\QuadEncoderRTOS.a(CyBootAsmGnu.o)
                              .\CortexM0\ARM_GCC_541\Debug\QuadEncoderRTOS.a(CyLib.o) (CyDelayCycles)
.\CortexM0\ARM_GCC_541\Debug\QuadEncoderRTOS.a(I2C_I2C_INT.o)
                              .\CortexM0\ARM_GCC_541\Debug\QuadEncoderRTOS.a(I2C_I2C.o) (I2C_I2C_ISR)
.\CortexM0\ARM_GCC_541\Debug\QuadEncoderRTOS.a(cyutils.o)
                              .\CortexM0\ARM_GCC_541\Debug\QuadEncoderRTOS.a(Counter_1.o) (CySetReg24)
c:/program files (x86)/cypress/psoc creator/4.2/psoc creator/import/gnu/arm/5.4.1/bin/../lib/gcc/arm-none-eabi/5.4.1/armv6-m\libgcc.a(_udivsi3.o)
                              .\CortexM0\ARM_GCC_541\Debug\QuadEncoderRTOS.a(CyLib.o) (__aeabi_uidiv)
c:/program files (x86)/cypress/psoc creator/4.2/psoc creator/import/gnu/arm/5.4.1/bin/../lib/gcc/arm-none-eabi/5.4.1/armv6-m\libgcc.a(_dvmd_tls.o)
                              c:/program files (x86)/cypress/psoc creator/4.2/psoc creator/import/gnu/arm/5.4.1/bin/../lib/gcc/arm-none-eabi/5.4.1/armv6-m\libgcc.a(_udivsi3.o) (__aeabi_idiv0)
c:/program files (x86)/cypress/psoc creator/4.2/psoc creator/import/gnu/arm/5.4.1/bin/../lib/gcc/arm-none-eabi/5.4.1/armv6-m\libgcc.a(_arm_cmpsf2.o)
[...]
Memory Configuration

Name             Origin             Length             Attributes
rom              0x00000000         0x00008000         xr
ram              0x20000000         0x00001000         xrw
*default*        0x00000000         0xffffffff

Linker script and memory map

LOAD c:/program files (x86)/cypress/psoc creator/4.2/psoc creator/import/gnu/arm/5.4.1/bin/../lib/gcc/arm-none-eabi/5.4.1/armv6-m/crti.o
LOAD c:/program files (x86)/cypress/psoc creator/4.2/psoc creator/import/gnu/arm/5.4.1/bin/../lib/gcc/arm-none-eabi/5.4.1/armv6-m/crtbegin.o
LOAD c:/program files (x86)/cypress/psoc creator/4.2/psoc creator/import/gnu/arm/5.4.1/bin/../lib/gcc/arm-none-eabi/5.4.1/../../../../arm-none-eabi/lib/armv6-m/crt0.o
START GROUP
LOAD .\CortexM0\ARM_GCC_541\Debug\main.o
LOAD .\CortexM0\ARM_GCC_541\Debug\INA219.o
LOAD .\CortexM0\ARM_GCC_541\Debug\port.o
LOAD .\CortexM0\ARM_GCC_541\Debug\heap_1.o
LOAD .\CortexM0\ARM_GCC_541\Debug\stream_buffer.o
LOAD .\CortexM0\ARM_GCC_541\Debug\tasks.o
LOAD .\CortexM0\ARM_GCC_541\Debug\timers.o
LOAD .\CortexM0\ARM_GCC_541\Debug\croutine.o
LOAD .\CortexM0\ARM_GCC_541\Debug\event_groups.o
LOAD .\CortexM0\ARM_GCC_541\Debug\list.o
LOAD .\CortexM0\ARM_GCC_541\Debug\queue.o
LOAD .\CortexM0\ARM_GCC_541\Debug\cyfitter_cfg.o
LOAD .\CortexM0\ARM_GCC_541\Debug\cymetadata.o
LOAD .\CortexM0\ARM_GCC_541\Debug\Cm0Start.o
LOAD .\CortexM0\ARM_GCC_541\Debug\QuadEncoderRTOS.a
END GROUP
START GROUP
LOAD c:/program files (x86)/cypress/psoc creator/4.2/psoc creator/import/gnu/arm/5.4.1/bin/../lib/gcc/arm-none-eabi/5.4.1/armv6-m\libgcc.a
LOAD c:/program files (x86)/cypress/psoc creator/4.2/psoc creator/import/gnu/arm/5.4.1/bin/../lib/gcc/arm-none-eabi/5.4.1/../../../../arm-none-eabi/lib/armv6-m\libg_nano.a
LOAD c:/program files (x86)/cypress/psoc creator/4.2/psoc creator/import/gnu/arm/5.4.1/bin/../lib/gcc/arm-none-eabi/5.4.1/../../../../arm-none-eabi/lib/armv6-m\libc_nano.a
END GROUP
START GROUP
LOAD c:/program files (x86)/cypress/psoc creator/4.2/psoc creator/import/gnu/arm/5.4.1/bin/../lib/gcc/arm-none-eabi/5.4.1/armv6-m\libgcc.a
LOAD c:/program files (x86)/cypress/psoc creator/4.2/psoc creator/import/gnu/arm/5.4.1/bin/../lib/gcc/arm-none-eabi/5.4.1/../../../../arm-none-eabi/lib/armv6-m\libc_nano.a
END GROUP
LOAD c:/program files (x86)/cypress/psoc creator/4.2/psoc creator/import/gnu/arm/5.4.1/bin/../lib/gcc/arm-none-eabi/5.4.1/armv6-m/crtend.o
LOAD c:/program files (x86)/cypress/psoc creator/4.2/psoc creator/import/gnu/arm/5.4.1/bin/../lib/gcc/arm-none-eabi/5.4.1/armv6-m/crtn.o
START GROUP
LOAD c:/program files (x86)/cypress/psoc creator/4.2/psoc creator/import/gnu/arm/5.4.1/bin/../lib/gcc/arm-none-eabi/5.4.1/armv6-m\libgcc.a
LOAD c:/program files (x86)/cypress/psoc creator/4.2/psoc creator/import/gnu/arm/5.4.1/bin/../lib/gcc/arm-none-eabi/5.4.1/../../../../arm-none-eabi/lib/armv6-m\libc.a
LOAD c:/program files (x86)/cypress/psoc creator/4.2/psoc creator/import/gnu/arm/5.4.1/bin/../lib/gcc/arm-none-eabi/5.4.1/../../../../arm-none-eabi/lib/armv6-m\libnosys.a
END GROUP
                0x00000000                CY_APPL_ORIGIN = 0x0
                0x00000080                CY_FLASH_ROW_SIZE = 0x80
                0x00000001                CY_APPL_NUM = 0x1
                0x00000001                CY_APPL_MAX = 0x1
                0x00000040                CY_METADATA_SIZE = 0x40
                0x00000000                CY_APPL_LOADABLE = 0x0
                0x00000000                CY_CHECKSUM_EXCLUDE_SIZE = ALIGN (0x0, CY_FLASH_ROW_SIZE)
                0x00000000                CY_APP_FOR_STACK_AND_COPIER = 0x0
                [!provide]                PROVIDE (__cy_heap_start, _end)
                0x00000001                PROVIDE (__cy_region_num, ((__cy_regions_end - __cy_regions) / 0x10))
                0x20001000                PROVIDE (__cy_stack, (ORIGIN (ram) + LENGTH (ram)))
                [!provide]                PROVIDE (__cy_heap_end, (__cy_stack - 0x200))

.cybootloader   0x00000000        0x0
 *(.cybootloader)
                0x00000000                appl1_start = CY_APPL_ORIGIN?CY_APPL_ORIGIN:ALIGN (CY_FLASH_ROW_SIZE)
                0x00003f80                appl2_start = (appl1_start + ALIGN ((((LENGTH (rom) - appl1_start) - (0x2 * CY_FLASH_ROW_SIZE)) / 0x2), CY_FLASH_ROW_SIZE))
                0x00000000                appl_start = (CY_APPL_NUM == 0x1)?appl1_start:appl2_start
                0x00000001                cy_project_type_bootloader = (appl_start == 0x0)?0x1:0x0
                0x00000000                cy_project_type_app_for_stack_and_copier = (CY_APP_FOR_STACK_AND_COPIER == 0x1)?0x1:0x0

.text           0x00000000     0x4066
 CREATE_OBJECT_SYMBOLS
                0x00000000                PROVIDE (__cy_interrupt_vector, RomVectors)
 *(.romvectors)
 .romvectors    0x00000000       0x10 .\CortexM0\ARM_GCC_541\Debug\Cm0Start.o
                0x00000000                RomVectors
                0x00000001                ASSERT ((. != __cy_interrupt_vector), No interrupt vector)
                0x00000001                ASSERT (CY_APPL_ORIGIN?(SIZEOF (.cybootloader) <= CY_APPL_ORIGIN):0x1, Wrong image location)
                0x00000010                PROVIDE (__cy_reset, Reset)
 *(.text.Reset)
 .text.Reset    0x00000010        0x8 .\CortexM0\ARM_GCC_541\Debug\Cm0Start.o
                0x00000010                Reset
                0x00000001                ASSERT ((. != __cy_reset), No reset code)
 *(.psocinit)
 .psocinit      0x00000018      0x200 .\CortexM0\ARM_GCC_541\Debug\cyfitter_cfg.o
                0x000000a4                cyfitter_cfg
                0x00000218                . = MAX (., 0x100)
 *(.text .text.* .gnu.linkonce.t.*)
 .text          0x00000218       0x60 c:/program files (x86)/cypress/psoc creator/4.2/psoc creator/import/gnu/arm/5.4.1/bin/../lib/gcc/arm-none-eabi/5.4.1/armv6-m/crtbegin.o
 .text.RSTIsrHandler
                0x00000278       0x18 .\CortexM0\ARM_GCC_541\Debug\main.o
                0x00000278                RSTIsrHandler
 .text.HomeIsrHandler
                0x00000290       0x14 .\CortexM0\ARM_GCC_541\Debug\main.o
                0x00000290                HomeIsrHandler
 .text.SPI_SS_IsrHandler
                0x000002a4       0x5c .\CortexM0\ARM_GCC_541\Debug\main.o
                0x000002a4                SPI_SS_IsrHandler
 .text.setupFreeRTOS
                0x00000300       0x28 .\CortexM0\ARM_GCC_541\Debug\main.o
                0x00000300                setupFreeRTOS
 .text.AssertFault
                0x00000328       0x1c .\CortexM0\ARM_GCC_541\Debug\main.o
                0x00000328                AssertFault
 .text.Current_Read_Task
                0x00000344       0xd8 .\CortexM0\ARM_GCC_541\Debug\main.o
                0x00000344                Current_Read_Task
 .text.ClearFault
                0x0000041c       0x1c .\CortexM0\ARM_GCC_541\Debug\main.o
                0x0000041c                ClearFault
 .text.PWM_Set  0x00000438       0x40 .\CortexM0\ARM_GCC_541\Debug\main.o
                0x00000438                PWM_Set
 .text.GetPosition
                0x00000478       0x24 .\CortexM0\ARM_GCC_541\Debug\main.o
                0x00000478                GetPosition
 .text.Comm_Task
                0x0000049c      0x2c0 .\CortexM0\ARM_GCC_541\Debug\main.o
                0x0000049c                Comm_Task
 .text.PID_Initialize
                0x0000075c       0x24 .\CortexM0\ARM_GCC_541\Debug\main.o
                0x0000075c                PID_Initialize
 .text.PID_SetTunings
                0x00000780       0x44 .\CortexM0\ARM_GCC_541\Debug\main.o
                0x00000780                PID_SetTunings
 .text.PID_Compute
                0x000007c4      0x138 .\CortexM0\ARM_GCC_541\Debug\main.o
                0x000007c4                PID_Compute
 .text.PID_SetMode
                0x000008fc       0x24 .\CortexM0\ARM_GCC_541\Debug\main.o
                0x000008fc                PID_SetMode
 .text.PID_SetDrive
                0x00000920       0x1c .\CortexM0\ARM_GCC_541\Debug\main.o
                0x00000920                PID_SetDrive
 .text.PID_Task
                0x0000093c      0x1e0 .\CortexM0\ARM_GCC_541\Debug\main.o
                0x0000093c                PID_Task
 .text.main     0x00000b1c      0x140 .\CortexM0\ARM_GCC_541\Debug\main.o
                0x00000b1c                main
 .text.prvTaskExitError
                0x00000c5c       0x24 .\CortexM0\ARM_GCC_541\Debug\port.o
 .text.vPortStartFirstTask
                0x00000c80       0x34 .\CortexM0\ARM_GCC_541\Debug\port.o
 .text.prvSetupTimerInterrupt
                0x00000cb4       0x28 .\CortexM0\ARM_GCC_541\Debug\port.o
 .text.pxPortInitialiseStack
                0x00000cdc       0x20 .\CortexM0\ARM_GCC_541\Debug\port.o
                0x00000cdc                pxPortInitialiseStack
 .text.vPortSVCHandler
                0x00000cfc        0x4 .\CortexM0\ARM_GCC_541\Debug\port.o
                0x00000cfc                vPortSVCHandler
 .text.xPortStartScheduler
                0x00000d00       0x3c .\CortexM0\ARM_GCC_541\Debug\port.o
                0x00000d00                xPortStartScheduler
 .text.vPortYield
                0x00000d3c       0x18 .\CortexM0\ARM_GCC_541\Debug\port.o
                0x00000d3c                vPortYield
 .text.vPortEnterCritical
                0x00000d54       0x18 .\CortexM0\ARM_GCC_541\Debug\port.o
                0x00000d54                vPortEnterCritical
 .text.vPortExitCritical
                0x00000d6c       0x20 .\CortexM0\ARM_GCC_541\Debug\port.o
                0x00000d6c                vPortExitCritical
 .text.ulSetInterruptMaskFromISR
                0x00000d8c        0x8 .\CortexM0\ARM_GCC_541\Debug\port.o
                0x00000d8c                ulSetInterruptMaskFromISR
 .text.vClearInterruptMaskFromISR
                0x00000d94        0x8 .\CortexM0\ARM_GCC_541\Debug\port.o
                0x00000d94                vClearInterruptMaskFromISR
 *fill*         0x00000d9c        0x4 
 .text.xPortPendSVHandler
                0x00000da0       0x44 .\CortexM0\ARM_GCC_541\Debug\port.o
                0x00000da0                xPortPendSVHandler
 .text.xPortSysTickHandler
                0x00000de4       0x24 .\CortexM0\ARM_GCC_541\Debug\port.o
                0x00000de4                xPortSysTickHandler
 .text.pvPortMalloc
                0x00000e08       0x5c .\CortexM0\ARM_GCC_541\Debug\heap_1.o
                0x00000e08                pvPortMalloc
 .text.vPortFree
                0x00000e64        0xc .\CortexM0\ARM_GCC_541\Debug\heap_1.o
                0x00000e64                vPortFree
 .text.prvTaskCheckFreeStackSpace
                0x00000e70       0x14 .\CortexM0\ARM_GCC_541\Debug\tasks.o
 .text.prvResetNextTaskUnblockTime
                0x00000e84       0x30 .\CortexM0\ARM_GCC_541\Debug\tasks.o
 .text.prvDeleteTCB
                0x00000eb4       0x14 .\CortexM0\ARM_GCC_541\Debug\tasks.o
 .text.prvInitialiseNewTask
                0x00000ec8       0xac .\CortexM0\ARM_GCC_541\Debug\tasks.o
 .text.prvInitialiseTaskLists
                0x00000f74       0x58 .\CortexM0\ARM_GCC_541\Debug\tasks.o
 .text.prvAddNewTaskToReadyList
                0x00000fcc       0x8c .\CortexM0\ARM_GCC_541\Debug\tasks.o
 .text.prvCheckTasksWaitingTermination
                0x00001058       0x38 .\CortexM0\ARM_GCC_541\Debug\tasks.o
 .text.prvIdleTask
                0x00001090        0x8 .\CortexM0\ARM_GCC_541\Debug\tasks.o
 .text.prvAddCurrentTaskToDelayedList
                0x00001098       0x64 .\CortexM0\ARM_GCC_541\Debug\tasks.o
 .text.xTaskCreate
                0x000010fc       0x60 .\CortexM0\ARM_GCC_541\Debug\tasks.o
                0x000010fc                xTaskCreate
 .text.vTaskStartScheduler
                0x0000115c       0x54 .\CortexM0\ARM_GCC_541\Debug\tasks.o
                0x0000115c                vTaskStartScheduler
 .text.vTaskSuspendAll
                0x000011b0       0x10 .\CortexM0\ARM_GCC_541\Debug\tasks.o
                0x000011b0                vTaskSuspendAll
 .text.xTaskGetTickCount
                0x000011c0        0xc .\CortexM0\ARM_GCC_541\Debug\tasks.o
                0x000011c0                xTaskGetTickCount
 .text.xTaskIncrementTick
                0x000011cc       0xe8 .\CortexM0\ARM_GCC_541\Debug\tasks.o
                0x000011cc                xTaskIncrementTick
 .text.xTaskResumeAll
                0x000012b4       0xd4 .\CortexM0\ARM_GCC_541\Debug\tasks.o
                0x000012b4                xTaskResumeAll
 .text.vTaskDelay
                0x00001388       0x34 .\CortexM0\ARM_GCC_541\Debug\tasks.o
                0x00001388                vTaskDelay
 .text.vTaskSwitchContext
                0x000013bc       0x88 .\CortexM0\ARM_GCC_541\Debug\tasks.o
                0x000013bc                vTaskSwitchContext
 .text.vTaskPlaceOnEventList
                0x00001444       0x24 .\CortexM0\ARM_GCC_541\Debug\tasks.o
                0x00001444                vTaskPlaceOnEventList
 .text.xTaskRemoveFromEventList
                0x00001468       0x7c .\CortexM0\ARM_GCC_541\Debug\tasks.o
                0x00001468                xTaskRemoveFromEventList
 .text.vTaskInternalSetTimeOutState
                0x000014e4       0x10 .\CortexM0\ARM_GCC_541\Debug\tasks.o
                0x000014e4                vTaskInternalSetTimeOutState
 .text.xTaskCheckForTimeOut
                0x000014f4       0x64 .\CortexM0\ARM_GCC_541\Debug\tasks.o
                0x000014f4                xTaskCheckForTimeOut
 .text.vTaskMissedYield
                0x00001558        0xc .\CortexM0\ARM_GCC_541\Debug\tasks.o
                0x00001558                vTaskMissedYield
 .text.uxTaskGetStackHighWaterMark
                0x00001564       0x18 .\CortexM0\ARM_GCC_541\Debug\tasks.o
                0x00001564                uxTaskGetStackHighWaterMark
 .text.xTaskGetSchedulerState
                0x0000157c       0x20 .\CortexM0\ARM_GCC_541\Debug\tasks.o
                0x0000157c                xTaskGetSchedulerState
 .text.xTaskPriorityInherit
                0x0000159c       0x9c .\CortexM0\ARM_GCC_541\Debug\tasks.o
                0x0000159c                xTaskPriorityInherit
 .text.xTaskPriorityDisinherit
                0x00001638       0x74 .\CortexM0\ARM_GCC_541\Debug\tasks.o
                0x00001638                xTaskPriorityDisinherit
 .text.vTaskPriorityDisinheritAfterTimeout
                0x000016ac       0x8c .\CortexM0\ARM_GCC_541\Debug\tasks.o
                0x000016ac                vTaskPriorityDisinheritAfterTimeout
 .text.pvTaskIncrementMutexHeldCount
                0x00001738       0x1c .\CortexM0\ARM_GCC_541\Debug\tasks.o
                0x00001738                pvTaskIncrementMutexHeldCount
 .text.vListInitialise
                0x00001754       0x18 .\CortexM0\ARM_GCC_541\Debug\list.o
                0x00001754                vListInitialise
 .text.vListInitialiseItem
                0x0000176c        0x8 .\CortexM0\ARM_GCC_541\Debug\list.o
                0x0000176c                vListInitialiseItem
 .text.vListInsertEnd
                0x00001774       0x18 .\CortexM0\ARM_GCC_541\Debug\list.o
                0x00001774                vListInsertEnd
 .text.vListInsert
                0x0000178c       0x30 .\CortexM0\ARM_GCC_541\Debug\list.o
                0x0000178c                vListInsert
 .text.uxListRemove
                0x000017bc       0x28 .\CortexM0\ARM_GCC_541\Debug\list.o
                0x000017bc                uxListRemove
 .text.prvGetDisinheritPriorityAfterTimeout
                0x000017e4       0x14 .\CortexM0\ARM_GCC_541\Debug\queue.o
 .text.prvIsQueueFull
                0x000017f8       0x20 .\CortexM0\ARM_GCC_541\Debug\queue.o
 .text.prvIsQueueEmpty
                0x00001818       0x1c .\CortexM0\ARM_GCC_541\Debug\queue.o
 .text.prvCopyDataToQueue
                0x00001834       0x84 .\CortexM0\ARM_GCC_541\Debug\queue.o
 .text.prvUnlockQueue
                0x000018b8       0x70 .\CortexM0\ARM_GCC_541\Debug\queue.o
 .text.xQueueGenericReset
                0x00001928       0x6c .\CortexM0\ARM_GCC_541\Debug\queue.o
                0x00001928                xQueueGenericReset
 .text.prvInitialiseNewQueue
                0x00001994       0x1c .\CortexM0\ARM_GCC_541\Debug\queue.o
 .text.xQueueGenericCreate
                0x000019b0       0x40 .\CortexM0\ARM_GCC_541\Debug\queue.o
                0x000019b0                xQueueGenericCreate
 .text.xQueueGenericSend
                0x000019f0      0x148 .\CortexM0\ARM_GCC_541\Debug\queue.o
                0x000019f0                xQueueGenericSend
 .text.prvInitialiseMutex
                0x00001b38       0x18 .\CortexM0\ARM_GCC_541\Debug\queue.o
 .text.xQueueCreateMutex
                0x00001b50       0x18 .\CortexM0\ARM_GCC_541\Debug\queue.o
                0x00001b50                xQueueCreateMutex
 .text.xQueueSemaphoreTake
                0x00001b68      0x154 .\CortexM0\ARM_GCC_541\Debug\queue.o
                0x00001b68                xQueueSemaphoreTake
 .text.cfg_write_bytes32
                0x00001cbc       0x34 .\CortexM0\ARM_GCC_541\Debug\cyfitter_cfg.o
 .text.CYMEMZERO
                0x00001cf0        0xc .\CortexM0\ARM_GCC_541\Debug\cyfitter_cfg.o
 .text.IntDefaultHandler
                0x00001cfc       0x10 .\CortexM0\ARM_GCC_541\Debug\Cm0Start.o
                0x00001cfc                IntDefaultHandler
 .text.Start_c  0x00001d0c       0x48 .\CortexM0\ARM_GCC_541\Debug\Cm0Start.o
                0x00001d0c                Start_c
 .text.initialize_psoc
                0x00001d54       0x40 .\CortexM0\ARM_GCC_541\Debug\Cm0Start.o
                0x00001d54                initialize_psoc
 .text.I2C_ScbEnableIntr
                0x00001d94        0xc .\CortexM0\ARM_GCC_541\Debug\QuadEncoderRTOS.a(I2C.o)
 .text.I2C_Init
                0x00001da0        0x8 .\CortexM0\ARM_GCC_541\Debug\QuadEncoderRTOS.a(I2C.o)
                0x00001da0                I2C_Init
 .text.I2C_Enable
                0x00001da8       0x18 .\CortexM0\ARM_GCC_541\Debug\QuadEncoderRTOS.a(I2C.o)
                0x00001da8                I2C_Enable
 .text.I2C_Start
                0x00001dc0       0x20 .\CortexM0\ARM_GCC_541\Debug\QuadEncoderRTOS.a(I2C.o)
                0x00001dc0                I2C_Start
 .text.I2C_I2CInit
                0x00001de0       0xc4 .\CortexM0\ARM_GCC_541\Debug\QuadEncoderRTOS.a(I2C_I2C.o)
                0x00001de0                I2C_I2CInit
 .text.I2C_I2CFwBlockReset
                0x00001ea4       0x94 .\CortexM0\ARM_GCC_541\Debug\QuadEncoderRTOS.a(I2C_I2C.o)
                0x00001ea4                I2C_I2CFwBlockReset
 .text.I2C_I2CMasterWaitOneUnit
                0x00001f38       0x28 .\CortexM0\ARM_GCC_541\Debug\QuadEncoderRTOS.a(I2C_I2C_MASTER.o)
 .text.I2C_I2CMasterHandleStatus
                0x00001f60       0xc4 .\CortexM0\ARM_GCC_541\Debug\QuadEncoderRTOS.a(I2C_I2C_MASTER.o)
 .text.I2C_I2CMasterSendStart
                0x00002024       0xc4 .\CortexM0\ARM_GCC_541\Debug\QuadEncoderRTOS.a(I2C_I2C_MASTER.o)
                0x00002024                I2C_I2CMasterSendStart
 .text.I2C_I2CMasterSendStop
                0x000020e8       0x58 .\CortexM0\ARM_GCC_541\Debug\QuadEncoderRTOS.a(I2C_I2C_MASTER.o)
                0x000020e8                I2C_I2CMasterSendStop
 .text.I2C_I2CMasterWriteByte
                0x00002140       0x48 .\CortexM0\ARM_GCC_541\Debug\QuadEncoderRTOS.a(I2C_I2C_MASTER.o)
                0x00002140                I2C_I2CMasterWriteByte
 .text.I2C_I2CReStartGeneration
                0x00002188       0xc4 .\CortexM0\ARM_GCC_541\Debug\QuadEncoderRTOS.a(I2C_I2C_MASTER.o)
                0x00002188                I2C_I2CReStartGeneration
 .text.I2C_I2CMasterReadBuf
                0x0000224c      0x108 .\CortexM0\ARM_GCC_541\Debug\QuadEncoderRTOS.a(I2C_I2C_MASTER.o)
                0x0000224c                I2C_I2CMasterReadBuf
 .text.PWM_1_WriteCounter
                0x00002354       0x10 .\CortexM0\ARM_GCC_541\Debug\QuadEncoderRTOS.a(PWM_1.o)
                0x00002354                PWM_1_WriteCounter
 .text.PWM_1_WritePeriod
                0x00002364       0x10 .\CortexM0\ARM_GCC_541\Debug\QuadEncoderRTOS.a(PWM_1.o)
                0x00002364                PWM_1_WritePeriod
 .text.PWM_1_WriteCompare
                0x00002374       0x10 .\CortexM0\ARM_GCC_541\Debug\QuadEncoderRTOS.a(PWM_1.o)
                0x00002374                PWM_1_WriteCompare
 .text.PWM_1_TriggerCommand
                0x00002384       0x1c .\CortexM0\ARM_GCC_541\Debug\QuadEncoderRTOS.a(PWM_1.o)
                0x00002384                PWM_1_TriggerCommand
 .text.PWM_1_Enable
                0x000023a0       0x24 .\CortexM0\ARM_GCC_541\Debug\QuadEncoderRTOS.a(PWM_1.o)
                0x000023a0                PWM_1_Enable
 .text.PWM_1_SetInterruptMode
                0x000023c4        0xc .\CortexM0\ARM_GCC_541\Debug\QuadEncoderRTOS.a(PWM_1.o)
                0x000023c4                PWM_1_SetInterruptMode
 .text.PWM_1_Init
                0x000023d0       0x48 .\CortexM0\ARM_GCC_541\Debug\QuadEncoderRTOS.a(PWM_1.o)
                0x000023d0                PWM_1_Init
 .text.PWM_1_Start
                0x00002418       0x20 .\CortexM0\ARM_GCC_541\Debug\QuadEncoderRTOS.a(PWM_1.o)
                0x00002418                PWM_1_Start
 .text.I2C_sda_Read
                0x00002438       0x10 .\CortexM0\ARM_GCC_541\Debug\QuadEncoderRTOS.a(I2C_sda.o)
                0x00002438                I2C_sda_Read
 .text.I2C_scl_Write
                0x00002448       0x18 .\CortexM0\ARM_GCC_541\Debug\QuadEncoderRTOS.a(I2C_scl.o)
                0x00002448                I2C_scl_Write
 .text.I2C_scl_Read
                0x00002460       0x10 .\CortexM0\ARM_GCC_541\Debug\QuadEncoderRTOS.a(I2C_scl.o)
                0x00002460                I2C_scl_Read
 .text.CyIntEnable
                0x00002470       0x14 .\CortexM0\ARM_GCC_541\Debug\QuadEncoderRTOS.a(CyLib.o)
                0x00002470                CyIntEnable
 .text.CyIntDisable
                0x00002484       0x14 .\CortexM0\ARM_GCC_541\Debug\QuadEncoderRTOS.a(CyLib.o)
                0x00002484                CyIntDisable
 .text.CyHalt   0x00002498        0x4 .\CortexM0\ARM_GCC_541\Debug\QuadEncoderRTOS.a(CyLib.o)
                0x00002498                CyHalt
 .text.CyIntSetSysVector
                0x0000249c       0x20 .\CortexM0\ARM_GCC_541\Debug\QuadEncoderRTOS.a(CyLib.o)
                0x0000249c                CyIntSetSysVector
 .text.CyIntSetVector
                0x000024bc       0x24 .\CortexM0\ARM_GCC_541\Debug\QuadEncoderRTOS.a(CyLib.o)
                0x000024bc                CyIntSetVector
 .text.CyIntSetPriority
                0x000024e0       0x4c .\CortexM0\ARM_GCC_541\Debug\QuadEncoderRTOS.a(CyLib.o)
                0x000024e0                CyIntSetPriority
 .text.CyDelay  0x0000252c       0x30 .\CortexM0\ARM_GCC_541\Debug\QuadEncoderRTOS.a(CyLib.o)
                0x0000252c                CyDelay
 .text.CyDelayUs
                0x0000255c       0x14 .\CortexM0\ARM_GCC_541\Debug\QuadEncoderRTOS.a(CyLib.o)
                0x0000255c                CyDelayUs
 .text.CySysClkWriteImoFreq
                0x00002570      0x164 .\CortexM0\ARM_GCC_541\Debug\QuadEncoderRTOS.a(CyLib.o)
                0x00002570                CySysClkWriteImoFreq
 .text.CySysWdtResetCounters
                0x000026d4       0x20 .\CortexM0\ARM_GCC_541\Debug\QuadEncoderRTOS.a(CyLFClk.o)
                0x000026d4                CySysWdtResetCounters
 .text.INDEX_OUT_SetDriveMode
                0x000026f4       0x18 .\CortexM0\ARM_GCC_541\Debug\QuadEncoderRTOS.a(INDEX_OUT.o)
                0x000026f4                INDEX_OUT_SetDriveMode
 .text.HOME_OUT_SetDriveMode
                0x0000270c       0x18 .\CortexM0\ARM_GCC_541\Debug\QuadEncoderRTOS.a(HOME_OUT.o)
                0x0000270c                HOME_OUT_SetDriveMode
 .text.HOME_IN_ClearInterrupt
                0x00002724       0x14 .\CortexM0\ARM_GCC_541\Debug\QuadEncoderRTOS.a(HOME_IN.o)
                0x00002724                HOME_IN_ClearInterrupt
 .text.SPI_1_ScbEnableIntr
                0x00002738        0xc .\CortexM0\ARM_GCC_541\Debug\QuadEncoderRTOS.a(SPI_1.o)
 .text.SPI_1_ScbModePostEnable
                0x00002744        0x8 .\CortexM0\ARM_GCC_541\Debug\QuadEncoderRTOS.a(SPI_1.o)
 .text.SPI_1_Init
                0x0000274c        0x8 .\CortexM0\ARM_GCC_541\Debug\QuadEncoderRTOS.a(SPI_1.o)
                0x0000274c                SPI_1_Init
 .text.SPI_1_Enable
                0x00002754       0x1c .\CortexM0\ARM_GCC_541\Debug\QuadEncoderRTOS.a(SPI_1.o)
                0x00002754                SPI_1_Enable
 .text.SPI_1_Start
                0x00002770       0x20 .\CortexM0\ARM_GCC_541\Debug\QuadEncoderRTOS.a(SPI_1.o)
                0x00002770                SPI_1_Start
 .text.SPI_1_SpiUartReadRxData
                0x00002790       0x34 .\CortexM0\ARM_GCC_541\Debug\QuadEncoderRTOS.a(SPI_1_SPI_UART.o)
                0x00002790                SPI_1_SpiUartReadRxData
 .text.SPI_1_SpiUartClearRxBuffer
                0x000027c4       0x54 .\CortexM0\ARM_GCC_541\Debug\QuadEncoderRTOS.a(SPI_1_SPI_UART.o)
                0x000027c4                SPI_1_SpiUartClearRxBuffer
 .text.SPI_1_SpiUartWriteTxData
                0x00002818       0x70 .\CortexM0\ARM_GCC_541\Debug\QuadEncoderRTOS.a(SPI_1_SPI_UART.o)
                0x00002818                SPI_1_SpiUartWriteTxData
 .text.SPI_1_SpiUartPutArray
                0x00002888       0x18 .\CortexM0\ARM_GCC_541\Debug\QuadEncoderRTOS.a(SPI_1_SPI_UART.o)
                0x00002888                SPI_1_SpiUartPutArray
 .text.SPI_1_SpiUartClearTxBuffer
                0x000028a0       0x58 .\CortexM0\ARM_GCC_541\Debug\QuadEncoderRTOS.a(SPI_1_SPI_UART.o)
                0x000028a0                SPI_1_SpiUartClearTxBuffer
 .text.SPI_1_SpiInit
                0x000028f8       0xcc .\CortexM0\ARM_GCC_541\Debug\QuadEncoderRTOS.a(SPI_1_SPI.o)
                0x000028f8                SPI_1_SpiInit
 .text.SPI_1_SpiPostEnable
                0x000029c4       0x14 .\CortexM0\ARM_GCC_541\Debug\QuadEncoderRTOS.a(SPI_1_SPI.o)
                0x000029c4                SPI_1_SpiPostEnable
 .text.SPI_1_SPI_UART_ISR
                0x000029d8       0xe4 .\CortexM0\ARM_GCC_541\Debug\QuadEncoderRTOS.a(SPI_1_SPI_UART_INT.o)
                0x000029d8                SPI_1_SPI_UART_ISR
 .text.Counter_1_Enable
                0x00002abc       0x14 .\CortexM0\ARM_GCC_541\Debug\QuadEncoderRTOS.a(Counter_1.o)
                0x00002abc                Counter_1_Enable
 .text.Counter_1_SetInterruptMode
                0x00002ad0        0xc .\CortexM0\ARM_GCC_541\Debug\QuadEncoderRTOS.a(Counter_1.o)
                0x00002ad0                Counter_1_SetInterruptMode
 .text.Counter_1_ReadStatusRegister
                0x00002adc        0xc .\CortexM0\ARM_GCC_541\Debug\QuadEncoderRTOS.a(Counter_1.o)
                0x00002adc                Counter_1_ReadStatusRegister
 .text.Counter_1_WriteCounter
                0x00002ae8       0x10 .\CortexM0\ARM_GCC_541\Debug\QuadEncoderRTOS.a(Counter_1.o)
                0x00002ae8                Counter_1_WriteCounter
 .text.Counter_1_ReadCounter
                0x00002af8       0x18 .\CortexM0\ARM_GCC_541\Debug\QuadEncoderRTOS.a(Counter_1.o)
                0x00002af8                Counter_1_ReadCounter
 .text.Counter_1_ReadCapture
                0x00002b10       0x10 .\CortexM0\ARM_GCC_541\Debug\QuadEncoderRTOS.a(Counter_1.o)
                0x00002b10                Counter_1_ReadCapture
 .text.Counter_1_WritePeriod
                0x00002b20       0x10 .\CortexM0\ARM_GCC_541\Debug\QuadEncoderRTOS.a(Counter_1.o)
                0x00002b20                Counter_1_WritePeriod
 .text.Counter_1_WriteCompare
                0x00002b30       0x10 .\CortexM0\ARM_GCC_541\Debug\QuadEncoderRTOS.a(Counter_1.o)
                0x00002b30                Counter_1_WriteCompare
 .text.Counter_1_ClearFIFO
                0x00002b40       0x14 .\CortexM0\ARM_GCC_541\Debug\QuadEncoderRTOS.a(Counter_1.o)
                0x00002b40                Counter_1_ClearFIFO
 .text.Counter_1_Init
                0x00002b54       0x64 .\CortexM0\ARM_GCC_541\Debug\QuadEncoderRTOS.a(Counter_1.o)
                0x00002b54                Counter_1_Init
 .text.Counter_1_Start
                0x00002bb8       0x20 .\CortexM0\ARM_GCC_541\Debug\QuadEncoderRTOS.a(Counter_1.o)
                0x00002bb8                Counter_1_Start
 .text.Reset_Encoder_ClearInterrupt
                0x00002bd8       0x14 .\CortexM0\ARM_GCC_541\Debug\QuadEncoderRTOS.a(Reset_Encoder.o)
                0x00002bd8                Reset_Encoder_ClearInterrupt
 .text.isr_rst_encoder_SetVector
                0x00002bec        0xc .\CortexM0\ARM_GCC_541\Debug\QuadEncoderRTOS.a(isr_rst_encoder.o)
                0x00002bec                isr_rst_encoder_SetVector
 .text.isr_rst_encoder_SetPriority
                0x00002bf8       0x24 .\CortexM0\ARM_GCC_541\Debug\QuadEncoderRTOS.a(isr_rst_encoder.o)
                0x00002bf8                isr_rst_encoder_SetPriority
 .text.isr_rst_encoder_Enable
                0x00002c1c        0xc .\CortexM0\ARM_GCC_541\Debug\QuadEncoderRTOS.a(isr_rst_encoder.o)
                0x00002c1c                isr_rst_encoder_Enable
 .text.isr_rst_encoder_Disable
                0x00002c28        0xc .\CortexM0\ARM_GCC_541\Debug\QuadEncoderRTOS.a(isr_rst_encoder.o)
                0x00002c28                isr_rst_encoder_Disable
 .text.isr_rst_encoder_StartEx
                0x00002c34       0x1c .\CortexM0\ARM_GCC_541\Debug\QuadEncoderRTOS.a(isr_rst_encoder.o)
                0x00002c34                isr_rst_encoder_StartEx
 .text.isr_rst_encoder_ClearPending
                0x00002c50        0xc .\CortexM0\ARM_GCC_541\Debug\QuadEncoderRTOS.a(isr_rst_encoder.o)
                0x00002c50                isr_rst_encoder_ClearPending
 .text.isr_home_SetVector
                0x00002c5c        0xc .\CortexM0\ARM_GCC_541\Debug\QuadEncoderRTOS.a(isr_home.o)
                0x00002c5c                isr_home_SetVector
 .text.isr_home_SetPriority
                0x00002c68       0x20 .\CortexM0\ARM_GCC_541\Debug\QuadEncoderRTOS.a(isr_home.o)
                0x00002c68                isr_home_SetPriority
 .text.isr_home_Enable
                0x00002c88        0xc .\CortexM0\ARM_GCC_541\Debug\QuadEncoderRTOS.a(isr_home.o)
                0x00002c88                isr_home_Enable
 .text.isr_home_Disable
                0x00002c94        0xc .\CortexM0\ARM_GCC_541\Debug\QuadEncoderRTOS.a(isr_home.o)
                0x00002c94                isr_home_Disable
 .text.isr_home_StartEx
                0x00002ca0       0x1c .\CortexM0\ARM_GCC_541\Debug\QuadEncoderRTOS.a(isr_home.o)
                0x00002ca0                isr_home_StartEx
 .text.isr_home_ClearPending
                0x00002cbc        0xc .\CortexM0\ARM_GCC_541\Debug\QuadEncoderRTOS.a(isr_home.o)
                0x00002cbc                isr_home_ClearPending
 .text.LED_Write
                0x00002cc8       0x18 .\CortexM0\ARM_GCC_541\Debug\QuadEncoderRTOS.a(LED.o)
                0x00002cc8                LED_Write
 .text.isr_spi_ss_SetVector
                0x00002ce0        0xc .\CortexM0\ARM_GCC_541\Debug\QuadEncoderRTOS.a(isr_spi_ss.o)
                0x00002ce0                isr_spi_ss_SetVector
 .text.isr_spi_ss_SetPriority
                0x00002cec       0x24 .\CortexM0\ARM_GCC_541\Debug\QuadEncoderRTOS.a(isr_spi_ss.o)
                0x00002cec                isr_spi_ss_SetPriority
 .text.isr_spi_ss_Enable
                0x00002d10        0xc .\CortexM0\ARM_GCC_541\Debug\QuadEncoderRTOS.a(isr_spi_ss.o)
                0x00002d10                isr_spi_ss_Enable
 .text.isr_spi_ss_Disable
                0x00002d1c        0xc .\CortexM0\ARM_GCC_541\Debug\QuadEncoderRTOS.a(isr_spi_ss.o)
                0x00002d1c                isr_spi_ss_Disable
 .text.isr_spi_ss_StartEx
                0x00002d28       0x1c .\CortexM0\ARM_GCC_541\Debug\QuadEncoderRTOS.a(isr_spi_ss.o)
                0x00002d28                isr_spi_ss_StartEx
 .text.spi_ss_Read
                0x00002d44       0x10 .\CortexM0\ARM_GCC_541\Debug\QuadEncoderRTOS.a(spi_ss.o)
                0x00002d44                spi_ss_Read
 .text.spi_ss_ClearInterrupt
                0x00002d54       0x14 .\CortexM0\ARM_GCC_541\Debug\QuadEncoderRTOS.a(spi_ss.o)
                0x00002d54                spi_ss_ClearInterrupt
 .text.PROBE_Write
                0x00002d68       0x18 .\CortexM0\ARM_GCC_541\Debug\QuadEncoderRTOS.a(PROBE.o)
                0x00002d68                PROBE_Write
 .text.Index_Counter_1_Enable
                0x00002d80       0x14 .\CortexM0\ARM_GCC_541\Debug\QuadEncoderRTOS.a(Index_Counter_1.o)
                0x00002d80                Index_Counter_1_Enable
 .text.Index_Counter_1_SetInterruptMode
                0x00002d94        0xc .\CortexM0\ARM_GCC_541\Debug\QuadEncoderRTOS.a(Index_Counter_1.o)
                0x00002d94                Index_Counter_1_SetInterruptMode
 .text.Index_Counter_1_ReadStatusRegister
                0x00002da0        0xc .\CortexM0\ARM_GCC_541\Debug\QuadEncoderRTOS.a(Index_Counter_1.o)
                0x00002da0                Index_Counter_1_ReadStatusRegister
 .text.Index_Counter_1_WriteCounter
                0x00002dac        0xc .\CortexM0\ARM_GCC_541\Debug\QuadEncoderRTOS.a(Index_Counter_1.o)
                0x00002dac                Index_Counter_1_WriteCounter
 .text.Index_Counter_1_ReadCounter
                0x00002db8       0x14 .\CortexM0\ARM_GCC_541\Debug\QuadEncoderRTOS.a(Index_Counter_1.o)
                0x00002db8                Index_Counter_1_ReadCounter
 .text.Index_Counter_1_ReadCapture
                0x00002dcc        0xc .\CortexM0\ARM_GCC_541\Debug\QuadEncoderRTOS.a(Index_Counter_1.o)
                0x00002dcc                Index_Counter_1_ReadCapture
 .text.Index_Counter_1_WritePeriod
                0x00002dd8        0xc .\CortexM0\ARM_GCC_541\Debug\QuadEncoderRTOS.a(Index_Counter_1.o)
                0x00002dd8                Index_Counter_1_WritePeriod
 .text.Index_Counter_1_WriteCompare
                0x00002de4        0xc .\CortexM0\ARM_GCC_541\Debug\QuadEncoderRTOS.a(Index_Counter_1.o)
                0x00002de4                Index_Counter_1_WriteCompare
 .text.Index_Counter_1_ClearFIFO
                0x00002df0       0x14 .\CortexM0\ARM_GCC_541\Debug\QuadEncoderRTOS.a(Index_Counter_1.o)
                0x00002df0                Index_Counter_1_ClearFIFO
 .text.Index_Counter_1_Init
                0x00002e04       0x58 .\CortexM0\ARM_GCC_541\Debug\QuadEncoderRTOS.a(Index_Counter_1.o)
                0x00002e04                Index_Counter_1_Init
 .text.Index_Counter_1_Start
                0x00002e5c       0x20 .\CortexM0\ARM_GCC_541\Debug\QuadEncoderRTOS.a(Index_Counter_1.o)
                0x00002e5c                Index_Counter_1_Start
 *fill*         0x00002e7c        0x4 
 .text          0x00002e80       0x24 .\CortexM0\ARM_GCC_541\Debug\QuadEncoderRTOS.a(CyBootAsmGnu.o)
                0x00002e80                CyDelayCycles
                0x00002e94                CyEnterCriticalSection
                0x00002e9c                CyExitCriticalSection
 .text.I2C_I2C_ISR
                0x00002ea4      0x33c .\CortexM0\ARM_GCC_541\Debug\QuadEncoderRTOS.a(I2C_I2C_INT.o)
                0x00002ea4                I2C_I2C_ISR
 .text.CySetReg24
                0x000031e0       0x14 .\CortexM0\ARM_GCC_541\Debug\QuadEncoderRTOS.a(cyutils.o)
                0x000031e0                CySetReg24
 .text.CyGetReg24
                0x000031f4       0x14 .\CortexM0\ARM_GCC_541\Debug\QuadEncoderRTOS.a(cyutils.o)
                0x000031f4                CyGetReg24
 .text          0x00003208       0x74 c:/program files (x86)/cypress/psoc creator/4.2/psoc creator/import/gnu/arm/5.4.1/bin/../lib/gcc/arm-none-eabi/5.4.1/armv6-m\libgcc.a(_arm_cmpsf2.o)
                0x00003208                __aeabi_cfrcmple
                0x00003210                __aeabi_cfcmpeq
                0x00003210                __aeabi_cfcmple
                0x00003220                __aeabi_fcmpeq
                0x0000322c                __aeabi_fcmplt
                0x00003240                __aeabi_fcmple
                0x00003254                __aeabi_fcmpgt
                0x00003268                __aeabi_fcmpge
 .text          0x0000327c       0x30 c:/program files (x86)/cypress/psoc creator/4.2/psoc creator/import/gnu/arm/5.4.1/bin/../lib/gcc/arm-none-eabi/5.4.1/armv6-m\libgcc.a(_fixunssfsi.o)
                0x0000327c                __fixunssfsi
                0x0000327c                __aeabi_f2uiz
 .text          0x000032ac      0x2ec c:/program files (x86)/cypress/psoc creator/4.2/psoc creator/import/gnu/arm/5.4.1/bin/../lib/gcc/arm-none-eabi/5.4.1/armv6-m\libgcc.a(addsf3.o)
                0x000032ac                __aeabi_fadd
 .text          0x00003598      0x234 c:/program files (x86)/cypress/psoc creator/4.2/psoc creator/import/gnu/arm/5.4.1/bin/../lib/gcc/arm-none-eabi/5.4.1/armv6-m\libgcc.a(divsf3.o)
                0x00003598                __aeabi_fdiv
 .text          0x000037cc       0x50 c:/program files (x86)/cypress/psoc creator/4.2/psoc creator/import/gnu/arm/5.4.1/bin/../lib/gcc/arm-none-eabi/5.4.1/armv6-m\libgcc.a(eqsf2.o)
                0x000037cc                __eqsf2
                0x000037cc                __nesf2
 .text          0x0000381c       0x88 c:/program files (x86)/cypress/psoc creator/4.2/psoc creator/import/gnu/arm/5.4.1/bin/../lib/gcc/arm-none-eabi/5.4.1/armv6-m\libgcc.a(gesf2.o)
                0x0000381c                __gesf2
                0x0000381c                __gtsf2
 .text          0x000038a4       0x88 c:/program files (x86)/cypress/psoc creator/4.2/psoc creator/import/gnu/arm/5.4.1/bin/../lib/gcc/arm-none-eabi/5.4.1/armv6-m\libgcc.a(lesf2.o)
                0x000038a4                __ltsf2
                0x000038a4                __lesf2
 .text          0x0000392c      0x228 c:/program files (x86)/cypress/psoc creator/4.2/psoc creator/import/gnu/arm/5.4.1/bin/../lib/gcc/arm-none-eabi/5.4.1/armv6-m\libgcc.a(mulsf3.o)
                0x0000392c                __aeabi_fmul
 .text          0x00003b54      0x30c c:/program files (x86)/cypress/psoc creator/4.2/psoc creator/import/gnu/arm/5.4.1/bin/../lib/gcc/arm-none-eabi/5.4.1/armv6-m\libgcc.a(subsf3.o)
                0x00003b54                __aeabi_fsub
 .text          0x00003e60       0x44 c:/program files (x86)/cypress/psoc creator/4.2/psoc creator/import/gnu/arm/5.4.1/bin/../lib/gcc/arm-none-eabi/5.4.1/armv6-m\libgcc.a(fixsfsi.o)
                0x00003e60                __aeabi_f2iz
 .text          0x00003ea4       0x90 c:/program files (x86)/cypress/psoc creator/4.2/psoc creator/import/gnu/arm/5.4.1/bin/../lib/gcc/arm-none-eabi/5.4.1/armv6-m\libgcc.a(floatsisf.o)
                0x00003ea4                __aeabi_i2f
 .text          0x00003f34       0x7c c:/program files (x86)/cypress/psoc creator/4.2/psoc creator/import/gnu/arm/5.4.1/bin/../lib/gcc/arm-none-eabi/5.4.1/armv6-m\libgcc.a(floatunsisf.o)
                0x00003f34                __aeabi_ui2f
 .text          0x00003fb0       0x3c c:/program files (x86)/cypress/psoc creator/4.2/psoc creator/import/gnu/arm/5.4.1/bin/../lib/gcc/arm-none-eabi/5.4.1/armv6-m\libgcc.a(_clzsi2.o)
                0x00003fb0                __clzsi2
 .text.__errno  0x00003fec        0xc c:/program files (x86)/cypress/psoc creator/4.2/psoc creator/import/gnu/arm/5.4.1/bin/../lib/gcc/arm-none-eabi/5.4.1/../../../../arm-none-eabi/lib/armv6-m\libg_nano.a(lib_a-errno.o)
                0x00003fec                __errno
 .text.__libc_init_array
                0x00003ff8       0x4c c:/program files (x86)/cypress/psoc creator/4.2/psoc creator/import/gnu/arm/5.4.1/bin/../lib/gcc/arm-none-eabi/5.4.1/../../../../arm-none-eabi/lib/armv6-m\libg_nano.a(lib_a-init.o)
                0x00003ff8                __libc_init_array
 .text.memcpy   0x00004044       0x12 c:/program files (x86)/cypress/psoc creator/4.2/psoc creator/import/gnu/arm/5.4.1/bin/../lib/gcc/arm-none-eabi/5.4.1/../../../../arm-none-eabi/lib/armv6-m\libg_nano.a(lib_a-memcpy-stub.o)
                0x00004044                memcpy
 .text.memset   0x00004056       0x10 c:/program files (x86)/cypress/psoc creator/4.2/psoc creator/import/gnu/arm/5.4.1/bin/../lib/gcc/arm-none-eabi/5.4.1/../../../../arm-none-eabi/lib/armv6-m\libg_nano.a(lib_a-memset.o)
                0x00004056                memset
 *(.plt)
 *(.gnu.warning)
 *(.glue_7t)
 .glue_7t       0x00004066        0x0 linker stubs
 *(.glue_7)
 .glue_7        0x00004066        0x0 linker stubs
 *(.vfp11_veneer)
 .vfp11_veneer  0x00004066        0x0 linker stubs
 *(.bootloader)
 *(.ARM.extab* .gnu.linkonce.armextab.*)
 *(.gcc_except_table)

.v4_bx          0x00004068        0x0
 .v4_bx         0x00004068        0x0 linker stubs

.iplt           0x00004068        0x0
 .iplt          0x00004068        0x0 c:/program files (x86)/cypress/psoc creator/4.2/psoc creator/import/gnu/arm/5.4.1/bin/../lib/gcc/arm-none-eabi/5.4.1/armv6-m/crtbegin.o

.eh_frame_hdr
 *(.eh_frame_hdr)

.eh_frame       0x00004068        0x4
 *(.eh_frame)
 .eh_frame      0x00004068        0x0 c:/program files (x86)/cypress/psoc creator/4.2/psoc creator/import/gnu/arm/5.4.1/bin/../lib/gcc/arm-none-eabi/5.4.1/armv6-m/crtbegin.o
 .eh_frame      0x00004068        0x4 c:/program files (x86)/cypress/psoc creator/4.2/psoc creator/import/gnu/arm/5.4.1/bin/../lib/gcc/arm-none-eabi/5.4.1/armv6-m/crtend.o
                [!provide]                PROVIDE (__exidx_start, .)

.ARM.exidx
 *(.ARM.exidx* .gnu.linkonce.armexidx.*)
                0x0000406c                __exidx_end = .

.rodata         0x0000406c      0x46c
 *(.rodata .rodata.* .gnu.linkonce.r.*)
 .rodata.str1.4
                0x0000406c       0x21 .\CortexM0\ARM_GCC_541\Debug\main.o
 *fill*         0x0000408d        0x3 
 .rodata.str1.4
                0x00004090        0x8 .\CortexM0\ARM_GCC_541\Debug\tasks.o
                                  0x5 (size before relaxing)
 .rodata        0x00004098      0x318 .\CortexM0\ARM_GCC_541\Debug\cyfitter_cfg.o
 .rodata        0x000043b0       0x2e .\CortexM0\ARM_GCC_541\Debug\QuadEncoderRTOS.a(CyLib.o)
                0x000043b0                cyImoFreqMhz2Reg
 *fill*         0x000043de        0x2 
 .rodata        0x000043e0       0x80 c:/program files (x86)/cypress/psoc creator/4.2/psoc creator/import/gnu/arm/5.4.1/bin/../lib/gcc/arm-none-eabi/5.4.1/armv6-m\libgcc.a(divsf3.o)
 .rodata        0x00004460       0x40 c:/program files (x86)/cypress/psoc creator/4.2/psoc creator/import/gnu/arm/5.4.1/bin/../lib/gcc/arm-none-eabi/5.4.1/armv6-m\libgcc.a(mulsf3.o)
 .rodata.str1.1
                0x000044a0        0x2 c:/program files (x86)/cypress/psoc creator/4.2/psoc creator/import/gnu/arm/5.4.1/bin/../lib/gcc/arm-none-eabi/5.4.1/../../../../arm-none-eabi/lib/armv6-m\libg_nano.a(lib_a-impure.o)
                0x000044a4                . = ALIGN (0x4)
 *fill*         0x000044a2        0x2 
 *(.init)
 .init          0x000044a4        0x4 c:/program files (x86)/cypress/psoc creator/4.2/psoc creator/import/gnu/arm/5.4.1/bin/../lib/gcc/arm-none-eabi/5.4.1/armv6-m/crti.o
                0x000044a4                _init
 .init          0x000044a8        0x8 c:/program files (x86)/cypress/psoc creator/4.2/psoc creator/import/gnu/arm/5.4.1/bin/../lib/gcc/arm-none-eabi/5.4.1/armv6-m/crtn.o
                0x000044b0                . = ALIGN (0x4)
                0x000044b0                __preinit_array_start = .
 *(.preinit_array)
                0x000044b0                __preinit_array_end = .
                0x000044b0                . = ALIGN (0x4)
                0x000044b0                __init_array_start = .
 *(SORT(.init_array.*))
 *(.init_array)
 .init_array    0x000044b0        0x4 c:/program files (x86)/cypress/psoc creator/4.2/psoc creator/import/gnu/arm/5.4.1/bin/../lib/gcc/arm-none-eabi/5.4.1/armv6-m/crtbegin.o
 .init_array    0x000044b4        0x4 .\CortexM0\ARM_GCC_541\Debug\Cm0Start.o
                0x000044b8                __init_array_end = .
                0x000044b8                . = ALIGN (0x4)
 *(.fini)
 .fini          0x000044b8        0x4 c:/program files (x86)/cypress/psoc creator/4.2/psoc creator/import/gnu/arm/5.4.1/bin/../lib/gcc/arm-none-eabi/5.4.1/armv6-m/crti.o
                0x000044b8                _fini
 .fini          0x000044bc        0x8 c:/program files (x86)/cypress/psoc creator/4.2/psoc creator/import/gnu/arm/5.4.1/bin/../lib/gcc/arm-none-eabi/5.4.1/armv6-m/crtn.o
                0x000044c4                . = ALIGN (0x4)
                0x000044c4                __fini_array_start = .
 *(.fini_array)
 .fini_array    0x000044c4        0x4 c:/program files (x86)/cypress/psoc creator/4.2/psoc creator/import/gnu/arm/5.4.1/bin/../lib/gcc/arm-none-eabi/5.4.1/armv6-m/crtbegin.o
 *(SORT(.fini_array.*))
                0x000044c8                __fini_array_end = .
                0x000044c8                . = ALIGN (0x4)
 *crtbegin.o(.ctors)
 *(EXCLUDE_FILE(*crtend.o) .ctors)
 *(SORT(.ctors.*))
 *crtend.o(.ctors)
                0x000044c8                . = ALIGN (0x4)
 *crtbegin.o(.dtors)
 *(EXCLUDE_FILE(*crtend.o) .dtors)
 *(SORT(.dtors.*))
 *crtend.o(.dtors)
                0x000044c8                . = ALIGN (0x4)
                0x000044c8                __cy_regions = .
                0x000044c8        0x4 LONG 0x44d8 __cy_region_init_ram
                0x000044cc        0x4 LONG 0x200000c0 __cy_region_start_data
                0x000044d0        0x4 LONG 0x88 __cy_region_init_size_ram
                0x000044d4        0x4 LONG 0xa68 __cy_region_zero_size_ram
                0x000044d8                __cy_regions_end = .
                0x000044d8                . = ALIGN (0x8)
                0x000044d8                _etext = .

.cy_checksum_exclude
                0x000044d8        0x0
 *(.cy_checksum_exclude)

.ramvectors     0x20000000       0xc0
                0x20000000                __cy_region_start_ram = .
 *(.ramvectors)
 .ramvectors    0x20000000       0xc0 .\CortexM0\ARM_GCC_541\Debug\Cm0Start.o
                0x20000000                CyRamVectors

.noinit
 *(.noinit)

.data           0x200000c0       0x88 load address 0x000044d8
                0x200000c0                __cy_region_start_data = .
 *(.jcr)
 .jcr           0x200000c0        0x0 c:/program files (x86)/cypress/psoc creator/4.2/psoc creator/import/gnu/arm/5.4.1/bin/../lib/gcc/arm-none-eabi/5.4.1/armv6-m/crtbegin.o
 .jcr           0x200000c0        0x4 c:/program files (x86)/cypress/psoc creator/4.2/psoc creator/import/gnu/arm/5.4.1/bin/../lib/gcc/arm-none-eabi/5.4.1/armv6-m/crtend.o
 *(.got.plt)
 *(.got)
 *(.shdata)
 *(.data .data.* .gnu.linkonce.d.*)
 .data          0x200000c4        0x4 .\CortexM0\ARM_GCC_541\Debug\main.o
                0x200000c4                refSampleTime
 .data          0x200000c8        0x4 .\CortexM0\ARM_GCC_541\Debug\port.o
 .data          0x200000cc       0x14 .\CortexM0\ARM_GCC_541\Debug\QuadEncoderRTOS.a(CyLib.o)
                0x200000cc                CySysClkPumpConfig
                0x200000d0                cydelay32kMs
                0x200000d4                cydelayFreqKhz
                0x200000d8                cydelayFreqMhz
                0x200000dc                cydelayFreqHz
 .data.impure_data
                0x200000e0       0x60 c:/program files (x86)/cypress/psoc creator/4.2/psoc creator/import/gnu/arm/5.4.1/bin/../lib/gcc/arm-none-eabi/5.4.1/../../../../arm-none-eabi/lib/armv6-m\libg_nano.a(lib_a-impure.o)
 .data._impure_ptr
                0x20000140        0x4 c:/program files (x86)/cypress/psoc creator/4.2/psoc creator/import/gnu/arm/5.4.1/bin/../lib/gcc/arm-none-eabi/5.4.1/../../../../arm-none-eabi/lib/armv6-m\libg_nano.a(lib_a-impure.o)
                0x20000140                _impure_ptr
                0x20000148                . = ALIGN (0x8)
 *fill*         0x20000144        0x4 
 *(.ram)
                0x20000148                _edata = .

.igot.plt       0x20000148        0x0 load address 0x00004560
 .igot.plt      0x20000148        0x0 c:/program files (x86)/cypress/psoc creator/4.2/psoc creator/import/gnu/arm/5.4.1/bin/../lib/gcc/arm-none-eabi/5.4.1/armv6-m/crtbegin.o

.bss            0x20000148      0xa68 load address 0x00004560
                0x20000148                PROVIDE (__bss_start__, .)
 *(.shbss)
 *(.bss .bss.* .gnu.linkonce.b.*)
 .bss           0x20000148       0x1c c:/program files (x86)/cypress/psoc creator/4.2/psoc creator/import/gnu/arm/5.4.1/bin/../lib/gcc/arm-none-eabi/5.4.1/armv6-m/crtbegin.o
 .bss           0x20000164        0x1 .\CortexM0\ARM_GCC_541\Debug\main.o
                0x20000164                inAuto
 *fill*         0x20000165        0x3 
 .bss           0x20000168      0x7d8 .\CortexM0\ARM_GCC_541\Debug\heap_1.o
 .bss           0x20000940      0x104 .\CortexM0\ARM_GCC_541\Debug\tasks.o
                0x20000a18                pxCurrentTCB
 .bss           0x20000a44        0x8 .\CortexM0\ARM_GCC_541\Debug\QuadEncoderRTOS.a(I2C.o)
                0x20000a44                I2C_initVar
                0x20000a48                I2C_customIntrHandler
 .bss           0x20000a4c        0x1 .\CortexM0\ARM_GCC_541\Debug\QuadEncoderRTOS.a(PWM_1.o)
                0x20000a4c                PWM_1_initVar
 *fill*         0x20000a4d        0x3 
 .bss           0x20000a50        0xa .\CortexM0\ARM_GCC_541\Debug\QuadEncoderRTOS.a(SPI_1.o)
                0x20000a50                SPI_1_initVar
                0x20000a54                SPI_1_customIntrHandler
                0x20000a58                SPI_1_IntrTxMask
 .bss           0x20000a5a        0x1 .\CortexM0\ARM_GCC_541\Debug\QuadEncoderRTOS.a(Counter_1.o)
                0x20000a5a                Counter_1_initVar
 .bss           0x20000a5b        0x1 .\CortexM0\ARM_GCC_541\Debug\QuadEncoderRTOS.a(Index_Counter_1.o)
                0x20000a5b                Index_Counter_1_initVar
 *(COMMON)
 COMMON         0x20000a5c       0xd0 .\CortexM0\ARM_GCC_541\Debug\main.o
                0x20000a5c                PID_Enabled
                0x20000a60                pwmMin
                0x20000a64                PID_Setpoint
                0x20000a68                kd
                0x20000a6c                Position
                0x20000a70                pwmLimit
                0x20000a74                uxHighWaterMark_Comm
                0x20000a78                outMax_Total
                0x20000a7c                FaultState
                0x20000a7d                PID_Was_Enabled
                0x20000a80                refKd
                0x20000a84                Lock
                0x20000a88                LastJog
                0x20000a8c                LastMessageTimeTick
                0x20000a90                Current
                0x20000a94                Output
                0x20000a98                pwmMax
                0x20000a9c                uxHighWaterMark_PID
                0x20000aa0                txMessage
                0x20000ac0                ki
                0x20000ac4                outMax_ITerm
                0x20000ac8                lastTime
                0x20000acc                refKp
                0x20000ad0                PWM
                0x20000ad4                CurrentI2Cinbuf
                0x20000ae8                Jog
                0x20000aea                ChecksumErrors
                0x20000aec                ITerm
                0x20000af0                txMessageState
                0x20000af4                refKi
                0x20000af8                ConfigSequence
                0x20000afc                rxMessage
                0x20000b1c                uxHighWaterMark_Current
                0x20000b20                kp
                0x20000b24                ConfigState
                0x20000b28                LastPosition
 COMMON         0x20000b2c        0x1 .\CortexM0\ARM_GCC_541\Debug\QuadEncoderRTOS.a(I2C_I2C.o)
                0x20000b2c                I2C_state
 *fill*         0x20000b2d        0x3 
 COMMON         0x20000b30       0x24 .\CortexM0\ARM_GCC_541\Debug\QuadEncoderRTOS.a(I2C_I2C_MASTER.o)
                0x20000b30                I2C_mstrWrBufIndexTmp
                0x20000b34                I2C_mstrWrBufIndex
                0x20000b38                I2C_mstrWrBufSize
                0x20000b3c                I2C_mstrStatus
                0x20000b40                I2C_mstrRdBufPtr
                0x20000b44                I2C_mstrControl
                0x20000b48                I2C_mstrRdBufSize
                0x20000b4c                I2C_mstrRdBufIndex
                0x20000b50                I2C_mstrWrBufPtr
 COMMON         0x20000b54       0x58 .\CortexM0\ARM_GCC_541\Debug\QuadEncoderRTOS.a(SPI_1_SPI_UART.o)
                0x20000b54                SPI_1_txBufferTail
                0x20000b58                SPI_1_rxBufferOverflow
                0x20000b5c                SPI_1_txBufferHead
                0x20000b60                SPI_1_rxBufferTail
                0x20000b64                SPI_1_rxBufferHead
                0x20000b68                SPI_1_rxBufferInternal
                0x20000b8c                SPI_1_txBufferInternal
                0x20000bb0                . = ALIGN (0x8)
 *fill*         0x20000bac        0x4 
 *(.ram.b)
                0x20000bb0                _end = .
                0x20000bb0                __end = .
                0x20000bb0                PROVIDE (end, .)
                0x20000bb0                PROVIDE (__bss_end__, .)
                0x000044d8                __cy_region_init_ram = LOADADDR (.data)
                0x00000088                __cy_region_init_size_ram = (_edata - ADDR (.data))
                0x00000a68                __cy_region_zero_size_ram = (_end - _edata)

.heap           0x20000bb0       0x80 load address 0x00004560
                0x20000bb0                . = _end
                0x20000c30                . = (. + 0x80)
 *fill*         0x20000bb0       0x80 
                0x20000c30                __cy_heap_limit = .

.stack          0x20000e00      0x200
                0x20000e00                __cy_stack_limit = .
                0x20001000                . = (. + 0x200)
 *fill*         0x20000e00      0x200 
                0x00000001                ASSERT ((__cy_stack_limit >= __cy_heap_limit), region RAM overflowed with stack)
                0x00000000                cy_checksum_exclude_size = (CY_APPL_LOADABLE == 0x1)?SIZEOF (.cy_checksum_exclude):0x0
                0x00000001                ASSERT ((cy_checksum_exclude_size <= CY_CHECKSUM_EXCLUDE_SIZE), CY_BOOT: Section .cy_checksum_exclude size exceedes specified limit.)
                0x00007fc0                cyloadermeta_start = (cy_project_type_bootloader || cy_project_type_app_for_stack_and_copier)?(LENGTH (rom) - CY_METADATA_SIZE):0xf0000000

.cyloadermeta
 *(.cyloadermeta)
                0x00007fc0                cyloadablemeta_start = cy_project_type_app_for_stack_and_copier?((LENGTH (rom) - CY_FLASH_ROW_SIZE) - CY_METADATA_SIZE):((LENGTH (rom) - (CY_FLASH_ROW_SIZE * (CY_APPL_NUM - 0x1))) - CY_METADATA_SIZE)

.cyloadablemeta
 *(.cyloadablemeta)

.cyflashprotect
                0x90400000       0x20
 *(.cyflashprotect)
 .cyflashprotect
                0x90400000       0x20 .\CortexM0\ARM_GCC_541\Debug\cymetadata.o
                0x90400000                cy_meta_flashprotect

.cymeta         0x90500000        0xc
 *(.cymeta)
 .cymeta        0x90500000        0xc .\CortexM0\ARM_GCC_541\Debug\cymetadata.o
                0x90500000                cy_metadata

.cychipprotect  0x90600000        0x1
 *(.cychipprotect)
 .cychipprotect
                0x90600000        0x1 .\CortexM0\ARM_GCC_541\Debug\cymetadata.o
                0x90600000                cy_meta_chipprotect

.rel.dyn        0x00004560        0x0 load address 0x90600004
 .rel.iplt      0x00004560        0x0 c:/program files (x86)/cypress/psoc creator/4.2/psoc creator/import/gnu/arm/5.4.1/bin/../lib/gcc/arm-none-eabi/5.4.1/armv6-m/crtbegin.o

.stab
 *(.stab)

.stabstr
 *(.stabstr)

.debug
 *(.debug)

.line
 *(.line)

.debug_srcinfo
 *(.debug_srcinfo)

.debug_sfnames
 *(.debug_sfnames)

.debug_aranges  0x00000000     0x12b0
 *(.debug_aranges)
 .debug_aranges
                0x00000000       0xa0 .\CortexM0\ARM_GCC_541\Debug\main.o
 .debug_aranges
                0x000000a0       0x60 .\CortexM0\ARM_GCC_541\Debug\INA219.o
 .debug_aranges
                0x00000100       0x88 .\CortexM0\ARM_GCC_541\Debug\port.o
 .debug_aranges
                0x00000188       0x38 .\CortexM0\ARM_GCC_541\Debug\heap_1.o
 .debug_aranges
                0x000001c0       0xb8 .\CortexM0\ARM_GCC_541\Debug\stream_buffer.o
 .debug_aranges
                0x00000278      0x1c8 .\CortexM0\ARM_GCC_541\Debug\tasks.o
 .debug_aranges
                0x00000440       0x18 .\CortexM0\ARM_GCC_541\Debug\timers.o
 .debug_aranges
                0x00000458       0x18 .\CortexM0\ARM_GCC_541\Debug\croutine.o
 .debug_aranges
                0x00000470       0x68 .\CortexM0\ARM_GCC_541\Debug\event_groups.o
 .debug_aranges
                0x000004d8       0x40 .\CortexM0\ARM_GCC_541\Debug\list.o
 .debug_aranges
                0x00000518       0xf8 .\CortexM0\ARM_GCC_541\Debug\queue.o
 .debug_aranges
                0x00000610       0x38 .\CortexM0\ARM_GCC_541\Debug\cyfitter_cfg.o
 .debug_aranges
                0x00000648       0x18 .\CortexM0\ARM_GCC_541\Debug\cymetadata.o
 .debug_aranges
                0x00000660       0x48 .\CortexM0\ARM_GCC_541\Debug\Cm0Start.o
 .debug_aranges
                0x000006a8       0x68 .\CortexM0\ARM_GCC_541\Debug\QuadEncoderRTOS.a(I2C.o)
 .debug_aranges
                0x00000710       0x30 .\CortexM0\ARM_GCC_541\Debug\QuadEncoderRTOS.a(I2C_I2C.o)
 .debug_aranges
                0x00000740       0x98 .\CortexM0\ARM_GCC_541\Debug\QuadEncoderRTOS.a(I2C_I2C_MASTER.o)
 .debug_aranges
                0x000007d8      0x158 .\CortexM0\ARM_GCC_541\Debug\QuadEncoderRTOS.a(PWM_1.o)
 .debug_aranges
                0x00000930       0x48 .\CortexM0\ARM_GCC_541\Debug\QuadEncoderRTOS.a(I2C_sda.o)
 .debug_aranges
                0x00000978       0x48 .\CortexM0\ARM_GCC_541\Debug\QuadEncoderRTOS.a(I2C_scl.o)
 .debug_aranges
                0x000009c0      0x180 .\CortexM0\ARM_GCC_541\Debug\QuadEncoderRTOS.a(CyLib.o)
 .debug_aranges
                0x00000b40      0x138 .\CortexM0\ARM_GCC_541\Debug\QuadEncoderRTOS.a(CyLFClk.o)
 .debug_aranges
                0x00000c78       0x48 .\CortexM0\ARM_GCC_541\Debug\QuadEncoderRTOS.a(INDEX_OUT.o)
 .debug_aranges
                0x00000cc0       0x48 .\CortexM0\ARM_GCC_541\Debug\QuadEncoderRTOS.a(HOME_OUT.o)
 .debug_aranges
                0x00000d08       0x48 .\CortexM0\ARM_GCC_541\Debug\QuadEncoderRTOS.a(HOME_IN.o)
 .debug_aranges
                0x00000d50       0x70 .\CortexM0\ARM_GCC_541\Debug\QuadEncoderRTOS.a(SPI_1.o)
 .debug_aranges
                0x00000dc0       0x60 .\CortexM0\ARM_GCC_541\Debug\QuadEncoderRTOS.a(SPI_1_SPI_UART.o)
 .debug_aranges
                0x00000e20       0x30 .\CortexM0\ARM_GCC_541\Debug\QuadEncoderRTOS.a(SPI_1_SPI.o)
 .debug_aranges
                0x00000e50       0x20 .\CortexM0\ARM_GCC_541\Debug\QuadEncoderRTOS.a(SPI_1_SPI_UART_INT.o)
 .debug_aranges
                0x00000e70       0xa0 .\CortexM0\ARM_GCC_541\Debug\QuadEncoderRTOS.a(Counter_1.o)
 .debug_aranges
                0x00000f10       0x48 .\CortexM0\ARM_GCC_541\Debug\QuadEncoderRTOS.a(Reset_Encoder.o)
 .debug_aranges
                0x00000f58       0x80 .\CortexM0\ARM_GCC_541\Debug\QuadEncoderRTOS.a(isr_rst_encoder.o)
 .debug_aranges
                0x00000fd8       0x80 .\CortexM0\ARM_GCC_541\Debug\QuadEncoderRTOS.a(isr_home.o)
 .debug_aranges
                0x00001058       0x48 .\CortexM0\ARM_GCC_541\Debug\QuadEncoderRTOS.a(LED.o)
 .debug_aranges
                0x000010a0       0x80 .\CortexM0\ARM_GCC_541\Debug\QuadEncoderRTOS.a(isr_spi_ss.o)
 .debug_aranges
                0x00001120       0x48 .\CortexM0\ARM_GCC_541\Debug\QuadEncoderRTOS.a(spi_ss.o)
 .debug_aranges
                0x00001168       0x48 .\CortexM0\ARM_GCC_541\Debug\QuadEncoderRTOS.a(PROBE.o)
 .debug_aranges
                0x000011b0       0x98 .\CortexM0\ARM_GCC_541\Debug\QuadEncoderRTOS.a(Index_Counter_1.o)
 .debug_aranges
                0x00001248       0x20 .\CortexM0\ARM_GCC_541\Debug\QuadEncoderRTOS.a(CyBootAsmGnu.o)
 .debug_aranges
                0x00001268       0x20 .\CortexM0\ARM_GCC_541\Debug\QuadEncoderRTOS.a(I2C_I2C_INT.o)
 .debug_aranges
                0x00001288       0x28 .\CortexM0\ARM_GCC_541\Debug\QuadEncoderRTOS.a(cyutils.o)

.debug_pubnames
 *(.debug_pubnames)

.debug_info     0x00000000     0xd33e
 *(.debug_info .gnu.linkonce.wi.*)
 .debug_info    0x00000000     0x1499 .\CortexM0\ARM_GCC_541\Debug\main.o
 .debug_info    0x00001499      0x46c .\CortexM0\ARM_GCC_541\Debug\INA219.o
 .debug_info    0x00001905      0x2cc .\CortexM0\ARM_GCC_541\Debug\port.o
 .debug_info    0x00001bd1      0x1bc .\CortexM0\ARM_GCC_541\Debug\heap_1.o
 .debug_info    0x00001d8d     0x10ef .\CortexM0\ARM_GCC_541\Debug\stream_buffer.o
 .debug_info    0x00002e7c     0x1ec6 .\CortexM0\ARM_GCC_541\Debug\tasks.o
 .debug_info    0x00004d42       0x87 .\CortexM0\ARM_GCC_541\Debug\timers.o
 .debug_info    0x00004dc9       0x87 .\CortexM0\ARM_GCC_541\Debug\croutine.o
 .debug_info    0x00004e50      0x8db .\CortexM0\ARM_GCC_541\Debug\event_groups.o
 .debug_info    0x0000572b      0x2b4 .\CortexM0\ARM_GCC_541\Debug\list.o
 .debug_info    0x000059df     0x1715 .\CortexM0\ARM_GCC_541\Debug\queue.o
 .debug_info    0x000070f4      0x366 .\CortexM0\ARM_GCC_541\Debug\cyfitter_cfg.o
 .debug_info    0x0000745a       0xf8 .\CortexM0\ARM_GCC_541\Debug\cymetadata.o
 .debug_info    0x00007552      0x3a2 .\CortexM0\ARM_GCC_541\Debug\Cm0Start.o
 .debug_info    0x000078f4      0x2aa .\CortexM0\ARM_GCC_541\Debug\QuadEncoderRTOS.a(I2C.o)
 .debug_info    0x00007b9e      0x195 .\CortexM0\ARM_GCC_541\Debug\QuadEncoderRTOS.a(I2C_I2C.o)
 .debug_info    0x00007d33      0x91d .\CortexM0\ARM_GCC_541\Debug\QuadEncoderRTOS.a(I2C_I2C_MASTER.o)
 .debug_info    0x00008650      0x90b .\CortexM0\ARM_GCC_541\Debug\QuadEncoderRTOS.a(PWM_1.o)
 .debug_info    0x00008f5b      0x19d .\CortexM0\ARM_GCC_541\Debug\QuadEncoderRTOS.a(I2C_sda.o)
 .debug_info    0x000090f8      0x19b .\CortexM0\ARM_GCC_541\Debug\QuadEncoderRTOS.a(I2C_scl.o)
 .debug_info    0x00009293      0xaec .\CortexM0\ARM_GCC_541\Debug\QuadEncoderRTOS.a(CyLib.o)
 .debug_info    0x00009d7f      0xcfe .\CortexM0\ARM_GCC_541\Debug\QuadEncoderRTOS.a(CyLFClk.o)
 .debug_info    0x0000aa7d      0x19d .\CortexM0\ARM_GCC_541\Debug\QuadEncoderRTOS.a(INDEX_OUT.o)
 .debug_info    0x0000ac1a      0x19d .\CortexM0\ARM_GCC_541\Debug\QuadEncoderRTOS.a(HOME_OUT.o)
 .debug_info    0x0000adb7      0x19d .\CortexM0\ARM_GCC_541\Debug\QuadEncoderRTOS.a(HOME_IN.o)
 .debug_info    0x0000af54      0x2fb .\CortexM0\ARM_GCC_541\Debug\QuadEncoderRTOS.a(SPI_1.o)
 .debug_info    0x0000b24f      0x372 .\CortexM0\ARM_GCC_541\Debug\QuadEncoderRTOS.a(SPI_1_SPI_UART.o)
 .debug_info    0x0000b5c1      0x19f .\CortexM0\ARM_GCC_541\Debug\QuadEncoderRTOS.a(SPI_1_SPI.o)
 .debug_info    0x0000b760      0x186 .\CortexM0\ARM_GCC_541\Debug\QuadEncoderRTOS.a(SPI_1_SPI_UART_INT.o)
 .debug_info    0x0000b8e6      0x43b .\CortexM0\ARM_GCC_541\Debug\QuadEncoderRTOS.a(Counter_1.o)
 .debug_info    0x0000bd21      0x19d .\CortexM0\ARM_GCC_541\Debug\QuadEncoderRTOS.a(Reset_Encoder.o)
 .debug_info    0x0000bebe      0x305 .\CortexM0\ARM_GCC_541\Debug\QuadEncoderRTOS.a(isr_rst_encoder.o)
 .debug_info    0x0000c1c3      0x305 .\CortexM0\ARM_GCC_541\Debug\QuadEncoderRTOS.a(isr_home.o)
 .debug_info    0x0000c4c8      0x19d .\CortexM0\ARM_GCC_541\Debug\QuadEncoderRTOS.a(LED.o)
 .debug_info    0x0000c665      0x305 .\CortexM0\ARM_GCC_541\Debug\QuadEncoderRTOS.a(isr_spi_ss.o)
 .debug_info    0x0000c96a      0x19d .\CortexM0\ARM_GCC_541\Debug\QuadEncoderRTOS.a(spi_ss.o)
 .debug_info    0x0000cb07      0x19d .\CortexM0\ARM_GCC_541\Debug\QuadEncoderRTOS.a(PROBE.o)
 .debug_info    0x0000cca4      0x327 .\CortexM0\ARM_GCC_541\Debug\QuadEncoderRTOS.a(Index_Counter_1.o)
 .debug_info    0x0000cfcb       0x80 .\CortexM0\ARM_GCC_541\Debug\QuadEncoderRTOS.a(CyBootAsmGnu.o)
 .debug_info    0x0000d04b      0x1a8 .\CortexM0\ARM_GCC_541\Debug\QuadEncoderRTOS.a(I2C_I2C_INT.o)
 .debug_info    0x0000d1f3      0x14b .\CortexM0\ARM_GCC_541\Debug\QuadEncoderRTOS.a(cyutils.o)

.debug_abbrev   0x00000000     0x3067
 *(.debug_abbrev)
 .debug_abbrev  0x00000000      0x2db .\CortexM0\ARM_GCC_541\Debug\main.o
 .debug_abbrev  0x000002db      0x155 .\CortexM0\ARM_GCC_541\Debug\INA219.o
 .debug_abbrev  0x00000430      0x1a0 .\CortexM0\ARM_GCC_541\Debug\port.o
 .debug_abbrev  0x000005d0      0x119 .\CortexM0\ARM_GCC_541\Debug\heap_1.o
 .debug_abbrev  0x000006e9      0x1e6 .\CortexM0\ARM_GCC_541\Debug\stream_buffer.o
 .debug_abbrev  0x000008cf      0x26d .\CortexM0\ARM_GCC_541\Debug\tasks.o
 .debug_abbrev  0x00000b3c       0x26 .\CortexM0\ARM_GCC_541\Debug\timers.o
 .debug_abbrev  0x00000b62       0x26 .\CortexM0\ARM_GCC_541\Debug\croutine.o
 .debug_abbrev  0x00000b88      0x184 .\CortexM0\ARM_GCC_541\Debug\event_groups.o
 .debug_abbrev  0x00000d0c       0xe3 .\CortexM0\ARM_GCC_541\Debug\list.o
 .debug_abbrev  0x00000def      0x239 .\CortexM0\ARM_GCC_541\Debug\queue.o
 .debug_abbrev  0x00001028      0x195 .\CortexM0\ARM_GCC_541\Debug\cyfitter_cfg.o
 .debug_abbrev  0x000011bd       0x5d .\CortexM0\ARM_GCC_541\Debug\cymetadata.o
 .debug_abbrev  0x0000121a      0x1d7 .\CortexM0\ARM_GCC_541\Debug\Cm0Start.o
 .debug_abbrev  0x000013f1      0x130 .\CortexM0\ARM_GCC_541\Debug\QuadEncoderRTOS.a(I2C.o)
 .debug_abbrev  0x00001521       0xc7 .\CortexM0\ARM_GCC_541\Debug\QuadEncoderRTOS.a(I2C_I2C.o)
 .debug_abbrev  0x000015e8      0x1b3 .\CortexM0\ARM_GCC_541\Debug\QuadEncoderRTOS.a(I2C_I2C_MASTER.o)
 .debug_abbrev  0x0000179b      0x119 .\CortexM0\ARM_GCC_541\Debug\QuadEncoderRTOS.a(PWM_1.o)
 .debug_abbrev  0x000018b4       0xc8 .\CortexM0\ARM_GCC_541\Debug\QuadEncoderRTOS.a(I2C_sda.o)
 .debug_abbrev  0x0000197c       0xc8 .\CortexM0\ARM_GCC_541\Debug\QuadEncoderRTOS.a(I2C_scl.o)
 .debug_abbrev  0x00001a44      0x1e0 .\CortexM0\ARM_GCC_541\Debug\QuadEncoderRTOS.a(CyLib.o)
 .debug_abbrev  0x00001c24      0x210 .\CortexM0\ARM_GCC_541\Debug\QuadEncoderRTOS.a(CyLFClk.o)
 .debug_abbrev  0x00001e34       0xc8 .\CortexM0\ARM_GCC_541\Debug\QuadEncoderRTOS.a(INDEX_OUT.o)
 .debug_abbrev  0x00001efc       0xc8 .\CortexM0\ARM_GCC_541\Debug\QuadEncoderRTOS.a(HOME_OUT.o)
 .debug_abbrev  0x00001fc4       0xc8 .\CortexM0\ARM_GCC_541\Debug\QuadEncoderRTOS.a(HOME_IN.o)
 .debug_abbrev  0x0000208c      0x130 .\CortexM0\ARM_GCC_541\Debug\QuadEncoderRTOS.a(SPI_1.o)
 .debug_abbrev  0x000021bc      0x168 .\CortexM0\ARM_GCC_541\Debug\QuadEncoderRTOS.a(SPI_1_SPI_UART.o)
 .debug_abbrev  0x00002324       0xce .\CortexM0\ARM_GCC_541\Debug\QuadEncoderRTOS.a(SPI_1_SPI.o)
 .debug_abbrev  0x000023f2       0x9a .\CortexM0\ARM_GCC_541\Debug\QuadEncoderRTOS.a(SPI_1_SPI_UART_INT.o)
 .debug_abbrev  0x0000248c      0x15e .\CortexM0\ARM_GCC_541\Debug\QuadEncoderRTOS.a(Counter_1.o)
 .debug_abbrev  0x000025ea       0xc8 .\CortexM0\ARM_GCC_541\Debug\QuadEncoderRTOS.a(Reset_Encoder.o)
 .debug_abbrev  0x000026b2      0x19a .\CortexM0\ARM_GCC_541\Debug\QuadEncoderRTOS.a(isr_rst_encoder.o)
 .debug_abbrev  0x0000284c      0x19a .\CortexM0\ARM_GCC_541\Debug\QuadEncoderRTOS.a(isr_home.o)
 .debug_abbrev  0x000029e6       0xc8 .\CortexM0\ARM_GCC_541\Debug\QuadEncoderRTOS.a(LED.o)
 .debug_abbrev  0x00002aae      0x19a .\CortexM0\ARM_GCC_541\Debug\QuadEncoderRTOS.a(isr_spi_ss.o)
 .debug_abbrev  0x00002c48       0xc8 .\CortexM0\ARM_GCC_541\Debug\QuadEncoderRTOS.a(spi_ss.o)
 .debug_abbrev  0x00002d10       0xc8 .\CortexM0\ARM_GCC_541\Debug\QuadEncoderRTOS.a(PROBE.o)
 .debug_abbrev  0x00002dd8      0x117 .\CortexM0\ARM_GCC_541\Debug\QuadEncoderRTOS.a(Index_Counter_1.o)
 .debug_abbrev  0x00002eef       0x14 .\CortexM0\ARM_GCC_541\Debug\QuadEncoderRTOS.a(CyBootAsmGnu.o)
 .debug_abbrev  0x00002f03       0xa4 .\CortexM0\ARM_GCC_541\Debug\QuadEncoderRTOS.a(I2C_I2C_INT.o)
 .debug_abbrev  0x00002fa7       0xc0 .\CortexM0\ARM_GCC_541\Debug\QuadEncoderRTOS.a(cyutils.o)

.debug_line     0x00000000     0x55c6
 *(.debug_line)
 .debug_line    0x00000000      0x53e .\CortexM0\ARM_GCC_541\Debug\main.o
 .debug_line    0x0000053e      0x227 .\CortexM0\ARM_GCC_541\Debug\INA219.o
 .debug_line    0x00000765      0x288 .\CortexM0\ARM_GCC_541\Debug\port.o
 .debug_line    0x000009ed      0x220 .\CortexM0\ARM_GCC_541\Debug\heap_1.o
 .debug_line    0x00000c0d      0x5b4 .\CortexM0\ARM_GCC_541\Debug\stream_buffer.o
 .debug_line    0x000011c1      0xc20 .\CortexM0\ARM_GCC_541\Debug\tasks.o
 .debug_line    0x00001de1       0x1d .\CortexM0\ARM_GCC_541\Debug\timers.o
 .debug_line    0x00001dfe       0x1d .\CortexM0\ARM_GCC_541\Debug\croutine.o
 .debug_line    0x00001e1b      0x34e .\CortexM0\ARM_GCC_541\Debug\event_groups.o
 .debug_line    0x00002169      0x1d7 .\CortexM0\ARM_GCC_541\Debug\list.o
 .debug_line    0x00002340      0x7b6 .\CortexM0\ARM_GCC_541\Debug\queue.o
 .debug_line    0x00002af6      0x170 .\CortexM0\ARM_GCC_541\Debug\cyfitter_cfg.o
 .debug_line    0x00002c66      0x141 .\CortexM0\ARM_GCC_541\Debug\cymetadata.o
 .debug_line    0x00002da7      0x235 .\CortexM0\ARM_GCC_541\Debug\Cm0Start.o
 .debug_line    0x00002fdc      0x143 .\CortexM0\ARM_GCC_541\Debug\QuadEncoderRTOS.a(I2C.o)
 .debug_line    0x0000311f       0xc3 .\CortexM0\ARM_GCC_541\Debug\QuadEncoderRTOS.a(I2C_I2C.o)
 .debug_line    0x000031e2      0x339 .\CortexM0\ARM_GCC_541\Debug\QuadEncoderRTOS.a(I2C_I2C_MASTER.o)
 .debug_line    0x0000351b      0x37e .\CortexM0\ARM_GCC_541\Debug\QuadEncoderRTOS.a(PWM_1.o)
 .debug_line    0x00003899       0xbf .\CortexM0\ARM_GCC_541\Debug\QuadEncoderRTOS.a(I2C_sda.o)
 .debug_line    0x00003958       0xbe .\CortexM0\ARM_GCC_541\Debug\QuadEncoderRTOS.a(I2C_scl.o)
 .debug_line    0x00003a16      0x460 .\CortexM0\ARM_GCC_541\Debug\QuadEncoderRTOS.a(CyLib.o)
 .debug_line    0x00003e76      0x466 .\CortexM0\ARM_GCC_541\Debug\QuadEncoderRTOS.a(CyLFClk.o)
 .debug_line    0x000042dc       0xc1 .\CortexM0\ARM_GCC_541\Debug\QuadEncoderRTOS.a(INDEX_OUT.o)
 .debug_line    0x0000439d       0xc0 .\CortexM0\ARM_GCC_541\Debug\QuadEncoderRTOS.a(HOME_OUT.o)
 .debug_line    0x0000445d       0xbf .\CortexM0\ARM_GCC_541\Debug\QuadEncoderRTOS.a(HOME_IN.o)
 .debug_line    0x0000451c      0x15f .\CortexM0\ARM_GCC_541\Debug\QuadEncoderRTOS.a(SPI_1.o)
 .debug_line    0x0000467b      0x153 .\CortexM0\ARM_GCC_541\Debug\QuadEncoderRTOS.a(SPI_1_SPI_UART.o)
 .debug_line    0x000047ce       0xd2 .\CortexM0\ARM_GCC_541\Debug\QuadEncoderRTOS.a(SPI_1_SPI.o)
 .debug_line    0x000048a0       0xb1 .\CortexM0\ARM_GCC_541\Debug\QuadEncoderRTOS.a(SPI_1_SPI_UART_INT.o)
 .debug_line    0x00004951      0x1a5 .\CortexM0\ARM_GCC_541\Debug\QuadEncoderRTOS.a(Counter_1.o)
 .debug_line    0x00004af6       0xc5 .\CortexM0\ARM_GCC_541\Debug\QuadEncoderRTOS.a(Reset_Encoder.o)
 .debug_line    0x00004bbb      0x15b .\CortexM0\ARM_GCC_541\Debug\QuadEncoderRTOS.a(isr_rst_encoder.o)
 .debug_line    0x00004d16      0x150 .\CortexM0\ARM_GCC_541\Debug\QuadEncoderRTOS.a(isr_home.o)
 .debug_line    0x00004e66       0xbb .\CortexM0\ARM_GCC_541\Debug\QuadEncoderRTOS.a(LED.o)
 .debug_line    0x00004f21      0x156 .\CortexM0\ARM_GCC_541\Debug\QuadEncoderRTOS.a(isr_spi_ss.o)
 .debug_line    0x00005077       0xbe .\CortexM0\ARM_GCC_541\Debug\QuadEncoderRTOS.a(spi_ss.o)
 .debug_line    0x00005135       0xbd .\CortexM0\ARM_GCC_541\Debug\QuadEncoderRTOS.a(PROBE.o)
 .debug_line    0x000051f2      0x198 .\CortexM0\ARM_GCC_541\Debug\QuadEncoderRTOS.a(Index_Counter_1.o)
 .debug_line    0x0000538a       0x69 .\CortexM0\ARM_GCC_541\Debug\QuadEncoderRTOS.a(CyBootAsmGnu.o)
 .debug_line    0x000053f3      0x15f .\CortexM0\ARM_GCC_541\Debug\QuadEncoderRTOS.a(I2C_I2C_INT.o)
 .debug_line    0x00005552       0x74 .\CortexM0\ARM_GCC_541\Debug\QuadEncoderRTOS.a(cyutils.o)

.debug_frame    0x00000000     0x31b4
 *(.debug_frame)
 .debug_frame   0x00000000      0x200 .\CortexM0\ARM_GCC_541\Debug\main.o
 .debug_frame   0x00000200      0x10c .\CortexM0\ARM_GCC_541\Debug\INA219.o
 .debug_frame   0x0000030c      0x118 .\CortexM0\ARM_GCC_541\Debug\port.o
 .debug_frame   0x00000424       0x60 .\CortexM0\ARM_GCC_541\Debug\heap_1.o
 .debug_frame   0x00000484      0x29c .\CortexM0\ARM_GCC_541\Debug\stream_buffer.o
 .debug_frame   0x00000720      0x5ec .\CortexM0\ARM_GCC_541\Debug\tasks.o
 .debug_frame   0x00000d0c      0x148 .\CortexM0\ARM_GCC_541\Debug\event_groups.o
 .debug_frame   0x00000e54       0x6c .\CortexM0\ARM_GCC_541\Debug\list.o
 .debug_frame   0x00000ec0      0x340 .\CortexM0\ARM_GCC_541\Debug\queue.o
 .debug_frame   0x00001200       0x8c .\CortexM0\ARM_GCC_541\Debug\cyfitter_cfg.o
 .debug_frame   0x0000128c       0xbc .\CortexM0\ARM_GCC_541\Debug\Cm0Start.o
 .debug_frame   0x00001348       0xf8 .\CortexM0\ARM_GCC_541\Debug\QuadEncoderRTOS.a(I2C.o)
 .debug_frame   0x00001440       0x58 .\CortexM0\ARM_GCC_541\Debug\QuadEncoderRTOS.a(I2C_I2C.o)
 .debug_frame   0x00001498      0x1e8 .\CortexM0\ARM_GCC_541\Debug\QuadEncoderRTOS.a(I2C_I2C_MASTER.o)
 .debug_frame   0x00001680      0x3a0 .\CortexM0\ARM_GCC_541\Debug\QuadEncoderRTOS.a(PWM_1.o)
 .debug_frame   0x00001a20       0x70 .\CortexM0\ARM_GCC_541\Debug\QuadEncoderRTOS.a(I2C_sda.o)
 .debug_frame   0x00001a90       0x70 .\CortexM0\ARM_GCC_541\Debug\QuadEncoderRTOS.a(I2C_scl.o)
 .debug_frame   0x00001b00      0x3e0 .\CortexM0\ARM_GCC_541\Debug\QuadEncoderRTOS.a(CyLib.o)
 .debug_frame   0x00001ee0      0x3a8 .\CortexM0\ARM_GCC_541\Debug\QuadEncoderRTOS.a(CyLFClk.o)
 .debug_frame   0x00002288       0x70 .\CortexM0\ARM_GCC_541\Debug\QuadEncoderRTOS.a(INDEX_OUT.o)
 .debug_frame   0x000022f8       0x70 .\CortexM0\ARM_GCC_541\Debug\QuadEncoderRTOS.a(HOME_OUT.o)
 .debug_frame   0x00002368       0x70 .\CortexM0\ARM_GCC_541\Debug\QuadEncoderRTOS.a(HOME_IN.o)
 .debug_frame   0x000023d8      0x114 .\CortexM0\ARM_GCC_541\Debug\QuadEncoderRTOS.a(SPI_1.o)
 .debug_frame   0x000024ec       0xc8 .\CortexM0\ARM_GCC_541\Debug\QuadEncoderRTOS.a(SPI_1_SPI_UART.o)
 .debug_frame   0x000025b4       0x4c .\CortexM0\ARM_GCC_541\Debug\QuadEncoderRTOS.a(SPI_1_SPI.o)
 .debug_frame   0x00002600       0x2c .\CortexM0\ARM_GCC_541\Debug\QuadEncoderRTOS.a(SPI_1_SPI_UART_INT.o)
 .debug_frame   0x0000262c      0x198 .\CortexM0\ARM_GCC_541\Debug\QuadEncoderRTOS.a(Counter_1.o)
 .debug_frame   0x000027c4       0x70 .\CortexM0\ARM_GCC_541\Debug\QuadEncoderRTOS.a(Reset_Encoder.o)
 .debug_frame   0x00002834      0x110 .\CortexM0\ARM_GCC_541\Debug\QuadEncoderRTOS.a(isr_rst_encoder.o)
 .debug_frame   0x00002944      0x110 .\CortexM0\ARM_GCC_541\Debug\QuadEncoderRTOS.a(isr_home.o)
 .debug_frame   0x00002a54       0x70 .\CortexM0\ARM_GCC_541\Debug\QuadEncoderRTOS.a(LED.o)
 .debug_frame   0x00002ac4      0x110 .\CortexM0\ARM_GCC_541\Debug\QuadEncoderRTOS.a(isr_spi_ss.o)
 .debug_frame   0x00002bd4       0x70 .\CortexM0\ARM_GCC_541\Debug\QuadEncoderRTOS.a(spi_ss.o)
 .debug_frame   0x00002c44       0x70 .\CortexM0\ARM_GCC_541\Debug\QuadEncoderRTOS.a(PROBE.o)
 .debug_frame   0x00002cb4      0x134 .\CortexM0\ARM_GCC_541\Debug\QuadEncoderRTOS.a(Index_Counter_1.o)
 .debug_frame   0x00002de8       0x2c .\CortexM0\ARM_GCC_541\Debug\QuadEncoderRTOS.a(I2C_I2C_INT.o)
 .debug_frame   0x00002e14       0x30 .\CortexM0\ARM_GCC_541\Debug\QuadEncoderRTOS.a(cyutils.o)
 .debug_frame   0x00002e44       0x20 c:/program files (x86)/cypress/psoc creator/4.2/psoc creator/import/gnu/arm/5.4.1/bin/../lib/gcc/arm-none-eabi/5.4.1/armv6-m\libgcc.a(_udivsi3.o)
 .debug_frame   0x00002e64       0x28 c:/program files (x86)/cypress/psoc creator/4.2/psoc creator/import/gnu/arm/5.4.1/bin/../lib/gcc/arm-none-eabi/5.4.1/armv6-m\libgcc.a(_fixunssfsi.o)
 .debug_frame   0x00002e8c       0x30 c:/program files (x86)/cypress/psoc creator/4.2/psoc creator/import/gnu/arm/5.4.1/bin/../lib/gcc/arm-none-eabi/5.4.1/armv6-m\libgcc.a(addsf3.o)
 .debug_frame   0x00002ebc       0x3c c:/program files (x86)/cypress/psoc creator/4.2/psoc creator/import/gnu/arm/5.4.1/bin/../lib/gcc/arm-none-eabi/5.4.1/armv6-m\libgcc.a(divsf3.o)
 .debug_frame   0x00002ef8       0x2c c:/program files (x86)/cypress/psoc creator/4.2/psoc creator/import/gnu/arm/5.4.1/bin/../lib/gcc/arm-none-eabi/5.4.1/armv6-m\libgcc.a(eqsf2.o)
 .debug_frame   0x00002f24       0x30 c:/program files (x86)/cypress/psoc creator/4.2/psoc creator/import/gnu/arm/5.4.1/bin/../lib/gcc/arm-none-eabi/5.4.1/armv6-m\libgcc.a(gesf2.o)
 .debug_frame   0x00002f54       0x30 c:/program files (x86)/cypress/psoc creator/4.2/psoc creator/import/gnu/arm/5.4.1/bin/../lib/gcc/arm-none-eabi/5.4.1/armv6-m\libgcc.a(lesf2.o)
 .debug_frame   0x00002f84       0x38 c:/program files (x86)/cypress/psoc creator/4.2/psoc creator/import/gnu/arm/5.4.1/bin/../lib/gcc/arm-none-eabi/5.4.1/armv6-m\libgcc.a(mulsf3.o)
 .debug_frame   0x00002fbc       0x30 c:/program files (x86)/cypress/psoc creator/4.2/psoc creator/import/gnu/arm/5.4.1/bin/../lib/gcc/arm-none-eabi/5.4.1/armv6-m\libgcc.a(subsf3.o)
 .debug_frame   0x00002fec       0x20 c:/program files (x86)/cypress/psoc creator/4.2/psoc creator/import/gnu/arm/5.4.1/bin/../lib/gcc/arm-none-eabi/5.4.1/armv6-m\libgcc.a(fixsfsi.o)
 .debug_frame   0x0000300c       0x2c c:/program files (x86)/cypress/psoc creator/4.2/psoc creator/import/gnu/arm/5.4.1/bin/../lib/gcc/arm-none-eabi/5.4.1/armv6-m\libgcc.a(floatsisf.o)
 .debug_frame   0x00003038       0x2c c:/program files (x86)/cypress/psoc creator/4.2/psoc creator/import/gnu/arm/5.4.1/bin/../lib/gcc/arm-none-eabi/5.4.1/armv6-m\libgcc.a(floatunsisf.o)
 .debug_frame   0x00003064       0x3c c:/program files (x86)/cypress/psoc creator/4.2/psoc creator/import/gnu/arm/5.4.1/bin/../lib/gcc/arm-none-eabi/5.4.1/armv6-m\libgcc.a(muldf3.o)
 .debug_frame   0x000030a0       0x2c c:/program files (x86)/cypress/psoc creator/4.2/psoc creator/import/gnu/arm/5.4.1/bin/../lib/gcc/arm-none-eabi/5.4.1/armv6-m\libgcc.a(floatsidf.o)
 .debug_frame   0x000030cc       0x2c c:/program files (x86)/cypress/psoc creator/4.2/psoc creator/import/gnu/arm/5.4.1/bin/../lib/gcc/arm-none-eabi/5.4.1/armv6-m\libgcc.a(truncdfsf2.o)
 .debug_frame   0x000030f8       0x20 c:/program files (x86)/cypress/psoc creator/4.2/psoc creator/import/gnu/arm/5.4.1/bin/../lib/gcc/arm-none-eabi/5.4.1/../../../../arm-none-eabi/lib/armv6-m\libg_nano.a(lib_a-errno.o)
 .debug_frame   0x00003118       0x28 c:/program files (x86)/cypress/psoc creator/4.2/psoc creator/import/gnu/arm/5.4.1/bin/../lib/gcc/arm-none-eabi/5.4.1/../../../../arm-none-eabi/lib/armv6-m\libg_nano.a(lib_a-exit.o)
 .debug_frame   0x00003140       0x2c c:/program files (x86)/cypress/psoc creator/4.2/psoc creator/import/gnu/arm/5.4.1/bin/../lib/gcc/arm-none-eabi/5.4.1/../../../../arm-none-eabi/lib/armv6-m\libg_nano.a(lib_a-init.o)
 .debug_frame   0x0000316c       0x28 c:/program files (x86)/cypress/psoc creator/4.2/psoc creator/import/gnu/arm/5.4.1/bin/../lib/gcc/arm-none-eabi/5.4.1/../../../../arm-none-eabi/lib/armv6-m\libg_nano.a(lib_a-memcpy-stub.o)
 .debug_frame   0x00003194       0x20 c:/program files (x86)/cypress/psoc creator/4.2/psoc creator/import/gnu/arm/5.4.1/bin/../lib/gcc/arm-none-eabi/5.4.1/../../../../arm-none-eabi/lib/armv6-m\libg_nano.a(lib_a-memset.o)

.debug_str      0x00000000     0x45f4
 *(.debug_str)
 .debug_str     0x00000000      0xa3c .\CortexM0\ARM_GCC_541\Debug\main.o
                                0xb2f (size before relaxing)
 .debug_str     0x00000a3c      0x150 .\CortexM0\ARM_GCC_541\Debug\INA219.o
                                0x31a (size before relaxing)
 .debug_str     0x00000b8c      0x1b6 .\CortexM0\ARM_GCC_541\Debug\port.o
                                0x34c (size before relaxing)
 .debug_str     0x00000d42       0xb3 .\CortexM0\ARM_GCC_541\Debug\heap_1.o
                                0x244 (size before relaxing)
 .debug_str     0x00000df5      0x536 .\CortexM0\ARM_GCC_541\Debug\stream_buffer.o
                                0x7cd (size before relaxing)
 .debug_str     0x0000132b      0xa1c .\CortexM0\ARM_GCC_541\Debug\tasks.o
                                0xf1b (size before relaxing)
 .debug_str     0x00001d47       0x19 .\CortexM0\ARM_GCC_541\Debug\timers.o
                                0x184 (size before relaxing)
 .debug_str     0x00001d60       0x1b .\CortexM0\ARM_GCC_541\Debug\croutine.o
                                0x186 (size before relaxing)
 .debug_str     0x00001d7b      0x26f .\CortexM0\ARM_GCC_541\Debug\event_groups.o
                                0x613 (size before relaxing)
 .debug_str     0x00001fea       0x58 .\CortexM0\ARM_GCC_541\Debug\list.o
                                0x2d5 (size before relaxing)
 .debug_str     0x00002042      0x457 .\CortexM0\ARM_GCC_541\Debug\queue.o
                                0x947 (size before relaxing)
 .debug_str     0x00002499       0xde .\CortexM0\ARM_GCC_541\Debug\cyfitter_cfg.o
                                0x29a (size before relaxing)
 .debug_str     0x00002577       0x59 .\CortexM0\ARM_GCC_541\Debug\cymetadata.o
                                0x1b8 (size before relaxing)
 .debug_str     0x000025d0      0x127 .\CortexM0\ARM_GCC_541\Debug\Cm0Start.o
                                0x2f1 (size before relaxing)
 .debug_str     0x000026f7      0x141 .\CortexM0\ARM_GCC_541\Debug\QuadEncoderRTOS.a(I2C.o)
                                0x2c9 (size before relaxing)
 .debug_str     0x00002838       0x94 .\CortexM0\ARM_GCC_541\Debug\QuadEncoderRTOS.a(I2C_I2C.o)
                                0x23e (size before relaxing)
 .debug_str     0x000028cc      0x261 .\CortexM0\ARM_GCC_541\Debug\QuadEncoderRTOS.a(I2C_I2C_MASTER.o)
                                0x4dc (size before relaxing)
 .debug_str     0x00002b2d      0x3e7 .\CortexM0\ARM_GCC_541\Debug\QuadEncoderRTOS.a(PWM_1.o)
                                0x5a1 (size before relaxing)
 .debug_str     0x00002f14       0xa3 .\CortexM0\ARM_GCC_541\Debug\QuadEncoderRTOS.a(I2C_sda.o)
                                0x234 (size before relaxing)
 .debug_str     0x00002fb7       0x7a .\CortexM0\ARM_GCC_541\Debug\QuadEncoderRTOS.a(I2C_scl.o)
                                0x234 (size before relaxing)
 .debug_str     0x00003031      0x42e .\CortexM0\ARM_GCC_541\Debug\QuadEncoderRTOS.a(CyLib.o)
                                0x6a6 (size before relaxing)
 .debug_str     0x0000345f      0x515 .\CortexM0\ARM_GCC_541\Debug\QuadEncoderRTOS.a(CyLFClk.o)
                                0x72d (size before relaxing)
 .debug_str     0x00003974       0x8c .\CortexM0\ARM_GCC_541\Debug\QuadEncoderRTOS.a(INDEX_OUT.o)
                                0x242 (size before relaxing)
 .debug_str     0x00003a00       0x86 .\CortexM0\ARM_GCC_541\Debug\QuadEncoderRTOS.a(HOME_OUT.o)
                                0x23b (size before relaxing)
 .debug_str     0x00003a86       0x7e .\CortexM0\ARM_GCC_541\Debug\QuadEncoderRTOS.a(HOME_IN.o)
                                0x234 (size before relaxing)
 .debug_str     0x00003b04      0x14e .\CortexM0\ARM_GCC_541\Debug\QuadEncoderRTOS.a(SPI_1.o)
                                0x32b (size before relaxing)
 .debug_str     0x00003c52      0x17c .\CortexM0\ARM_GCC_541\Debug\QuadEncoderRTOS.a(SPI_1_SPI_UART.o)
                                0x382 (size before relaxing)
 .debug_str     0x00003dce       0x23 .\CortexM0\ARM_GCC_541\Debug\QuadEncoderRTOS.a(SPI_1_SPI.o)
                                0x279 (size before relaxing)
 .debug_str     0x00003df1       0x3f .\CortexM0\ARM_GCC_541\Debug\QuadEncoderRTOS.a(SPI_1_SPI_UART_INT.o)
                                0x283 (size before relaxing)
 .debug_str     0x00003e30       0x82 .\CortexM0\ARM_GCC_541\Debug\QuadEncoderRTOS.a(Counter_1.o)
                                0x3cf (size before relaxing)
 .debug_str     0x00003eb2       0xa2 .\CortexM0\ARM_GCC_541\Debug\QuadEncoderRTOS.a(Reset_Encoder.o)
                                0x25e (size before relaxing)
 .debug_str     0x00003f54      0x130 .\CortexM0\ARM_GCC_541\Debug\QuadEncoderRTOS.a(isr_rst_encoder.o)
                                0x366 (size before relaxing)
 .debug_str     0x00004084       0xd4 .\CortexM0\ARM_GCC_541\Debug\QuadEncoderRTOS.a(isr_home.o)
                                0x304 (size before relaxing)
 .debug_str     0x00004158       0x6f .\CortexM0\ARM_GCC_541\Debug\QuadEncoderRTOS.a(LED.o)
                                0x218 (size before relaxing)
 .debug_str     0x000041c7      0x102 .\CortexM0\ARM_GCC_541\Debug\QuadEncoderRTOS.a(isr_spi_ss.o)
                                0x320 (size before relaxing)
 .debug_str     0x000042c9       0x6c .\CortexM0\ARM_GCC_541\Debug\QuadEncoderRTOS.a(spi_ss.o)
                                0x22d (size before relaxing)
 .debug_str     0x00004335       0x7b .\CortexM0\ARM_GCC_541\Debug\QuadEncoderRTOS.a(PROBE.o)
                                0x226 (size before relaxing)
 .debug_str     0x000043b0      0x1d4 .\CortexM0\ARM_GCC_541\Debug\QuadEncoderRTOS.a(Index_Counter_1.o)
                                0x3f9 (size before relaxing)
 .debug_str     0x00004584       0x47 .\CortexM0\ARM_GCC_541\Debug\QuadEncoderRTOS.a(I2C_I2C_INT.o)
                                0x2ae (size before relaxing)
 .debug_str     0x000045cb       0x29 .\CortexM0\ARM_GCC_541\Debug\QuadEncoderRTOS.a(cyutils.o)
                                0x1ad (size before relaxing)

.debug_loc      0x00000000     0x7d63
 *(.debug_loc)
 .debug_loc     0x00000000      0x50b .\CortexM0\ARM_GCC_541\Debug\main.o
 .debug_loc     0x0000050b      0x1c1 .\CortexM0\ARM_GCC_541\Debug\INA219.o
 .debug_loc     0x000006cc       0xa6 .\CortexM0\ARM_GCC_541\Debug\port.o
 .debug_loc     0x00000772       0x5f .\CortexM0\ARM_GCC_541\Debug\heap_1.o
 .debug_loc     0x000007d1     0x124b .\CortexM0\ARM_GCC_541\Debug\stream_buffer.o
 .debug_loc     0x00001a1c     0x172b .\CortexM0\ARM_GCC_541\Debug\tasks.o
 .debug_loc     0x00003147      0x86e .\CortexM0\ARM_GCC_541\Debug\event_groups.o
 .debug_loc     0x000039b5       0x65 .\CortexM0\ARM_GCC_541\Debug\list.o
 .debug_loc     0x00003a1a     0x1559 .\CortexM0\ARM_GCC_541\Debug\queue.o
 .debug_loc     0x00004f73      0x118 .\CortexM0\ARM_GCC_541\Debug\cyfitter_cfg.o
 .debug_loc     0x0000508b      0x14f .\CortexM0\ARM_GCC_541\Debug\Cm0Start.o
 .debug_loc     0x000051da       0x7e .\CortexM0\ARM_GCC_541\Debug\QuadEncoderRTOS.a(I2C.o)
 .debug_loc     0x00005258      0xa90 .\CortexM0\ARM_GCC_541\Debug\QuadEncoderRTOS.a(I2C_I2C_MASTER.o)
 .debug_loc     0x00005ce8      0x547 .\CortexM0\ARM_GCC_541\Debug\QuadEncoderRTOS.a(PWM_1.o)
 .debug_loc     0x0000622f       0xa2 .\CortexM0\ARM_GCC_541\Debug\QuadEncoderRTOS.a(I2C_sda.o)
 .debug_loc     0x000062d1       0x81 .\CortexM0\ARM_GCC_541\Debug\QuadEncoderRTOS.a(I2C_scl.o)
 .debug_loc     0x00006352      0x599 .\CortexM0\ARM_GCC_541\Debug\QuadEncoderRTOS.a(CyLib.o)
 .debug_loc     0x000068eb      0x9b5 .\CortexM0\ARM_GCC_541\Debug\QuadEncoderRTOS.a(CyLFClk.o)
 .debug_loc     0x000072a0       0xa2 .\CortexM0\ARM_GCC_541\Debug\QuadEncoderRTOS.a(INDEX_OUT.o)
 .debug_loc     0x00007342       0xa2 .\CortexM0\ARM_GCC_541\Debug\QuadEncoderRTOS.a(HOME_OUT.o)
 .debug_loc     0x000073e4       0xa2 .\CortexM0\ARM_GCC_541\Debug\QuadEncoderRTOS.a(HOME_IN.o)
 .debug_loc     0x00007486       0x7e .\CortexM0\ARM_GCC_541\Debug\QuadEncoderRTOS.a(SPI_1.o)
 .debug_loc     0x00007504      0x170 .\CortexM0\ARM_GCC_541\Debug\QuadEncoderRTOS.a(SPI_1_SPI_UART.o)
 .debug_loc     0x00007674       0x3d .\CortexM0\ARM_GCC_541\Debug\QuadEncoderRTOS.a(SPI_1_SPI_UART_INT.o)
 .debug_loc     0x000076b1       0xd6 .\CortexM0\ARM_GCC_541\Debug\QuadEncoderRTOS.a(Counter_1.o)
 .debug_loc     0x00007787       0xa2 .\CortexM0\ARM_GCC_541\Debug\QuadEncoderRTOS.a(Reset_Encoder.o)
 .debug_loc     0x00007829       0x82 .\CortexM0\ARM_GCC_541\Debug\QuadEncoderRTOS.a(isr_rst_encoder.o)
 .debug_loc     0x000078ab       0x82 .\CortexM0\ARM_GCC_541\Debug\QuadEncoderRTOS.a(isr_home.o)
 .debug_loc     0x0000792d       0xa2 .\CortexM0\ARM_GCC_541\Debug\QuadEncoderRTOS.a(LED.o)
 .debug_loc     0x000079cf       0x82 .\CortexM0\ARM_GCC_541\Debug\QuadEncoderRTOS.a(isr_spi_ss.o)
 .debug_loc     0x00007a51       0xa2 .\CortexM0\ARM_GCC_541\Debug\QuadEncoderRTOS.a(spi_ss.o)
 .debug_loc     0x00007af3       0xa2 .\CortexM0\ARM_GCC_541\Debug\QuadEncoderRTOS.a(PROBE.o)
 .debug_loc     0x00007b95       0x31 .\CortexM0\ARM_GCC_541\Debug\QuadEncoderRTOS.a(Index_Counter_1.o)
 .debug_loc     0x00007bc6      0x10c .\CortexM0\ARM_GCC_541\Debug\QuadEncoderRTOS.a(I2C_I2C_INT.o)
 .debug_loc     0x00007cd2       0x91 .\CortexM0\ARM_GCC_541\Debug\QuadEncoderRTOS.a(cyutils.o)

.debug_macinfo
 *(.debug_macinfo)

.debug_ranges   0x00000000     0x1090
 *(.debug_ranges)
 .debug_ranges  0x00000000       0x90 .\CortexM0\ARM_GCC_541\Debug\main.o
 .debug_ranges  0x00000090       0x50 .\CortexM0\ARM_GCC_541\Debug\INA219.o
 .debug_ranges  0x000000e0       0x78 .\CortexM0\ARM_GCC_541\Debug\port.o
 .debug_ranges  0x00000158       0x28 .\CortexM0\ARM_GCC_541\Debug\heap_1.o
 .debug_ranges  0x00000180       0xa8 .\CortexM0\ARM_GCC_541\Debug\stream_buffer.o
 .debug_ranges  0x00000228      0x1f0 .\CortexM0\ARM_GCC_541\Debug\tasks.o
 .debug_ranges  0x00000418       0x70 .\CortexM0\ARM_GCC_541\Debug\event_groups.o
 .debug_ranges  0x00000488       0x30 .\CortexM0\ARM_GCC_541\Debug\list.o
 .debug_ranges  0x000004b8      0x130 .\CortexM0\ARM_GCC_541\Debug\queue.o
 .debug_ranges  0x000005e8       0x28 .\CortexM0\ARM_GCC_541\Debug\cyfitter_cfg.o
 .debug_ranges  0x00000610       0x38 .\CortexM0\ARM_GCC_541\Debug\Cm0Start.o
 .debug_ranges  0x00000648       0x58 .\CortexM0\ARM_GCC_541\Debug\QuadEncoderRTOS.a(I2C.o)
 .debug_ranges  0x000006a0       0x20 .\CortexM0\ARM_GCC_541\Debug\QuadEncoderRTOS.a(I2C_I2C.o)
 .debug_ranges  0x000006c0       0x88 .\CortexM0\ARM_GCC_541\Debug\QuadEncoderRTOS.a(I2C_I2C_MASTER.o)
 .debug_ranges  0x00000748      0x148 .\CortexM0\ARM_GCC_541\Debug\QuadEncoderRTOS.a(PWM_1.o)
 .debug_ranges  0x00000890       0x38 .\CortexM0\ARM_GCC_541\Debug\QuadEncoderRTOS.a(I2C_sda.o)
 .debug_ranges  0x000008c8       0x38 .\CortexM0\ARM_GCC_541\Debug\QuadEncoderRTOS.a(I2C_scl.o)
 .debug_ranges  0x00000900      0x170 .\CortexM0\ARM_GCC_541\Debug\QuadEncoderRTOS.a(CyLib.o)
 .debug_ranges  0x00000a70      0x128 .\CortexM0\ARM_GCC_541\Debug\QuadEncoderRTOS.a(CyLFClk.o)
 .debug_ranges  0x00000b98       0x38 .\CortexM0\ARM_GCC_541\Debug\QuadEncoderRTOS.a(INDEX_OUT.o)
 .debug_ranges  0x00000bd0       0x38 .\CortexM0\ARM_GCC_541\Debug\QuadEncoderRTOS.a(HOME_OUT.o)
 .debug_ranges  0x00000c08       0x38 .\CortexM0\ARM_GCC_541\Debug\QuadEncoderRTOS.a(HOME_IN.o)
 .debug_ranges  0x00000c40       0x60 .\CortexM0\ARM_GCC_541\Debug\QuadEncoderRTOS.a(SPI_1.o)
 .debug_ranges  0x00000ca0       0x50 .\CortexM0\ARM_GCC_541\Debug\QuadEncoderRTOS.a(SPI_1_SPI_UART.o)
 .debug_ranges  0x00000cf0       0x20 .\CortexM0\ARM_GCC_541\Debug\QuadEncoderRTOS.a(SPI_1_SPI.o)
 .debug_ranges  0x00000d10       0x10 .\CortexM0\ARM_GCC_541\Debug\QuadEncoderRTOS.a(SPI_1_SPI_UART_INT.o)
 .debug_ranges  0x00000d20       0x90 .\CortexM0\ARM_GCC_541\Debug\QuadEncoderRTOS.a(Counter_1.o)
 .debug_ranges  0x00000db0       0x38 .\CortexM0\ARM_GCC_541\Debug\QuadEncoderRTOS.a(Reset_Encoder.o)
 .debug_ranges  0x00000de8       0x70 .\CortexM0\ARM_GCC_541\Debug\QuadEncoderRTOS.a(isr_rst_encoder.o)
 .debug_ranges  0x00000e58       0x70 .\CortexM0\ARM_GCC_541\Debug\QuadEncoderRTOS.a(isr_home.o)
 .debug_ranges  0x00000ec8       0x38 .\CortexM0\ARM_GCC_541\Debug\QuadEncoderRTOS.a(LED.o)
 .debug_ranges  0x00000f00       0x70 .\CortexM0\ARM_GCC_541\Debug\QuadEncoderRTOS.a(isr_spi_ss.o)
 .debug_ranges  0x00000f70       0x38 .\CortexM0\ARM_GCC_541\Debug\QuadEncoderRTOS.a(spi_ss.o)
 .debug_ranges  0x00000fa8       0x38 .\CortexM0\ARM_GCC_541\Debug\QuadEncoderRTOS.a(PROBE.o)
 .debug_ranges  0x00000fe0       0x88 .\CortexM0\ARM_GCC_541\Debug\QuadEncoderRTOS.a(Index_Counter_1.o)
 .debug_ranges  0x00001068       0x10 .\CortexM0\ARM_GCC_541\Debug\QuadEncoderRTOS.a(I2C_I2C_INT.o)
 .debug_ranges  0x00001078       0x18 .\CortexM0\ARM_GCC_541\Debug\QuadEncoderRTOS.a(cyutils.o)

.comment        0x00000000       0x6e
 .comment       0x00000000       0x6e .\CortexM0\ARM_GCC_541\Debug\main.o
                                 0x6f (size before relaxing)
 .comment       0x0000006e       0x6f .\CortexM0\ARM_GCC_541\Debug\INA219.o
 .comment       0x0000006e       0x6f .\CortexM0\ARM_GCC_541\Debug\port.o
 .comment       0x0000006e       0x6f .\CortexM0\ARM_GCC_541\Debug\heap_1.o
 .comment       0x0000006e       0x6f .\CortexM0\ARM_GCC_541\Debug\stream_buffer.o
 .comment       0x0000006e       0x6f .\CortexM0\ARM_GCC_541\Debug\tasks.o
 .comment       0x0000006e       0x6f .\CortexM0\ARM_GCC_541\Debug\timers.o
 .comment       0x0000006e       0x6f .\CortexM0\ARM_GCC_541\Debug\croutine.o
 .comment       0x0000006e       0x6f .\CortexM0\ARM_GCC_541\Debug\event_groups.o
 .comment       0x0000006e       0x6f .\CortexM0\ARM_GCC_541\Debug\list.o
 .comment       0x0000006e       0x6f .\CortexM0\ARM_GCC_541\Debug\queue.o
 .comment       0x0000006e       0x6f .\CortexM0\ARM_GCC_541\Debug\cyfitter_cfg.o
 .comment       0x0000006e       0x6f .\CortexM0\ARM_GCC_541\Debug\cymetadata.o
 .comment       0x0000006e       0x6f .\CortexM0\ARM_GCC_541\Debug\Cm0Start.o
 .comment       0x0000006e       0x6f .\CortexM0\ARM_GCC_541\Debug\QuadEncoderRTOS.a(I2C.o)
 .comment       0x0000006e       0x6f .\CortexM0\ARM_GCC_541\Debug\QuadEncoderRTOS.a(I2C_I2C.o)
 .comment       0x0000006e       0x6f .\CortexM0\ARM_GCC_541\Debug\QuadEncoderRTOS.a(I2C_I2C_MASTER.o)
 .comment       0x0000006e       0x6f .\CortexM0\ARM_GCC_541\Debug\QuadEncoderRTOS.a(PWM_1.o)
 .comment       0x0000006e       0x6f .\CortexM0\ARM_GCC_541\Debug\QuadEncoderRTOS.a(I2C_sda.o)
 .comment       0x0000006e       0x6f .\CortexM0\ARM_GCC_541\Debug\QuadEncoderRTOS.a(I2C_scl.o)
 .comment       0x0000006e       0x6f .\CortexM0\ARM_GCC_541\Debug\QuadEncoderRTOS.a(CyLib.o)
 .comment       0x0000006e       0x6f .\CortexM0\ARM_GCC_541\Debug\QuadEncoderRTOS.a(CyLFClk.o)
 .comment       0x0000006e       0x6f .\CortexM0\ARM_GCC_541\Debug\QuadEncoderRTOS.a(INDEX_OUT.o)
 .comment       0x0000006e       0x6f .\CortexM0\ARM_GCC_541\Debug\QuadEncoderRTOS.a(HOME_OUT.o)
 .comment       0x0000006e       0x6f .\CortexM0\ARM_GCC_541\Debug\QuadEncoderRTOS.a(HOME_IN.o)
 .comment       0x0000006e       0x6f .\CortexM0\ARM_GCC_541\Debug\QuadEncoderRTOS.a(SPI_1.o)
 .comment       0x0000006e       0x6f .\CortexM0\ARM_GCC_541\Debug\QuadEncoderRTOS.a(SPI_1_SPI_UART.o)