Archive member included to satisfy reference by file (symbol)

.\CortexM0\ARM_GCC_541\Debug\QuadEncoderRTOS.a(I2C.o)
                              .\CortexM0\ARM_GCC_541\Debug\main.o (I2C_Start)
.\CortexM0\ARM_GCC_541\Debug\QuadEncoderRTOS.a(I2C_I2C.o)
                              .\CortexM0\ARM_GCC_541\Debug\QuadEncoderRTOS.a(I2C.o) (I2C_I2CInit)
.\CortexM0\ARM_GCC_541\Debug\QuadEncoderRTOS.a(I2C_I2C_MASTER.o)
                              .\CortexM0\ARM_GCC_541\Debug\main.o (I2C_I2CMasterSendStart)
.\CortexM0\ARM_GCC_541\Debug\QuadEncoderRTOS.a(PWM_1.o)
                              .\CortexM0\ARM_GCC_541\Debug\main.o (PWM_1_WritePeriod)
.\CortexM0\ARM_GCC_541\Debug\QuadEncoderRTOS.a(I2C_sda.o)
                              .\CortexM0\ARM_GCC_541\Debug\QuadEncoderRTOS.a(I2C_I2C_MASTER.o) (I2C_sda_Read)
.\CortexM0\ARM_GCC_541\Debug\QuadEncoderRTOS.a(I2C_scl.o)
                              .\CortexM0\ARM_GCC_541\Debug\QuadEncoderRTOS.a(I2C_I2C_MASTER.o) (I2C_scl_Write)
.\CortexM0\ARM_GCC_541\Debug\QuadEncoderRTOS.a(CyLib.o)
                              .\CortexM0\ARM_GCC_541\Debug\QuadEncoderRTOS.a(I2C.o) (CyIntEnable)
.\CortexM0\ARM_GCC_541\Debug\QuadEncoderRTOS.a(CyLFClk.o)
                              .\CortexM0\ARM_GCC_541\Debug\main.o (CySysWdtResetCounters)
.\CortexM0\ARM_GCC_541\Debug\QuadEncoderRTOS.a(INDEX_OUT.o)
                              .\CortexM0\ARM_GCC_541\Debug\main.o (INDEX_OUT_SetDriveMode)
.\CortexM0\ARM_GCC_541\Debug\QuadEncoderRTOS.a(HOME_OUT.o)
                              .\CortexM0\ARM_GCC_541\Debug\main.o (HOME_OUT_SetDriveMode)
.\CortexM0\ARM_GCC_541\Debug\QuadEncoderRTOS.a(HOME_IN.o)
                              .\CortexM0\ARM_GCC_541\Debug\main.o (HOME_IN_ClearInterrupt)
.\CortexM0\ARM_GCC_541\Debug\QuadEncoderRTOS.a(SPI_1.o)
                              .\CortexM0\ARM_GCC_541\Debug\main.o (SPI_1_Start)
.\CortexM0\ARM_GCC_541\Debug\QuadEncoderRTOS.a(SPI_1_SPI_UART.o)
                              .\CortexM0\ARM_GCC_541\Debug\main.o (SPI_1_SpiUartReadRxData)
.\CortexM0\ARM_GCC_541\Debug\QuadEncoderRTOS.a(SPI_1_SPI.o)
                              .\CortexM0\ARM_GCC_541\Debug\QuadEncoderRTOS.a(SPI_1.o) (SPI_1_SpiInit)
.\CortexM0\ARM_GCC_541\Debug\QuadEncoderRTOS.a(SPI_1_SPI_UART_INT.o)
                              .\CortexM0\ARM_GCC_541\Debug\QuadEncoderRTOS.a(SPI_1_SPI.o) (SPI_1_SPI_UART_ISR)
.\CortexM0\ARM_GCC_541\Debug\QuadEncoderRTOS.a(Counter_1.o)
                              .\CortexM0\ARM_GCC_541\Debug\main.o (Counter_1_WriteCounter)
.\CortexM0\ARM_GCC_541\Debug\QuadEncoderRTOS.a(Reset_Encoder.o)
                              .\CortexM0\ARM_GCC_541\Debug\main.o (Reset_Encoder_ClearInterrupt)
.\CortexM0\ARM_GCC_541\Debug\QuadEncoderRTOS.a(isr_rst_encoder.o)
                              .\CortexM0\ARM_GCC_541\Debug\main.o (isr_rst_encoder_SetPriority)
.\CortexM0\ARM_GCC_541\Debug\QuadEncoderRTOS.a(isr_home.o)
                              .\CortexM0\ARM_GCC_541\Debug\main.o (isr_home_SetPriority)
.\CortexM0\ARM_GCC_541\Debug\QuadEncoderRTOS.a(LED.o)
                              .\CortexM0\ARM_GCC_541\Debug\main.o (LED_Write)
.\CortexM0\ARM_GCC_541\Debug\QuadEncoderRTOS.a(isr_spi_ss.o)
                              .\CortexM0\ARM_GCC_541\Debug\main.o (isr_spi_ss_SetPriority)
.\CortexM0\ARM_GCC_541\Debug\QuadEncoderRTOS.a(spi_ss.o)
                              .\CortexM0\ARM_GCC_541\Debug\main.o (spi_ss_Read)
.\CortexM0\ARM_GCC_541\Debug\QuadEncoderRTOS.a(PROBE.o)
                              .\CortexM0\ARM_GCC_541\Debug\main.o (PROBE_Write)
.\CortexM0\ARM_GCC_541\Debug\QuadEncoderRTOS.a(Index_Counter_1.o)
                              .\CortexM0\ARM_GCC_541\Debug\main.o (Index_Counter_1_WriteCounter)
.\CortexM0\ARM_GCC_541\Debug\QuadEncoderRTOS.a(CyBootAsmGnu.o)
                              .\CortexM0\ARM_GCC_541\Debug\QuadEncoderRTOS.a(CyLib.o) (CyDelayCycles)
.\CortexM0\ARM_GCC_541\Debug\QuadEncoderRTOS.a(I2C_I2C_INT.o)
                              .\CortexM0\ARM_GCC_541\Debug\QuadEncoderRTOS.a(I2C_I2C.o) (I2C_I2C_ISR)
.\CortexM0\ARM_GCC_541\Debug\QuadEncoderRTOS.a(cyutils.o)
                              .\CortexM0\ARM_GCC_541\Debug\QuadEncoderRTOS.a(Counter_1.o) (CySetReg24)
c:/program files (x86)/cypress/psoc creator/4.2/psoc creator/import/gnu/arm/5.4.1/bin/../lib/gcc/arm-none-eabi/5.4.1/armv6-m\libgcc.a(_udivsi3.o)
                              .\CortexM0\ARM_GCC_541\Debug\QuadEncoderRTOS.a(CyLib.o) (__aeabi_uidiv)
c:/program files (x86)/cypress/psoc creator/4.2/psoc creator/import/gnu/arm/5.4.1/bin/../lib/gcc/arm-none-eabi/5.4.1/armv6-m\libgcc.a(_dvmd_tls.o)
                              c:/program files (x86)/cypress/psoc creator/4.2/psoc creator/import/gnu/arm/5.4.1/bin/../lib/gcc/arm-none-eabi/5.4.1/armv6-m\libgcc.a(_udivsi3.o) (__aeabi_idiv0)
c:/program files (x86)/cypress/psoc creator/4.2/psoc creator/import/gnu/arm/5.4.1/bin/../lib/gcc/arm-none-eabi/5.4.1/armv6-m\libgcc.a(_arm_cmpsf2.o)
[...]
Memory Configuration

Name             Origin             Length             Attributes
rom              0x00000000         0x00008000         xr
ram              0x20000000         0x00001000         xrw
*default*        0x00000000         0xffffffff

Linker script and memory map

LOAD c:/program files (x86)/cypress/psoc creator/4.2/psoc creator/import/gnu/arm/5.4.1/bin/../lib/gcc/arm-none-eabi/5.4.1/armv6-m/crti.o
LOAD c:/program files (x86)/cypress/psoc creator/4.2/psoc creator/import/gnu/arm/5.4.1/bin/../lib/gcc/arm-none-eabi/5.4.1/armv6-m/crtbegin.o
LOAD c:/program files (x86)/cypress/psoc creator/4.2/psoc creator/import/gnu/arm/5.4.1/bin/../lib/gcc/arm-none-eabi/5.4.1/../../../../arm-none-eabi/lib/armv6-m/crt0.o
START GROUP
LOAD .\CortexM0\ARM_GCC_541\Debug\main.o
LOAD .\CortexM0\ARM_GCC_541\Debug\INA219.o
LOAD .\CortexM0\ARM_GCC_541\Debug\port.o
LOAD .\CortexM0\ARM_GCC_541\Debug\heap_1.o
LOAD .\CortexM0\ARM_GCC_541\Debug\stream_buffer.o
LOAD .\CortexM0\ARM_GCC_541\Debug\tasks.o
LOAD .\CortexM0\ARM_GCC_541\Debug\timers.o
LOAD .\CortexM0\ARM_GCC_541\Debug\croutine.o
LOAD .\CortexM0\ARM_GCC_541\Debug\event_groups.o
LOAD .\CortexM0\ARM_GCC_541\Debug\list.o
LOAD .\CortexM0\ARM_GCC_541\Debug\queue.o
LOAD .\CortexM0\ARM_GCC_541\Debug\cyfitter_cfg.o
LOAD .\CortexM0\ARM_GCC_541\Debug\cymetadata.o
LOAD .\CortexM0\ARM_GCC_541\Debug\Cm0Start.o
LOAD .\CortexM0\ARM_GCC_541\Debug\QuadEncoderRTOS.a
END GROUP
START GROUP
LOAD c:/program files (x86)/cypress/psoc creator/4.2/psoc creator/import/gnu/arm/5.4.1/bin/../lib/gcc/arm-none-eabi/5.4.1/armv6-m\libgcc.a
LOAD c:/program files (x86)/cypress/psoc creator/4.2/psoc creator/import/gnu/arm/5.4.1/bin/../lib/gcc/arm-none-eabi/5.4.1/../../../../arm-none-eabi/lib/armv6-m\libg_nano.a
LOAD c:/program files (x86)/cypress/psoc creator/4.2/psoc creator/import/gnu/arm/5.4.1/bin/../lib/gcc/arm-none-eabi/5.4.1/../../../../arm-none-eabi/lib/armv6-m\libc_nano.a
END GROUP
START GROUP
LOAD c:/program files (x86)/cypress/psoc creator/4.2/psoc creator/import/gnu/arm/5.4.1/bin/../lib/gcc/arm-none-eabi/5.4.1/armv6-m\libgcc.a
LOAD c:/program files (x86)/cypress/psoc creator/4.2/psoc creator/import/gnu/arm/5.4.1/bin/../lib/gcc/arm-none-eabi/5.4.1/../../../../arm-none-eabi/lib/armv6-m\libc_nano.a
END GROUP
LOAD c:/program files (x86)/cypress/psoc creator/4.2/psoc creator/import/gnu/arm/5.4.1/bin/../lib/gcc/arm-none-eabi/5.4.1/armv6-m/crtend.o
LOAD c:/program files (x86)/cypress/psoc creator/4.2/psoc creator/import/gnu/arm/5.4.1/bin/../lib/gcc/arm-none-eabi/5.4.1/armv6-m/crtn.o
START GROUP
LOAD c:/program files (x86)/cypress/psoc creator/4.2/psoc creator/import/gnu/arm/5.4.1/bin/../lib/gcc/arm-none-eabi/5.4.1/armv6-m\libgcc.a
LOAD c:/program files (x86)/cypress/psoc creator/4.2/psoc creator/import/gnu/arm/5.4.1/bin/../lib/gcc/arm-none-eabi/5.4.1/../../../../arm-none-eabi/lib/armv6-m\libc.a
LOAD c:/program files (x86)/cypress/psoc creator/4.2/psoc creator/import/gnu/arm/5.4.1/bin/../lib/gcc/arm-none-eabi/5.4.1/../../../../arm-none-eabi/lib/armv6-m\libnosys.a
END GROUP
                0x00000000                CY_APPL_ORIGIN = 0x0
                0x00000080                CY_FLASH_ROW_SIZE = 0x80
                0x00000001                CY_APPL_NUM = 0x1
                0x00000001                CY_APPL_MAX = 0x1
                0x00000040                CY_METADATA_SIZE = 0x40
                0x00000000                CY_APPL_LOADABLE = 0x0
                0x00000000                CY_CHECKSUM_EXCLUDE_SIZE = ALIGN (0x0, CY_FLASH_ROW_SIZE)
                0x00000000                CY_APP_FOR_STACK_AND_COPIER = 0x0
                [!provide]                PROVIDE (__cy_heap_start, _end)
                0x00000001                PROVIDE (__cy_region_num, ((__cy_regions_end - __cy_regions) / 0x10))
                0x20001000                PROVIDE (__cy_stack, (ORIGIN (ram) + LENGTH (ram)))
                [!provide]                PROVIDE (__cy_heap_end, (__cy_stack - 0x200))

.cybootloader   0x00000000        0x0
 *(.cybootloader)
                0x00000000                appl1_start = CY_APPL_ORIGIN?CY_APPL_ORIGIN:ALIGN (CY_FLASH_ROW_SIZE)
                0x00003f80                appl2_start = (appl1_start + ALIGN ((((LENGTH (rom) - appl1_start) - (0x2 * CY_FLASH_ROW_SIZE)) / 0x2), CY_FLASH_ROW_SIZE))
                0x00000000                appl_start = (CY_APPL_NUM == 0x1)?appl1_start:appl2_start
                0x00000001                cy_project_type_bootloader = (appl_start == 0x0)?0x1:0x0
                0x00000000                cy_project_type_app_for_stack_and_copier = (CY_APP_FOR_STACK_AND_COPIER == 0x1)?0x1:0x0

.text           0x00000000     0x40d6
 CREATE_OBJECT_SYMBOLS
                0x00000000                PROVIDE (__cy_interrupt_vector, RomVectors)
 *(.romvectors)
 .romvectors    0x00000000       0x10 .\CortexM0\ARM_GCC_541\Debug\Cm0Start.o
                0x00000000                RomVectors
                0x00000001                ASSERT ((. != __cy_interrupt_vector), No interrupt vector)
                0x00000001                ASSERT (CY_APPL_ORIGIN?(SIZEOF (.cybootloader) <= CY_APPL_ORIGIN):0x1, Wrong image location)
                0x00000010                PROVIDE (__cy_reset, Reset)
 *(.text.Reset)
 .text.Reset    0x00000010        0x8 .\CortexM0\ARM_GCC_541\Debug\Cm0Start.o
                0x00000010                Reset
                0x00000001                ASSERT ((. != __cy_reset), No reset code)
 *(.psocinit)
 .psocinit      0x00000018      0x200 .\CortexM0\ARM_GCC_541\Debug\cyfitter_cfg.o
                0x000000a4                cyfitter_cfg
                0x00000218                . = MAX (., 0x100)
 *(.text .text.* .gnu.linkonce.t.*)
 .text          0x00000218       0x60 c:/program files (x86)/cypress/psoc creator/4.2/psoc creator/import/gnu/arm/5.4.1/bin/../lib/gcc/arm-none-eabi/5.4.1/armv6-m/crtbegin.o
 .text.RSTIsrHandler
                0x00000278       0x18 .\CortexM0\ARM_GCC_541\Debug\main.o
                0x00000278                RSTIsrHandler
 .text.HomeIsrHandler
                0x00000290       0x14 .\CortexM0\ARM_GCC_541\Debug\main.o
                0x00000290                HomeIsrHandler
 .text.SPI_SS_IsrHandler
                0x000002a4       0x5c .\CortexM0\ARM_GCC_541\Debug\main.o
                0x000002a4                SPI_SS_IsrHandler
 .text.setupFreeRTOS
                0x00000300       0x28 .\CortexM0\ARM_GCC_541\Debug\main.o
                0x00000300                setupFreeRTOS
 .text.AssertFault
                0x00000328       0x1c .\CortexM0\ARM_GCC_541\Debug\main.o
                0x00000328                AssertFault
 .text.Current_Read_Task
                0x00000344       0xf0 .\CortexM0\ARM_GCC_541\Debug\main.o
                0x00000344                Current_Read_Task
 .text.ClearFault
                0x00000434       0x1c .\CortexM0\ARM_GCC_541\Debug\main.o
                0x00000434                ClearFault
 .text.Comm_Task
                0x00000450      0x25c .\CortexM0\ARM_GCC_541\Debug\main.o
                0x00000450                Comm_Task
 .text.PWM_Set  0x000006ac       0x78 .\CortexM0\ARM_GCC_541\Debug\main.o
                0x000006ac                PWM_Set
 .text.PID_Initialize
                0x00000724       0x58 .\CortexM0\ARM_GCC_541\Debug\main.o
                0x00000724                PID_Initialize
 .text.PID_SetTunings
                0x0000077c       0x44 .\CortexM0\ARM_GCC_541\Debug\main.o
                0x0000077c                PID_SetTunings
 .text.PID_Compute
                0x000007c0      0x13c .\CortexM0\ARM_GCC_541\Debug\main.o
                0x000007c0                PID_Compute
 .text.PID_SetOutputLimits
                0x000008fc       0x74 .\CortexM0\ARM_GCC_541\Debug\main.o
                0x000008fc                PID_SetOutputLimits
 .text.PID_SetMode
                0x00000970       0x24 .\CortexM0\ARM_GCC_541\Debug\main.o
                0x00000970                PID_SetMode
 .text.PID_SetDrive
                0x00000994       0x1c .\CortexM0\ARM_GCC_541\Debug\main.o
                0x00000994                PID_SetDrive
 .text.PID_Task
                0x000009b0      0x1b4 .\CortexM0\ARM_GCC_541\Debug\main.o
                0x000009b0                PID_Task
 .text.main     0x00000b64      0x15c .\CortexM0\ARM_GCC_541\Debug\main.o
                0x00000b64                main
 .text.prvTaskExitError
                0x00000cc0       0x24 .\CortexM0\ARM_GCC_541\Debug\port.o
 *fill*         0x00000ce4        0xc 
 .text.vPortStartFirstTask
                0x00000cf0       0x34 .\CortexM0\ARM_GCC_541\Debug\port.o
 .text.prvSetupTimerInterrupt
                0x00000d24       0x28 .\CortexM0\ARM_GCC_541\Debug\port.o
 .text.pxPortInitialiseStack
                0x00000d4c       0x20 .\CortexM0\ARM_GCC_541\Debug\port.o
                0x00000d4c                pxPortInitialiseStack
 .text.vPortSVCHandler
                0x00000d6c        0x4 .\CortexM0\ARM_GCC_541\Debug\port.o
                0x00000d6c                vPortSVCHandler
 .text.xPortStartScheduler
                0x00000d70       0x3c .\CortexM0\ARM_GCC_541\Debug\port.o
                0x00000d70                xPortStartScheduler
 .text.vPortYield
                0x00000dac       0x18 .\CortexM0\ARM_GCC_541\Debug\port.o
                0x00000dac                vPortYield
 .text.vPortEnterCritical
                0x00000dc4       0x18 .\CortexM0\ARM_GCC_541\Debug\port.o
                0x00000dc4                vPortEnterCritical
 .text.vPortExitCritical
                0x00000ddc       0x20 .\CortexM0\ARM_GCC_541\Debug\port.o
                0x00000ddc                vPortExitCritical
 .text.ulSetInterruptMaskFromISR
                0x00000dfc        0x8 .\CortexM0\ARM_GCC_541\Debug\port.o
                0x00000dfc                ulSetInterruptMaskFromISR
 .text.vClearInterruptMaskFromISR
                0x00000e04        0x8 .\CortexM0\ARM_GCC_541\Debug\port.o
                0x00000e04                vClearInterruptMaskFromISR
 *fill*         0x00000e0c        0x4 
 .text.xPortPendSVHandler
                0x00000e10       0x44 .\CortexM0\ARM_GCC_541\Debug\port.o
                0x00000e10                xPortPendSVHandler
 .text.xPortSysTickHandler
                0x00000e54       0x24 .\CortexM0\ARM_GCC_541\Debug\port.o
                0x00000e54                xPortSysTickHandler
 .text.pvPortMalloc
                0x00000e78       0x5c .\CortexM0\ARM_GCC_541\Debug\heap_1.o
                0x00000e78                pvPortMalloc
 .text.vPortFree
                0x00000ed4        0xc .\CortexM0\ARM_GCC_541\Debug\heap_1.o
                0x00000ed4                vPortFree
 .text.prvTaskCheckFreeStackSpace
                0x00000ee0       0x14 .\CortexM0\ARM_GCC_541\Debug\tasks.o
 .text.prvResetNextTaskUnblockTime
                0x00000ef4       0x30 .\CortexM0\ARM_GCC_541\Debug\tasks.o
 .text.prvDeleteTCB
                0x00000f24       0x14 .\CortexM0\ARM_GCC_541\Debug\tasks.o
 .text.prvInitialiseNewTask
                0x00000f38       0xac .\CortexM0\ARM_GCC_541\Debug\tasks.o
 .text.prvInitialiseTaskLists
                0x00000fe4       0x58 .\CortexM0\ARM_GCC_541\Debug\tasks.o
 .text.prvAddNewTaskToReadyList
                0x0000103c       0x8c .\CortexM0\ARM_GCC_541\Debug\tasks.o
 .text.prvCheckTasksWaitingTermination
                0x000010c8       0x38 .\CortexM0\ARM_GCC_541\Debug\tasks.o
 .text.prvIdleTask
                0x00001100        0x8 .\CortexM0\ARM_GCC_541\Debug\tasks.o
 .text.prvAddCurrentTaskToDelayedList
                0x00001108       0x64 .\CortexM0\ARM_GCC_541\Debug\tasks.o
 .text.xTaskCreate
                0x0000116c       0x60 .\CortexM0\ARM_GCC_541\Debug\tasks.o
                0x0000116c                xTaskCreate
 .text.vTaskStartScheduler
                0x000011cc       0x54 .\CortexM0\ARM_GCC_541\Debug\tasks.o
                0x000011cc                vTaskStartScheduler
 .text.vTaskSuspendAll
                0x00001220       0x10 .\CortexM0\ARM_GCC_541\Debug\tasks.o
                0x00001220                vTaskSuspendAll
 .text.xTaskGetTickCount
                0x00001230        0xc .\CortexM0\ARM_GCC_541\Debug\tasks.o
                0x00001230                xTaskGetTickCount
 .text.xTaskIncrementTick
                0x0000123c       0xe8 .\CortexM0\ARM_GCC_541\Debug\tasks.o
                0x0000123c                xTaskIncrementTick
 .text.xTaskResumeAll
                0x00001324       0xd4 .\CortexM0\ARM_GCC_541\Debug\tasks.o
                0x00001324                xTaskResumeAll
 .text.vTaskDelay
                0x000013f8       0x34 .\CortexM0\ARM_GCC_541\Debug\tasks.o
                0x000013f8                vTaskDelay
 .text.vTaskSwitchContext
                0x0000142c       0x88 .\CortexM0\ARM_GCC_541\Debug\tasks.o
                0x0000142c                vTaskSwitchContext
 .text.vTaskPlaceOnEventList
                0x000014b4       0x24 .\CortexM0\ARM_GCC_541\Debug\tasks.o
                0x000014b4                vTaskPlaceOnEventList
 .text.xTaskRemoveFromEventList
                0x000014d8       0x7c .\CortexM0\ARM_GCC_541\Debug\tasks.o
                0x000014d8                xTaskRemoveFromEventList
 .text.vTaskInternalSetTimeOutState
                0x00001554       0x10 .\CortexM0\ARM_GCC_541\Debug\tasks.o
                0x00001554                vTaskInternalSetTimeOutState
 .text.xTaskCheckForTimeOut
                0x00001564       0x64 .\CortexM0\ARM_GCC_541\Debug\tasks.o
                0x00001564                xTaskCheckForTimeOut
 .text.vTaskMissedYield
                0x000015c8        0xc .\CortexM0\ARM_GCC_541\Debug\tasks.o
                0x000015c8                vTaskMissedYield
 .text.uxTaskGetStackHighWaterMark
                0x000015d4       0x18 .\CortexM0\ARM_GCC_541\Debug\tasks.o
                0x000015d4                uxTaskGetStackHighWaterMark
 .text.xTaskGetSchedulerState
                0x000015ec       0x20 .\CortexM0\ARM_GCC_541\Debug\tasks.o
                0x000015ec                xTaskGetSchedulerState
 .text.xTaskPriorityInherit
                0x0000160c       0x9c .\CortexM0\ARM_GCC_541\Debug\tasks.o
                0x0000160c                xTaskPriorityInherit
 .text.xTaskPriorityDisinherit
                0x000016a8       0x74 .\CortexM0\ARM_GCC_541\Debug\tasks.o
                0x000016a8                xTaskPriorityDisinherit
 .text.vTaskPriorityDisinheritAfterTimeout
                0x0000171c       0x8c .\CortexM0\ARM_GCC_541\Debug\tasks.o
                0x0000171c                vTaskPriorityDisinheritAfterTimeout
 .text.pvTaskIncrementMutexHeldCount
                0x000017a8       0x1c .\CortexM0\ARM_GCC_541\Debug\tasks.o
                0x000017a8                pvTaskIncrementMutexHeldCount
 .text.vListInitialise
                0x000017c4       0x18 .\CortexM0\ARM_GCC_541\Debug\list.o
                0x000017c4                vListInitialise
 .text.vListInitialiseItem
                0x000017dc        0x8 .\CortexM0\ARM_GCC_541\Debug\list.o
                0x000017dc                vListInitialiseItem
 .text.vListInsertEnd
                0x000017e4       0x18 .\CortexM0\ARM_GCC_541\Debug\list.o
                0x000017e4                vListInsertEnd
 .text.vListInsert
                0x000017fc       0x30 .\CortexM0\ARM_GCC_541\Debug\list.o
                0x000017fc                vListInsert
 .text.uxListRemove
                0x0000182c       0x28 .\CortexM0\ARM_GCC_541\Debug\list.o
                0x0000182c                uxListRemove
 .text.prvGetDisinheritPriorityAfterTimeout
                0x00001854       0x14 .\CortexM0\ARM_GCC_541\Debug\queue.o
 .text.prvIsQueueFull
                0x00001868       0x20 .\CortexM0\ARM_GCC_541\Debug\queue.o
 .text.prvIsQueueEmpty
                0x00001888       0x1c .\CortexM0\ARM_GCC_541\Debug\queue.o
 .text.prvCopyDataToQueue
                0x000018a4       0x84 .\CortexM0\ARM_GCC_541\Debug\queue.o
 .text.prvUnlockQueue
                0x00001928       0x70 .\CortexM0\ARM_GCC_541\Debug\queue.o
 .text.xQueueGenericReset
                0x00001998       0x6c .\CortexM0\ARM_GCC_541\Debug\queue.o
                0x00001998                xQueueGenericReset
 .text.prvInitialiseNewQueue
                0x00001a04       0x1c .\CortexM0\ARM_GCC_541\Debug\queue.o
 .text.xQueueGenericCreate
                0x00001a20       0x40 .\CortexM0\ARM_GCC_541\Debug\queue.o
                0x00001a20                xQueueGenericCreate
 .text.xQueueGenericSend
                0x00001a60      0x148 .\CortexM0\ARM_GCC_541\Debug\queue.o
                0x00001a60                xQueueGenericSend
 .text.prvInitialiseMutex
                0x00001ba8       0x18 .\CortexM0\ARM_GCC_541\Debug\queue.o
 .text.xQueueCreateMutex
                0x00001bc0       0x18 .\CortexM0\ARM_GCC_541\Debug\queue.o
                0x00001bc0                xQueueCreateMutex
 .text.xQueueSemaphoreTake
                0x00001bd8      0x154 .\CortexM0\ARM_GCC_541\Debug\queue.o
                0x00001bd8                xQueueSemaphoreTake
 .text.cfg_write_bytes32
                0x00001d2c       0x34 .\CortexM0\ARM_GCC_541\Debug\cyfitter_cfg.o
 .text.CYMEMZERO
                0x00001d60        0xc .\CortexM0\ARM_GCC_541\Debug\cyfitter_cfg.o
 .text.IntDefaultHandler
                0x00001d6c       0x10 .\CortexM0\ARM_GCC_541\Debug\Cm0Start.o
                0x00001d6c                IntDefaultHandler
 .text.Start_c  0x00001d7c       0x48 .\CortexM0\ARM_GCC_541\Debug\Cm0Start.o
                0x00001d7c                Start_c
 .text.initialize_psoc
                0x00001dc4       0x40 .\CortexM0\ARM_GCC_541\Debug\Cm0Start.o
                0x00001dc4                initialize_psoc
 .text.I2C_ScbEnableIntr
                0x00001e04        0xc .\CortexM0\ARM_GCC_541\Debug\QuadEncoderRTOS.a(I2C.o)
 .text.I2C_Init
                0x00001e10        0x8 .\CortexM0\ARM_GCC_541\Debug\QuadEncoderRTOS.a(I2C.o)
                0x00001e10                I2C_Init
 .text.I2C_Enable
                0x00001e18       0x18 .\CortexM0\ARM_GCC_541\Debug\QuadEncoderRTOS.a(I2C.o)
                0x00001e18                I2C_Enable
 .text.I2C_Start
                0x00001e30       0x20 .\CortexM0\ARM_GCC_541\Debug\QuadEncoderRTOS.a(I2C.o)
                0x00001e30                I2C_Start
 .text.I2C_I2CInit
                0x00001e50       0xc4 .\CortexM0\ARM_GCC_541\Debug\QuadEncoderRTOS.a(I2C_I2C.o)
                0x00001e50                I2C_I2CInit
 .text.I2C_I2CFwBlockReset
                0x00001f14       0x94 .\CortexM0\ARM_GCC_541\Debug\QuadEncoderRTOS.a(I2C_I2C.o)
                0x00001f14                I2C_I2CFwBlockReset
 .text.I2C_I2CMasterWaitOneUnit
                0x00001fa8       0x28 .\CortexM0\ARM_GCC_541\Debug\QuadEncoderRTOS.a(I2C_I2C_MASTER.o)
 .text.I2C_I2CMasterHandleStatus
                0x00001fd0       0xc4 .\CortexM0\ARM_GCC_541\Debug\QuadEncoderRTOS.a(I2C_I2C_MASTER.o)
 .text.I2C_I2CMasterSendStart
                0x00002094       0xc4 .\CortexM0\ARM_GCC_541\Debug\QuadEncoderRTOS.a(I2C_I2C_MASTER.o)
                0x00002094                I2C_I2CMasterSendStart
 .text.I2C_I2CMasterSendStop
                0x00002158       0x58 .\CortexM0\ARM_GCC_541\Debug\QuadEncoderRTOS.a(I2C_I2C_MASTER.o)
                0x00002158                I2C_I2CMasterSendStop
 .text.I2C_I2CMasterWriteByte
                0x000021b0       0x48 .\CortexM0\ARM_GCC_541\Debug\QuadEncoderRTOS.a(I2C_I2C_MASTER.o)
                0x000021b0                I2C_I2CMasterWriteByte
 .text.I2C_I2CReStartGeneration
                0x000021f8       0xc4 .\CortexM0\ARM_GCC_541\Debug\QuadEncoderRTOS.a(I2C_I2C_MASTER.o)
                0x000021f8                I2C_I2CReStartGeneration
 .text.I2C_I2CMasterReadBuf
                0x000022bc      0x108 .\CortexM0\ARM_GCC_541\Debug\QuadEncoderRTOS.a(I2C_I2C_MASTER.o)
                0x000022bc                I2C_I2CMasterReadBuf
 .text.PWM_1_WriteCounter
                0x000023c4       0x10 .\CortexM0\ARM_GCC_541\Debug\QuadEncoderRTOS.a(PWM_1.o)
                0x000023c4                PWM_1_WriteCounter
 .text.PWM_1_WritePeriod
                0x000023d4       0x10 .\CortexM0\ARM_GCC_541\Debug\QuadEncoderRTOS.a(PWM_1.o)
                0x000023d4                PWM_1_WritePeriod
 .text.PWM_1_WriteCompare
                0x000023e4       0x10 .\CortexM0\ARM_GCC_541\Debug\QuadEncoderRTOS.a(PWM_1.o)
                0x000023e4                PWM_1_WriteCompare
 .text.PWM_1_TriggerCommand
                0x000023f4       0x1c .\CortexM0\ARM_GCC_541\Debug\QuadEncoderRTOS.a(PWM_1.o)
                0x000023f4                PWM_1_TriggerCommand
 .text.PWM_1_Enable
                0x00002410       0x24 .\CortexM0\ARM_GCC_541\Debug\QuadEncoderRTOS.a(PWM_1.o)
                0x00002410                PWM_1_Enable
 .text.PWM_1_SetInterruptMode
                0x00002434        0xc .\CortexM0\ARM_GCC_541\Debug\QuadEncoderRTOS.a(PWM_1.o)
                0x00002434                PWM_1_SetInterruptMode
 .text.PWM_1_Init
                0x00002440       0x48 .\CortexM0\ARM_GCC_541\Debug\QuadEncoderRTOS.a(PWM_1.o)
                0x00002440                PWM_1_Init
 .text.PWM_1_Start
                0x00002488       0x20 .\CortexM0\ARM_GCC_541\Debug\QuadEncoderRTOS.a(PWM_1.o)
                0x00002488                PWM_1_Start
 .text.I2C_sda_Read
                0x000024a8       0x10 .\CortexM0\ARM_GCC_541\Debug\QuadEncoderRTOS.a(I2C_sda.o)
                0x000024a8                I2C_sda_Read
 .text.I2C_scl_Write
                0x000024b8       0x18 .\CortexM0\ARM_GCC_541\Debug\QuadEncoderRTOS.a(I2C_scl.o)
                0x000024b8                I2C_scl_Write
 .text.I2C_scl_Read
                0x000024d0       0x10 .\CortexM0\ARM_GCC_541\Debug\QuadEncoderRTOS.a(I2C_scl.o)
                0x000024d0                I2C_scl_Read
 .text.CyIntEnable
                0x000024e0       0x14 .\CortexM0\ARM_GCC_541\Debug\QuadEncoderRTOS.a(CyLib.o)
                0x000024e0                CyIntEnable
 .text.CyIntDisable
                0x000024f4       0x14 .\CortexM0\ARM_GCC_541\Debug\QuadEncoderRTOS.a(CyLib.o)
                0x000024f4                CyIntDisable
 .text.CyHalt   0x00002508        0x4 .\CortexM0\ARM_GCC_541\Debug\QuadEncoderRTOS.a(CyLib.o)
                0x00002508                CyHalt
 .text.CyIntSetSysVector
                0x0000250c       0x20 .\CortexM0\ARM_GCC_541\Debug\QuadEncoderRTOS.a(CyLib.o)
                0x0000250c                CyIntSetSysVector
 .text.CyIntSetVector
                0x0000252c       0x24 .\CortexM0\ARM_GCC_541\Debug\QuadEncoderRTOS.a(CyLib.o)
                0x0000252c                CyIntSetVector
 .text.CyIntSetPriority
                0x00002550       0x4c .\CortexM0\ARM_GCC_541\Debug\QuadEncoderRTOS.a(CyLib.o)
                0x00002550                CyIntSetPriority
 .text.CyDelay  0x0000259c       0x30 .\CortexM0\ARM_GCC_541\Debug\QuadEncoderRTOS.a(CyLib.o)
                0x0000259c                CyDelay
 .text.CyDelayUs
                0x000025cc       0x14 .\CortexM0\ARM_GCC_541\Debug\QuadEncoderRTOS.a(CyLib.o)
                0x000025cc                CyDelayUs
 .text.CySysClkWriteImoFreq
                0x000025e0      0x164 .\CortexM0\ARM_GCC_541\Debug\QuadEncoderRTOS.a(CyLib.o)
                0x000025e0                CySysClkWriteImoFreq
 .text.CySysWdtResetCounters
                0x00002744       0x20 .\CortexM0\ARM_GCC_541\Debug\QuadEncoderRTOS.a(CyLFClk.o)
                0x00002744                CySysWdtResetCounters
 .text.INDEX_OUT_SetDriveMode
                0x00002764       0x18 .\CortexM0\ARM_GCC_541\Debug\QuadEncoderRTOS.a(INDEX_OUT.o)
                0x00002764                INDEX_OUT_SetDriveMode
 .text.HOME_OUT_SetDriveMode
                0x0000277c       0x18 .\CortexM0\ARM_GCC_541\Debug\QuadEncoderRTOS.a(HOME_OUT.o)
                0x0000277c                HOME_OUT_SetDriveMode
 .text.HOME_IN_ClearInterrupt
                0x00002794       0x14 .\CortexM0\ARM_GCC_541\Debug\QuadEncoderRTOS.a(HOME_IN.o)
                0x00002794                HOME_IN_ClearInterrupt
 .text.SPI_1_ScbEnableIntr
                0x000027a8        0xc .\CortexM0\ARM_GCC_541\Debug\QuadEncoderRTOS.a(SPI_1.o)
 .text.SPI_1_ScbModePostEnable
                0x000027b4        0x8 .\CortexM0\ARM_GCC_541\Debug\QuadEncoderRTOS.a(SPI_1.o)
 .text.SPI_1_Init
                0x000027bc        0x8 .\CortexM0\ARM_GCC_541\Debug\QuadEncoderRTOS.a(SPI_1.o)
                0x000027bc                SPI_1_Init
 .text.SPI_1_Enable
                0x000027c4       0x1c .\CortexM0\ARM_GCC_541\Debug\QuadEncoderRTOS.a(SPI_1.o)
                0x000027c4                SPI_1_Enable
 .text.SPI_1_Start
                0x000027e0       0x20 .\CortexM0\ARM_GCC_541\Debug\QuadEncoderRTOS.a(SPI_1.o)
                0x000027e0                SPI_1_Start
 .text.SPI_1_SpiUartReadRxData
                0x00002800       0x34 .\CortexM0\ARM_GCC_541\Debug\QuadEncoderRTOS.a(SPI_1_SPI_UART.o)
                0x00002800                SPI_1_SpiUartReadRxData
 .text.SPI_1_SpiUartClearRxBuffer
                0x00002834       0x54 .\CortexM0\ARM_GCC_541\Debug\QuadEncoderRTOS.a(SPI_1_SPI_UART.o)
                0x00002834                SPI_1_SpiUartClearRxBuffer
 .text.SPI_1_SpiUartWriteTxData
                0x00002888       0x70 .\CortexM0\ARM_GCC_541\Debug\QuadEncoderRTOS.a(SPI_1_SPI_UART.o)
                0x00002888                SPI_1_SpiUartWriteTxData
 .text.SPI_1_SpiUartPutArray
                0x000028f8       0x18 .\CortexM0\ARM_GCC_541\Debug\QuadEncoderRTOS.a(SPI_1_SPI_UART.o)
                0x000028f8                SPI_1_SpiUartPutArray
 .text.SPI_1_SpiUartClearTxBuffer
                0x00002910       0x58 .\CortexM0\ARM_GCC_541\Debug\QuadEncoderRTOS.a(SPI_1_SPI_UART.o)
                0x00002910                SPI_1_SpiUartClearTxBuffer
 .text.SPI_1_SpiInit
                0x00002968       0xcc .\CortexM0\ARM_GCC_541\Debug\QuadEncoderRTOS.a(SPI_1_SPI.o)
                0x00002968                SPI_1_SpiInit
 .text.SPI_1_SpiPostEnable
                0x00002a34       0x14 .\CortexM0\ARM_GCC_541\Debug\QuadEncoderRTOS.a(SPI_1_SPI.o)
                0x00002a34                SPI_1_SpiPostEnable
 .text.SPI_1_SPI_UART_ISR
                0x00002a48       0xe4 .\CortexM0\ARM_GCC_541\Debug\QuadEncoderRTOS.a(SPI_1_SPI_UART_INT.o)
                0x00002a48                SPI_1_SPI_UART_ISR
 .text.Counter_1_Enable
                0x00002b2c       0x14 .\CortexM0\ARM_GCC_541\Debug\QuadEncoderRTOS.a(Counter_1.o)
                0x00002b2c                Counter_1_Enable
 .text.Counter_1_SetInterruptMode
                0x00002b40        0xc .\CortexM0\ARM_GCC_541\Debug\QuadEncoderRTOS.a(Counter_1.o)
                0x00002b40                Counter_1_SetInterruptMode
 .text.Counter_1_ReadStatusRegister
                0x00002b4c        0xc .\CortexM0\ARM_GCC_541\Debug\QuadEncoderRTOS.a(Counter_1.o)
                0x00002b4c                Counter_1_ReadStatusRegister
 .text.Counter_1_WriteCounter
                0x00002b58       0x10 .\CortexM0\ARM_GCC_541\Debug\QuadEncoderRTOS.a(Counter_1.o)
                0x00002b58                Counter_1_WriteCounter
 .text.Counter_1_ReadCounter
                0x00002b68       0x18 .\CortexM0\ARM_GCC_541\Debug\QuadEncoderRTOS.a(Counter_1.o)
                0x00002b68                Counter_1_ReadCounter
 .text.Counter_1_ReadCapture
                0x00002b80       0x10 .\CortexM0\ARM_GCC_541\Debug\QuadEncoderRTOS.a(Counter_1.o)
                0x00002b80                Counter_1_ReadCapture
 .text.Counter_1_WritePeriod
                0x00002b90       0x10 .\CortexM0\ARM_GCC_541\Debug\QuadEncoderRTOS.a(Counter_1.o)
                0x00002b90                Counter_1_WritePeriod
 .text.Counter_1_WriteCompare
                0x00002ba0       0x10 .\CortexM0\ARM_GCC_541\Debug\QuadEncoderRTOS.a(Counter_1.o)
                0x00002ba0                Counter_1_WriteCompare
 .text.Counter_1_ClearFIFO
                0x00002bb0       0x14 .\CortexM0\ARM_GCC_541\Debug\QuadEncoderRTOS.a(Counter_1.o)
                0x00002bb0                Counter_1_ClearFIFO
 .text.Counter_1_Init
                0x00002bc4       0x64 .\CortexM0\ARM_GCC_541\Debug\QuadEncoderRTOS.a(Counter_1.o)
                0x00002bc4                Counter_1_Init
 .text.Counter_1_Start
                0x00002c28       0x20 .\CortexM0\ARM_GCC_541\Debug\QuadEncoderRTOS.a(Counter_1.o)
                0x00002c28                Counter_1_Start
 .text.Reset_Encoder_ClearInterrupt
                0x00002c48       0x14 .\CortexM0\ARM_GCC_541\Debug\QuadEncoderRTOS.a(Reset_Encoder.o)
                0x00002c48                Reset_Encoder_ClearInterrupt
 .text.isr_rst_encoder_SetVector
                0x00002c5c        0xc .\CortexM0\ARM_GCC_541\Debug\QuadEncoderRTOS.a(isr_rst_encoder.o)
                0x00002c5c                isr_rst_encoder_SetVector
 .text.isr_rst_encoder_SetPriority
                0x00002c68       0x24 .\CortexM0\ARM_GCC_541\Debug\QuadEncoderRTOS.a(isr_rst_encoder.o)
                0x00002c68                isr_rst_encoder_SetPriority
 .text.isr_rst_encoder_Enable
                0x00002c8c        0xc .\CortexM0\ARM_GCC_541\Debug\QuadEncoderRTOS.a(isr_rst_encoder.o)
                0x00002c8c                isr_rst_encoder_Enable
 .text.isr_rst_encoder_Disable
                0x00002c98        0xc .\CortexM0\ARM_GCC_541\Debug\QuadEncoderRTOS.a(isr_rst_encoder.o)
                0x00002c98                isr_rst_encoder_Disable
 .text.isr_rst_encoder_StartEx
                0x00002ca4       0x1c .\CortexM0\ARM_GCC_541\Debug\QuadEncoderRTOS.a(isr_rst_encoder.o)
                0x00002ca4                isr_rst_encoder_StartEx
 .text.isr_rst_encoder_ClearPending
                0x00002cc0        0xc .\CortexM0\ARM_GCC_541\Debug\QuadEncoderRTOS.a(isr_rst_encoder.o)
                0x00002cc0                isr_rst_encoder_ClearPending
 .text.isr_home_SetVector
                0x00002ccc        0xc .\CortexM0\ARM_GCC_541\Debug\QuadEncoderRTOS.a(isr_home.o)
                0x00002ccc                isr_home_SetVector
 .text.isr_home_SetPriority
                0x00002cd8       0x20 .\CortexM0\ARM_GCC_541\Debug\QuadEncoderRTOS.a(isr_home.o)
                0x00002cd8                isr_home_SetPriority
 .text.isr_home_Enable
                0x00002cf8        0xc .\CortexM0\ARM_GCC_541\Debug\QuadEncoderRTOS.a(isr_home.o)
                0x00002cf8                isr_home_Enable
 .text.isr_home_Disable
                0x00002d04        0xc .\CortexM0\ARM_GCC_541\Debug\QuadEncoderRTOS.a(isr_home.o)
                0x00002d04                isr_home_Disable
 .text.isr_home_StartEx
                0x00002d10       0x1c .\CortexM0\ARM_GCC_541\Debug\QuadEncoderRTOS.a(isr_home.o)
                0x00002d10                isr_home_StartEx
 .text.isr_home_ClearPending
                0x00002d2c        0xc .\CortexM0\ARM_GCC_541\Debug\QuadEncoderRTOS.a(isr_home.o)
                0x00002d2c                isr_home_ClearPending
 .text.LED_Write
                0x00002d38       0x18 .\CortexM0\ARM_GCC_541\Debug\QuadEncoderRTOS.a(LED.o)
                0x00002d38                LED_Write
 .text.isr_spi_ss_SetVector
                0x00002d50        0xc .\CortexM0\ARM_GCC_541\Debug\QuadEncoderRTOS.a(isr_spi_ss.o)
                0x00002d50                isr_spi_ss_SetVector
 .text.isr_spi_ss_SetPriority
                0x00002d5c       0x24 .\CortexM0\ARM_GCC_541\Debug\QuadEncoderRTOS.a(isr_spi_ss.o)
                0x00002d5c                isr_spi_ss_SetPriority
 .text.isr_spi_ss_Enable
                0x00002d80        0xc .\CortexM0\ARM_GCC_541\Debug\QuadEncoderRTOS.a(isr_spi_ss.o)
                0x00002d80                isr_spi_ss_Enable
 .text.isr_spi_ss_Disable
                0x00002d8c        0xc .\CortexM0\ARM_GCC_541\Debug\QuadEncoderRTOS.a(isr_spi_ss.o)
                0x00002d8c                isr_spi_ss_Disable
 .text.isr_spi_ss_StartEx
                0x00002d98       0x1c .\CortexM0\ARM_GCC_541\Debug\QuadEncoderRTOS.a(isr_spi_ss.o)
                0x00002d98                isr_spi_ss_StartEx
 .text.spi_ss_Read
                0x00002db4       0x10 .\CortexM0\ARM_GCC_541\Debug\QuadEncoderRTOS.a(spi_ss.o)
                0x00002db4                spi_ss_Read
 .text.spi_ss_ClearInterrupt
                0x00002dc4       0x14 .\CortexM0\ARM_GCC_541\Debug\QuadEncoderRTOS.a(spi_ss.o)
                0x00002dc4                spi_ss_ClearInterrupt
 .text.PROBE_Write
                0x00002dd8       0x18 .\CortexM0\ARM_GCC_541\Debug\QuadEncoderRTOS.a(PROBE.o)
                0x00002dd8                PROBE_Write
 .text.Index_Counter_1_Enable
                0x00002df0       0x14 .\CortexM0\ARM_GCC_541\Debug\QuadEncoderRTOS.a(Index_Counter_1.o)
                0x00002df0                Index_Counter_1_Enable
 .text.Index_Counter_1_SetInterruptMode
                0x00002e04        0xc .\CortexM0\ARM_GCC_541\Debug\QuadEncoderRTOS.a(Index_Counter_1.o)
                0x00002e04                Index_Counter_1_SetInterruptMode
 .text.Index_Counter_1_ReadStatusRegister
                0x00002e10        0xc .\CortexM0\ARM_GCC_541\Debug\QuadEncoderRTOS.a(Index_Counter_1.o)
                0x00002e10                Index_Counter_1_ReadStatusRegister
 .text.Index_Counter_1_WriteCounter
                0x00002e1c        0xc .\CortexM0\ARM_GCC_541\Debug\QuadEncoderRTOS.a(Index_Counter_1.o)
                0x00002e1c                Index_Counter_1_WriteCounter
 .text.Index_Counter_1_ReadCounter
                0x00002e28       0x14 .\CortexM0\ARM_GCC_541\Debug\QuadEncoderRTOS.a(Index_Counter_1.o)
                0x00002e28                Index_Counter_1_ReadCounter
 .text.Index_Counter_1_ReadCapture
                0x00002e3c        0xc .\CortexM0\ARM_GCC_541\Debug\QuadEncoderRTOS.a(Index_Counter_1.o)
                0x00002e3c                Index_Counter_1_ReadCapture
 .text.Index_Counter_1_WritePeriod
                0x00002e48        0xc .\CortexM0\ARM_GCC_541\Debug\QuadEncoderRTOS.a(Index_Counter_1.o)
                0x00002e48                Index_Counter_1_WritePeriod
 .text.Index_Counter_1_WriteCompare
                0x00002e54        0xc .\CortexM0\ARM_GCC_541\Debug\QuadEncoderRTOS.a(Index_Counter_1.o)
                0x00002e54                Index_Counter_1_WriteCompare
 .text.Index_Counter_1_ClearFIFO
                0x00002e60       0x14 .\CortexM0\ARM_GCC_541\Debug\QuadEncoderRTOS.a(Index_Counter_1.o)
                0x00002e60                Index_Counter_1_ClearFIFO
 .text.Index_Counter_1_Init
                0x00002e74       0x58 .\CortexM0\ARM_GCC_541\Debug\QuadEncoderRTOS.a(Index_Counter_1.o)
                0x00002e74                Index_Counter_1_Init
 .text.Index_Counter_1_Start
                0x00002ecc       0x20 .\CortexM0\ARM_GCC_541\Debug\QuadEncoderRTOS.a(Index_Counter_1.o)
                0x00002ecc                Index_Counter_1_Start
 *fill*         0x00002eec        0x4 
 .text          0x00002ef0       0x24 .\CortexM0\ARM_GCC_541\Debug\QuadEncoderRTOS.a(CyBootAsmGnu.o)
                0x00002ef0                CyDelayCycles
                0x00002f04                CyEnterCriticalSection
                0x00002f0c                CyExitCriticalSection
 .text.I2C_I2C_ISR
                0x00002f14      0x33c .\CortexM0\ARM_GCC_541\Debug\QuadEncoderRTOS.a(I2C_I2C_INT.o)
                0x00002f14                I2C_I2C_ISR
 .text.CySetReg24
                0x00003250       0x14 .\CortexM0\ARM_GCC_541\Debug\QuadEncoderRTOS.a(cyutils.o)
                0x00003250                CySetReg24
 .text.CyGetReg24
                0x00003264       0x14 .\CortexM0\ARM_GCC_541\Debug\QuadEncoderRTOS.a(cyutils.o)
                0x00003264                CyGetReg24
 .text          0x00003278       0x74 c:/program files (x86)/cypress/psoc creator/4.2/psoc creator/import/gnu/arm/5.4.1/bin/../lib/gcc/arm-none-eabi/5.4.1/armv6-m\libgcc.a(_arm_cmpsf2.o)
                0x00003278                __aeabi_cfrcmple
                0x00003280                __aeabi_cfcmpeq
                0x00003280                __aeabi_cfcmple
                0x00003290                __aeabi_fcmpeq
                0x0000329c                __aeabi_fcmplt
                0x000032b0                __aeabi_fcmple
                0x000032c4                __aeabi_fcmpgt
                0x000032d8                __aeabi_fcmpge
 .text          0x000032ec       0x30 c:/program files (x86)/cypress/psoc creator/4.2/psoc creator/import/gnu/arm/5.4.1/bin/../lib/gcc/arm-none-eabi/5.4.1/armv6-m\libgcc.a(_fixunssfsi.o)
                0x000032ec                __fixunssfsi
                0x000032ec                __aeabi_f2uiz
 .text          0x0000331c      0x2ec c:/program files (x86)/cypress/psoc creator/4.2/psoc creator/import/gnu/arm/5.4.1/bin/../lib/gcc/arm-none-eabi/5.4.1/armv6-m\libgcc.a(addsf3.o)
                0x0000331c                __aeabi_fadd
 .text          0x00003608      0x234 c:/program files (x86)/cypress/psoc creator/4.2/psoc creator/import/gnu/arm/5.4.1/bin/../lib/gcc/arm-none-eabi/5.4.1/armv6-m\libgcc.a(divsf3.o)
                0x00003608                __aeabi_fdiv
 .text          0x0000383c       0x50 c:/program files (x86)/cypress/psoc creator/4.2/psoc creator/import/gnu/arm/5.4.1/bin/../lib/gcc/arm-none-eabi/5.4.1/armv6-m\libgcc.a(eqsf2.o)
                0x0000383c                __eqsf2
                0x0000383c                __nesf2
 .text          0x0000388c       0x88 c:/program files (x86)/cypress/psoc creator/4.2/psoc creator/import/gnu/arm/5.4.1/bin/../lib/gcc/arm-none-eabi/5.4.1/armv6-m\libgcc.a(gesf2.o)
                0x0000388c                __gesf2
                0x0000388c                __gtsf2
 .text          0x00003914       0x88 c:/program files (x86)/cypress/psoc creator/4.2/psoc creator/import/gnu/arm/5.4.1/bin/../lib/gcc/arm-none-eabi/5.4.1/armv6-m\libgcc.a(lesf2.o)
                0x00003914                __ltsf2
                0x00003914                __lesf2
 .text          0x0000399c      0x228 c:/program files (x86)/cypress/psoc creator/4.2/psoc creator/import/gnu/arm/5.4.1/bin/../lib/gcc/arm-none-eabi/5.4.1/armv6-m\libgcc.a(mulsf3.o)
                0x0000399c                __aeabi_fmul
 .text          0x00003bc4      0x30c c:/program files (x86)/cypress/psoc creator/4.2/psoc creator/import/gnu/arm/5.4.1/bin/../lib/gcc/arm-none-eabi/5.4.1/armv6-m\libgcc.a(subsf3.o)
                0x00003bc4                __aeabi_fsub
 .text          0x00003ed0       0x44 c:/program files (x86)/cypress/psoc creator/4.2/psoc creator/import/gnu/arm/5.4.1/bin/../lib/gcc/arm-none-eabi/5.4.1/armv6-m\libgcc.a(fixsfsi.o)
                0x00003ed0                __aeabi_f2iz
 .text          0x00003f14       0x90 c:/program files (x86)/cypress/psoc creator/4.2/psoc creator/import/gnu/arm/5.4.1/bin/../lib/gcc/arm-none-eabi/5.4.1/armv6-m\libgcc.a(floatsisf.o)
                0x00003f14                __aeabi_i2f
 .text          0x00003fa4       0x7c c:/program files (x86)/cypress/psoc creator/4.2/psoc creator/import/gnu/arm/5.4.1/bin/../lib/gcc/arm-none-eabi/5.4.1/armv6-m\libgcc.a(floatunsisf.o)
                0x00003fa4                __aeabi_ui2f
 .text          0x00004020       0x3c c:/program files (x86)/cypress/psoc creator/4.2/psoc creator/import/gnu/arm/5.4.1/bin/../lib/gcc/arm-none-eabi/5.4.1/armv6-m\libgcc.a(_clzsi2.o)
                0x00004020                __clzsi2
 .text.__errno  0x0000405c        0xc c:/program files (x86)/cypress/psoc creator/4.2/psoc creator/import/gnu/arm/5.4.1/bin/../lib/gcc/arm-none-eabi/5.4.1/../../../../arm-none-eabi/lib/armv6-m\libg_nano.a(lib_a-errno.o)
                0x0000405c                __errno
 .text.__libc_init_array
                0x00004068       0x4c c:/program files (x86)/cypress/psoc creator/4.2/psoc creator/import/gnu/arm/5.4.1/bin/../lib/gcc/arm-none-eabi/5.4.1/../../../../arm-none-eabi/lib/armv6-m\libg_nano.a(lib_a-init.o)
                0x00004068                __libc_init_array
 .text.memcpy   0x000040b4       0x12 c:/program files (x86)/cypress/psoc creator/4.2/psoc creator/import/gnu/arm/5.4.1/bin/../lib/gcc/arm-none-eabi/5.4.1/../../../../arm-none-eabi/lib/armv6-m\libg_nano.a(lib_a-memcpy-stub.o)
                0x000040b4                memcpy
 .text.memset   0x000040c6       0x10 c:/program files (x86)/cypress/psoc creator/4.2/psoc creator/import/gnu/arm/5.4.1/bin/../lib/gcc/arm-none-eabi/5.4.1/../../../../arm-none-eabi/lib/armv6-m\libg_nano.a(lib_a-memset.o)
                0x000040c6                memset
 *(.plt)
 *(.gnu.warning)
 *(.glue_7t)
 .glue_7t       0x000040d6        0x0 linker stubs
 *(.glue_7)
 .glue_7        0x000040d6        0x0 linker stubs
 *(.vfp11_veneer)
 .vfp11_veneer  0x000040d6        0x0 linker stubs
 *(.bootloader)
 *(.ARM.extab* .gnu.linkonce.armextab.*)
 *(.gcc_except_table)

.v4_bx          0x000040d8        0x0
 .v4_bx         0x000040d8        0x0 linker stubs

.iplt           0x000040d8        0x0
 .iplt          0x000040d8        0x0 c:/program files (x86)/cypress/psoc creator/4.2/psoc creator/import/gnu/arm/5.4.1/bin/../lib/gcc/arm-none-eabi/5.4.1/armv6-m/crtbegin.o

.eh_frame_hdr
 *(.eh_frame_hdr)

.eh_frame       0x000040d8        0x4
 *(.eh_frame)
 .eh_frame      0x000040d8        0x0 c:/program files (x86)/cypress/psoc creator/4.2/psoc creator/import/gnu/arm/5.4.1/bin/../lib/gcc/arm-none-eabi/5.4.1/armv6-m/crtbegin.o
 .eh_frame      0x000040d8        0x4 c:/program files (x86)/cypress/psoc creator/4.2/psoc creator/import/gnu/arm/5.4.1/bin/../lib/gcc/arm-none-eabi/5.4.1/armv6-m/crtend.o
                [!provide]                PROVIDE (__exidx_start, .)

.ARM.exidx
 *(.ARM.exidx* .gnu.linkonce.armexidx.*)
                0x000040dc                __exidx_end = .

.rodata         0x000040dc      0x46c
 *(.rodata .rodata.* .gnu.linkonce.r.*)
 .rodata.str1.4
                0x000040dc       0x21 .\CortexM0\ARM_GCC_541\Debug\main.o
 *fill*         0x000040fd        0x3 
 .rodata.str1.4
                0x00004100        0x8 .\CortexM0\ARM_GCC_541\Debug\tasks.o
                                  0x5 (size before relaxing)
 .rodata        0x00004108      0x318 .\CortexM0\ARM_GCC_541\Debug\cyfitter_cfg.o
 .rodata        0x00004420       0x2e .\CortexM0\ARM_GCC_541\Debug\QuadEncoderRTOS.a(CyLib.o)
                0x00004420                cyImoFreqMhz2Reg
 *fill*         0x0000444e        0x2 
 .rodata        0x00004450       0x80 c:/program files (x86)/cypress/psoc creator/4.2/psoc creator/import/gnu/arm/5.4.1/bin/../lib/gcc/arm-none-eabi/5.4.1/armv6-m\libgcc.a(divsf3.o)
 .rodata        0x000044d0       0x40 c:/program files (x86)/cypress/psoc creator/4.2/psoc creator/import/gnu/arm/5.4.1/bin/../lib/gcc/arm-none-eabi/5.4.1/armv6-m\libgcc.a(mulsf3.o)
 .rodata.str1.1
                0x00004510        0x2 c:/program files (x86)/cypress/psoc creator/4.2/psoc creator/import/gnu/arm/5.4.1/bin/../lib/gcc/arm-none-eabi/5.4.1/../../../../arm-none-eabi/lib/armv6-m\libg_nano.a(lib_a-impure.o)
                0x00004514                . = ALIGN (0x4)
 *fill*         0x00004512        0x2 
 *(.init)
 .init          0x00004514        0x4 c:/program files (x86)/cypress/psoc creator/4.2/psoc creator/import/gnu/arm/5.4.1/bin/../lib/gcc/arm-none-eabi/5.4.1/armv6-m/crti.o
                0x00004514                _init
 .init          0x00004518        0x8 c:/program files (x86)/cypress/psoc creator/4.2/psoc creator/import/gnu/arm/5.4.1/bin/../lib/gcc/arm-none-eabi/5.4.1/armv6-m/crtn.o
                0x00004520                . = ALIGN (0x4)
                0x00004520                __preinit_array_start = .
 *(.preinit_array)
                0x00004520                __preinit_array_end = .
                0x00004520                . = ALIGN (0x4)
                0x00004520                __init_array_start = .
 *(SORT(.init_array.*))
 *(.init_array)
 .init_array    0x00004520        0x4 c:/program files (x86)/cypress/psoc creator/4.2/psoc creator/import/gnu/arm/5.4.1/bin/../lib/gcc/arm-none-eabi/5.4.1/armv6-m/crtbegin.o
 .init_array    0x00004524        0x4 .\CortexM0\ARM_GCC_541\Debug\Cm0Start.o
                0x00004528                __init_array_end = .
                0x00004528                . = ALIGN (0x4)
 *(.fini)
 .fini          0x00004528        0x4 c:/program files (x86)/cypress/psoc creator/4.2/psoc creator/import/gnu/arm/5.4.1/bin/../lib/gcc/arm-none-eabi/5.4.1/armv6-m/crti.o
                0x00004528                _fini
 .fini          0x0000452c        0x8 c:/program files (x86)/cypress/psoc creator/4.2/psoc creator/import/gnu/arm/5.4.1/bin/../lib/gcc/arm-none-eabi/5.4.1/armv6-m/crtn.o
                0x00004534                . = ALIGN (0x4)
                0x00004534                __fini_array_start = .
 *(.fini_array)
 .fini_array    0x00004534        0x4 c:/program files (x86)/cypress/psoc creator/4.2/psoc creator/import/gnu/arm/5.4.1/bin/../lib/gcc/arm-none-eabi/5.4.1/armv6-m/crtbegin.o
 *(SORT(.fini_array.*))
                0x00004538                __fini_array_end = .
                0x00004538                . = ALIGN (0x4)
 *crtbegin.o(.ctors)
 *(EXCLUDE_FILE(*crtend.o) .ctors)
 *(SORT(.ctors.*))
 *crtend.o(.ctors)
                0x00004538                . = ALIGN (0x4)
 *crtbegin.o(.dtors)
 *(EXCLUDE_FILE(*crtend.o) .dtors)
 *(SORT(.dtors.*))
 *crtend.o(.dtors)
                0x00004538                . = ALIGN (0x4)
                0x00004538                __cy_regions = .
                0x00004538        0x4 LONG 0x4548 __cy_region_init_ram
                0x0000453c        0x4 LONG 0x200000c0 __cy_region_start_data
                0x00004540        0x4 LONG 0x88 __cy_region_init_size_ram
                0x00004544        0x4 LONG 0xa60 __cy_region_zero_size_ram
                0x00004548                __cy_regions_end = .
                0x00004548                . = ALIGN (0x8)
                0x00004548                _etext = .

.cy_checksum_exclude
                0x00004548        0x0
 *(.cy_checksum_exclude)

.ramvectors     0x20000000       0xc0
                0x20000000                __cy_region_start_ram = .
 *(.ramvectors)
 .ramvectors    0x20000000       0xc0 .\CortexM0\ARM_GCC_541\Debug\Cm0Start.o
                0x20000000                CyRamVectors

.noinit
 *(.noinit)

.data           0x200000c0       0x88 load address 0x00004548
                0x200000c0                __cy_region_start_data = .
 *(.jcr)
 .jcr           0x200000c0        0x0 c:/program files (x86)/cypress/psoc creator/4.2/psoc creator/import/gnu/arm/5.4.1/bin/../lib/gcc/arm-none-eabi/5.4.1/armv6-m/crtbegin.o
 .jcr           0x200000c0        0x4 c:/program files (x86)/cypress/psoc creator/4.2/psoc creator/import/gnu/arm/5.4.1/bin/../lib/gcc/arm-none-eabi/5.4.1/armv6-m/crtend.o
 *(.got.plt)
 *(.got)
 *(.shdata)
 *(.data .data.* .gnu.linkonce.d.*)
 .data          0x200000c4        0x4 .\CortexM0\ARM_GCC_541\Debug\main.o
                0x200000c4                refSampleTime
 .data          0x200000c8        0x4 .\CortexM0\ARM_GCC_541\Debug\port.o
 .data          0x200000cc       0x14 .\CortexM0\ARM_GCC_541\Debug\QuadEncoderRTOS.a(CyLib.o)
                0x200000cc                CySysClkPumpConfig
                0x200000d0                cydelay32kMs
                0x200000d4                cydelayFreqKhz
                0x200000d8                cydelayFreqMhz
                0x200000dc                cydelayFreqHz
 .data.impure_data
                0x200000e0       0x60 c:/program files (x86)/cypress/psoc creator/4.2/psoc creator/import/gnu/arm/5.4.1/bin/../lib/gcc/arm-none-eabi/5.4.1/../../../../arm-none-eabi/lib/armv6-m\libg_nano.a(lib_a-impure.o)
 .data._impure_ptr
                0x20000140        0x4 c:/program files (x86)/cypress/psoc creator/4.2/psoc creator/import/gnu/arm/5.4.1/bin/../lib/gcc/arm-none-eabi/5.4.1/../../../../arm-none-eabi/lib/armv6-m\libg_nano.a(lib_a-impure.o)
                0x20000140                _impure_ptr
                0x20000148                . = ALIGN (0x8)
 *fill*         0x20000144        0x4 
 *(.ram)
                0x20000148                _edata = .

.igot.plt       0x20000148        0x0 load address 0x000045d0
 .igot.plt      0x20000148        0x0 c:/program files (x86)/cypress/psoc creator/4.2/psoc creator/import/gnu/arm/5.4.1/bin/../lib/gcc/arm-none-eabi/5.4.1/armv6-m/crtbegin.o

.bss            0x20000148      0xa60 load address 0x000045d0
                0x20000148                PROVIDE (__bss_start__, .)
 *(.shbss)
 *(.bss .bss.* .gnu.linkonce.b.*)
 .bss           0x20000148       0x1c c:/program files (x86)/cypress/psoc creator/4.2/psoc creator/import/gnu/arm/5.4.1/bin/../lib/gcc/arm-none-eabi/5.4.1/armv6-m/crtbegin.o
 .bss           0x20000164        0x1 .\CortexM0\ARM_GCC_541\Debug\main.o
                0x20000164                inAuto
 *fill*         0x20000165        0x3 
 .bss           0x20000168      0x7d8 .\CortexM0\ARM_GCC_541\Debug\heap_1.o
 .bss           0x20000940      0x104 .\CortexM0\ARM_GCC_541\Debug\tasks.o
                0x20000a18                pxCurrentTCB
 .bss           0x20000a44        0x8 .\CortexM0\ARM_GCC_541\Debug\QuadEncoderRTOS.a(I2C.o)
                0x20000a44                I2C_initVar
                0x20000a48                I2C_customIntrHandler
 .bss           0x20000a4c        0x1 .\CortexM0\ARM_GCC_541\Debug\QuadEncoderRTOS.a(PWM_1.o)
                0x20000a4c                PWM_1_initVar
 *fill*         0x20000a4d        0x3 
 .bss           0x20000a50        0xa .\CortexM0\ARM_GCC_541\Debug\QuadEncoderRTOS.a(SPI_1.o)
                0x20000a50                SPI_1_initVar
                0x20000a54                SPI_1_customIntrHandler
                0x20000a58                SPI_1_IntrTxMask
 .bss           0x20000a5a        0x1 .\CortexM0\ARM_GCC_541\Debug\QuadEncoderRTOS.a(Counter_1.o)
                0x20000a5a                Counter_1_initVar
 .bss           0x20000a5b        0x1 .\CortexM0\ARM_GCC_541\Debug\QuadEncoderRTOS.a(Index_Counter_1.o)
                0x20000a5b                Index_Counter_1_initVar
 *(COMMON)
 COMMON         0x20000a5c       0xc9 .\CortexM0\ARM_GCC_541\Debug\main.o
                0x20000a5c                PID_Enabled
                0x20000a60                PID_Setpoint
                0x20000a64                kd
                0x20000a68                outMax
                0x20000a6c                outMin
                0x20000a70                uxHighWaterMark_Comm
                0x20000a74                FaultState
                0x20000a75                PID_Was_Enabled
                0x20000a78                refKd
                0x20000a7c                PWM_Max_Fwd
                0x20000a80                lastPosition
                0x20000a84                Lock
                0x20000a88                PWM_Max_Rev
                0x20000a8c                LastMessageTimeTick
                0x20000a90                Current
                0x20000a94                Output
                0x20000a98                uxHighWaterMark_PID
                0x20000a9c                txMessage
                0x20000abc                ki
                0x20000ac0                lastTime
                0x20000ac4                refKp
                0x20000ac8                PWM
                0x20000acc                CurrentI2Cinbuf
                0x20000ae0                Jog
                0x20000ae2                ChecksumErrors
                0x20000ae4                Last_Jog
                0x20000ae8                ITerm
                0x20000aec                txMessageState
                0x20000af0                refKi
                0x20000af4                ConfigSequence
                0x20000af8                rxMessage
                0x20000b18                PID_Last_Position
                0x20000b1c                uxHighWaterMark_Current
                0x20000b20                kp
                0x20000b24                ConfigState
 COMMON         0x20000b25        0x1 .\CortexM0\ARM_GCC_541\Debug\QuadEncoderRTOS.a(I2C_I2C.o)
                0x20000b25                I2C_state
 *fill*         0x20000b26        0x2 
 COMMON         0x20000b28       0x24 .\CortexM0\ARM_GCC_541\Debug\QuadEncoderRTOS.a(I2C_I2C_MASTER.o)
                0x20000b28                I2C_mstrWrBufIndexTmp
                0x20000b2c                I2C_mstrWrBufIndex
                0x20000b30                I2C_mstrWrBufSize
                0x20000b34                I2C_mstrStatus
                0x20000b38                I2C_mstrRdBufPtr
                0x20000b3c                I2C_mstrControl
                0x20000b40                I2C_mstrRdBufSize
                0x20000b44                I2C_mstrRdBufIndex
                0x20000b48                I2C_mstrWrBufPtr
 COMMON         0x20000b4c       0x58 .\CortexM0\ARM_GCC_541\Debug\QuadEncoderRTOS.a(SPI_1_SPI_UART.o)
                0x20000b4c                SPI_1_txBufferTail
                0x20000b50                SPI_1_rxBufferOverflow
                0x20000b54                SPI_1_txBufferHead
                0x20000b58                SPI_1_rxBufferTail
                0x20000b5c                SPI_1_rxBufferHead
                0x20000b60                SPI_1_rxBufferInternal
                0x20000b84                SPI_1_txBufferInternal
                0x20000ba8                . = ALIGN (0x8)
 *fill*         0x20000ba4        0x4 
 *(.ram.b)
                0x20000ba8                _end = .
                0x20000ba8                __end = .
                0x20000ba8                PROVIDE (end, .)
                0x20000ba8                PROVIDE (__bss_end__, .)
                0x00004548                __cy_region_init_ram = LOADADDR (.data)
                0x00000088                __cy_region_init_size_ram = (_edata - ADDR (.data))
                0x00000a60                __cy_region_zero_size_ram = (_end - _edata)

.heap           0x20000ba8       0x80 load address 0x000045d0
                0x20000ba8                . = _end
                0x20000c28                . = (. + 0x80)
 *fill*         0x20000ba8       0x80 
                0x20000c28                __cy_heap_limit = .

.stack          0x20000e00      0x200
                0x20000e00                __cy_stack_limit = .
                0x20001000                . = (. + 0x200)
 *fill*         0x20000e00      0x200 
                0x00000001                ASSERT ((__cy_stack_limit >= __cy_heap_limit), region RAM overflowed with stack)
                0x00000000                cy_checksum_exclude_size = (CY_APPL_LOADABLE == 0x1)?SIZEOF (.cy_checksum_exclude):0x0
                0x00000001                ASSERT ((cy_checksum_exclude_size <= CY_CHECKSUM_EXCLUDE_SIZE), CY_BOOT: Section .cy_checksum_exclude size exceedes specified limit.)
                0x00007fc0                cyloadermeta_start = (cy_project_type_bootloader || cy_project_type_app_for_stack_and_copier)?(LENGTH (rom) - CY_METADATA_SIZE):0xf0000000

.cyloadermeta
 *(.cyloadermeta)
                0x00007fc0                cyloadablemeta_start = cy_project_type_app_for_stack_and_copier?((LENGTH (rom) - CY_FLASH_ROW_SIZE) - CY_METADATA_SIZE):((LENGTH (rom) - (CY_FLASH_ROW_SIZE * (CY_APPL_NUM - 0x1))) - CY_METADATA_SIZE)

.cyloadablemeta
 *(.cyloadablemeta)

.cyflashprotect
                0x90400000       0x20
 *(.cyflashprotect)
 .cyflashprotect
                0x90400000       0x20 .\CortexM0\ARM_GCC_541\Debug\cymetadata.o
                0x90400000                cy_meta_flashprotect

.cymeta         0x90500000        0xc
 *(.cymeta)
 .cymeta        0x90500000        0xc .\CortexM0\ARM_GCC_541\Debug\cymetadata.o
                0x90500000                cy_metadata

.cychipprotect  0x90600000        0x1
 *(.cychipprotect)
 .cychipprotect
                0x90600000        0x1 .\CortexM0\ARM_GCC_541\Debug\cymetadata.o
                0x90600000                cy_meta_chipprotect

.rel.dyn        0x000045d0        0x0 load address 0x90600004
 .rel.iplt      0x000045d0        0x0 c:/program files (x86)/cypress/psoc creator/4.2/psoc creator/import/gnu/arm/5.4.1/bin/../lib/gcc/arm-none-eabi/5.4.1/armv6-m/crtbegin.o

.stab
 *(.stab)

.stabstr
 *(.stabstr)

.debug
 *(.debug)

.line
 *(.line)

.debug_srcinfo
 *(.debug_srcinfo)

.debug_sfnames
 *(.debug_sfnames)

.debug_aranges  0x00000000     0x12b0
 *(.debug_aranges)
 .debug_aranges
                0x00000000       0xa0 .\CortexM0\ARM_GCC_541\Debug\main.o
 .debug_aranges
                0x000000a0       0x60 .\CortexM0\ARM_GCC_541\Debug\INA219.o
 .debug_aranges
                0x00000100       0x88 .\CortexM0\ARM_GCC_541\Debug\port.o
 .debug_aranges
                0x00000188       0x38 .\CortexM0\ARM_GCC_541\Debug\heap_1.o
 .debug_aranges
                0x000001c0       0xb8 .\CortexM0\ARM_GCC_541\Debug\stream_buffer.o
 .debug_aranges
                0x00000278      0x1c8 .\CortexM0\ARM_GCC_541\Debug\tasks.o
 .debug_aranges
                0x00000440       0x18 .\CortexM0\ARM_GCC_541\Debug\timers.o
 .debug_aranges
                0x00000458       0x18 .\CortexM0\ARM_GCC_541\Debug\croutine.o
 .debug_aranges
                0x00000470       0x68 .\CortexM0\ARM_GCC_541\Debug\event_groups.o
 .debug_aranges
                0x000004d8       0x40 .\CortexM0\ARM_GCC_541\Debug\list.o
 .debug_aranges
                0x00000518       0xf8 .\CortexM0\ARM_GCC_541\Debug\queue.o
 .debug_aranges
                0x00000610       0x38 .\CortexM0\ARM_GCC_541\Debug\cyfitter_cfg.o
 .debug_aranges
                0x00000648       0x18 .\CortexM0\ARM_GCC_541\Debug\cymetadata.o
 .debug_aranges
                0x00000660       0x48 .\CortexM0\ARM_GCC_541\Debug\Cm0Start.o
 .debug_aranges
                0x000006a8       0x68 .\CortexM0\ARM_GCC_541\Debug\QuadEncoderRTOS.a(I2C.o)
 .debug_aranges
                0x00000710       0x30 .\CortexM0\ARM_GCC_541\Debug\QuadEncoderRTOS.a(I2C_I2C.o)
 .debug_aranges
                0x00000740       0x98 .\CortexM0\ARM_GCC_541\Debug\QuadEncoderRTOS.a(I2C_I2C_MASTER.o)
 .debug_aranges
                0x000007d8      0x158 .\CortexM0\ARM_GCC_541\Debug\QuadEncoderRTOS.a(PWM_1.o)
 .debug_aranges
                0x00000930       0x48 .\CortexM0\ARM_GCC_541\Debug\QuadEncoderRTOS.a(I2C_sda.o)
 .debug_aranges
                0x00000978       0x48 .\CortexM0\ARM_GCC_541\Debug\QuadEncoderRTOS.a(I2C_scl.o)
 .debug_aranges
                0x000009c0      0x180 .\CortexM0\ARM_GCC_541\Debug\QuadEncoderRTOS.a(CyLib.o)
 .debug_aranges
                0x00000b40      0x138 .\CortexM0\ARM_GCC_541\Debug\QuadEncoderRTOS.a(CyLFClk.o)
 .debug_aranges
                0x00000c78       0x48 .\CortexM0\ARM_GCC_541\Debug\QuadEncoderRTOS.a(INDEX_OUT.o)
 .debug_aranges
                0x00000cc0       0x48 .\CortexM0\ARM_GCC_541\Debug\QuadEncoderRTOS.a(HOME_OUT.o)
 .debug_aranges
                0x00000d08       0x48 .\CortexM0\ARM_GCC_541\Debug\QuadEncoderRTOS.a(HOME_IN.o)
 .debug_aranges
                0x00000d50       0x70 .\CortexM0\ARM_GCC_541\Debug\QuadEncoderRTOS.a(SPI_1.o)
 .debug_aranges
                0x00000dc0       0x60 .\CortexM0\ARM_GCC_541\Debug\QuadEncoderRTOS.a(SPI_1_SPI_UART.o)
 .debug_aranges
                0x00000e20       0x30 .\CortexM0\ARM_GCC_541\Debug\QuadEncoderRTOS.a(SPI_1_SPI.o)
 .debug_aranges
                0x00000e50       0x20 .\CortexM0\ARM_GCC_541\Debug\QuadEncoderRTOS.a(SPI_1_SPI_UART_INT.o)
 .debug_aranges
                0x00000e70       0xa0 .\CortexM0\ARM_GCC_541\Debug\QuadEncoderRTOS.a(Counter_1.o)
 .debug_aranges
                0x00000f10       0x48 .\CortexM0\ARM_GCC_541\Debug\QuadEncoderRTOS.a(Reset_Encoder.o)
 .debug_aranges
                0x00000f58       0x80 .\CortexM0\ARM_GCC_541\Debug\QuadEncoderRTOS.a(isr_rst_encoder.o)
 .debug_aranges
                0x00000fd8       0x80 .\CortexM0\ARM_GCC_541\Debug\QuadEncoderRTOS.a(isr_home.o)
 .debug_aranges
                0x00001058       0x48 .\CortexM0\ARM_GCC_541\Debug\QuadEncoderRTOS.a(LED.o)
 .debug_aranges
                0x000010a0       0x80 .\CortexM0\ARM_GCC_541\Debug\QuadEncoderRTOS.a(isr_spi_ss.o)
 .debug_aranges
                0x00001120       0x48 .\CortexM0\ARM_GCC_541\Debug\QuadEncoderRTOS.a(spi_ss.o)
 .debug_aranges
                0x00001168       0x48 .\CortexM0\ARM_GCC_541\Debug\QuadEncoderRTOS.a(PROBE.o)
 .debug_aranges
                0x000011b0       0x98 .\CortexM0\ARM_GCC_541\Debug\QuadEncoderRTOS.a(Index_Counter_1.o)
 .debug_aranges
                0x00001248       0x20 .\CortexM0\ARM_GCC_541\Debug\QuadEncoderRTOS.a(CyBootAsmGnu.o)
 .debug_aranges
                0x00001268       0x20 .\CortexM0\ARM_GCC_541\Debug\QuadEncoderRTOS.a(I2C_I2C_INT.o)
 .debug_aranges
                0x00001288       0x28 .\CortexM0\ARM_GCC_541\Debug\QuadEncoderRTOS.a(cyutils.o)

.debug_pubnames
 *(.debug_pubnames)

.debug_info     0x00000000     0xd318
 *(.debug_info .gnu.linkonce.wi.*)
 .debug_info    0x00000000     0x1473 .\CortexM0\ARM_GCC_541\Debug\main.o
 .debug_info    0x00001473      0x46c .\CortexM0\ARM_GCC_541\Debug\INA219.o
 .debug_info    0x000018df      0x2cc .\CortexM0\ARM_GCC_541\Debug\port.o
 .debug_info    0x00001bab      0x1bc .\CortexM0\ARM_GCC_541\Debug\heap_1.o
 .debug_info    0x00001d67     0x10ef .\CortexM0\ARM_GCC_541\Debug\stream_buffer.o
 .debug_info    0x00002e56     0x1ec6 .\CortexM0\ARM_GCC_541\Debug\tasks.o
 .debug_info    0x00004d1c       0x87 .\CortexM0\ARM_GCC_541\Debug\timers.o
 .debug_info    0x00004da3       0x87 .\CortexM0\ARM_GCC_541\Debug\croutine.o
 .debug_info    0x00004e2a      0x8db .\CortexM0\ARM_GCC_541\Debug\event_groups.o
 .debug_info    0x00005705      0x2b4 .\CortexM0\ARM_GCC_541\Debug\list.o
 .debug_info    0x000059b9     0x1715 .\CortexM0\ARM_GCC_541\Debug\queue.o
 .debug_info    0x000070ce      0x366 .\CortexM0\ARM_GCC_541\Debug\cyfitter_cfg.o
 .debug_info    0x00007434       0xf8 .\CortexM0\ARM_GCC_541\Debug\cymetadata.o
 .debug_info    0x0000752c      0x3a2 .\CortexM0\ARM_GCC_541\Debug\Cm0Start.o
 .debug_info    0x000078ce      0x2aa .\CortexM0\ARM_GCC_541\Debug\QuadEncoderRTOS.a(I2C.o)
 .debug_info    0x00007b78      0x195 .\CortexM0\ARM_GCC_541\Debug\QuadEncoderRTOS.a(I2C_I2C.o)
 .debug_info    0x00007d0d      0x91d .\CortexM0\ARM_GCC_541\Debug\QuadEncoderRTOS.a(I2C_I2C_MASTER.o)
 .debug_info    0x0000862a      0x90b .\CortexM0\ARM_GCC_541\Debug\QuadEncoderRTOS.a(PWM_1.o)
 .debug_info    0x00008f35      0x19d .\CortexM0\ARM_GCC_541\Debug\QuadEncoderRTOS.a(I2C_sda.o)
 .debug_info    0x000090d2      0x19b .\CortexM0\ARM_GCC_541\Debug\QuadEncoderRTOS.a(I2C_scl.o)
 .debug_info    0x0000926d      0xaec .\CortexM0\ARM_GCC_541\Debug\QuadEncoderRTOS.a(CyLib.o)
 .debug_info    0x00009d59      0xcfe .\CortexM0\ARM_GCC_541\Debug\QuadEncoderRTOS.a(CyLFClk.o)
 .debug_info    0x0000aa57      0x19d .\CortexM0\ARM_GCC_541\Debug\QuadEncoderRTOS.a(INDEX_OUT.o)
 .debug_info    0x0000abf4      0x19d .\CortexM0\ARM_GCC_541\Debug\QuadEncoderRTOS.a(HOME_OUT.o)
 .debug_info    0x0000ad91      0x19d .\CortexM0\ARM_GCC_541\Debug\QuadEncoderRTOS.a(HOME_IN.o)
 .debug_info    0x0000af2e      0x2fb .\CortexM0\ARM_GCC_541\Debug\QuadEncoderRTOS.a(SPI_1.o)
 .debug_info    0x0000b229      0x372 .\CortexM0\ARM_GCC_541\Debug\QuadEncoderRTOS.a(SPI_1_SPI_UART.o)
 .debug_info    0x0000b59b      0x19f .\CortexM0\ARM_GCC_541\Debug\QuadEncoderRTOS.a(SPI_1_SPI.o)
 .debug_info    0x0000b73a      0x186 .\CortexM0\ARM_GCC_541\Debug\QuadEncoderRTOS.a(SPI_1_SPI_UART_INT.o)
 .debug_info    0x0000b8c0      0x43b .\CortexM0\ARM_GCC_541\Debug\QuadEncoderRTOS.a(Counter_1.o)
 .debug_info    0x0000bcfb      0x19d .\CortexM0\ARM_GCC_541\Debug\QuadEncoderRTOS.a(Reset_Encoder.o)
 .debug_info    0x0000be98      0x305 .\CortexM0\ARM_GCC_541\Debug\QuadEncoderRTOS.a(isr_rst_encoder.o)
 .debug_info    0x0000c19d      0x305 .\CortexM0\ARM_GCC_541\Debug\QuadEncoderRTOS.a(isr_home.o)
 .debug_info    0x0000c4a2      0x19d .\CortexM0\ARM_GCC_541\Debug\QuadEncoderRTOS.a(LED.o)
 .debug_info    0x0000c63f      0x305 .\CortexM0\ARM_GCC_541\Debug\QuadEncoderRTOS.a(isr_spi_ss.o)
 .debug_info    0x0000c944      0x19d .\CortexM0\ARM_GCC_541\Debug\QuadEncoderRTOS.a(spi_ss.o)
 .debug_info    0x0000cae1      0x19d .\CortexM0\ARM_GCC_541\Debug\QuadEncoderRTOS.a(PROBE.o)
 .debug_info    0x0000cc7e      0x327 .\CortexM0\ARM_GCC_541\Debug\QuadEncoderRTOS.a(Index_Counter_1.o)
 .debug_info    0x0000cfa5       0x80 .\CortexM0\ARM_GCC_541\Debug\QuadEncoderRTOS.a(CyBootAsmGnu.o)
 .debug_info    0x0000d025      0x1a8 .\CortexM0\ARM_GCC_541\Debug\QuadEncoderRTOS.a(I2C_I2C_INT.o)
 .debug_info    0x0000d1cd      0x14b .\CortexM0\ARM_GCC_541\Debug\QuadEncoderRTOS.a(cyutils.o)

.debug_abbrev   0x00000000     0x3076
 *(.debug_abbrev)
 .debug_abbrev  0x00000000      0x2ea .\CortexM0\ARM_GCC_541\Debug\main.o
 .debug_abbrev  0x000002ea      0x155 .\CortexM0\ARM_GCC_541\Debug\INA219.o
 .debug_abbrev  0x0000043f      0x1a0 .\CortexM0\ARM_GCC_541\Debug\port.o
 .debug_abbrev  0x000005df      0x119 .\CortexM0\ARM_GCC_541\Debug\heap_1.o
 .debug_abbrev  0x000006f8      0x1e6 .\CortexM0\ARM_GCC_541\Debug\stream_buffer.o
 .debug_abbrev  0x000008de      0x26d .\CortexM0\ARM_GCC_541\Debug\tasks.o
 .debug_abbrev  0x00000b4b       0x26 .\CortexM0\ARM_GCC_541\Debug\timers.o
 .debug_abbrev  0x00000b71       0x26 .\CortexM0\ARM_GCC_541\Debug\croutine.o
 .debug_abbrev  0x00000b97      0x184 .\CortexM0\ARM_GCC_541\Debug\event_groups.o
 .debug_abbrev  0x00000d1b       0xe3 .\CortexM0\ARM_GCC_541\Debug\list.o
 .debug_abbrev  0x00000dfe      0x239 .\CortexM0\ARM_GCC_541\Debug\queue.o
 .debug_abbrev  0x00001037      0x195 .\CortexM0\ARM_GCC_541\Debug\cyfitter_cfg.o
 .debug_abbrev  0x000011cc       0x5d .\CortexM0\ARM_GCC_541\Debug\cymetadata.o
 .debug_abbrev  0x00001229      0x1d7 .\CortexM0\ARM_GCC_541\Debug\Cm0Start.o
 .debug_abbrev  0x00001400      0x130 .\CortexM0\ARM_GCC_541\Debug\QuadEncoderRTOS.a(I2C.o)
 .debug_abbrev  0x00001530       0xc7 .\CortexM0\ARM_GCC_541\Debug\QuadEncoderRTOS.a(I2C_I2C.o)
 .debug_abbrev  0x000015f7      0x1b3 .\CortexM0\ARM_GCC_541\Debug\QuadEncoderRTOS.a(I2C_I2C_MASTER.o)
 .debug_abbrev  0x000017aa      0x119 .\CortexM0\ARM_GCC_541\Debug\QuadEncoderRTOS.a(PWM_1.o)
 .debug_abbrev  0x000018c3       0xc8 .\CortexM0\ARM_GCC_541\Debug\QuadEncoderRTOS.a(I2C_sda.o)
 .debug_abbrev  0x0000198b       0xc8 .\CortexM0\ARM_GCC_541\Debug\QuadEncoderRTOS.a(I2C_scl.o)
 .debug_abbrev  0x00001a53      0x1e0 .\CortexM0\ARM_GCC_541\Debug\QuadEncoderRTOS.a(CyLib.o)
 .debug_abbrev  0x00001c33      0x210 .\CortexM0\ARM_GCC_541\Debug\QuadEncoderRTOS.a(CyLFClk.o)
 .debug_abbrev  0x00001e43       0xc8 .\CortexM0\ARM_GCC_541\Debug\QuadEncoderRTOS.a(INDEX_OUT.o)
 .debug_abbrev  0x00001f0b       0xc8 .\CortexM0\ARM_GCC_541\Debug\QuadEncoderRTOS.a(HOME_OUT.o)
 .debug_abbrev  0x00001fd3       0xc8 .\CortexM0\ARM_GCC_541\Debug\QuadEncoderRTOS.a(HOME_IN.o)
 .debug_abbrev  0x0000209b      0x130 .\CortexM0\ARM_GCC_541\Debug\QuadEncoderRTOS.a(SPI_1.o)
 .debug_abbrev  0x000021cb      0x168 .\CortexM0\ARM_GCC_541\Debug\QuadEncoderRTOS.a(SPI_1_SPI_UART.o)
 .debug_abbrev  0x00002333       0xce .\CortexM0\ARM_GCC_541\Debug\QuadEncoderRTOS.a(SPI_1_SPI.o)
 .debug_abbrev  0x00002401       0x9a .\CortexM0\ARM_GCC_541\Debug\QuadEncoderRTOS.a(SPI_1_SPI_UART_INT.o)
 .debug_abbrev  0x0000249b      0x15e .\CortexM0\ARM_GCC_541\Debug\QuadEncoderRTOS.a(Counter_1.o)
 .debug_abbrev  0x000025f9       0xc8 .\CortexM0\ARM_GCC_541\Debug\QuadEncoderRTOS.a(Reset_Encoder.o)
 .debug_abbrev  0x000026c1      0x19a .\CortexM0\ARM_GCC_541\Debug\QuadEncoderRTOS.a(isr_rst_encoder.o)
 .debug_abbrev  0x0000285b      0x19a .\CortexM0\ARM_GCC_541\Debug\QuadEncoderRTOS.a(isr_home.o)
 .debug_abbrev  0x000029f5       0xc8 .\CortexM0\ARM_GCC_541\Debug\QuadEncoderRTOS.a(LED.o)
 .debug_abbrev  0x00002abd      0x19a .\CortexM0\ARM_GCC_541\Debug\QuadEncoderRTOS.a(isr_spi_ss.o)
 .debug_abbrev  0x00002c57       0xc8 .\CortexM0\ARM_GCC_541\Debug\QuadEncoderRTOS.a(spi_ss.o)
 .debug_abbrev  0x00002d1f       0xc8 .\CortexM0\ARM_GCC_541\Debug\QuadEncoderRTOS.a(PROBE.o)
 .debug_abbrev  0x00002de7      0x117 .\CortexM0\ARM_GCC_541\Debug\QuadEncoderRTOS.a(Index_Counter_1.o)
 .debug_abbrev  0x00002efe       0x14 .\CortexM0\ARM_GCC_541\Debug\QuadEncoderRTOS.a(CyBootAsmGnu.o)
 .debug_abbrev  0x00002f12       0xa4 .\CortexM0\ARM_GCC_541\Debug\QuadEncoderRTOS.a(I2C_I2C_INT.o)
 .debug_abbrev  0x00002fb6       0xc0 .\CortexM0\ARM_GCC_541\Debug\QuadEncoderRTOS.a(cyutils.o)

.debug_line     0x00000000     0x55c6
 *(.debug_line)
 .debug_line    0x00000000      0x53e .\CortexM0\ARM_GCC_541\Debug\main.o
 .debug_line    0x0000053e      0x227 .\CortexM0\ARM_GCC_541\Debug\INA219.o
 .debug_line    0x00000765      0x288 .\CortexM0\ARM_GCC_541\Debug\port.o
 .debug_line    0x000009ed      0x220 .\CortexM0\ARM_GCC_541\Debug\heap_1.o
 .debug_line    0x00000c0d      0x5b4 .\CortexM0\ARM_GCC_541\Debug\stream_buffer.o
 .debug_line    0x000011c1      0xc20 .\CortexM0\ARM_GCC_541\Debug\tasks.o
 .debug_line    0x00001de1       0x1d .\CortexM0\ARM_GCC_541\Debug\timers.o
 .debug_line    0x00001dfe       0x1d .\CortexM0\ARM_GCC_541\Debug\croutine.o
 .debug_line    0x00001e1b      0x34e .\CortexM0\ARM_GCC_541\Debug\event_groups.o
 .debug_line    0x00002169      0x1d7 .\CortexM0\ARM_GCC_541\Debug\list.o
 .debug_line    0x00002340      0x7b6 .\CortexM0\ARM_GCC_541\Debug\queue.o
 .debug_line    0x00002af6      0x170 .\CortexM0\ARM_GCC_541\Debug\cyfitter_cfg.o
 .debug_line    0x00002c66      0x141 .\CortexM0\ARM_GCC_541\Debug\cymetadata.o
 .debug_line    0x00002da7      0x235 .\CortexM0\ARM_GCC_541\Debug\Cm0Start.o
 .debug_line    0x00002fdc      0x143 .\CortexM0\ARM_GCC_541\Debug\QuadEncoderRTOS.a(I2C.o)
 .debug_line    0x0000311f       0xc3 .\CortexM0\ARM_GCC_541\Debug\QuadEncoderRTOS.a(I2C_I2C.o)
 .debug_line    0x000031e2      0x339 .\CortexM0\ARM_GCC_541\Debug\QuadEncoderRTOS.a(I2C_I2C_MASTER.o)
 .debug_line    0x0000351b      0x37e .\CortexM0\ARM_GCC_541\Debug\QuadEncoderRTOS.a(PWM_1.o)
 .debug_line    0x00003899       0xbf .\CortexM0\ARM_GCC_541\Debug\QuadEncoderRTOS.a(I2C_sda.o)
 .debug_line    0x00003958       0xbe .\CortexM0\ARM_GCC_541\Debug\QuadEncoderRTOS.a(I2C_scl.o)
 .debug_line    0x00003a16      0x460 .\CortexM0\ARM_GCC_541\Debug\QuadEncoderRTOS.a(CyLib.o)
 .debug_line    0x00003e76      0x466 .\CortexM0\ARM_GCC_541\Debug\QuadEncoderRTOS.a(CyLFClk.o)
 .debug_line    0x000042dc       0xc1 .\CortexM0\ARM_GCC_541\Debug\QuadEncoderRTOS.a(INDEX_OUT.o)
 .debug_line    0x0000439d       0xc0 .\CortexM0\ARM_GCC_541\Debug\QuadEncoderRTOS.a(HOME_OUT.o)
 .debug_line    0x0000445d       0xbf .\CortexM0\ARM_GCC_541\Debug\QuadEncoderRTOS.a(HOME_IN.o)
 .debug_line    0x0000451c      0x15f .\CortexM0\ARM_GCC_541\Debug\QuadEncoderRTOS.a(SPI_1.o)
 .debug_line    0x0000467b      0x153 .\CortexM0\ARM_GCC_541\Debug\QuadEncoderRTOS.a(SPI_1_SPI_UART.o)
 .debug_line    0x000047ce       0xd2 .\CortexM0\ARM_GCC_541\Debug\QuadEncoderRTOS.a(SPI_1_SPI.o)
 .debug_line    0x000048a0       0xb1 .\CortexM0\ARM_GCC_541\Debug\QuadEncoderRTOS.a(SPI_1_SPI_UART_INT.o)
 .debug_line    0x00004951      0x1a5 .\CortexM0\ARM_GCC_541\Debug\QuadEncoderRTOS.a(Counter_1.o)
 .debug_line    0x00004af6       0xc5 .\CortexM0\ARM_GCC_541\Debug\QuadEncoderRTOS.a(Reset_Encoder.o)
 .debug_line    0x00004bbb      0x15b .\CortexM0\ARM_GCC_541\Debug\QuadEncoderRTOS.a(isr_rst_encoder.o)
 .debug_line    0x00004d16      0x150 .\CortexM0\ARM_GCC_541\Debug\QuadEncoderRTOS.a(isr_home.o)
 .debug_line    0x00004e66       0xbb .\CortexM0\ARM_GCC_541\Debug\QuadEncoderRTOS.a(LED.o)
 .debug_line    0x00004f21      0x156 .\CortexM0\ARM_GCC_541\Debug\QuadEncoderRTOS.a(isr_spi_ss.o)
 .debug_line    0x00005077       0xbe .\CortexM0\ARM_GCC_541\Debug\QuadEncoderRTOS.a(spi_ss.o)
 .debug_line    0x00005135       0xbd .\CortexM0\ARM_GCC_541\Debug\QuadEncoderRTOS.a(PROBE.o)
 .debug_line    0x000051f2      0x198 .\CortexM0\ARM_GCC_541\Debug\QuadEncoderRTOS.a(Index_Counter_1.o)
 .debug_line    0x0000538a       0x69 .\CortexM0\ARM_GCC_541\Debug\QuadEncoderRTOS.a(CyBootAsmGnu.o)
 .debug_line    0x000053f3      0x15f .\CortexM0\ARM_GCC_541\Debug\QuadEncoderRTOS.a(I2C_I2C_INT.o)
 .debug_line    0x00005552       0x74 .\CortexM0\ARM_GCC_541\Debug\QuadEncoderRTOS.a(cyutils.o)

.debug_frame    0x00000000     0x31b8
 *(.debug_frame)
 .debug_frame   0x00000000      0x204 .\CortexM0\ARM_GCC_541\Debug\main.o
 .debug_frame   0x00000204      0x10c .\CortexM0\ARM_GCC_541\Debug\INA219.o
 .debug_frame   0x00000310      0x118 .\CortexM0\ARM_GCC_541\Debug\port.o
 .debug_frame   0x00000428       0x60 .\CortexM0\ARM_GCC_541\Debug\heap_1.o
 .debug_frame   0x00000488      0x29c .\CortexM0\ARM_GCC_541\Debug\stream_buffer.o
 .debug_frame   0x00000724      0x5ec .\CortexM0\ARM_GCC_541\Debug\tasks.o
 .debug_frame   0x00000d10      0x148 .\CortexM0\ARM_GCC_541\Debug\event_groups.o
 .debug_frame   0x00000e58       0x6c .\CortexM0\ARM_GCC_541\Debug\list.o
 .debug_frame   0x00000ec4      0x340 .\CortexM0\ARM_GCC_541\Debug\queue.o
 .debug_frame   0x00001204       0x8c .\CortexM0\ARM_GCC_541\Debug\cyfitter_cfg.o
 .debug_frame   0x00001290       0xbc .\CortexM0\ARM_GCC_541\Debug\Cm0Start.o
 .debug_frame   0x0000134c       0xf8 .\CortexM0\ARM_GCC_541\Debug\QuadEncoderRTOS.a(I2C.o)
 .debug_frame   0x00001444       0x58 .\CortexM0\ARM_GCC_541\Debug\QuadEncoderRTOS.a(I2C_I2C.o)
 .debug_frame   0x0000149c      0x1e8 .\CortexM0\ARM_GCC_541\Debug\QuadEncoderRTOS.a(I2C_I2C_MASTER.o)
 .debug_frame   0x00001684      0x3a0 .\CortexM0\ARM_GCC_541\Debug\QuadEncoderRTOS.a(PWM_1.o)
 .debug_frame   0x00001a24       0x70 .\CortexM0\ARM_GCC_541\Debug\QuadEncoderRTOS.a(I2C_sda.o)
 .debug_frame   0x00001a94       0x70 .\CortexM0\ARM_GCC_541\Debug\QuadEncoderRTOS.a(I2C_scl.o)
 .debug_frame   0x00001b04      0x3e0 .\CortexM0\ARM_GCC_541\Debug\QuadEncoderRTOS.a(CyLib.o)
 .debug_frame   0x00001ee4      0x3a8 .\CortexM0\ARM_GCC_541\Debug\QuadEncoderRTOS.a(CyLFClk.o)
 .debug_frame   0x0000228c       0x70 .\CortexM0\ARM_GCC_541\Debug\QuadEncoderRTOS.a(INDEX_OUT.o)
 .debug_frame   0x000022fc       0x70 .\CortexM0\ARM_GCC_541\Debug\QuadEncoderRTOS.a(HOME_OUT.o)
 .debug_frame   0x0000236c       0x70 .\CortexM0\ARM_GCC_541\Debug\QuadEncoderRTOS.a(HOME_IN.o)
 .debug_frame   0x000023dc      0x114 .\CortexM0\ARM_GCC_541\Debug\QuadEncoderRTOS.a(SPI_1.o)
 .debug_frame   0x000024f0       0xc8 .\CortexM0\ARM_GCC_541\Debug\QuadEncoderRTOS.a(SPI_1_SPI_UART.o)
 .debug_frame   0x000025b8       0x4c .\CortexM0\ARM_GCC_541\Debug\QuadEncoderRTOS.a(SPI_1_SPI.o)
 .debug_frame   0x00002604       0x2c .\CortexM0\ARM_GCC_541\Debug\QuadEncoderRTOS.a(SPI_1_SPI_UART_INT.o)
 .debug_frame   0x00002630      0x198 .\CortexM0\ARM_GCC_541\Debug\QuadEncoderRTOS.a(Counter_1.o)
 .debug_frame   0x000027c8       0x70 .\CortexM0\ARM_GCC_541\Debug\QuadEncoderRTOS.a(Reset_Encoder.o)
 .debug_frame   0x00002838      0x110 .\CortexM0\ARM_GCC_541\Debug\QuadEncoderRTOS.a(isr_rst_encoder.o)
 .debug_frame   0x00002948      0x110 .\CortexM0\ARM_GCC_541\Debug\QuadEncoderRTOS.a(isr_home.o)
 .debug_frame   0x00002a58       0x70 .\CortexM0\ARM_GCC_541\Debug\QuadEncoderRTOS.a(LED.o)
 .debug_frame   0x00002ac8      0x110 .\CortexM0\ARM_GCC_541\Debug\QuadEncoderRTOS.a(isr_spi_ss.o)
 .debug_frame   0x00002bd8       0x70 .\CortexM0\ARM_GCC_541\Debug\QuadEncoderRTOS.a(spi_ss.o)
 .debug_frame   0x00002c48       0x70 .\CortexM0\ARM_GCC_541\Debug\QuadEncoderRTOS.a(PROBE.o)
 .debug_frame   0x00002cb8      0x134 .\CortexM0\ARM_GCC_541\Debug\QuadEncoderRTOS.a(Index_Counter_1.o)
 .debug_frame   0x00002dec       0x2c .\CortexM0\ARM_GCC_541\Debug\QuadEncoderRTOS.a(I2C_I2C_INT.o)
 .debug_frame   0x00002e18       0x30 .\CortexM0\ARM_GCC_541\Debug\QuadEncoderRTOS.a(cyutils.o)
 .debug_frame   0x00002e48       0x20 c:/program files (x86)/cypress/psoc creator/4.2/psoc creator/import/gnu/arm/5.4.1/bin/../lib/gcc/arm-none-eabi/5.4.1/armv6-m\libgcc.a(_udivsi3.o)
 .debug_frame   0x00002e68       0x28 c:/program files (x86)/cypress/psoc creator/4.2/psoc creator/import/gnu/arm/5.4.1/bin/../lib/gcc/arm-none-eabi/5.4.1/armv6-m\libgcc.a(_fixunssfsi.o)
 .debug_frame   0x00002e90       0x30 c:/program files (x86)/cypress/psoc creator/4.2/psoc creator/import/gnu/arm/5.4.1/bin/../lib/gcc/arm-none-eabi/5.4.1/armv6-m\libgcc.a(addsf3.o)
 .debug_frame   0x00002ec0       0x3c c:/program files (x86)/cypress/psoc creator/4.2/psoc creator/import/gnu/arm/5.4.1/bin/../lib/gcc/arm-none-eabi/5.4.1/armv6-m\libgcc.a(divsf3.o)
 .debug_frame   0x00002efc       0x2c c:/program files (x86)/cypress/psoc creator/4.2/psoc creator/import/gnu/arm/5.4.1/bin/../lib/gcc/arm-none-eabi/5.4.1/armv6-m\libgcc.a(eqsf2.o)
 .debug_frame   0x00002f28       0x30 c:/program files (x86)/cypress/psoc creator/4.2/psoc creator/import/gnu/arm/5.4.1/bin/../lib/gcc/arm-none-eabi/5.4.1/armv6-m\libgcc.a(gesf2.o)
 .debug_frame   0x00002f58       0x30 c:/program files (x86)/cypress/psoc creator/4.2/psoc creator/import/gnu/arm/5.4.1/bin/../lib/gcc/arm-none-eabi/5.4.1/armv6-m\libgcc.a(lesf2.o)
 .debug_frame   0x00002f88       0x38 c:/program files (x86)/cypress/psoc creator/4.2/psoc creator/import/gnu/arm/5.4.1/bin/../lib/gcc/arm-none-eabi/5.4.1/armv6-m\libgcc.a(mulsf3.o)
 .debug_frame   0x00002fc0       0x30 c:/program files (x86)/cypress/psoc creator/4.2/psoc creator/import/gnu/arm/5.4.1/bin/../lib/gcc/arm-none-eabi/5.4.1/armv6-m\libgcc.a(subsf3.o)
 .debug_frame   0x00002ff0       0x20 c:/program files (x86)/cypress/psoc creator/4.2/psoc creator/import/gnu/arm/5.4.1/bin/../lib/gcc/arm-none-eabi/5.4.1/armv6-m\libgcc.a(fixsfsi.o)
 .debug_frame   0x00003010       0x2c c:/program files (x86)/cypress/psoc creator/4.2/psoc creator/import/gnu/arm/5.4.1/bin/../lib/gcc/arm-none-eabi/5.4.1/armv6-m\libgcc.a(floatsisf.o)
 .debug_frame   0x0000303c       0x2c c:/program files (x86)/cypress/psoc creator/4.2/psoc creator/import/gnu/arm/5.4.1/bin/../lib/gcc/arm-none-eabi/5.4.1/armv6-m\libgcc.a(floatunsisf.o)
 .debug_frame   0x00003068       0x3c c:/program files (x86)/cypress/psoc creator/4.2/psoc creator/import/gnu/arm/5.4.1/bin/../lib/gcc/arm-none-eabi/5.4.1/armv6-m\libgcc.a(muldf3.o)
 .debug_frame   0x000030a4       0x2c c:/program files (x86)/cypress/psoc creator/4.2/psoc creator/import/gnu/arm/5.4.1/bin/../lib/gcc/arm-none-eabi/5.4.1/armv6-m\libgcc.a(floatsidf.o)
 .debug_frame   0x000030d0       0x2c c:/program files (x86)/cypress/psoc creator/4.2/psoc creator/import/gnu/arm/5.4.1/bin/../lib/gcc/arm-none-eabi/5.4.1/armv6-m\libgcc.a(truncdfsf2.o)
 .debug_frame   0x000030fc       0x20 c:/program files (x86)/cypress/psoc creator/4.2/psoc creator/import/gnu/arm/5.4.1/bin/../lib/gcc/arm-none-eabi/5.4.1/../../../../arm-none-eabi/lib/armv6-m\libg_nano.a(lib_a-errno.o)
 .debug_frame   0x0000311c       0x28 c:/program files (x86)/cypress/psoc creator/4.2/psoc creator/import/gnu/arm/5.4.1/bin/../lib/gcc/arm-none-eabi/5.4.1/../../../../arm-none-eabi/lib/armv6-m\libg_nano.a(lib_a-exit.o)
 .debug_frame   0x00003144       0x2c c:/program files (x86)/cypress/psoc creator/4.2/psoc creator/import/gnu/arm/5.4.1/bin/../lib/gcc/arm-none-eabi/5.4.1/../../../../arm-none-eabi/lib/armv6-m\libg_nano.a(lib_a-init.o)
 .debug_frame   0x00003170       0x28 c:/program files (x86)/cypress/psoc creator/4.2/psoc creator/import/gnu/arm/5.4.1/bin/../lib/gcc/arm-none-eabi/5.4.1/../../../../arm-none-eabi/lib/armv6-m\libg_nano.a(lib_a-memcpy-stub.o)
 .debug_frame   0x00003198       0x20 c:/program files (x86)/cypress/psoc creator/4.2/psoc creator/import/gnu/arm/5.4.1/bin/../lib/gcc/arm-none-eabi/5.4.1/../../../../arm-none-eabi/lib/armv6-m\libg_nano.a(lib_a-memset.o)

.debug_str      0x00000000     0x45c4
 *(.debug_str)
 .debug_str     0x00000000      0xa0c .\CortexM0\ARM_GCC_541\Debug\main.o
                                0xaea (size before relaxing)
 .debug_str     0x00000a0c      0x150 .\CortexM0\ARM_GCC_541\Debug\INA219.o
                                0x31a (size before relaxing)
 .debug_str     0x00000b5c      0x1b6 .\CortexM0\ARM_GCC_541\Debug\port.o
                                0x34c (size before relaxing)
 .debug_str     0x00000d12       0xb3 .\CortexM0\ARM_GCC_541\Debug\heap_1.o
                                0x244 (size before relaxing)
 .debug_str     0x00000dc5      0x536 .\CortexM0\ARM_GCC_541\Debug\stream_buffer.o
                                0x7cd (size before relaxing)
 .debug_str     0x000012fb      0xa1c .\CortexM0\ARM_GCC_541\Debug\tasks.o
                                0xf1b (size before relaxing)
 .debug_str     0x00001d17       0x19 .\CortexM0\ARM_GCC_541\Debug\timers.o
                                0x184 (size before relaxing)
 .debug_str     0x00001d30       0x1b .\CortexM0\ARM_GCC_541\Debug\croutine.o
                                0x186 (size before relaxing)
 .debug_str     0x00001d4b      0x26f .\CortexM0\ARM_GCC_541\Debug\event_groups.o
                                0x613 (size before relaxing)
 .debug_str     0x00001fba       0x58 .\CortexM0\ARM_GCC_541\Debug\list.o
                                0x2d5 (size before relaxing)
 .debug_str     0x00002012      0x457 .\CortexM0\ARM_GCC_541\Debug\queue.o
                                0x947 (size before relaxing)
 .debug_str     0x00002469       0xde .\CortexM0\ARM_GCC_541\Debug\cyfitter_cfg.o
                                0x29a (size before relaxing)
 .debug_str     0x00002547       0x59 .\CortexM0\ARM_GCC_541\Debug\cymetadata.o
                                0x1b8 (size before relaxing)
 .debug_str     0x000025a0      0x127 .\CortexM0\ARM_GCC_541\Debug\Cm0Start.o
                                0x2f1 (size before relaxing)
 .debug_str     0x000026c7      0x141 .\CortexM0\ARM_GCC_541\Debug\QuadEncoderRTOS.a(I2C.o)
                                0x2c9 (size before relaxing)
 .debug_str     0x00002808       0x94 .\CortexM0\ARM_GCC_541\Debug\QuadEncoderRTOS.a(I2C_I2C.o)
                                0x23e (size before relaxing)
 .debug_str     0x0000289c      0x261 .\CortexM0\ARM_GCC_541\Debug\QuadEncoderRTOS.a(I2C_I2C_MASTER.o)
                                0x4dc (size before relaxing)
 .debug_str     0x00002afd      0x3e7 .\CortexM0\ARM_GCC_541\Debug\QuadEncoderRTOS.a(PWM_1.o)
                                0x5a1 (size before relaxing)
 .debug_str     0x00002ee4       0xa3 .\CortexM0\ARM_GCC_541\Debug\QuadEncoderRTOS.a(I2C_sda.o)
                                0x234 (size before relaxing)
 .debug_str     0x00002f87       0x7a .\CortexM0\ARM_GCC_541\Debug\QuadEncoderRTOS.a(I2C_scl.o)
                                0x234 (size before relaxing)
 .debug_str     0x00003001      0x42e .\CortexM0\ARM_GCC_541\Debug\QuadEncoderRTOS.a(CyLib.o)
                                0x6a6 (size before relaxing)
 .debug_str     0x0000342f      0x515 .\CortexM0\ARM_GCC_541\Debug\QuadEncoderRTOS.a(CyLFClk.o)
                                0x72d (size before relaxing)
 .debug_str     0x00003944       0x8c .\CortexM0\ARM_GCC_541\Debug\QuadEncoderRTOS.a(INDEX_OUT.o)
                                0x242 (size before relaxing)
 .debug_str     0x000039d0       0x86 .\CortexM0\ARM_GCC_541\Debug\QuadEncoderRTOS.a(HOME_OUT.o)
                                0x23b (size before relaxing)
 .debug_str     0x00003a56       0x7e .\CortexM0\ARM_GCC_541\Debug\QuadEncoderRTOS.a(HOME_IN.o)
                                0x234 (size before relaxing)
 .debug_str     0x00003ad4      0x14e .\CortexM0\ARM_GCC_541\Debug\QuadEncoderRTOS.a(SPI_1.o)
                                0x32b (size before relaxing)
 .debug_str     0x00003c22      0x17c .\CortexM0\ARM_GCC_541\Debug\QuadEncoderRTOS.a(SPI_1_SPI_UART.o)
                                0x382 (size before relaxing)
 .debug_str     0x00003d9e       0x23 .\CortexM0\ARM_GCC_541\Debug\QuadEncoderRTOS.a(SPI_1_SPI.o)
                                0x279 (size before relaxing)
 .debug_str     0x00003dc1       0x3f .\CortexM0\ARM_GCC_541\Debug\QuadEncoderRTOS.a(SPI_1_SPI_UART_INT.o)
                                0x283 (size before relaxing)
 .debug_str     0x00003e00       0x82 .\CortexM0\ARM_GCC_541\Debug\QuadEncoderRTOS.a(Counter_1.o)
                                0x3cf (size before relaxing)
 .debug_str     0x00003e82       0xa2 .\CortexM0\ARM_GCC_541\Debug\QuadEncoderRTOS.a(Reset_Encoder.o)
                                0x25e (size before relaxing)
 .debug_str     0x00003f24      0x130 .\CortexM0\ARM_GCC_541\Debug\QuadEncoderRTOS.a(isr_rst_encoder.o)
                                0x366 (size before relaxing)
 .debug_str     0x00004054       0xd4 .\CortexM0\ARM_GCC_541\Debug\QuadEncoderRTOS.a(isr_home.o)
                                0x304 (size before relaxing)
 .debug_str     0x00004128       0x6f .\CortexM0\ARM_GCC_541\Debug\QuadEncoderRTOS.a(LED.o)
                                0x218 (size before relaxing)
 .debug_str     0x00004197      0x102 .\CortexM0\ARM_GCC_541\Debug\QuadEncoderRTOS.a(isr_spi_ss.o)
                                0x320 (size before relaxing)
 .debug_str     0x00004299       0x6c .\CortexM0\ARM_GCC_541\Debug\QuadEncoderRTOS.a(spi_ss.o)
                                0x22d (size before relaxing)
 .debug_str     0x00004305       0x7b .\CortexM0\ARM_GCC_541\Debug\QuadEncoderRTOS.a(PROBE.o)
                                0x226 (size before relaxing)
 .debug_str     0x00004380      0x1d4 .\CortexM0\ARM_GCC_541\Debug\QuadEncoderRTOS.a(Index_Counter_1.o)
                                0x3f9 (size before relaxing)
 .debug_str     0x00004554       0x47 .\CortexM0\ARM_GCC_541\Debug\QuadEncoderRTOS.a(I2C_I2C_INT.o)
                                0x2ae (size before relaxing)
 .debug_str     0x0000459b       0x29 .\CortexM0\ARM_GCC_541\Debug\QuadEncoderRTOS.a(cyutils.o)
                                0x1ad (size before relaxing)

.debug_loc      0x00000000     0x7e15
 *(.debug_loc)
 .debug_loc     0x00000000      0x5bd .\CortexM0\ARM_GCC_541\Debug\main.o
 .debug_loc     0x000005bd      0x1c1 .\CortexM0\ARM_GCC_541\Debug\INA219.o
 .debug_loc     0x0000077e       0xa6 .\CortexM0\ARM_GCC_541\Debug\port.o
 .debug_loc     0x00000824       0x5f .\CortexM0\ARM_GCC_541\Debug\heap_1.o
 .debug_loc     0x00000883     0x124b .\CortexM0\ARM_GCC_541\Debug\stream_buffer.o
 .debug_loc     0x00001ace     0x172b .\CortexM0\ARM_GCC_541\Debug\tasks.o
 .debug_loc     0x000031f9      0x86e .\CortexM0\ARM_GCC_541\Debug\event_groups.o
 .debug_loc     0x00003a67       0x65 .\CortexM0\ARM_GCC_541\Debug\list.o
 .debug_loc     0x00003acc     0x1559 .\CortexM0\ARM_GCC_541\Debug\queue.o
 .debug_loc     0x00005025      0x118 .\CortexM0\ARM_GCC_541\Debug\cyfitter_cfg.o
 .debug_loc     0x0000513d      0x14f .\CortexM0\ARM_GCC_541\Debug\Cm0Start.o
 .debug_loc     0x0000528c       0x7e .\CortexM0\ARM_GCC_541\Debug\QuadEncoderRTOS.a(I2C.o)
 .debug_loc     0x0000530a      0xa90 .\CortexM0\ARM_GCC_541\Debug\QuadEncoderRTOS.a(I2C_I2C_MASTER.o)
 .debug_loc     0x00005d9a      0x547 .\CortexM0\ARM_GCC_541\Debug\QuadEncoderRTOS.a(PWM_1.o)
 .debug_loc     0x000062e1       0xa2 .\CortexM0\ARM_GCC_541\Debug\QuadEncoderRTOS.a(I2C_sda.o)
 .debug_loc     0x00006383       0x81 .\CortexM0\ARM_GCC_541\Debug\QuadEncoderRTOS.a(I2C_scl.o)
 .debug_loc     0x00006404      0x599 .\CortexM0\ARM_GCC_541\Debug\QuadEncoderRTOS.a(CyLib.o)
 .debug_loc     0x0000699d      0x9b5 .\CortexM0\ARM_GCC_541\Debug\QuadEncoderRTOS.a(CyLFClk.o)
 .debug_loc     0x00007352       0xa2 .\CortexM0\ARM_GCC_541\Debug\QuadEncoderRTOS.a(INDEX_OUT.o)
 .debug_loc     0x000073f4       0xa2 .\CortexM0\ARM_GCC_541\Debug\QuadEncoderRTOS.a(HOME_OUT.o)
 .debug_loc     0x00007496       0xa2 .\CortexM0\ARM_GCC_541\Debug\QuadEncoderRTOS.a(HOME_IN.o)
 .debug_loc     0x00007538       0x7e .\CortexM0\ARM_GCC_541\Debug\QuadEncoderRTOS.a(SPI_1.o)
 .debug_loc     0x000075b6      0x170 .\CortexM0\ARM_GCC_541\Debug\QuadEncoderRTOS.a(SPI_1_SPI_UART.o)
 .debug_loc     0x00007726       0x3d .\CortexM0\ARM_GCC_541\Debug\QuadEncoderRTOS.a(SPI_1_SPI_UART_INT.o)
 .debug_loc     0x00007763       0xd6 .\CortexM0\ARM_GCC_541\Debug\QuadEncoderRTOS.a(Counter_1.o)
 .debug_loc     0x00007839       0xa2 .\CortexM0\ARM_GCC_541\Debug\QuadEncoderRTOS.a(Reset_Encoder.o)
 .debug_loc     0x000078db       0x82 .\CortexM0\ARM_GCC_541\Debug\QuadEncoderRTOS.a(isr_rst_encoder.o)
 .debug_loc     0x0000795d       0x82 .\CortexM0\ARM_GCC_541\Debug\QuadEncoderRTOS.a(isr_home.o)
 .debug_loc     0x000079df       0xa2 .\CortexM0\ARM_GCC_541\Debug\QuadEncoderRTOS.a(LED.o)
 .debug_loc     0x00007a81       0x82 .\CortexM0\ARM_GCC_541\Debug\QuadEncoderRTOS.a(isr_spi_ss.o)
 .debug_loc     0x00007b03       0xa2 .\CortexM0\ARM_GCC_541\Debug\QuadEncoderRTOS.a(spi_ss.o)
 .debug_loc     0x00007ba5       0xa2 .\CortexM0\ARM_GCC_541\Debug\QuadEncoderRTOS.a(PROBE.o)
 .debug_loc     0x00007c47       0x31 .\CortexM0\ARM_GCC_541\Debug\QuadEncoderRTOS.a(Index_Counter_1.o)
 .debug_loc     0x00007c78      0x10c .\CortexM0\ARM_GCC_541\Debug\QuadEncoderRTOS.a(I2C_I2C_INT.o)
 .debug_loc     0x00007d84       0x91 .\CortexM0\ARM_GCC_541\Debug\QuadEncoderRTOS.a(cyutils.o)

.debug_macinfo
 *(.debug_macinfo)

.debug_ranges   0x00000000     0x1090
 *(.debug_ranges)
 .debug_ranges  0x00000000       0x90 .\CortexM0\ARM_GCC_541\Debug\main.o
 .debug_ranges  0x00000090       0x50 .\CortexM0\ARM_GCC_541\Debug\INA219.o
 .debug_ranges  0x000000e0       0x78 .\CortexM0\ARM_GCC_541\Debug\port.o
 .debug_ranges  0x00000158       0x28 .\CortexM0\ARM_GCC_541\Debug\heap_1.o
 .debug_ranges  0x00000180       0xa8 .\CortexM0\ARM_GCC_541\Debug\stream_buffer.o
 .debug_ranges  0x00000228      0x1f0 .\CortexM0\ARM_GCC_541\Debug\tasks.o
 .debug_ranges  0x00000418       0x70 .\CortexM0\ARM_GCC_541\Debug\event_groups.o
 .debug_ranges  0x00000488       0x30 .\CortexM0\ARM_GCC_541\Debug\list.o
 .debug_ranges  0x000004b8      0x130 .\CortexM0\ARM_GCC_541\Debug\queue.o
 .debug_ranges  0x000005e8       0x28 .\CortexM0\ARM_GCC_541\Debug\cyfitter_cfg.o
 .debug_ranges  0x00000610       0x38 .\CortexM0\ARM_GCC_541\Debug\Cm0Start.o
 .debug_ranges  0x00000648       0x58 .\CortexM0\ARM_GCC_541\Debug\QuadEncoderRTOS.a(I2C.o)
 .debug_ranges  0x000006a0       0x20 .\CortexM0\ARM_GCC_541\Debug\QuadEncoderRTOS.a(I2C_I2C.o)
 .debug_ranges  0x000006c0       0x88 .\CortexM0\ARM_GCC_541\Debug\QuadEncoderRTOS.a(I2C_I2C_MASTER.o)
 .debug_ranges  0x00000748      0x148 .\CortexM0\ARM_GCC_541\Debug\QuadEncoderRTOS.a(PWM_1.o)
 .debug_ranges  0x00000890       0x38 .\CortexM0\ARM_GCC_541\Debug\QuadEncoderRTOS.a(I2C_sda.o)
 .debug_ranges  0x000008c8       0x38 .\CortexM0\ARM_GCC_541\Debug\QuadEncoderRTOS.a(I2C_scl.o)
 .debug_ranges  0x00000900      0x170 .\CortexM0\ARM_GCC_541\Debug\QuadEncoderRTOS.a(CyLib.o)
 .debug_ranges  0x00000a70      0x128 .\CortexM0\ARM_GCC_541\Debug\QuadEncoderRTOS.a(CyLFClk.o)
 .debug_ranges  0x00000b98       0x38 .\CortexM0\ARM_GCC_541\Debug\QuadEncoderRTOS.a(INDEX_OUT.o)
 .debug_ranges  0x00000bd0       0x38 .\CortexM0\ARM_GCC_541\Debug\QuadEncoderRTOS.a(HOME_OUT.o)
 .debug_ranges  0x00000c08       0x38 .\CortexM0\ARM_GCC_541\Debug\QuadEncoderRTOS.a(HOME_IN.o)
 .debug_ranges  0x00000c40       0x60 .\CortexM0\ARM_GCC_541\Debug\QuadEncoderRTOS.a(SPI_1.o)
 .debug_ranges  0x00000ca0       0x50 .\CortexM0\ARM_GCC_541\Debug\QuadEncoderRTOS.a(SPI_1_SPI_UART.o)
 .debug_ranges  0x00000cf0       0x20 .\CortexM0\ARM_GCC_541\Debug\QuadEncoderRTOS.a(SPI_1_SPI.o)
 .debug_ranges  0x00000d10       0x10 .\CortexM0\ARM_GCC_541\Debug\QuadEncoderRTOS.a(SPI_1_SPI_UART_INT.o)
 .debug_ranges  0x00000d20       0x90 .\CortexM0\ARM_GCC_541\Debug\QuadEncoderRTOS.a(Counter_1.o)
 .debug_ranges  0x00000db0       0x38 .\CortexM0\ARM_GCC_541\Debug\QuadEncoderRTOS.a(Reset_Encoder.o)
 .debug_ranges  0x00000de8       0x70 .\CortexM0\ARM_GCC_541\Debug\QuadEncoderRTOS.a(isr_rst_encoder.o)
 .debug_ranges  0x00000e58       0x70 .\CortexM0\ARM_GCC_541\Debug\QuadEncoderRTOS.a(isr_home.o)
 .debug_ranges  0x00000ec8       0x38 .\CortexM0\ARM_GCC_541\Debug\QuadEncoderRTOS.a(LED.o)
 .debug_ranges  0x00000f00       0x70 .\CortexM0\ARM_GCC_541\Debug\QuadEncoderRTOS.a(isr_spi_ss.o)
 .debug_ranges  0x00000f70       0x38 .\CortexM0\ARM_GCC_541\Debug\QuadEncoderRTOS.a(spi_ss.o)
 .debug_ranges  0x00000fa8       0x38 .\CortexM0\ARM_GCC_541\Debug\QuadEncoderRTOS.a(PROBE.o)
 .debug_ranges  0x00000fe0       0x88 .\CortexM0\ARM_GCC_541\Debug\QuadEncoderRTOS.a(Index_Counter_1.o)
 .debug_ranges  0x00001068       0x10 .\CortexM0\ARM_GCC_541\Debug\QuadEncoderRTOS.a(I2C_I2C_INT.o)
 .debug_ranges  0x00001078       0x18 .\CortexM0\ARM_GCC_541\Debug\QuadEncoderRTOS.a(cyutils.o)

.comment        0x00000000       0x6e
 .comment       0x00000000       0x6e .\CortexM0\ARM_GCC_541\Debug\main.o
                                 0x6f (size before relaxing)
 .comment       0x0000006e       0x6f .\CortexM0\ARM_GCC_541\Debug\INA219.o
 .comment       0x0000006e       0x6f .\CortexM0\ARM_GCC_541\Debug\port.o
 .comment       0x0000006e       0x6f .\CortexM0\ARM_GCC_541\Debug\heap_1.o
 .comment       0x0000006e       0x6f .\CortexM0\ARM_GCC_541\Debug\stream_buffer.o
 .comment       0x0000006e       0x6f .\CortexM0\ARM_GCC_541\Debug\tasks.o
 .comment       0x0000006e       0x6f .\CortexM0\ARM_GCC_541\Debug\timers.o
 .comment       0x0000006e       0x6f .\CortexM0\ARM_GCC_541\Debug\croutine.o
 .comment       0x0000006e       0x6f .\CortexM0\ARM_GCC_541\Debug\event_groups.o
 .comment       0x0000006e       0x6f .\CortexM0\ARM_GCC_541\Debug\list.o
 .comment       0x0000006e       0x6f .\CortexM0\ARM_GCC_541\Debug\queue.o
 .comment       0x0000006e       0x6f .\CortexM0\ARM_GCC_541\Debug\cyfitter_cfg.o
 .comment       0x0000006e       0x6f .\CortexM0\ARM_GCC_541\Debug\cymetadata.o
 .comment       0x0000006e       0x6f .\CortexM0\ARM_GCC_541\Debug\Cm0Start.o
 .comment       0x0000006e       0x6f .\CortexM0\ARM_GCC_541\Debug\QuadEncoderRTOS.a(I2C.o)
 .comment       0x0000006e       0x6f .\CortexM0\ARM_GCC_541\Debug\QuadEncoderRTOS.a(I2C_I2C.o)
 .comment       0x0000006e       0x6f .\CortexM0\ARM_GCC_541\Debug\QuadEncoderRTOS.a(I2C_I2C_MASTER.o)
 .comment       0x0000006e       0x6f .\CortexM0\ARM_GCC_541\Debug\QuadEncoderRTOS.a(PWM_1.o)
 .comment       0x0000006e       0x6f .\CortexM0\ARM_GCC_541\Debug\QuadEncoderRTOS.a(I2C_sda.o)
 .comment       0x0000006e       0x6f .\CortexM0\ARM_GCC_541\Debug\QuadEncoderRTOS.a(I2C_scl.o)
 .comment       0x0000006e       0x6f .\CortexM0\ARM_GCC_541\Debug\QuadEncoderRTOS.a(CyLib.o)
 .comment       0x0000006e       0x6f .\CortexM0\ARM_GCC_541\Debug\QuadEncoderRTOS.a(CyLFClk.o)
 .comment       0x0000006e       0x6f .\CortexM0\ARM_GCC_541\Debug\QuadEncoderRTOS.a(INDEX_OUT.o)
 .comment       0x0000006e       0x6f .\CortexM0\ARM_GCC_541\Debug\QuadEncoderRTOS.a(HOME_OUT.o)
 .comment       0x0000006e       0x6f .\CortexM0\ARM_GCC_541\Debug\QuadEncoderRTOS.a(HOME_IN.o)
 .comment       0x0000006e       0x6f .\CortexM0\ARM_GCC_541\Debug\QuadEncoderRTOS.a(SPI_1.o)
 .comment       0x0000006e       0x6f .\CortexM0\ARM_GCC_541\Debug\QuadEncoderRTOS.a(SPI_1_SPI_UART.o)