Archive member included to satisfy reference by file (symbol)

.\CortexM0\ARM_GCC_541\Debug\QuadEncoderRTOS.a(I2C.o)
                              .\CortexM0\ARM_GCC_541\Debug\main.o (I2C_Start)
.\CortexM0\ARM_GCC_541\Debug\QuadEncoderRTOS.a(I2C_I2C.o)
                              .\CortexM0\ARM_GCC_541\Debug\QuadEncoderRTOS.a(I2C.o) (I2C_I2CInit)
.\CortexM0\ARM_GCC_541\Debug\QuadEncoderRTOS.a(I2C_I2C_MASTER.o)
                              .\CortexM0\ARM_GCC_541\Debug\QuadEncoderRTOS.a(I2C_I2C.o) (I2C_mstrRdBufIndex)
.\CortexM0\ARM_GCC_541\Debug\QuadEncoderRTOS.a(PWM_1.o)
                              .\CortexM0\ARM_GCC_541\Debug\main.o (PWM_1_WritePeriod)
.\CortexM0\ARM_GCC_541\Debug\QuadEncoderRTOS.a(I2C_sda.o)
                              .\CortexM0\ARM_GCC_541\Debug\QuadEncoderRTOS.a(I2C_I2C_MASTER.o) (I2C_sda_Read)
.\CortexM0\ARM_GCC_541\Debug\QuadEncoderRTOS.a(I2C_scl.o)
                              .\CortexM0\ARM_GCC_541\Debug\QuadEncoderRTOS.a(I2C_I2C_MASTER.o) (I2C_scl_Write)
.\CortexM0\ARM_GCC_541\Debug\QuadEncoderRTOS.a(CyLib.o)
                              .\CortexM0\ARM_GCC_541\Debug\QuadEncoderRTOS.a(I2C.o) (CyIntEnable)
.\CortexM0\ARM_GCC_541\Debug\QuadEncoderRTOS.a(CyLFClk.o)
                              .\CortexM0\ARM_GCC_541\Debug\main.o (CySysWdtResetCounters)
.\CortexM0\ARM_GCC_541\Debug\QuadEncoderRTOS.a(INDEX_OUT.o)
                              .\CortexM0\ARM_GCC_541\Debug\main.o (INDEX_OUT_SetDriveMode)
.\CortexM0\ARM_GCC_541\Debug\QuadEncoderRTOS.a(HOME_OUT.o)
                              .\CortexM0\ARM_GCC_541\Debug\main.o (HOME_OUT_SetDriveMode)
.\CortexM0\ARM_GCC_541\Debug\QuadEncoderRTOS.a(HOME_IN.o)
                              .\CortexM0\ARM_GCC_541\Debug\main.o (HOME_IN_ClearInterrupt)
.\CortexM0\ARM_GCC_541\Debug\QuadEncoderRTOS.a(SPI_1.o)
                              .\CortexM0\ARM_GCC_541\Debug\main.o (SPI_1_Start)
.\CortexM0\ARM_GCC_541\Debug\QuadEncoderRTOS.a(SPI_1_SPI_UART.o)
                              .\CortexM0\ARM_GCC_541\Debug\main.o (SPI_1_SpiUartReadRxData)
.\CortexM0\ARM_GCC_541\Debug\QuadEncoderRTOS.a(SPI_1_SPI.o)
                              .\CortexM0\ARM_GCC_541\Debug\QuadEncoderRTOS.a(SPI_1.o) (SPI_1_SpiInit)
.\CortexM0\ARM_GCC_541\Debug\QuadEncoderRTOS.a(SPI_1_SPI_UART_INT.o)
                              .\CortexM0\ARM_GCC_541\Debug\QuadEncoderRTOS.a(SPI_1_SPI.o) (SPI_1_SPI_UART_ISR)
.\CortexM0\ARM_GCC_541\Debug\QuadEncoderRTOS.a(Counter_1.o)
                              .\CortexM0\ARM_GCC_541\Debug\main.o (Counter_1_WriteCounter)
.\CortexM0\ARM_GCC_541\Debug\QuadEncoderRTOS.a(Reset_Encoder.o)
                              .\CortexM0\ARM_GCC_541\Debug\main.o (Reset_Encoder_ClearInterrupt)
.\CortexM0\ARM_GCC_541\Debug\QuadEncoderRTOS.a(isr_rst_encoder.o)
                              .\CortexM0\ARM_GCC_541\Debug\main.o (isr_rst_encoder_SetPriority)
.\CortexM0\ARM_GCC_541\Debug\QuadEncoderRTOS.a(isr_home.o)
                              .\CortexM0\ARM_GCC_541\Debug\main.o (isr_home_SetPriority)
.\CortexM0\ARM_GCC_541\Debug\QuadEncoderRTOS.a(LED.o)
                              .\CortexM0\ARM_GCC_541\Debug\main.o (LED_Write)
.\CortexM0\ARM_GCC_541\Debug\QuadEncoderRTOS.a(isr_spi_ss.o)
                              .\CortexM0\ARM_GCC_541\Debug\main.o (isr_spi_ss_SetPriority)
.\CortexM0\ARM_GCC_541\Debug\QuadEncoderRTOS.a(spi_ss.o)
                              .\CortexM0\ARM_GCC_541\Debug\main.o (spi_ss_Read)
.\CortexM0\ARM_GCC_541\Debug\QuadEncoderRTOS.a(Index_Counter_1.o)
                              .\CortexM0\ARM_GCC_541\Debug\main.o (Index_Counter_1_WriteCounter)
.\CortexM0\ARM_GCC_541\Debug\QuadEncoderRTOS.a(Timer_BRMS.o)
                              .\CortexM0\ARM_GCC_541\Debug\main.o (Timer_BRMS_Start)
.\CortexM0\ARM_GCC_541\Debug\QuadEncoderRTOS.a(isr_brms.o)
                              .\CortexM0\ARM_GCC_541\Debug\main.o (isr_brms_SetPriority)
.\CortexM0\ARM_GCC_541\Debug\QuadEncoderRTOS.a(CyBootAsmGnu.o)
                              .\CortexM0\ARM_GCC_541\Debug\QuadEncoderRTOS.a(CyLib.o) (CyDelayCycles)
.\CortexM0\ARM_GCC_541\Debug\QuadEncoderRTOS.a(I2C_I2C_INT.o)
                              .\CortexM0\ARM_GCC_541\Debug\QuadEncoderRTOS.a(I2C_I2C.o) (I2C_I2C_ISR)
.\CortexM0\ARM_GCC_541\Debug\QuadEncoderRTOS.a(cyutils.o)
                              .\CortexM0\ARM_GCC_541\Debug\QuadEncoderRTOS.a(Counter_1.o) (CySetReg24)
c:/program files (x86)/cypress/psoc creator/4.4/psoc creator/import/gnu/arm/5.4.1/bin/../lib/gcc/arm-none-eabi/5.4.1/armv6-m\libgcc.a(_udivsi3.o)
                              .\CortexM0\ARM_GCC_541\Debug\QuadEncoderRTOS.a(CyLib.o) (__aeabi_uidiv)
c:/program files (x86)/cypress/psoc creator/4.4/psoc creator/import/gnu/arm/5.4.1/bin/../lib/gcc/arm-none-eabi/5.4.1/armv6-m\libgcc.a(_dvmd_tls.o)
                              c:/program files (x86)/cypress/psoc creator/4.4/psoc creator/import/gnu/arm/5.4.1/bin/../lib/gcc/arm-none-eabi/5.4.1/armv6-m\libgcc.a(_udivsi3.o) (__aeabi_idiv0)
[...]
Memory Configuration

Name             Origin             Length             Attributes
rom              0x00000000         0x00008000         xr
ram              0x20000000         0x00001000         xrw
*default*        0x00000000         0xffffffff

Linker script and memory map

LOAD c:/program files (x86)/cypress/psoc creator/4.4/psoc creator/import/gnu/arm/5.4.1/bin/../lib/gcc/arm-none-eabi/5.4.1/armv6-m/crti.o
LOAD c:/program files (x86)/cypress/psoc creator/4.4/psoc creator/import/gnu/arm/5.4.1/bin/../lib/gcc/arm-none-eabi/5.4.1/armv6-m/crtbegin.o
LOAD c:/program files (x86)/cypress/psoc creator/4.4/psoc creator/import/gnu/arm/5.4.1/bin/../lib/gcc/arm-none-eabi/5.4.1/../../../../arm-none-eabi/lib/armv6-m/crt0.o
START GROUP
LOAD .\CortexM0\ARM_GCC_541\Debug\main.o
LOAD .\CortexM0\ARM_GCC_541\Debug\INA219.o
LOAD .\CortexM0\ARM_GCC_541\Debug\cyfitter_cfg.o
LOAD .\CortexM0\ARM_GCC_541\Debug\cymetadata.o
LOAD .\CortexM0\ARM_GCC_541\Debug\Cm0Start.o
LOAD .\CortexM0\ARM_GCC_541\Debug\QuadEncoderRTOS.a
END GROUP
START GROUP
LOAD c:/program files (x86)/cypress/psoc creator/4.4/psoc creator/import/gnu/arm/5.4.1/bin/../lib/gcc/arm-none-eabi/5.4.1/armv6-m\libgcc.a
LOAD c:/program files (x86)/cypress/psoc creator/4.4/psoc creator/import/gnu/arm/5.4.1/bin/../lib/gcc/arm-none-eabi/5.4.1/../../../../arm-none-eabi/lib/armv6-m\libg_nano.a
LOAD c:/program files (x86)/cypress/psoc creator/4.4/psoc creator/import/gnu/arm/5.4.1/bin/../lib/gcc/arm-none-eabi/5.4.1/../../../../arm-none-eabi/lib/armv6-m\libc_nano.a
END GROUP
START GROUP
LOAD c:/program files (x86)/cypress/psoc creator/4.4/psoc creator/import/gnu/arm/5.4.1/bin/../lib/gcc/arm-none-eabi/5.4.1/armv6-m\libgcc.a
LOAD c:/program files (x86)/cypress/psoc creator/4.4/psoc creator/import/gnu/arm/5.4.1/bin/../lib/gcc/arm-none-eabi/5.4.1/../../../../arm-none-eabi/lib/armv6-m\libc_nano.a
END GROUP
LOAD c:/program files (x86)/cypress/psoc creator/4.4/psoc creator/import/gnu/arm/5.4.1/bin/../lib/gcc/arm-none-eabi/5.4.1/armv6-m/crtend.o
LOAD c:/program files (x86)/cypress/psoc creator/4.4/psoc creator/import/gnu/arm/5.4.1/bin/../lib/gcc/arm-none-eabi/5.4.1/armv6-m/crtn.o
START GROUP
LOAD c:/program files (x86)/cypress/psoc creator/4.4/psoc creator/import/gnu/arm/5.4.1/bin/../lib/gcc/arm-none-eabi/5.4.1/armv6-m\libgcc.a
LOAD c:/program files (x86)/cypress/psoc creator/4.4/psoc creator/import/gnu/arm/5.4.1/bin/../lib/gcc/arm-none-eabi/5.4.1/../../../../arm-none-eabi/lib/armv6-m\libc.a
LOAD c:/program files (x86)/cypress/psoc creator/4.4/psoc creator/import/gnu/arm/5.4.1/bin/../lib/gcc/arm-none-eabi/5.4.1/../../../../arm-none-eabi/lib/armv6-m\libnosys.a
END GROUP
                0x00000000                CY_APPL_ORIGIN = 0x0
                0x00000080                CY_FLASH_ROW_SIZE = 0x80
                0x00000001                CY_APPL_NUM = 0x1
                0x00000001                CY_APPL_MAX = 0x1
                0x00000040                CY_METADATA_SIZE = 0x40
                0x00000000                CY_APPL_LOADABLE = 0x0
                0x00000000                CY_CHECKSUM_EXCLUDE_SIZE = ALIGN (0x0, CY_FLASH_ROW_SIZE)
                0x00000000                CY_APP_FOR_STACK_AND_COPIER = 0x0
                [!provide]                PROVIDE (__cy_heap_start, _end)
                0x00000001                PROVIDE (__cy_region_num, ((__cy_regions_end - __cy_regions) / 0x10))
                0x20001000                PROVIDE (__cy_stack, (ORIGIN (ram) + LENGTH (ram)))
                [!provide]                PROVIDE (__cy_heap_end, (__cy_stack - 0x200))

.cybootloader   0x00000000        0x0
 *(.cybootloader)
                0x00000000                appl1_start = CY_APPL_ORIGIN?CY_APPL_ORIGIN:ALIGN (CY_FLASH_ROW_SIZE)
                0x00003f80                appl2_start = (appl1_start + ALIGN ((((LENGTH (rom) - appl1_start) - (0x2 * CY_FLASH_ROW_SIZE)) / 0x2), CY_FLASH_ROW_SIZE))
                0x00000000                appl_start = (CY_APPL_NUM == 0x1)?appl1_start:appl2_start
                0x00000001                cy_project_type_bootloader = (appl_start == 0x0)?0x1:0x0
                0x00000000                cy_project_type_app_for_stack_and_copier = (CY_APP_FOR_STACK_AND_COPIER == 0x1)?0x1:0x0

.text           0x00000000     0x2bbc
 CREATE_OBJECT_SYMBOLS
                0x00000000                PROVIDE (__cy_interrupt_vector, RomVectors)
 *(.romvectors)
 .romvectors    0x00000000       0x10 .\CortexM0\ARM_GCC_541\Debug\Cm0Start.o
                0x00000000                RomVectors
                0x00000001                ASSERT ((. != __cy_interrupt_vector), No interrupt vector)
                0x00000001                ASSERT (CY_APPL_ORIGIN?(SIZEOF (.cybootloader) <= CY_APPL_ORIGIN):0x1, Wrong image location)
                0x00000010                PROVIDE (__cy_reset, Reset)
 *(.text.Reset)
 .text.Reset    0x00000010        0x8 .\CortexM0\ARM_GCC_541\Debug\Cm0Start.o
                0x00000010                Reset
                0x00000001                ASSERT ((. != __cy_reset), No reset code)
 *(.psocinit)
 .psocinit      0x00000018      0x218 .\CortexM0\ARM_GCC_541\Debug\cyfitter_cfg.o
                0x000000bc                cyfitter_cfg
                0x00000230                . = MAX (., 0x100)
 *(.text .text.* .gnu.linkonce.t.*)
 .text          0x00000230       0x60 c:/program files (x86)/cypress/psoc creator/4.4/psoc creator/import/gnu/arm/5.4.1/bin/../lib/gcc/arm-none-eabi/5.4.1/armv6-m/crtbegin.o
 .text.RSTIsrHandler
                0x00000290       0x24 .\CortexM0\ARM_GCC_541\Debug\main.o
                0x00000290                RSTIsrHandler
 .text.HomeIsrHandler
                0x000002b4       0x1c .\CortexM0\ARM_GCC_541\Debug\main.o
                0x000002b4                HomeIsrHandler
 .text.SPI_SS_IsrHandler
                0x000002d0       0x60 .\CortexM0\ARM_GCC_541\Debug\main.o
                0x000002d0                SPI_SS_IsrHandler
 .text.AssertFault
                0x00000330       0x1c .\CortexM0\ARM_GCC_541\Debug\main.o
                0x00000330                AssertFault
 .text.ClearFault
                0x0000034c       0x1c .\CortexM0\ARM_GCC_541\Debug\main.o
                0x0000034c                ClearFault
 .text.PWM_Set  0x00000368       0x40 .\CortexM0\ARM_GCC_541\Debug\main.o
                0x00000368                PWM_Set
 .text.GetPosition
                0x000003a8       0x44 .\CortexM0\ARM_GCC_541\Debug\main.o
                0x000003a8                GetPosition
 .text.runRateGroup3_SPI
                0x000003ec      0x2d4 .\CortexM0\ARM_GCC_541\Debug\main.o
                0x000003ec                runRateGroup3_SPI
 .text.PID_Initialize
                0x000006c0       0x30 .\CortexM0\ARM_GCC_541\Debug\main.o
                0x000006c0                PID_Initialize
 .text.PID_SetMode
                0x000006f0       0x24 .\CortexM0\ARM_GCC_541\Debug\main.o
                0x000006f0                PID_SetMode
 .text.PID_SetDrive
                0x00000714       0x1c .\CortexM0\ARM_GCC_541\Debug\main.o
                0x00000714                PID_SetDrive
 .text.runRateGroup1_PID
                0x00000730      0x2fc .\CortexM0\ARM_GCC_541\Debug\main.o
                0x00000730                runRateGroup1_PID
 .text.BRMS_Interrupt
                0x00000a2c       0x78 .\CortexM0\ARM_GCC_541\Debug\main.o
                0x00000a2c                BRMS_Interrupt
 .text.main     0x00000aa4       0xd0 .\CortexM0\ARM_GCC_541\Debug\main.o
                0x00000aa4                main
 .text.cfg_write_bytes32
                0x00000b74       0x34 .\CortexM0\ARM_GCC_541\Debug\cyfitter_cfg.o
 .text.CYMEMZERO
                0x00000ba8        0xc .\CortexM0\ARM_GCC_541\Debug\cyfitter_cfg.o
 .text.IntDefaultHandler
                0x00000bb4       0x10 .\CortexM0\ARM_GCC_541\Debug\Cm0Start.o
                0x00000bb4                IntDefaultHandler
 .text.Start_c  0x00000bc4       0x48 .\CortexM0\ARM_GCC_541\Debug\Cm0Start.o
                0x00000bc4                Start_c
 .text.initialize_psoc
                0x00000c0c       0x40 .\CortexM0\ARM_GCC_541\Debug\Cm0Start.o
                0x00000c0c                initialize_psoc
 .text.I2C_ScbEnableIntr
                0x00000c4c        0xc .\CortexM0\ARM_GCC_541\Debug\QuadEncoderRTOS.a(I2C.o)
 .text.I2C_Init
                0x00000c58        0x8 .\CortexM0\ARM_GCC_541\Debug\QuadEncoderRTOS.a(I2C.o)
                0x00000c58                I2C_Init
 .text.I2C_Enable
                0x00000c60       0x18 .\CortexM0\ARM_GCC_541\Debug\QuadEncoderRTOS.a(I2C.o)
                0x00000c60                I2C_Enable
 .text.I2C_Start
                0x00000c78       0x20 .\CortexM0\ARM_GCC_541\Debug\QuadEncoderRTOS.a(I2C.o)
                0x00000c78                I2C_Start
 .text.I2C_I2CInit
                0x00000c98       0xc4 .\CortexM0\ARM_GCC_541\Debug\QuadEncoderRTOS.a(I2C_I2C.o)
                0x00000c98                I2C_I2CInit
 .text.I2C_I2CFwBlockReset
                0x00000d5c       0x94 .\CortexM0\ARM_GCC_541\Debug\QuadEncoderRTOS.a(I2C_I2C.o)
                0x00000d5c                I2C_I2CFwBlockReset
 .text.PWM_1_WriteCounter
                0x00000df0       0x10 .\CortexM0\ARM_GCC_541\Debug\QuadEncoderRTOS.a(PWM_1.o)
                0x00000df0                PWM_1_WriteCounter
 .text.PWM_1_WritePeriod
                0x00000e00       0x10 .\CortexM0\ARM_GCC_541\Debug\QuadEncoderRTOS.a(PWM_1.o)
                0x00000e00                PWM_1_WritePeriod
 .text.PWM_1_WriteCompare
                0x00000e10       0x10 .\CortexM0\ARM_GCC_541\Debug\QuadEncoderRTOS.a(PWM_1.o)
                0x00000e10                PWM_1_WriteCompare
 .text.PWM_1_TriggerCommand
                0x00000e20       0x1c .\CortexM0\ARM_GCC_541\Debug\QuadEncoderRTOS.a(PWM_1.o)
                0x00000e20                PWM_1_TriggerCommand
 .text.PWM_1_Enable
                0x00000e3c       0x24 .\CortexM0\ARM_GCC_541\Debug\QuadEncoderRTOS.a(PWM_1.o)
                0x00000e3c                PWM_1_Enable
 .text.PWM_1_SetInterruptMode
                0x00000e60        0xc .\CortexM0\ARM_GCC_541\Debug\QuadEncoderRTOS.a(PWM_1.o)
                0x00000e60                PWM_1_SetInterruptMode
 .text.PWM_1_Init
                0x00000e6c       0x48 .\CortexM0\ARM_GCC_541\Debug\QuadEncoderRTOS.a(PWM_1.o)
                0x00000e6c                PWM_1_Init
 .text.PWM_1_Start
                0x00000eb4       0x20 .\CortexM0\ARM_GCC_541\Debug\QuadEncoderRTOS.a(PWM_1.o)
                0x00000eb4                PWM_1_Start
 .text.CyIntEnable
                0x00000ed4       0x14 .\CortexM0\ARM_GCC_541\Debug\QuadEncoderRTOS.a(CyLib.o)
                0x00000ed4                CyIntEnable
 .text.CyIntDisable
                0x00000ee8       0x14 .\CortexM0\ARM_GCC_541\Debug\QuadEncoderRTOS.a(CyLib.o)
                0x00000ee8                CyIntDisable
 .text.CyHalt   0x00000efc        0x4 .\CortexM0\ARM_GCC_541\Debug\QuadEncoderRTOS.a(CyLib.o)
                0x00000efc                CyHalt
 .text.CyIntSetVector
                0x00000f00       0x24 .\CortexM0\ARM_GCC_541\Debug\QuadEncoderRTOS.a(CyLib.o)
                0x00000f00                CyIntSetVector
 .text.CyIntSetPriority
                0x00000f24       0x4c .\CortexM0\ARM_GCC_541\Debug\QuadEncoderRTOS.a(CyLib.o)
                0x00000f24                CyIntSetPriority
 .text.CyDelay  0x00000f70       0x30 .\CortexM0\ARM_GCC_541\Debug\QuadEncoderRTOS.a(CyLib.o)
                0x00000f70                CyDelay
 .text.CyDelayUs
                0x00000fa0       0x14 .\CortexM0\ARM_GCC_541\Debug\QuadEncoderRTOS.a(CyLib.o)
                0x00000fa0                CyDelayUs
 .text.CySysClkWriteImoFreq
                0x00000fb4      0x164 .\CortexM0\ARM_GCC_541\Debug\QuadEncoderRTOS.a(CyLib.o)
                0x00000fb4                CySysClkWriteImoFreq
 .text.CySysWdtResetCounters
                0x00001118       0x20 .\CortexM0\ARM_GCC_541\Debug\QuadEncoderRTOS.a(CyLFClk.o)
                0x00001118                CySysWdtResetCounters
 .text.INDEX_OUT_SetDriveMode
                0x00001138       0x18 .\CortexM0\ARM_GCC_541\Debug\QuadEncoderRTOS.a(INDEX_OUT.o)
                0x00001138                INDEX_OUT_SetDriveMode
 .text.HOME_OUT_SetDriveMode
                0x00001150       0x18 .\CortexM0\ARM_GCC_541\Debug\QuadEncoderRTOS.a(HOME_OUT.o)
                0x00001150                HOME_OUT_SetDriveMode
 .text.HOME_IN_ClearInterrupt
                0x00001168       0x14 .\CortexM0\ARM_GCC_541\Debug\QuadEncoderRTOS.a(HOME_IN.o)
                0x00001168                HOME_IN_ClearInterrupt
 .text.SPI_1_ScbEnableIntr
                0x0000117c        0xc .\CortexM0\ARM_GCC_541\Debug\QuadEncoderRTOS.a(SPI_1.o)
 .text.SPI_1_ScbModePostEnable
                0x00001188        0x8 .\CortexM0\ARM_GCC_541\Debug\QuadEncoderRTOS.a(SPI_1.o)
 .text.SPI_1_Init
                0x00001190        0x8 .\CortexM0\ARM_GCC_541\Debug\QuadEncoderRTOS.a(SPI_1.o)
                0x00001190                SPI_1_Init
 .text.SPI_1_Enable
                0x00001198       0x1c .\CortexM0\ARM_GCC_541\Debug\QuadEncoderRTOS.a(SPI_1.o)
                0x00001198                SPI_1_Enable
 .text.SPI_1_Start
                0x000011b4       0x20 .\CortexM0\ARM_GCC_541\Debug\QuadEncoderRTOS.a(SPI_1.o)
                0x000011b4                SPI_1_Start
 .text.SPI_1_SpiUartReadRxData
                0x000011d4       0x34 .\CortexM0\ARM_GCC_541\Debug\QuadEncoderRTOS.a(SPI_1_SPI_UART.o)
                0x000011d4                SPI_1_SpiUartReadRxData
 .text.SPI_1_SpiUartClearRxBuffer
                0x00001208       0x54 .\CortexM0\ARM_GCC_541\Debug\QuadEncoderRTOS.a(SPI_1_SPI_UART.o)
                0x00001208                SPI_1_SpiUartClearRxBuffer
 .text.SPI_1_SpiUartWriteTxData
                0x0000125c       0x70 .\CortexM0\ARM_GCC_541\Debug\QuadEncoderRTOS.a(SPI_1_SPI_UART.o)
                0x0000125c                SPI_1_SpiUartWriteTxData
 .text.SPI_1_SpiUartPutArray
                0x000012cc       0x18 .\CortexM0\ARM_GCC_541\Debug\QuadEncoderRTOS.a(SPI_1_SPI_UART.o)
                0x000012cc                SPI_1_SpiUartPutArray
 .text.SPI_1_SpiUartClearTxBuffer
                0x000012e4       0x58 .\CortexM0\ARM_GCC_541\Debug\QuadEncoderRTOS.a(SPI_1_SPI_UART.o)
                0x000012e4                SPI_1_SpiUartClearTxBuffer
 .text.SPI_1_SpiInit
                0x0000133c       0xcc .\CortexM0\ARM_GCC_541\Debug\QuadEncoderRTOS.a(SPI_1_SPI.o)
                0x0000133c                SPI_1_SpiInit
 .text.SPI_1_SpiPostEnable
                0x00001408       0x14 .\CortexM0\ARM_GCC_541\Debug\QuadEncoderRTOS.a(SPI_1_SPI.o)
                0x00001408                SPI_1_SpiPostEnable
 .text.SPI_1_SPI_UART_ISR
                0x0000141c       0xe4 .\CortexM0\ARM_GCC_541\Debug\QuadEncoderRTOS.a(SPI_1_SPI_UART_INT.o)
                0x0000141c                SPI_1_SPI_UART_ISR
 .text.Counter_1_Enable
                0x00001500       0x14 .\CortexM0\ARM_GCC_541\Debug\QuadEncoderRTOS.a(Counter_1.o)
                0x00001500                Counter_1_Enable
 .text.Counter_1_SetInterruptMode
                0x00001514        0xc .\CortexM0\ARM_GCC_541\Debug\QuadEncoderRTOS.a(Counter_1.o)
                0x00001514                Counter_1_SetInterruptMode
 .text.Counter_1_ReadStatusRegister
                0x00001520        0xc .\CortexM0\ARM_GCC_541\Debug\QuadEncoderRTOS.a(Counter_1.o)
                0x00001520                Counter_1_ReadStatusRegister
 .text.Counter_1_WriteCounter
                0x0000152c       0x10 .\CortexM0\ARM_GCC_541\Debug\QuadEncoderRTOS.a(Counter_1.o)
                0x0000152c                Counter_1_WriteCounter
 .text.Counter_1_ReadCounter
                0x0000153c       0x18 .\CortexM0\ARM_GCC_541\Debug\QuadEncoderRTOS.a(Counter_1.o)
                0x0000153c                Counter_1_ReadCounter
 .text.Counter_1_ReadCapture
                0x00001554       0x10 .\CortexM0\ARM_GCC_541\Debug\QuadEncoderRTOS.a(Counter_1.o)
                0x00001554                Counter_1_ReadCapture
 .text.Counter_1_WritePeriod
                0x00001564       0x10 .\CortexM0\ARM_GCC_541\Debug\QuadEncoderRTOS.a(Counter_1.o)
                0x00001564                Counter_1_WritePeriod
 .text.Counter_1_WriteCompare
                0x00001574       0x10 .\CortexM0\ARM_GCC_541\Debug\QuadEncoderRTOS.a(Counter_1.o)
                0x00001574                Counter_1_WriteCompare
 .text.Counter_1_ClearFIFO
                0x00001584       0x14 .\CortexM0\ARM_GCC_541\Debug\QuadEncoderRTOS.a(Counter_1.o)
                0x00001584                Counter_1_ClearFIFO
 .text.Counter_1_Init
                0x00001598       0x64 .\CortexM0\ARM_GCC_541\Debug\QuadEncoderRTOS.a(Counter_1.o)
                0x00001598                Counter_1_Init
 .text.Counter_1_Start
                0x000015fc       0x20 .\CortexM0\ARM_GCC_541\Debug\QuadEncoderRTOS.a(Counter_1.o)
                0x000015fc                Counter_1_Start
 .text.Reset_Encoder_ClearInterrupt
                0x0000161c       0x14 .\CortexM0\ARM_GCC_541\Debug\QuadEncoderRTOS.a(Reset_Encoder.o)
                0x0000161c                Reset_Encoder_ClearInterrupt
 .text.isr_rst_encoder_SetVector
                0x00001630        0xc .\CortexM0\ARM_GCC_541\Debug\QuadEncoderRTOS.a(isr_rst_encoder.o)
                0x00001630                isr_rst_encoder_SetVector
 .text.isr_rst_encoder_SetPriority
                0x0000163c       0x24 .\CortexM0\ARM_GCC_541\Debug\QuadEncoderRTOS.a(isr_rst_encoder.o)
                0x0000163c                isr_rst_encoder_SetPriority
 .text.isr_rst_encoder_Enable
                0x00001660        0xc .\CortexM0\ARM_GCC_541\Debug\QuadEncoderRTOS.a(isr_rst_encoder.o)
                0x00001660                isr_rst_encoder_Enable
 .text.isr_rst_encoder_Disable
                0x0000166c        0xc .\CortexM0\ARM_GCC_541\Debug\QuadEncoderRTOS.a(isr_rst_encoder.o)
                0x0000166c                isr_rst_encoder_Disable
 .text.isr_rst_encoder_StartEx
                0x00001678       0x1c .\CortexM0\ARM_GCC_541\Debug\QuadEncoderRTOS.a(isr_rst_encoder.o)
                0x00001678                isr_rst_encoder_StartEx
 .text.isr_rst_encoder_ClearPending
                0x00001694        0xc .\CortexM0\ARM_GCC_541\Debug\QuadEncoderRTOS.a(isr_rst_encoder.o)
                0x00001694                isr_rst_encoder_ClearPending
 .text.isr_home_SetVector
                0x000016a0        0xc .\CortexM0\ARM_GCC_541\Debug\QuadEncoderRTOS.a(isr_home.o)
                0x000016a0                isr_home_SetVector
 .text.isr_home_SetPriority
                0x000016ac       0x20 .\CortexM0\ARM_GCC_541\Debug\QuadEncoderRTOS.a(isr_home.o)
                0x000016ac                isr_home_SetPriority
 .text.isr_home_Enable
                0x000016cc        0xc .\CortexM0\ARM_GCC_541\Debug\QuadEncoderRTOS.a(isr_home.o)
                0x000016cc                isr_home_Enable
 .text.isr_home_Disable
                0x000016d8        0xc .\CortexM0\ARM_GCC_541\Debug\QuadEncoderRTOS.a(isr_home.o)
                0x000016d8                isr_home_Disable
 .text.isr_home_StartEx
                0x000016e4       0x1c .\CortexM0\ARM_GCC_541\Debug\QuadEncoderRTOS.a(isr_home.o)
                0x000016e4                isr_home_StartEx
 .text.isr_home_ClearPending
                0x00001700        0xc .\CortexM0\ARM_GCC_541\Debug\QuadEncoderRTOS.a(isr_home.o)
                0x00001700                isr_home_ClearPending
 .text.LED_Write
                0x0000170c       0x18 .\CortexM0\ARM_GCC_541\Debug\QuadEncoderRTOS.a(LED.o)
                0x0000170c                LED_Write
 .text.isr_spi_ss_SetVector
                0x00001724        0xc .\CortexM0\ARM_GCC_541\Debug\QuadEncoderRTOS.a(isr_spi_ss.o)
                0x00001724                isr_spi_ss_SetVector
 .text.isr_spi_ss_SetPriority
                0x00001730       0x24 .\CortexM0\ARM_GCC_541\Debug\QuadEncoderRTOS.a(isr_spi_ss.o)
                0x00001730                isr_spi_ss_SetPriority
 .text.isr_spi_ss_Enable
                0x00001754        0xc .\CortexM0\ARM_GCC_541\Debug\QuadEncoderRTOS.a(isr_spi_ss.o)
                0x00001754                isr_spi_ss_Enable
 .text.isr_spi_ss_Disable
                0x00001760        0xc .\CortexM0\ARM_GCC_541\Debug\QuadEncoderRTOS.a(isr_spi_ss.o)
                0x00001760                isr_spi_ss_Disable
 .text.isr_spi_ss_StartEx
                0x0000176c       0x1c .\CortexM0\ARM_GCC_541\Debug\QuadEncoderRTOS.a(isr_spi_ss.o)
                0x0000176c                isr_spi_ss_StartEx
 .text.spi_ss_Read
                0x00001788       0x10 .\CortexM0\ARM_GCC_541\Debug\QuadEncoderRTOS.a(spi_ss.o)
                0x00001788                spi_ss_Read
 .text.spi_ss_ClearInterrupt
                0x00001798       0x14 .\CortexM0\ARM_GCC_541\Debug\QuadEncoderRTOS.a(spi_ss.o)
                0x00001798                spi_ss_ClearInterrupt
 .text.Index_Counter_1_Enable
                0x000017ac       0x14 .\CortexM0\ARM_GCC_541\Debug\QuadEncoderRTOS.a(Index_Counter_1.o)
                0x000017ac                Index_Counter_1_Enable
 .text.Index_Counter_1_SetInterruptMode
                0x000017c0        0xc .\CortexM0\ARM_GCC_541\Debug\QuadEncoderRTOS.a(Index_Counter_1.o)
                0x000017c0                Index_Counter_1_SetInterruptMode
 .text.Index_Counter_1_ReadStatusRegister
                0x000017cc        0xc .\CortexM0\ARM_GCC_541\Debug\QuadEncoderRTOS.a(Index_Counter_1.o)
                0x000017cc                Index_Counter_1_ReadStatusRegister
 .text.Index_Counter_1_WriteCounter
                0x000017d8        0xc .\CortexM0\ARM_GCC_541\Debug\QuadEncoderRTOS.a(Index_Counter_1.o)
                0x000017d8                Index_Counter_1_WriteCounter
 .text.Index_Counter_1_ReadCounter
                0x000017e4       0x14 .\CortexM0\ARM_GCC_541\Debug\QuadEncoderRTOS.a(Index_Counter_1.o)
                0x000017e4                Index_Counter_1_ReadCounter
 .text.Index_Counter_1_ReadCapture
                0x000017f8        0xc .\CortexM0\ARM_GCC_541\Debug\QuadEncoderRTOS.a(Index_Counter_1.o)
                0x000017f8                Index_Counter_1_ReadCapture
 .text.Index_Counter_1_WritePeriod
                0x00001804        0xc .\CortexM0\ARM_GCC_541\Debug\QuadEncoderRTOS.a(Index_Counter_1.o)
                0x00001804                Index_Counter_1_WritePeriod
 .text.Index_Counter_1_WriteCompare
                0x00001810        0xc .\CortexM0\ARM_GCC_541\Debug\QuadEncoderRTOS.a(Index_Counter_1.o)
                0x00001810                Index_Counter_1_WriteCompare
 .text.Index_Counter_1_ClearFIFO
                0x0000181c       0x14 .\CortexM0\ARM_GCC_541\Debug\QuadEncoderRTOS.a(Index_Counter_1.o)
                0x0000181c                Index_Counter_1_ClearFIFO
 .text.Index_Counter_1_Init
                0x00001830       0x58 .\CortexM0\ARM_GCC_541\Debug\QuadEncoderRTOS.a(Index_Counter_1.o)
                0x00001830                Index_Counter_1_Init
 .text.Index_Counter_1_Start
                0x00001888       0x20 .\CortexM0\ARM_GCC_541\Debug\QuadEncoderRTOS.a(Index_Counter_1.o)
                0x00001888                Index_Counter_1_Start
 .text.Timer_BRMS_WriteCounter
                0x000018a8       0x10 .\CortexM0\ARM_GCC_541\Debug\QuadEncoderRTOS.a(Timer_BRMS.o)
                0x000018a8                Timer_BRMS_WriteCounter
 .text.Timer_BRMS_WritePeriod
                0x000018b8       0x10 .\CortexM0\ARM_GCC_541\Debug\QuadEncoderRTOS.a(Timer_BRMS.o)
                0x000018b8                Timer_BRMS_WritePeriod
 .text.Timer_BRMS_WriteCompare
                0x000018c8       0x10 .\CortexM0\ARM_GCC_541\Debug\QuadEncoderRTOS.a(Timer_BRMS.o)
                0x000018c8                Timer_BRMS_WriteCompare
 .text.Timer_BRMS_TriggerCommand
                0x000018d8       0x1c .\CortexM0\ARM_GCC_541\Debug\QuadEncoderRTOS.a(Timer_BRMS.o)
                0x000018d8                Timer_BRMS_TriggerCommand
 .text.Timer_BRMS_Enable
                0x000018f4       0x24 .\CortexM0\ARM_GCC_541\Debug\QuadEncoderRTOS.a(Timer_BRMS.o)
                0x000018f4                Timer_BRMS_Enable
 .text.Timer_BRMS_SetInterruptMode
                0x00001918        0xc .\CortexM0\ARM_GCC_541\Debug\QuadEncoderRTOS.a(Timer_BRMS.o)
                0x00001918                Timer_BRMS_SetInterruptMode
 .text.Timer_BRMS_Init
                0x00001924       0x30 .\CortexM0\ARM_GCC_541\Debug\QuadEncoderRTOS.a(Timer_BRMS.o)
                0x00001924                Timer_BRMS_Init
 .text.Timer_BRMS_Start
                0x00001954       0x20 .\CortexM0\ARM_GCC_541\Debug\QuadEncoderRTOS.a(Timer_BRMS.o)
                0x00001954                Timer_BRMS_Start
 .text.Timer_BRMS_ClearInterrupt
                0x00001974        0xc .\CortexM0\ARM_GCC_541\Debug\QuadEncoderRTOS.a(Timer_BRMS.o)
                0x00001974                Timer_BRMS_ClearInterrupt
 .text.isr_brms_SetVector
                0x00001980        0xc .\CortexM0\ARM_GCC_541\Debug\QuadEncoderRTOS.a(isr_brms.o)
                0x00001980                isr_brms_SetVector
 .text.isr_brms_SetPriority
                0x0000198c       0x20 .\CortexM0\ARM_GCC_541\Debug\QuadEncoderRTOS.a(isr_brms.o)
                0x0000198c                isr_brms_SetPriority
 .text.isr_brms_Enable
                0x000019ac       0x10 .\CortexM0\ARM_GCC_541\Debug\QuadEncoderRTOS.a(isr_brms.o)
                0x000019ac                isr_brms_Enable
 .text.isr_brms_Disable
                0x000019bc       0x10 .\CortexM0\ARM_GCC_541\Debug\QuadEncoderRTOS.a(isr_brms.o)
                0x000019bc                isr_brms_Disable
 .text.isr_brms_StartEx
                0x000019cc       0x1c .\CortexM0\ARM_GCC_541\Debug\QuadEncoderRTOS.a(isr_brms.o)
                0x000019cc                isr_brms_StartEx
 .text          0x000019e8       0x24 .\CortexM0\ARM_GCC_541\Debug\QuadEncoderRTOS.a(CyBootAsmGnu.o)
                0x000019e8                CyDelayCycles
                0x000019fc                CyEnterCriticalSection
                0x00001a04                CyExitCriticalSection
 .text.I2C_I2C_ISR
                0x00001a0c      0x33c .\CortexM0\ARM_GCC_541\Debug\QuadEncoderRTOS.a(I2C_I2C_INT.o)
                0x00001a0c                I2C_I2C_ISR
 .text.CySetReg24
                0x00001d48       0x14 .\CortexM0\ARM_GCC_541\Debug\QuadEncoderRTOS.a(cyutils.o)
                0x00001d48                CySetReg24
 .text.CyGetReg24
                0x00001d5c       0x14 .\CortexM0\ARM_GCC_541\Debug\QuadEncoderRTOS.a(cyutils.o)
                0x00001d5c                CyGetReg24
 .text          0x00001d70       0x74 c:/program files (x86)/cypress/psoc creator/4.4/psoc creator/import/gnu/arm/5.4.1/bin/../lib/gcc/arm-none-eabi/5.4.1/armv6-m\libgcc.a(_arm_cmpsf2.o)
                0x00001d70                __aeabi_cfrcmple
                0x00001d78                __aeabi_cfcmpeq
                0x00001d78                __aeabi_cfcmple
                0x00001d88                __aeabi_fcmpeq
                0x00001d94                __aeabi_fcmplt
                0x00001da8                __aeabi_fcmple
                0x00001dbc                __aeabi_fcmpgt
                0x00001dd0                __aeabi_fcmpge
 .text          0x00001de4       0x30 c:/program files (x86)/cypress/psoc creator/4.4/psoc creator/import/gnu/arm/5.4.1/bin/../lib/gcc/arm-none-eabi/5.4.1/armv6-m\libgcc.a(_fixunssfsi.o)
                0x00001de4                __fixunssfsi
                0x00001de4                __aeabi_f2uiz
 .text          0x00001e14      0x2ec c:/program files (x86)/cypress/psoc creator/4.4/psoc creator/import/gnu/arm/5.4.1/bin/../lib/gcc/arm-none-eabi/5.4.1/armv6-m\libgcc.a(addsf3.o)
                0x00001e14                __aeabi_fadd
 .text          0x00002100      0x234 c:/program files (x86)/cypress/psoc creator/4.4/psoc creator/import/gnu/arm/5.4.1/bin/../lib/gcc/arm-none-eabi/5.4.1/armv6-m\libgcc.a(divsf3.o)
                0x00002100                __aeabi_fdiv
 .text          0x00002334       0x50 c:/program files (x86)/cypress/psoc creator/4.4/psoc creator/import/gnu/arm/5.4.1/bin/../lib/gcc/arm-none-eabi/5.4.1/armv6-m\libgcc.a(eqsf2.o)
                0x00002334                __eqsf2
                0x00002334                __nesf2
 .text          0x00002384       0x88 c:/program files (x86)/cypress/psoc creator/4.4/psoc creator/import/gnu/arm/5.4.1/bin/../lib/gcc/arm-none-eabi/5.4.1/armv6-m\libgcc.a(gesf2.o)
                0x00002384                __gesf2
                0x00002384                __gtsf2
 .text          0x0000240c       0x88 c:/program files (x86)/cypress/psoc creator/4.4/psoc creator/import/gnu/arm/5.4.1/bin/../lib/gcc/arm-none-eabi/5.4.1/armv6-m\libgcc.a(lesf2.o)
                0x0000240c                __ltsf2
                0x0000240c                __lesf2
 .text          0x00002494      0x228 c:/program files (x86)/cypress/psoc creator/4.4/psoc creator/import/gnu/arm/5.4.1/bin/../lib/gcc/arm-none-eabi/5.4.1/armv6-m\libgcc.a(mulsf3.o)
                0x00002494                __aeabi_fmul
 .text          0x000026bc      0x30c c:/program files (x86)/cypress/psoc creator/4.4/psoc creator/import/gnu/arm/5.4.1/bin/../lib/gcc/arm-none-eabi/5.4.1/armv6-m\libgcc.a(subsf3.o)
                0x000026bc                __aeabi_fsub
 .text          0x000029c8       0x44 c:/program files (x86)/cypress/psoc creator/4.4/psoc creator/import/gnu/arm/5.4.1/bin/../lib/gcc/arm-none-eabi/5.4.1/armv6-m\libgcc.a(fixsfsi.o)
                0x000029c8                __aeabi_f2iz
 .text          0x00002a0c       0x90 c:/program files (x86)/cypress/psoc creator/4.4/psoc creator/import/gnu/arm/5.4.1/bin/../lib/gcc/arm-none-eabi/5.4.1/armv6-m\libgcc.a(floatsisf.o)
                0x00002a0c                __aeabi_i2f
 .text          0x00002a9c       0x7c c:/program files (x86)/cypress/psoc creator/4.4/psoc creator/import/gnu/arm/5.4.1/bin/../lib/gcc/arm-none-eabi/5.4.1/armv6-m\libgcc.a(floatunsisf.o)
                0x00002a9c                __aeabi_ui2f
 .text          0x00002b18       0x3c c:/program files (x86)/cypress/psoc creator/4.4/psoc creator/import/gnu/arm/5.4.1/bin/../lib/gcc/arm-none-eabi/5.4.1/armv6-m\libgcc.a(_clzsi2.o)
                0x00002b18                __clzsi2
 .text.__errno  0x00002b54        0xc c:/program files (x86)/cypress/psoc creator/4.4/psoc creator/import/gnu/arm/5.4.1/bin/../lib/gcc/arm-none-eabi/5.4.1/../../../../arm-none-eabi/lib/armv6-m\libg_nano.a(lib_a-errno.o)
                0x00002b54                __errno
 .text.__libc_init_array
                0x00002b60       0x4c c:/program files (x86)/cypress/psoc creator/4.4/psoc creator/import/gnu/arm/5.4.1/bin/../lib/gcc/arm-none-eabi/5.4.1/../../../../arm-none-eabi/lib/armv6-m\libg_nano.a(lib_a-init.o)
                0x00002b60                __libc_init_array
 .text.memset   0x00002bac       0x10 c:/program files (x86)/cypress/psoc creator/4.4/psoc creator/import/gnu/arm/5.4.1/bin/../lib/gcc/arm-none-eabi/5.4.1/../../../../arm-none-eabi/lib/armv6-m\libg_nano.a(lib_a-memset.o)
                0x00002bac                memset
 *(.plt)
 *(.gnu.warning)
 *(.glue_7t)
 .glue_7t       0x00002bbc        0x0 linker stubs
 *(.glue_7)
 .glue_7        0x00002bbc        0x0 linker stubs
 *(.vfp11_veneer)
 .vfp11_veneer  0x00002bbc        0x0 linker stubs
 *(.bootloader)
 *(.ARM.extab* .gnu.linkonce.armextab.*)
 *(.gcc_except_table)

.v4_bx          0x00002bbc        0x0
 .v4_bx         0x00002bbc        0x0 linker stubs

.iplt           0x00002bbc        0x0
 .iplt          0x00002bbc        0x0 c:/program files (x86)/cypress/psoc creator/4.4/psoc creator/import/gnu/arm/5.4.1/bin/../lib/gcc/arm-none-eabi/5.4.1/armv6-m/crtbegin.o

.eh_frame_hdr
 *(.eh_frame_hdr)

.eh_frame       0x00002bbc        0x4
 *(.eh_frame)
 .eh_frame      0x00002bbc        0x0 c:/program files (x86)/cypress/psoc creator/4.4/psoc creator/import/gnu/arm/5.4.1/bin/../lib/gcc/arm-none-eabi/5.4.1/armv6-m/crtbegin.o
 .eh_frame      0x00002bbc        0x4 c:/program files (x86)/cypress/psoc creator/4.4/psoc creator/import/gnu/arm/5.4.1/bin/../lib/gcc/arm-none-eabi/5.4.1/armv6-m/crtend.o
                [!provide]                PROVIDE (__exidx_start, .)

.ARM.exidx
 *(.ARM.exidx* .gnu.linkonce.armexidx.*)
                0x00002bc0                __exidx_end = .

.rodata         0x00002bc0      0x430
 *(.rodata .rodata.* .gnu.linkonce.r.*)
 .rodata        0x00002bc0      0x308 .\CortexM0\ARM_GCC_541\Debug\cyfitter_cfg.o
 .rodata        0x00002ec8       0x2e .\CortexM0\ARM_GCC_541\Debug\QuadEncoderRTOS.a(CyLib.o)
                0x00002ec8                cyImoFreqMhz2Reg
 *fill*         0x00002ef6        0x2 
 .rodata        0x00002ef8       0x80 c:/program files (x86)/cypress/psoc creator/4.4/psoc creator/import/gnu/arm/5.4.1/bin/../lib/gcc/arm-none-eabi/5.4.1/armv6-m\libgcc.a(divsf3.o)
 .rodata        0x00002f78       0x40 c:/program files (x86)/cypress/psoc creator/4.4/psoc creator/import/gnu/arm/5.4.1/bin/../lib/gcc/arm-none-eabi/5.4.1/armv6-m\libgcc.a(mulsf3.o)
 .rodata.str1.1
                0x00002fb8        0x2 c:/program files (x86)/cypress/psoc creator/4.4/psoc creator/import/gnu/arm/5.4.1/bin/../lib/gcc/arm-none-eabi/5.4.1/../../../../arm-none-eabi/lib/armv6-m\libg_nano.a(lib_a-impure.o)
                0x00002fbc                . = ALIGN (0x4)
 *fill*         0x00002fba        0x2 
 *(.init)
 .init          0x00002fbc        0x4 c:/program files (x86)/cypress/psoc creator/4.4/psoc creator/import/gnu/arm/5.4.1/bin/../lib/gcc/arm-none-eabi/5.4.1/armv6-m/crti.o
                0x00002fbc                _init
 .init          0x00002fc0        0x8 c:/program files (x86)/cypress/psoc creator/4.4/psoc creator/import/gnu/arm/5.4.1/bin/../lib/gcc/arm-none-eabi/5.4.1/armv6-m/crtn.o
                0x00002fc8                . = ALIGN (0x4)
                0x00002fc8                __preinit_array_start = .
 *(.preinit_array)
                0x00002fc8                __preinit_array_end = .
                0x00002fc8                . = ALIGN (0x4)
                0x00002fc8                __init_array_start = .
 *(SORT(.init_array.*))
 *(.init_array)
 .init_array    0x00002fc8        0x4 c:/program files (x86)/cypress/psoc creator/4.4/psoc creator/import/gnu/arm/5.4.1/bin/../lib/gcc/arm-none-eabi/5.4.1/armv6-m/crtbegin.o
 .init_array    0x00002fcc        0x4 .\CortexM0\ARM_GCC_541\Debug\Cm0Start.o
                0x00002fd0                __init_array_end = .
                0x00002fd0                . = ALIGN (0x4)
 *(.fini)
 .fini          0x00002fd0        0x4 c:/program files (x86)/cypress/psoc creator/4.4/psoc creator/import/gnu/arm/5.4.1/bin/../lib/gcc/arm-none-eabi/5.4.1/armv6-m/crti.o
                0x00002fd0                _fini
 .fini          0x00002fd4        0x8 c:/program files (x86)/cypress/psoc creator/4.4/psoc creator/import/gnu/arm/5.4.1/bin/../lib/gcc/arm-none-eabi/5.4.1/armv6-m/crtn.o
                0x00002fdc                . = ALIGN (0x4)
                0x00002fdc                __fini_array_start = .
 *(.fini_array)
 .fini_array    0x00002fdc        0x4 c:/program files (x86)/cypress/psoc creator/4.4/psoc creator/import/gnu/arm/5.4.1/bin/../lib/gcc/arm-none-eabi/5.4.1/armv6-m/crtbegin.o
 *(SORT(.fini_array.*))
                0x00002fe0                __fini_array_end = .
                0x00002fe0                . = ALIGN (0x4)
 *crtbegin.o(.ctors)
 *(EXCLUDE_FILE(*crtend.o) .ctors)
 *(SORT(.ctors.*))
 *crtend.o(.ctors)
                0x00002fe0                . = ALIGN (0x4)
 *crtbegin.o(.dtors)
 *(EXCLUDE_FILE(*crtend.o) .dtors)
 *(SORT(.dtors.*))
 *crtend.o(.dtors)
                0x00002fe0                . = ALIGN (0x4)
                0x00002fe0                __cy_regions = .
                0x00002fe0        0x4 LONG 0x2ff0 __cy_region_init_ram
                0x00002fe4        0x4 LONG 0x200000c0 __cy_region_start_data
                0x00002fe8        0x4 LONG 0x88 __cy_region_init_size_ram
                0x00002fec        0x4 LONG 0x1a0 __cy_region_zero_size_ram
                0x00002ff0                __cy_regions_end = .
                0x00002ff0                . = ALIGN (0x8)
                0x00002ff0                _etext = .

.cy_checksum_exclude
                0x00002ff0        0x0
 *(.cy_checksum_exclude)

.ramvectors     0x20000000       0xc0
                0x20000000                __cy_region_start_ram = .
 *(.ramvectors)
 .ramvectors    0x20000000       0xc0 .\CortexM0\ARM_GCC_541\Debug\Cm0Start.o
                0x20000000                CyRamVectors

.noinit
 *(.noinit)

.data           0x200000c0       0x88 load address 0x00002ff0
                0x200000c0                __cy_region_start_data = .
 *(.jcr)
 .jcr           0x200000c0        0x0 c:/program files (x86)/cypress/psoc creator/4.4/psoc creator/import/gnu/arm/5.4.1/bin/../lib/gcc/arm-none-eabi/5.4.1/armv6-m/crtbegin.o
 .jcr           0x200000c0        0x4 c:/program files (x86)/cypress/psoc creator/4.4/psoc creator/import/gnu/arm/5.4.1/bin/../lib/gcc/arm-none-eabi/5.4.1/armv6-m/crtend.o
 *(.got.plt)
 *(.got)
 *(.shdata)
 *(.data .data.* .gnu.linkonce.d.*)
 .data          0x200000c4        0x8 .\CortexM0\ARM_GCC_541\Debug\main.o
                0x200000c4                homingDone
                0x200000c8                refSampleTime
 .data          0x200000cc       0x14 .\CortexM0\ARM_GCC_541\Debug\QuadEncoderRTOS.a(CyLib.o)
                0x200000cc                CySysClkPumpConfig
                0x200000d0                cydelay32kMs
                0x200000d4                cydelayFreqKhz
                0x200000d8                cydelayFreqMhz
                0x200000dc                cydelayFreqHz
 .data.impure_data
                0x200000e0       0x60 c:/program files (x86)/cypress/psoc creator/4.4/psoc creator/import/gnu/arm/5.4.1/bin/../lib/gcc/arm-none-eabi/5.4.1/../../../../arm-none-eabi/lib/armv6-m\libg_nano.a(lib_a-impure.o)
 .data._impure_ptr
                0x20000140        0x4 c:/program files (x86)/cypress/psoc creator/4.4/psoc creator/import/gnu/arm/5.4.1/bin/../lib/gcc/arm-none-eabi/5.4.1/../../../../arm-none-eabi/lib/armv6-m\libg_nano.a(lib_a-impure.o)
                0x20000140                _impure_ptr
                0x20000148                . = ALIGN (0x8)
 *fill*         0x20000144        0x4 
 *(.ram)
                0x20000148                _edata = .

.igot.plt       0x20000148        0x0 load address 0x00003078
 .igot.plt      0x20000148        0x0 c:/program files (x86)/cypress/psoc creator/4.4/psoc creator/import/gnu/arm/5.4.1/bin/../lib/gcc/arm-none-eabi/5.4.1/armv6-m/crtbegin.o

.bss            0x20000148      0x1a0 load address 0x00003078
                0x20000148                PROVIDE (__bss_start__, .)
 *(.shbss)
 *(.bss .bss.* .gnu.linkonce.b.*)
 .bss           0x20000148       0x1c c:/program files (x86)/cypress/psoc creator/4.4/psoc creator/import/gnu/arm/5.4.1/bin/../lib/gcc/arm-none-eabi/5.4.1/armv6-m/crtbegin.o
 *fill*         0x20000164        0x4 
 .bss           0x20000168       0x2c .\CortexM0\ARM_GCC_541\Debug\main.o
                0x20000168                UptimeSeconds
                0x2000017c                inAuto
                0x20000188                UptimeMicrosecondsAccumulator
 .bss           0x20000194        0x8 .\CortexM0\ARM_GCC_541\Debug\QuadEncoderRTOS.a(I2C.o)
                0x20000194                I2C_initVar
                0x20000198                I2C_customIntrHandler
 .bss           0x2000019c        0x1 .\CortexM0\ARM_GCC_541\Debug\QuadEncoderRTOS.a(PWM_1.o)
                0x2000019c                PWM_1_initVar
 *fill*         0x2000019d        0x3 
 .bss           0x200001a0        0xa .\CortexM0\ARM_GCC_541\Debug\QuadEncoderRTOS.a(SPI_1.o)
                0x200001a0                SPI_1_initVar
                0x200001a4                SPI_1_customIntrHandler
                0x200001a8                SPI_1_IntrTxMask
 .bss           0x200001aa        0x1 .\CortexM0\ARM_GCC_541\Debug\QuadEncoderRTOS.a(Counter_1.o)
                0x200001aa                Counter_1_initVar
 .bss           0x200001ab        0x1 .\CortexM0\ARM_GCC_541\Debug\QuadEncoderRTOS.a(Index_Counter_1.o)
                0x200001ab                Index_Counter_1_initVar
 .bss           0x200001ac        0x1 .\CortexM0\ARM_GCC_541\Debug\QuadEncoderRTOS.a(Timer_BRMS.o)
                0x200001ac                Timer_BRMS_initVar
 *(COMMON)
 *fill*         0x200001ad        0x3 
 COMMON         0x200001b0       0xb4 .\CortexM0\ARM_GCC_541\Debug\main.o
                0x200001b0                PID_Enabled
                0x200001b4                pwmMin
                0x200001b8                PID_Setpoint
                0x200001bc                kd
                0x200001c0                Position
                0x200001c4                pwmLimit
                0x200001c8                outMax_Total
                0x200001cc                FaultState
                0x200001d0                LastMessageTimeSeconds
                0x200001d4                PID_Was_Enabled
                0x200001d5                PID_EffSetDelta
                0x200001d6                LastJog
                0x200001d8                Current
                0x200001dc                Output
                0x200001e0                pwmMax
                0x200001e4                txMessage
                0x20000204                ki
                0x20000208                outMax_ITerm
                0x2000020c                lastTime
                0x20000210                PWM
                0x20000214                CurrentI2Cinbuf
                0x20000228                PID_EffectiveSetpoint
                0x2000022c                Jog
                0x2000022e                ChecksumErrors
                0x20000230                ITerm
                0x20000234                txMessageState
                0x20000235                ConfigSequence
                0x20000238                rxMessage
                0x20000258                kp
                0x2000025c                ConfigState
                0x20000260                LastPosition
 COMMON         0x20000264        0x1 .\CortexM0\ARM_GCC_541\Debug\QuadEncoderRTOS.a(I2C_I2C.o)
                0x20000264                I2C_state
 *fill*         0x20000265        0x3 
 COMMON         0x20000268       0x24 .\CortexM0\ARM_GCC_541\Debug\QuadEncoderRTOS.a(I2C_I2C_MASTER.o)
                0x20000268                I2C_mstrWrBufIndexTmp
                0x2000026c                I2C_mstrWrBufIndex
                0x20000270                I2C_mstrWrBufSize
                0x20000274                I2C_mstrStatus
                0x20000278                I2C_mstrRdBufPtr
                0x2000027c                I2C_mstrControl
                0x20000280                I2C_mstrRdBufSize
                0x20000284                I2C_mstrRdBufIndex
                0x20000288                I2C_mstrWrBufPtr
 COMMON         0x2000028c       0x58 .\CortexM0\ARM_GCC_541\Debug\QuadEncoderRTOS.a(SPI_1_SPI_UART.o)
                0x2000028c                SPI_1_txBufferTail
                0x20000290                SPI_1_rxBufferOverflow
                0x20000294                SPI_1_txBufferHead
                0x20000298                SPI_1_rxBufferTail
                0x2000029c                SPI_1_rxBufferHead
                0x200002a0                SPI_1_rxBufferInternal
                0x200002c4                SPI_1_txBufferInternal
                0x200002e8                . = ALIGN (0x8)
 *fill*         0x200002e4        0x4 
 *(.ram.b)
                0x200002e8                _end = .
                0x200002e8                __end = .
                0x200002e8                PROVIDE (end, .)
                0x200002e8                PROVIDE (__bss_end__, .)
                0x00002ff0                __cy_region_init_ram = LOADADDR (.data)
                0x00000088                __cy_region_init_size_ram = (_edata - ADDR (.data))
                0x000001a0                __cy_region_zero_size_ram = (_end - _edata)

.heap           0x200002e8       0x80 load address 0x00003078
                0x200002e8                . = _end
                0x20000368                . = (. + 0x80)
 *fill*         0x200002e8       0x80 
                0x20000368                __cy_heap_limit = .

.stack          0x20000e00      0x200
                0x20000e00                __cy_stack_limit = .
                0x20001000                . = (. + 0x200)
 *fill*         0x20000e00      0x200 
                0x00000001                ASSERT ((__cy_stack_limit >= __cy_heap_limit), region RAM overflowed with stack)
                0x00000000                cy_checksum_exclude_size = (CY_APPL_LOADABLE == 0x1)?SIZEOF (.cy_checksum_exclude):0x0
                0x00000001                ASSERT ((cy_checksum_exclude_size <= CY_CHECKSUM_EXCLUDE_SIZE), CY_BOOT: Section .cy_checksum_exclude size exceedes specified limit.)
                0x00007fc0                cyloadermeta_start = (cy_project_type_bootloader || cy_project_type_app_for_stack_and_copier)?(LENGTH (rom) - CY_METADATA_SIZE):0xf0000000

.cyloadermeta
 *(.cyloadermeta)
                0x00007fc0                cyloadablemeta_start = cy_project_type_app_for_stack_and_copier?((LENGTH (rom) - CY_FLASH_ROW_SIZE) - CY_METADATA_SIZE):((LENGTH (rom) - (CY_FLASH_ROW_SIZE * (CY_APPL_NUM - 0x1))) - CY_METADATA_SIZE)

.cyloadablemeta
 *(.cyloadablemeta)

.cyflashprotect
                0x90400000       0x20
 *(.cyflashprotect)
 .cyflashprotect
                0x90400000       0x20 .\CortexM0\ARM_GCC_541\Debug\cymetadata.o
                0x90400000                cy_meta_flashprotect

.cymeta         0x90500000        0xc
 *(.cymeta)
 .cymeta        0x90500000        0xc .\CortexM0\ARM_GCC_541\Debug\cymetadata.o
                0x90500000                cy_metadata

.cychipprotect  0x90600000        0x1
 *(.cychipprotect)
 .cychipprotect
                0x90600000        0x1 .\CortexM0\ARM_GCC_541\Debug\cymetadata.o
                0x90600000                cy_meta_chipprotect

.rel.dyn        0x00003078        0x0 load address 0x90600004
 .rel.iplt      0x00003078        0x0 c:/program files (x86)/cypress/psoc creator/4.4/psoc creator/import/gnu/arm/5.4.1/bin/../lib/gcc/arm-none-eabi/5.4.1/armv6-m/crtbegin.o

.stab
 *(.stab)

.stabstr
 *(.stabstr)

.debug
 *(.debug)

.line
 *(.line)

.debug_srcinfo
 *(.debug_srcinfo)

.debug_sfnames
 *(.debug_sfnames)

.debug_aranges  0x00000000      0xf20
 *(.debug_aranges)
 .debug_aranges
                0x00000000       0x90 .\CortexM0\ARM_GCC_541\Debug\main.o
 .debug_aranges
                0x00000090       0x60 .\CortexM0\ARM_GCC_541\Debug\INA219.o
 .debug_aranges
                0x000000f0       0x38 .\CortexM0\ARM_GCC_541\Debug\cyfitter_cfg.o
 .debug_aranges
                0x00000128       0x18 .\CortexM0\ARM_GCC_541\Debug\cymetadata.o
 .debug_aranges
                0x00000140       0x48 .\CortexM0\ARM_GCC_541\Debug\Cm0Start.o
 .debug_aranges
                0x00000188       0x68 .\CortexM0\ARM_GCC_541\Debug\QuadEncoderRTOS.a(I2C.o)
 .debug_aranges
                0x000001f0       0x30 .\CortexM0\ARM_GCC_541\Debug\QuadEncoderRTOS.a(I2C_I2C.o)
 .debug_aranges
                0x00000220       0x98 .\CortexM0\ARM_GCC_541\Debug\QuadEncoderRTOS.a(I2C_I2C_MASTER.o)
 .debug_aranges
                0x000002b8      0x158 .\CortexM0\ARM_GCC_541\Debug\QuadEncoderRTOS.a(PWM_1.o)
 .debug_aranges
                0x00000410       0x48 .\CortexM0\ARM_GCC_541\Debug\QuadEncoderRTOS.a(I2C_sda.o)
 .debug_aranges
                0x00000458       0x48 .\CortexM0\ARM_GCC_541\Debug\QuadEncoderRTOS.a(I2C_scl.o)
 .debug_aranges
                0x000004a0      0x180 .\CortexM0\ARM_GCC_541\Debug\QuadEncoderRTOS.a(CyLib.o)
 .debug_aranges
                0x00000620      0x138 .\CortexM0\ARM_GCC_541\Debug\QuadEncoderRTOS.a(CyLFClk.o)
 .debug_aranges
                0x00000758       0x48 .\CortexM0\ARM_GCC_541\Debug\QuadEncoderRTOS.a(INDEX_OUT.o)
 .debug_aranges
                0x000007a0       0x48 .\CortexM0\ARM_GCC_541\Debug\QuadEncoderRTOS.a(HOME_OUT.o)
 .debug_aranges
                0x000007e8       0x48 .\CortexM0\ARM_GCC_541\Debug\QuadEncoderRTOS.a(HOME_IN.o)
 .debug_aranges
                0x00000830       0x70 .\CortexM0\ARM_GCC_541\Debug\QuadEncoderRTOS.a(SPI_1.o)
 .debug_aranges
                0x000008a0       0x60 .\CortexM0\ARM_GCC_541\Debug\QuadEncoderRTOS.a(SPI_1_SPI_UART.o)
 .debug_aranges
                0x00000900       0x30 .\CortexM0\ARM_GCC_541\Debug\QuadEncoderRTOS.a(SPI_1_SPI.o)
 .debug_aranges
                0x00000930       0x20 .\CortexM0\ARM_GCC_541\Debug\QuadEncoderRTOS.a(SPI_1_SPI_UART_INT.o)
 .debug_aranges
                0x00000950       0xa0 .\CortexM0\ARM_GCC_541\Debug\QuadEncoderRTOS.a(Counter_1.o)
 .debug_aranges
                0x000009f0       0x48 .\CortexM0\ARM_GCC_541\Debug\QuadEncoderRTOS.a(Reset_Encoder.o)
 .debug_aranges
                0x00000a38       0x80 .\CortexM0\ARM_GCC_541\Debug\QuadEncoderRTOS.a(isr_rst_encoder.o)
 .debug_aranges
                0x00000ab8       0x80 .\CortexM0\ARM_GCC_541\Debug\QuadEncoderRTOS.a(isr_home.o)
 .debug_aranges
                0x00000b38       0x48 .\CortexM0\ARM_GCC_541\Debug\QuadEncoderRTOS.a(LED.o)
 .debug_aranges
                0x00000b80       0x80 .\CortexM0\ARM_GCC_541\Debug\QuadEncoderRTOS.a(isr_spi_ss.o)
 .debug_aranges
                0x00000c00       0x48 .\CortexM0\ARM_GCC_541\Debug\QuadEncoderRTOS.a(spi_ss.o)
 .debug_aranges
                0x00000c48       0x98 .\CortexM0\ARM_GCC_541\Debug\QuadEncoderRTOS.a(Index_Counter_1.o)
 .debug_aranges
                0x00000ce0      0x158 .\CortexM0\ARM_GCC_541\Debug\QuadEncoderRTOS.a(Timer_BRMS.o)
 .debug_aranges
                0x00000e38       0x80 .\CortexM0\ARM_GCC_541\Debug\QuadEncoderRTOS.a(isr_brms.o)
 .debug_aranges
                0x00000eb8       0x20 .\CortexM0\ARM_GCC_541\Debug\QuadEncoderRTOS.a(CyBootAsmGnu.o)
 .debug_aranges
                0x00000ed8       0x20 .\CortexM0\ARM_GCC_541\Debug\QuadEncoderRTOS.a(I2C_I2C_INT.o)
 .debug_aranges
                0x00000ef8       0x28 .\CortexM0\ARM_GCC_541\Debug\QuadEncoderRTOS.a(cyutils.o)

.debug_pubnames
 *(.debug_pubnames)

.debug_info     0x00000000     0x816e
 *(.debug_info .gnu.linkonce.wi.*)
 .debug_info    0x00000000     0x1016 .\CortexM0\ARM_GCC_541\Debug\main.o
 .debug_info    0x00001016      0x49e .\CortexM0\ARM_GCC_541\Debug\INA219.o
 .debug_info    0x000014b4      0x366 .\CortexM0\ARM_GCC_541\Debug\cyfitter_cfg.o
 .debug_info    0x0000181a       0xf8 .\CortexM0\ARM_GCC_541\Debug\cymetadata.o
 .debug_info    0x00001912      0x3a2 .\CortexM0\ARM_GCC_541\Debug\Cm0Start.o
 .debug_info    0x00001cb4      0x2aa .\CortexM0\ARM_GCC_541\Debug\QuadEncoderRTOS.a(I2C.o)
 .debug_info    0x00001f5e      0x195 .\CortexM0\ARM_GCC_541\Debug\QuadEncoderRTOS.a(I2C_I2C.o)
 .debug_info    0x000020f3      0x91d .\CortexM0\ARM_GCC_541\Debug\QuadEncoderRTOS.a(I2C_I2C_MASTER.o)
 .debug_info    0x00002a10      0x90b .\CortexM0\ARM_GCC_541\Debug\QuadEncoderRTOS.a(PWM_1.o)
 .debug_info    0x0000331b      0x19d .\CortexM0\ARM_GCC_541\Debug\QuadEncoderRTOS.a(I2C_sda.o)
 .debug_info    0x000034b8      0x19b .\CortexM0\ARM_GCC_541\Debug\QuadEncoderRTOS.a(I2C_scl.o)
 .debug_info    0x00003653      0xaed .\CortexM0\ARM_GCC_541\Debug\QuadEncoderRTOS.a(CyLib.o)
 .debug_info    0x00004140      0xcfe .\CortexM0\ARM_GCC_541\Debug\QuadEncoderRTOS.a(CyLFClk.o)
 .debug_info    0x00004e3e      0x19d .\CortexM0\ARM_GCC_541\Debug\QuadEncoderRTOS.a(INDEX_OUT.o)
 .debug_info    0x00004fdb      0x19d .\CortexM0\ARM_GCC_541\Debug\QuadEncoderRTOS.a(HOME_OUT.o)
 .debug_info    0x00005178      0x19d .\CortexM0\ARM_GCC_541\Debug\QuadEncoderRTOS.a(HOME_IN.o)
 .debug_info    0x00005315      0x2fb .\CortexM0\ARM_GCC_541\Debug\QuadEncoderRTOS.a(SPI_1.o)
 .debug_info    0x00005610      0x372 .\CortexM0\ARM_GCC_541\Debug\QuadEncoderRTOS.a(SPI_1_SPI_UART.o)
 .debug_info    0x00005982      0x19f .\CortexM0\ARM_GCC_541\Debug\QuadEncoderRTOS.a(SPI_1_SPI.o)
 .debug_info    0x00005b21      0x186 .\CortexM0\ARM_GCC_541\Debug\QuadEncoderRTOS.a(SPI_1_SPI_UART_INT.o)
 .debug_info    0x00005ca7      0x43b .\CortexM0\ARM_GCC_541\Debug\QuadEncoderRTOS.a(Counter_1.o)
 .debug_info    0x000060e2      0x19d .\CortexM0\ARM_GCC_541\Debug\QuadEncoderRTOS.a(Reset_Encoder.o)
 .debug_info    0x0000627f      0x305 .\CortexM0\ARM_GCC_541\Debug\QuadEncoderRTOS.a(isr_rst_encoder.o)
 .debug_info    0x00006584      0x305 .\CortexM0\ARM_GCC_541\Debug\QuadEncoderRTOS.a(isr_home.o)
 .debug_info    0x00006889      0x19d .\CortexM0\ARM_GCC_541\Debug\QuadEncoderRTOS.a(LED.o)
 .debug_info    0x00006a26      0x305 .\CortexM0\ARM_GCC_541\Debug\QuadEncoderRTOS.a(isr_spi_ss.o)
 .debug_info    0x00006d2b      0x19d .\CortexM0\ARM_GCC_541\Debug\QuadEncoderRTOS.a(spi_ss.o)
 .debug_info    0x00006ec8      0x327 .\CortexM0\ARM_GCC_541\Debug\QuadEncoderRTOS.a(Index_Counter_1.o)
 .debug_info    0x000071ef      0x907 .\CortexM0\ARM_GCC_541\Debug\QuadEncoderRTOS.a(Timer_BRMS.o)
 .debug_info    0x00007af6      0x305 .\CortexM0\ARM_GCC_541\Debug\QuadEncoderRTOS.a(isr_brms.o)
 .debug_info    0x00007dfb       0x80 .\CortexM0\ARM_GCC_541\Debug\QuadEncoderRTOS.a(CyBootAsmGnu.o)
 .debug_info    0x00007e7b      0x1a8 .\CortexM0\ARM_GCC_541\Debug\QuadEncoderRTOS.a(I2C_I2C_INT.o)
 .debug_info    0x00008023      0x14b .\CortexM0\ARM_GCC_541\Debug\QuadEncoderRTOS.a(cyutils.o)

.debug_abbrev   0x00000000     0x25c3
 *(.debug_abbrev)
 .debug_abbrev  0x00000000      0x251 .\CortexM0\ARM_GCC_541\Debug\main.o
 .debug_abbrev  0x00000251      0x155 .\CortexM0\ARM_GCC_541\Debug\INA219.o
 .debug_abbrev  0x000003a6      0x195 .\CortexM0\ARM_GCC_541\Debug\cyfitter_cfg.o
 .debug_abbrev  0x0000053b       0x5d .\CortexM0\ARM_GCC_541\Debug\cymetadata.o
 .debug_abbrev  0x00000598      0x1d7 .\CortexM0\ARM_GCC_541\Debug\Cm0Start.o
 .debug_abbrev  0x0000076f      0x130 .\CortexM0\ARM_GCC_541\Debug\QuadEncoderRTOS.a(I2C.o)
 .debug_abbrev  0x0000089f       0xc7 .\CortexM0\ARM_GCC_541\Debug\QuadEncoderRTOS.a(I2C_I2C.o)
 .debug_abbrev  0x00000966      0x1b3 .\CortexM0\ARM_GCC_541\Debug\QuadEncoderRTOS.a(I2C_I2C_MASTER.o)
 .debug_abbrev  0x00000b19      0x119 .\CortexM0\ARM_GCC_541\Debug\QuadEncoderRTOS.a(PWM_1.o)
 .debug_abbrev  0x00000c32       0xc8 .\CortexM0\ARM_GCC_541\Debug\QuadEncoderRTOS.a(I2C_sda.o)
 .debug_abbrev  0x00000cfa       0xc8 .\CortexM0\ARM_GCC_541\Debug\QuadEncoderRTOS.a(I2C_scl.o)
 .debug_abbrev  0x00000dc2      0x1d3 .\CortexM0\ARM_GCC_541\Debug\QuadEncoderRTOS.a(CyLib.o)
 .debug_abbrev  0x00000f95      0x210 .\CortexM0\ARM_GCC_541\Debug\QuadEncoderRTOS.a(CyLFClk.o)
 .debug_abbrev  0x000011a5       0xc8 .\CortexM0\ARM_GCC_541\Debug\QuadEncoderRTOS.a(INDEX_OUT.o)
 .debug_abbrev  0x0000126d       0xc8 .\CortexM0\ARM_GCC_541\Debug\QuadEncoderRTOS.a(HOME_OUT.o)
 .debug_abbrev  0x00001335       0xc8 .\CortexM0\ARM_GCC_541\Debug\QuadEncoderRTOS.a(HOME_IN.o)
 .debug_abbrev  0x000013fd      0x130 .\CortexM0\ARM_GCC_541\Debug\QuadEncoderRTOS.a(SPI_1.o)
 .debug_abbrev  0x0000152d      0x168 .\CortexM0\ARM_GCC_541\Debug\QuadEncoderRTOS.a(SPI_1_SPI_UART.o)
 .debug_abbrev  0x00001695       0xce .\CortexM0\ARM_GCC_541\Debug\QuadEncoderRTOS.a(SPI_1_SPI.o)
 .debug_abbrev  0x00001763       0x9a .\CortexM0\ARM_GCC_541\Debug\QuadEncoderRTOS.a(SPI_1_SPI_UART_INT.o)
 .debug_abbrev  0x000017fd      0x15e .\CortexM0\ARM_GCC_541\Debug\QuadEncoderRTOS.a(Counter_1.o)
 .debug_abbrev  0x0000195b       0xc8 .\CortexM0\ARM_GCC_541\Debug\QuadEncoderRTOS.a(Reset_Encoder.o)
 .debug_abbrev  0x00001a23      0x19a .\CortexM0\ARM_GCC_541\Debug\QuadEncoderRTOS.a(isr_rst_encoder.o)
 .debug_abbrev  0x00001bbd      0x19a .\CortexM0\ARM_GCC_541\Debug\QuadEncoderRTOS.a(isr_home.o)
 .debug_abbrev  0x00001d57       0xc8 .\CortexM0\ARM_GCC_541\Debug\QuadEncoderRTOS.a(LED.o)
 .debug_abbrev  0x00001e1f      0x19a .\CortexM0\ARM_GCC_541\Debug\QuadEncoderRTOS.a(isr_spi_ss.o)
 .debug_abbrev  0x00001fb9       0xc8 .\CortexM0\ARM_GCC_541\Debug\QuadEncoderRTOS.a(spi_ss.o)
 .debug_abbrev  0x00002081      0x117 .\CortexM0\ARM_GCC_541\Debug\QuadEncoderRTOS.a(Index_Counter_1.o)
 .debug_abbrev  0x00002198      0x119 .\CortexM0\ARM_GCC_541\Debug\QuadEncoderRTOS.a(Timer_BRMS.o)
 .debug_abbrev  0x000022b1      0x19a .\CortexM0\ARM_GCC_541\Debug\QuadEncoderRTOS.a(isr_brms.o)
 .debug_abbrev  0x0000244b       0x14 .\CortexM0\ARM_GCC_541\Debug\QuadEncoderRTOS.a(CyBootAsmGnu.o)
 .debug_abbrev  0x0000245f       0xa4 .\CortexM0\ARM_GCC_541\Debug\QuadEncoderRTOS.a(I2C_I2C_INT.o)
 .debug_abbrev  0x00002503       0xc0 .\CortexM0\ARM_GCC_541\Debug\QuadEncoderRTOS.a(cyutils.o)

.debug_line     0x00000000     0x35d4
 *(.debug_line)
 .debug_line    0x00000000      0x4b9 .\CortexM0\ARM_GCC_541\Debug\main.o
 .debug_line    0x000004b9      0x232 .\CortexM0\ARM_GCC_541\Debug\INA219.o
 .debug_line    0x000006eb      0x173 .\CortexM0\ARM_GCC_541\Debug\cyfitter_cfg.o
 .debug_line    0x0000085e      0x141 .\CortexM0\ARM_GCC_541\Debug\cymetadata.o
 .debug_line    0x0000099f      0x235 .\CortexM0\ARM_GCC_541\Debug\Cm0Start.o
 .debug_line    0x00000bd4      0x143 .\CortexM0\ARM_GCC_541\Debug\QuadEncoderRTOS.a(I2C.o)
 .debug_line    0x00000d17       0xc3 .\CortexM0\ARM_GCC_541\Debug\QuadEncoderRTOS.a(I2C_I2C.o)
 .debug_line    0x00000dda      0x339 .\CortexM0\ARM_GCC_541\Debug\QuadEncoderRTOS.a(I2C_I2C_MASTER.o)
 .debug_line    0x00001113      0x37e .\CortexM0\ARM_GCC_541\Debug\QuadEncoderRTOS.a(PWM_1.o)
 .debug_line    0x00001491       0xbf .\CortexM0\ARM_GCC_541\Debug\QuadEncoderRTOS.a(I2C_sda.o)
 .debug_line    0x00001550       0xbe .\CortexM0\ARM_GCC_541\Debug\QuadEncoderRTOS.a(I2C_scl.o)
 .debug_line    0x0000160e      0x460 .\CortexM0\ARM_GCC_541\Debug\QuadEncoderRTOS.a(CyLib.o)
 .debug_line    0x00001a6e      0x466 .\CortexM0\ARM_GCC_541\Debug\QuadEncoderRTOS.a(CyLFClk.o)
 .debug_line    0x00001ed4       0xc1 .\CortexM0\ARM_GCC_541\Debug\QuadEncoderRTOS.a(INDEX_OUT.o)
 .debug_line    0x00001f95       0xc0 .\CortexM0\ARM_GCC_541\Debug\QuadEncoderRTOS.a(HOME_OUT.o)
 .debug_line    0x00002055       0xbf .\CortexM0\ARM_GCC_541\Debug\QuadEncoderRTOS.a(HOME_IN.o)
 .debug_line    0x00002114      0x15f .\CortexM0\ARM_GCC_541\Debug\QuadEncoderRTOS.a(SPI_1.o)
 .debug_line    0x00002273      0x153 .\CortexM0\ARM_GCC_541\Debug\QuadEncoderRTOS.a(SPI_1_SPI_UART.o)
 .debug_line    0x000023c6       0xd2 .\CortexM0\ARM_GCC_541\Debug\QuadEncoderRTOS.a(SPI_1_SPI.o)
 .debug_line    0x00002498       0xb1 .\CortexM0\ARM_GCC_541\Debug\QuadEncoderRTOS.a(SPI_1_SPI_UART_INT.o)
 .debug_line    0x00002549      0x1a5 .\CortexM0\ARM_GCC_541\Debug\QuadEncoderRTOS.a(Counter_1.o)
 .debug_line    0x000026ee       0xc5 .\CortexM0\ARM_GCC_541\Debug\QuadEncoderRTOS.a(Reset_Encoder.o)
 .debug_line    0x000027b3      0x15b .\CortexM0\ARM_GCC_541\Debug\QuadEncoderRTOS.a(isr_rst_encoder.o)
 .debug_line    0x0000290e      0x150 .\CortexM0\ARM_GCC_541\Debug\QuadEncoderRTOS.a(isr_home.o)
 .debug_line    0x00002a5e       0xbb .\CortexM0\ARM_GCC_541\Debug\QuadEncoderRTOS.a(LED.o)
 .debug_line    0x00002b19      0x156 .\CortexM0\ARM_GCC_541\Debug\QuadEncoderRTOS.a(isr_spi_ss.o)
 .debug_line    0x00002c6f       0xbe .\CortexM0\ARM_GCC_541\Debug\QuadEncoderRTOS.a(spi_ss.o)
 .debug_line    0x00002d2d      0x198 .\CortexM0\ARM_GCC_541\Debug\QuadEncoderRTOS.a(Index_Counter_1.o)
 .debug_line    0x00002ec5      0x37f .\CortexM0\ARM_GCC_541\Debug\QuadEncoderRTOS.a(Timer_BRMS.o)
 .debug_line    0x00003244      0x154 .\CortexM0\ARM_GCC_541\Debug\QuadEncoderRTOS.a(isr_brms.o)
 .debug_line    0x00003398       0x69 .\CortexM0\ARM_GCC_541\Debug\QuadEncoderRTOS.a(CyBootAsmGnu.o)
 .debug_line    0x00003401      0x15f .\CortexM0\ARM_GCC_541\Debug\QuadEncoderRTOS.a(I2C_I2C_INT.o)
 .debug_line    0x00003560       0x74 .\CortexM0\ARM_GCC_541\Debug\QuadEncoderRTOS.a(cyutils.o)

.debug_frame    0x00000000     0x2684
 *(.debug_frame)
 .debug_frame   0x00000000      0x1ac .\CortexM0\ARM_GCC_541\Debug\main.o
 .debug_frame   0x000001ac      0x10c .\CortexM0\ARM_GCC_541\Debug\INA219.o
 .debug_frame   0x000002b8       0x8c .\CortexM0\ARM_GCC_541\Debug\cyfitter_cfg.o
 .debug_frame   0x00000344       0xbc .\CortexM0\ARM_GCC_541\Debug\Cm0Start.o
 .debug_frame   0x00000400       0xf8 .\CortexM0\ARM_GCC_541\Debug\QuadEncoderRTOS.a(I2C.o)
 .debug_frame   0x000004f8       0x58 .\CortexM0\ARM_GCC_541\Debug\QuadEncoderRTOS.a(I2C_I2C.o)
 .debug_frame   0x00000550      0x1e8 .\CortexM0\ARM_GCC_541\Debug\QuadEncoderRTOS.a(I2C_I2C_MASTER.o)
 .debug_frame   0x00000738      0x3a0 .\CortexM0\ARM_GCC_541\Debug\QuadEncoderRTOS.a(PWM_1.o)
 .debug_frame   0x00000ad8       0x70 .\CortexM0\ARM_GCC_541\Debug\QuadEncoderRTOS.a(I2C_sda.o)
 .debug_frame   0x00000b48       0x70 .\CortexM0\ARM_GCC_541\Debug\QuadEncoderRTOS.a(I2C_scl.o)
 .debug_frame   0x00000bb8      0x3e0 .\CortexM0\ARM_GCC_541\Debug\QuadEncoderRTOS.a(CyLib.o)
 .debug_frame   0x00000f98      0x3a8 .\CortexM0\ARM_GCC_541\Debug\QuadEncoderRTOS.a(CyLFClk.o)
 .debug_frame   0x00001340       0x70 .\CortexM0\ARM_GCC_541\Debug\QuadEncoderRTOS.a(INDEX_OUT.o)
 .debug_frame   0x000013b0       0x70 .\CortexM0\ARM_GCC_541\Debug\QuadEncoderRTOS.a(HOME_OUT.o)
 .debug_frame   0x00001420       0x70 .\CortexM0\ARM_GCC_541\Debug\QuadEncoderRTOS.a(HOME_IN.o)
 .debug_frame   0x00001490      0x114 .\CortexM0\ARM_GCC_541\Debug\QuadEncoderRTOS.a(SPI_1.o)
 .debug_frame   0x000015a4       0xc8 .\CortexM0\ARM_GCC_541\Debug\QuadEncoderRTOS.a(SPI_1_SPI_UART.o)
 .debug_frame   0x0000166c       0x4c .\CortexM0\ARM_GCC_541\Debug\QuadEncoderRTOS.a(SPI_1_SPI.o)
 .debug_frame   0x000016b8       0x2c .\CortexM0\ARM_GCC_541\Debug\QuadEncoderRTOS.a(SPI_1_SPI_UART_INT.o)
 .debug_frame   0x000016e4      0x198 .\CortexM0\ARM_GCC_541\Debug\QuadEncoderRTOS.a(Counter_1.o)
 .debug_frame   0x0000187c       0x70 .\CortexM0\ARM_GCC_541\Debug\QuadEncoderRTOS.a(Reset_Encoder.o)
 .debug_frame   0x000018ec      0x110 .\CortexM0\ARM_GCC_541\Debug\QuadEncoderRTOS.a(isr_rst_encoder.o)
 .debug_frame   0x000019fc      0x110 .\CortexM0\ARM_GCC_541\Debug\QuadEncoderRTOS.a(isr_home.o)
 .debug_frame   0x00001b0c       0x70 .\CortexM0\ARM_GCC_541\Debug\QuadEncoderRTOS.a(LED.o)
 .debug_frame   0x00001b7c      0x110 .\CortexM0\ARM_GCC_541\Debug\QuadEncoderRTOS.a(isr_spi_ss.o)
 .debug_frame   0x00001c8c       0x70 .\CortexM0\ARM_GCC_541\Debug\QuadEncoderRTOS.a(spi_ss.o)
 .debug_frame   0x00001cfc      0x134 .\CortexM0\ARM_GCC_541\Debug\QuadEncoderRTOS.a(Index_Counter_1.o)
 .debug_frame   0x00001e30      0x3a0 .\CortexM0\ARM_GCC_541\Debug\QuadEncoderRTOS.a(Timer_BRMS.o)
 .debug_frame   0x000021d0      0x110 .\CortexM0\ARM_GCC_541\Debug\QuadEncoderRTOS.a(isr_brms.o)
 .debug_frame   0x000022e0       0x2c .\CortexM0\ARM_GCC_541\Debug\QuadEncoderRTOS.a(I2C_I2C_INT.o)
 .debug_frame   0x0000230c       0x30 .\CortexM0\ARM_GCC_541\Debug\QuadEncoderRTOS.a(cyutils.o)
 .debug_frame   0x0000233c       0x20 c:/program files (x86)/cypress/psoc creator/4.4/psoc creator/import/gnu/arm/5.4.1/bin/../lib/gcc/arm-none-eabi/5.4.1/armv6-m\libgcc.a(_udivsi3.o)
 .debug_frame   0x0000235c       0x28 c:/program files (x86)/cypress/psoc creator/4.4/psoc creator/import/gnu/arm/5.4.1/bin/../lib/gcc/arm-none-eabi/5.4.1/armv6-m\libgcc.a(_fixunssfsi.o)
 .debug_frame   0x00002384       0x30 c:/program files (x86)/cypress/psoc creator/4.4/psoc creator/import/gnu/arm/5.4.1/bin/../lib/gcc/arm-none-eabi/5.4.1/armv6-m\libgcc.a(addsf3.o)
 .debug_frame   0x000023b4       0x3c c:/program files (x86)/cypress/psoc creator/4.4/psoc creator/import/gnu/arm/5.4.1/bin/../lib/gcc/arm-none-eabi/5.4.1/armv6-m\libgcc.a(divsf3.o)
 .debug_frame   0x000023f0       0x2c c:/program files (x86)/cypress/psoc creator/4.4/psoc creator/import/gnu/arm/5.4.1/bin/../lib/gcc/arm-none-eabi/5.4.1/armv6-m\libgcc.a(eqsf2.o)
 .debug_frame   0x0000241c       0x30 c:/program files (x86)/cypress/psoc creator/4.4/psoc creator/import/gnu/arm/5.4.1/bin/../lib/gcc/arm-none-eabi/5.4.1/armv6-m\libgcc.a(gesf2.o)
 .debug_frame   0x0000244c       0x30 c:/program files (x86)/cypress/psoc creator/4.4/psoc creator/import/gnu/arm/5.4.1/bin/../lib/gcc/arm-none-eabi/5.4.1/armv6-m\libgcc.a(lesf2.o)
 .debug_frame   0x0000247c       0x38 c:/program files (x86)/cypress/psoc creator/4.4/psoc creator/import/gnu/arm/5.4.1/bin/../lib/gcc/arm-none-eabi/5.4.1/armv6-m\libgcc.a(mulsf3.o)
 .debug_frame   0x000024b4       0x30 c:/program files (x86)/cypress/psoc creator/4.4/psoc creator/import/gnu/arm/5.4.1/bin/../lib/gcc/arm-none-eabi/5.4.1/armv6-m\libgcc.a(subsf3.o)
 .debug_frame   0x000024e4       0x20 c:/program files (x86)/cypress/psoc creator/4.4/psoc creator/import/gnu/arm/5.4.1/bin/../lib/gcc/arm-none-eabi/5.4.1/armv6-m\libgcc.a(fixsfsi.o)
 .debug_frame   0x00002504       0x2c c:/program files (x86)/cypress/psoc creator/4.4/psoc creator/import/gnu/arm/5.4.1/bin/../lib/gcc/arm-none-eabi/5.4.1/armv6-m\libgcc.a(floatsisf.o)
 .debug_frame   0x00002530       0x2c c:/program files (x86)/cypress/psoc creator/4.4/psoc creator/import/gnu/arm/5.4.1/bin/../lib/gcc/arm-none-eabi/5.4.1/armv6-m\libgcc.a(floatunsisf.o)
 .debug_frame   0x0000255c       0x3c c:/program files (x86)/cypress/psoc creator/4.4/psoc creator/import/gnu/arm/5.4.1/bin/../lib/gcc/arm-none-eabi/5.4.1/armv6-m\libgcc.a(muldf3.o)
 .debug_frame   0x00002598       0x2c c:/program files (x86)/cypress/psoc creator/4.4/psoc creator/import/gnu/arm/5.4.1/bin/../lib/gcc/arm-none-eabi/5.4.1/armv6-m\libgcc.a(floatsidf.o)
 .debug_frame   0x000025c4       0x2c c:/program files (x86)/cypress/psoc creator/4.4/psoc creator/import/gnu/arm/5.4.1/bin/../lib/gcc/arm-none-eabi/5.4.1/armv6-m\libgcc.a(truncdfsf2.o)
 .debug_frame   0x000025f0       0x20 c:/program files (x86)/cypress/psoc creator/4.4/psoc creator/import/gnu/arm/5.4.1/bin/../lib/gcc/arm-none-eabi/5.4.1/../../../../arm-none-eabi/lib/armv6-m\libg_nano.a(lib_a-errno.o)
 .debug_frame   0x00002610       0x28 c:/program files (x86)/cypress/psoc creator/4.4/psoc creator/import/gnu/arm/5.4.1/bin/../lib/gcc/arm-none-eabi/5.4.1/../../../../arm-none-eabi/lib/armv6-m\libg_nano.a(lib_a-exit.o)
 .debug_frame   0x00002638       0x2c c:/program files (x86)/cypress/psoc creator/4.4/psoc creator/import/gnu/arm/5.4.1/bin/../lib/gcc/arm-none-eabi/5.4.1/../../../../arm-none-eabi/lib/armv6-m\libg_nano.a(lib_a-init.o)
 .debug_frame   0x00002664       0x20 c:/program files (x86)/cypress/psoc creator/4.4/psoc creator/import/gnu/arm/5.4.1/bin/../lib/gcc/arm-none-eabi/5.4.1/../../../../arm-none-eabi/lib/armv6-m\libg_nano.a(lib_a-memset.o)

.debug_str      0x00000000     0x30b0
 *(.debug_str)
 .debug_str     0x00000000      0x942 .\CortexM0\ARM_GCC_541\Debug\main.o
                                0xa05 (size before relaxing)
 .debug_str     0x00000942      0x16c .\CortexM0\ARM_GCC_541\Debug\INA219.o
                                0x337 (size before relaxing)
 .debug_str     0x00000aae       0xe5 .\CortexM0\ARM_GCC_541\Debug\cyfitter_cfg.o
                                0x29a (size before relaxing)
 .debug_str     0x00000b93       0x63 .\CortexM0\ARM_GCC_541\Debug\cymetadata.o
                                0x1b8 (size before relaxing)
 .debug_str     0x00000bf6      0x134 .\CortexM0\ARM_GCC_541\Debug\Cm0Start.o
                                0x2f1 (size before relaxing)
 .debug_str     0x00000d2a      0x141 .\CortexM0\ARM_GCC_541\Debug\QuadEncoderRTOS.a(I2C.o)
                                0x2c9 (size before relaxing)
 .debug_str     0x00000e6b       0x94 .\CortexM0\ARM_GCC_541\Debug\QuadEncoderRTOS.a(I2C_I2C.o)
                                0x23e (size before relaxing)
 .debug_str     0x00000eff      0x29b .\CortexM0\ARM_GCC_541\Debug\QuadEncoderRTOS.a(I2C_I2C_MASTER.o)
                                0x4dc (size before relaxing)
 .debug_str     0x0000119a      0x3e7 .\CortexM0\ARM_GCC_541\Debug\QuadEncoderRTOS.a(PWM_1.o)
                                0x5a1 (size before relaxing)
 .debug_str     0x00001581       0xa3 .\CortexM0\ARM_GCC_541\Debug\QuadEncoderRTOS.a(I2C_sda.o)
                                0x234 (size before relaxing)
 .debug_str     0x00001624       0x7a .\CortexM0\ARM_GCC_541\Debug\QuadEncoderRTOS.a(I2C_scl.o)
                                0x234 (size before relaxing)
 .debug_str     0x0000169e      0x440 .\CortexM0\ARM_GCC_541\Debug\QuadEncoderRTOS.a(CyLib.o)
                                0x6a6 (size before relaxing)
 .debug_str     0x00001ade      0x515 .\CortexM0\ARM_GCC_541\Debug\QuadEncoderRTOS.a(CyLFClk.o)
                                0x72d (size before relaxing)
 .debug_str     0x00001ff3       0x8c .\CortexM0\ARM_GCC_541\Debug\QuadEncoderRTOS.a(INDEX_OUT.o)
                                0x242 (size before relaxing)
 .debug_str     0x0000207f       0x86 .\CortexM0\ARM_GCC_541\Debug\QuadEncoderRTOS.a(HOME_OUT.o)
                                0x23b (size before relaxing)
 .debug_str     0x00002105       0x7e .\CortexM0\ARM_GCC_541\Debug\QuadEncoderRTOS.a(HOME_IN.o)
                                0x234 (size before relaxing)
 .debug_str     0x00002183      0x14e .\CortexM0\ARM_GCC_541\Debug\QuadEncoderRTOS.a(SPI_1.o)
                                0x32b (size before relaxing)
 .debug_str     0x000022d1      0x17c .\CortexM0\ARM_GCC_541\Debug\QuadEncoderRTOS.a(SPI_1_SPI_UART.o)
                                0x382 (size before relaxing)
 .debug_str     0x0000244d       0x23 .\CortexM0\ARM_GCC_541\Debug\QuadEncoderRTOS.a(SPI_1_SPI.o)
                                0x279 (size before relaxing)
 .debug_str     0x00002470       0x3f .\CortexM0\ARM_GCC_541\Debug\QuadEncoderRTOS.a(SPI_1_SPI_UART_INT.o)
                                0x283 (size before relaxing)
 .debug_str     0x000024af       0x82 .\CortexM0\ARM_GCC_541\Debug\QuadEncoderRTOS.a(Counter_1.o)
                                0x3cf (size before relaxing)
 .debug_str     0x00002531       0xa2 .\CortexM0\ARM_GCC_541\Debug\QuadEncoderRTOS.a(Reset_Encoder.o)
                                0x25e (size before relaxing)
 .debug_str     0x000025d3      0x130 .\CortexM0\ARM_GCC_541\Debug\QuadEncoderRTOS.a(isr_rst_encoder.o)
                                0x366 (size before relaxing)
 .debug_str     0x00002703       0xd4 .\CortexM0\ARM_GCC_541\Debug\QuadEncoderRTOS.a(isr_home.o)
                                0x304 (size before relaxing)
 .debug_str     0x000027d7       0x6f .\CortexM0\ARM_GCC_541\Debug\QuadEncoderRTOS.a(LED.o)
                                0x218 (size before relaxing)
 .debug_str     0x00002846      0x102 .\CortexM0\ARM_GCC_541\Debug\QuadEncoderRTOS.a(isr_spi_ss.o)
                                0x320 (size before relaxing)
 .debug_str     0x00002948       0x6c .\CortexM0\ARM_GCC_541\Debug\QuadEncoderRTOS.a(spi_ss.o)
                                0x22d (size before relaxing)
 .debug_str     0x000029b4      0x1d4 .\CortexM0\ARM_GCC_541\Debug\QuadEncoderRTOS.a(Index_Counter_1.o)
                                0x3f9 (size before relaxing)
 .debug_str     0x00002b88      0x3ce .\CortexM0\ARM_GCC_541\Debug\QuadEncoderRTOS.a(Timer_BRMS.o)
                                0x673 (size before relaxing)
 .debug_str     0x00002f56       0xea .\CortexM0\ARM_GCC_541\Debug\QuadEncoderRTOS.a(isr_brms.o)
                                0x304 (size before relaxing)
 .debug_str     0x00003040       0x47 .\CortexM0\ARM_GCC_541\Debug\QuadEncoderRTOS.a(I2C_I2C_INT.o)
                                0x2ae (size before relaxing)
 .debug_str     0x00003087       0x29 .\CortexM0\ARM_GCC_541\Debug\QuadEncoderRTOS.a(cyutils.o)
                                0x1ad (size before relaxing)

.debug_loc      0x00000000     0x37f7
 *(.debug_loc)
 .debug_loc     0x00000000      0x276 .\CortexM0\ARM_GCC_541\Debug\main.o
 .debug_loc     0x00000276      0x26a .\CortexM0\ARM_GCC_541\Debug\INA219.o
 .debug_loc     0x000004e0      0x118 .\CortexM0\ARM_GCC_541\Debug\cyfitter_cfg.o
 .debug_loc     0x000005f8      0x14f .\CortexM0\ARM_GCC_541\Debug\Cm0Start.o
 .debug_loc     0x00000747       0x7e .\CortexM0\ARM_GCC_541\Debug\QuadEncoderRTOS.a(I2C.o)
 .debug_loc     0x000007c5      0xa90 .\CortexM0\ARM_GCC_541\Debug\QuadEncoderRTOS.a(I2C_I2C_MASTER.o)
 .debug_loc     0x00001255      0x547 .\CortexM0\ARM_GCC_541\Debug\QuadEncoderRTOS.a(PWM_1.o)
 .debug_loc     0x0000179c       0xa2 .\CortexM0\ARM_GCC_541\Debug\QuadEncoderRTOS.a(I2C_sda.o)
 .debug_loc     0x0000183e       0x81 .\CortexM0\ARM_GCC_541\Debug\QuadEncoderRTOS.a(I2C_scl.o)
 .debug_loc     0x000018bf      0x599 .\CortexM0\ARM_GCC_541\Debug\QuadEncoderRTOS.a(CyLib.o)
 .debug_loc     0x00001e58      0x9b5 .\CortexM0\ARM_GCC_541\Debug\QuadEncoderRTOS.a(CyLFClk.o)
 .debug_loc     0x0000280d       0xa2 .\CortexM0\ARM_GCC_541\Debug\QuadEncoderRTOS.a(INDEX_OUT.o)
 .debug_loc     0x000028af       0xa2 .\CortexM0\ARM_GCC_541\Debug\QuadEncoderRTOS.a(HOME_OUT.o)
 .debug_loc     0x00002951       0xa2 .\CortexM0\ARM_GCC_541\Debug\QuadEncoderRTOS.a(HOME_IN.o)
 .debug_loc     0x000029f3       0x7e .\CortexM0\ARM_GCC_541\Debug\QuadEncoderRTOS.a(SPI_1.o)
 .debug_loc     0x00002a71      0x170 .\CortexM0\ARM_GCC_541\Debug\QuadEncoderRTOS.a(SPI_1_SPI_UART.o)
 .debug_loc     0x00002be1       0x3d .\CortexM0\ARM_GCC_541\Debug\QuadEncoderRTOS.a(SPI_1_SPI_UART_INT.o)
 .debug_loc     0x00002c1e       0xd6 .\CortexM0\ARM_GCC_541\Debug\QuadEncoderRTOS.a(Counter_1.o)
 .debug_loc     0x00002cf4       0xa2 .\CortexM0\ARM_GCC_541\Debug\QuadEncoderRTOS.a(Reset_Encoder.o)
 .debug_loc     0x00002d96       0x82 .\CortexM0\ARM_GCC_541\Debug\QuadEncoderRTOS.a(isr_rst_encoder.o)
 .debug_loc     0x00002e18       0x82 .\CortexM0\ARM_GCC_541\Debug\QuadEncoderRTOS.a(isr_home.o)
 .debug_loc     0x00002e9a       0xa2 .\CortexM0\ARM_GCC_541\Debug\QuadEncoderRTOS.a(LED.o)
 .debug_loc     0x00002f3c       0x82 .\CortexM0\ARM_GCC_541\Debug\QuadEncoderRTOS.a(isr_spi_ss.o)
 .debug_loc     0x00002fbe       0xa2 .\CortexM0\ARM_GCC_541\Debug\QuadEncoderRTOS.a(spi_ss.o)
 .debug_loc     0x00003060       0x31 .\CortexM0\ARM_GCC_541\Debug\QuadEncoderRTOS.a(Index_Counter_1.o)
 .debug_loc     0x00003091      0x547 .\CortexM0\ARM_GCC_541\Debug\QuadEncoderRTOS.a(Timer_BRMS.o)
 .debug_loc     0x000035d8       0x82 .\CortexM0\ARM_GCC_541\Debug\QuadEncoderRTOS.a(isr_brms.o)
 .debug_loc     0x0000365a      0x10c .\CortexM0\ARM_GCC_541\Debug\QuadEncoderRTOS.a(I2C_I2C_INT.o)
 .debug_loc     0x00003766       0x91 .\CortexM0\ARM_GCC_541\Debug\QuadEncoderRTOS.a(cyutils.o)

.debug_macinfo
 *(.debug_macinfo)

.debug_ranges   0x00000000      0xcf8
 *(.debug_ranges)
 .debug_ranges  0x00000000       0x80 .\CortexM0\ARM_GCC_541\Debug\main.o
 .debug_ranges  0x00000080       0x50 .\CortexM0\ARM_GCC_541\Debug\INA219.o
 .debug_ranges  0x000000d0       0x28 .\CortexM0\ARM_GCC_541\Debug\cyfitter_cfg.o
 .debug_ranges  0x000000f8       0x38 .\CortexM0\ARM_GCC_541\Debug\Cm0Start.o
 .debug_ranges  0x00000130       0x58 .\CortexM0\ARM_GCC_541\Debug\QuadEncoderRTOS.a(I2C.o)
 .debug_ranges  0x00000188       0x20 .\CortexM0\ARM_GCC_541\Debug\QuadEncoderRTOS.a(I2C_I2C.o)
 .debug_ranges  0x000001a8       0x88 .\CortexM0\ARM_GCC_541\Debug\QuadEncoderRTOS.a(I2C_I2C_MASTER.o)
 .debug_ranges  0x00000230      0x148 .\CortexM0\ARM_GCC_541\Debug\QuadEncoderRTOS.a(PWM_1.o)
 .debug_ranges  0x00000378       0x38 .\CortexM0\ARM_GCC_541\Debug\QuadEncoderRTOS.a(I2C_sda.o)
 .debug_ranges  0x000003b0       0x38 .\CortexM0\ARM_GCC_541\Debug\QuadEncoderRTOS.a(I2C_scl.o)
 .debug_ranges  0x000003e8      0x170 .\CortexM0\ARM_GCC_541\Debug\QuadEncoderRTOS.a(CyLib.o)
 .debug_ranges  0x00000558      0x128 .\CortexM0\ARM_GCC_541\Debug\QuadEncoderRTOS.a(CyLFClk.o)
 .debug_ranges  0x00000680       0x38 .\CortexM0\ARM_GCC_541\Debug\QuadEncoderRTOS.a(INDEX_OUT.o)
 .debug_ranges  0x000006b8       0x38 .\CortexM0\ARM_GCC_541\Debug\QuadEncoderRTOS.a(HOME_OUT.o)
 .debug_ranges  0x000006f0       0x38 .\CortexM0\ARM_GCC_541\Debug\QuadEncoderRTOS.a(HOME_IN.o)
 .debug_ranges  0x00000728       0x60 .\CortexM0\ARM_GCC_541\Debug\QuadEncoderRTOS.a(SPI_1.o)
 .debug_ranges  0x00000788       0x50 .\CortexM0\ARM_GCC_541\Debug\QuadEncoderRTOS.a(SPI_1_SPI_UART.o)
 .debug_ranges  0x000007d8       0x20 .\CortexM0\ARM_GCC_541\Debug\QuadEncoderRTOS.a(SPI_1_SPI.o)
 .debug_ranges  0x000007f8       0x10 .\CortexM0\ARM_GCC_541\Debug\QuadEncoderRTOS.a(SPI_1_SPI_UART_INT.o)
 .debug_ranges  0x00000808       0x90 .\CortexM0\ARM_GCC_541\Debug\QuadEncoderRTOS.a(Counter_1.o)
 .debug_ranges  0x00000898       0x38 .\CortexM0\ARM_GCC_541\Debug\QuadEncoderRTOS.a(Reset_Encoder.o)
 .debug_ranges  0x000008d0       0x70 .\CortexM0\ARM_GCC_541\Debug\QuadEncoderRTOS.a(isr_rst_encoder.o)
 .debug_ranges  0x00000940       0x70 .\CortexM0\ARM_GCC_541\Debug\QuadEncoderRTOS.a(isr_home.o)
 .debug_ranges  0x000009b0       0x38 .\CortexM0\ARM_GCC_541\Debug\QuadEncoderRTOS.a(LED.o)
 .debug_ranges  0x000009e8       0x70 .\CortexM0\ARM_GCC_541\Debug\QuadEncoderRTOS.a(isr_spi_ss.o)
 .debug_ranges  0x00000a58       0x38 .\CortexM0\ARM_GCC_541\Debug\QuadEncoderRTOS.a(spi_ss.o)
 .debug_ranges  0x00000a90       0x88 .\CortexM0\ARM_GCC_541\Debug\QuadEncoderRTOS.a(Index_Counter_1.o)
 .debug_ranges  0x00000b18      0x148 .\CortexM0\ARM_GCC_541\Debug\QuadEncoderRTOS.a(Timer_BRMS.o)
 .debug_ranges  0x00000c60       0x70 .\CortexM0\ARM_GCC_541\Debug\QuadEncoderRTOS.a(isr_brms.o)
 .debug_ranges  0x00000cd0       0x10 .\CortexM0\ARM_GCC_541\Debug\QuadEncoderRTOS.a(I2C_I2C_INT.o)
 .debug_ranges  0x00000ce0       0x18 .\CortexM0\ARM_GCC_541\Debug\QuadEncoderRTOS.a(cyutils.o)

.comment        0x00000000       0x6e
 .comment       0x00000000       0x6e .\CortexM0\ARM_GCC_541\Debug\main.o
                                 0x6f (size before relaxing)
 .comment       0x0000006e       0x6f .\CortexM0\ARM_GCC_541\Debug\INA219.o
 .comment       0x0000006e       0x6f .\CortexM0\ARM_GCC_541\Debug\cyfitter_cfg.o
 .comment       0x0000006e       0x6f .\CortexM0\ARM_GCC_541\Debug\cymetadata.o
 .comment       0x0000006e       0x6f .\CortexM0\ARM_GCC_541\Debug\Cm0Start.o
 .comment       0x0000006e       0x6f .\CortexM0\ARM_GCC_541\Debug\QuadEncoderRTOS.a(I2C.o)
 .comment       0x0000006e       0x6f .\CortexM0\ARM_GCC_541\Debug\QuadEncoderRTOS.a(I2C_I2C.o)
 .comment       0x0000006e       0x6f .\CortexM0\ARM_GCC_541\Debug\QuadEncoderRTOS.a(I2C_I2C_MASTER.o)
 .comment       0x0000006e       0x6f .\CortexM0\ARM_GCC_541\Debug\QuadEncoderRTOS.a(PWM_1.o)
 .comment       0x0000006e       0x6f .\CortexM0\ARM_GCC_541\Debug\QuadEncoderRTOS.a(I2C_sda.o)
 .comment       0x0000006e       0x6f .\CortexM0\ARM_GCC_541\Debug\QuadEncoderRTOS.a(I2C_scl.o)
 .comment       0x0000006e       0x6f .\CortexM0\ARM_GCC_541\Debug\QuadEncoderRTOS.a(CyLib.o)
 .comment       0x0000006e       0x6f .\CortexM0\ARM_GCC_541\Debug\QuadEncoderRTOS.a(CyLFClk.o)
 .comment       0x0000006e       0x6f .\CortexM0\ARM_GCC_541\Debug\QuadEncoderRTOS.a(INDEX_OUT.o)
 .comment       0x0000006e       0x6f .\CortexM0\ARM_GCC_541\Debug\QuadEncoderRTOS.a(HOME_OUT.o)
 .comment       0x0000006e       0x6f .\CortexM0\ARM_GCC_541\Debug\QuadEncoderRTOS.a(HOME_IN.o)
 .comment       0x0000006e       0x6f .\CortexM0\ARM_GCC_541\Debug\QuadEncoderRTOS.a(SPI_1.o)
 .comment       0x0000006e       0x6f .\CortexM0\ARM_GCC_541\Debug\QuadEncoderRTOS.a(SPI_1_SPI_UART.o)
 .comment       0x0000006e       0x6f .\CortexM0\ARM_GCC_541\Debug\QuadEncoderRTOS.a(SPI_1_SPI.o)
 .comment       0x0000006e       0x6f .\CortexM0\ARM_GCC_541\Debug\QuadEncoderRTOS.a(SPI_1_SPI_UART_INT.o)
 .comment       0x0000006e       0x6f .\CortexM0\ARM_GCC_541\Debug\QuadEncoderRTOS.a(Counter_1.o)
 .comment       0x0000006e       0x6f .\CortexM0\ARM_GCC_541\Debug\QuadEncoderRTOS.a(Reset_Encoder.o)
 .comment       0x0000006e       0x6f .\CortexM0\ARM_GCC_541\Debug\QuadEncoderRTOS.a(isr_rst_encoder.o)
 .comment       0x0000006e       0x6f .\CortexM0\ARM_GCC_541\Debug\QuadEncoderRTOS.a(isr_home.o)
 .comment       0x0000006e       0x6f .\CortexM0\ARM_GCC_541\Debug\QuadEncoderRTOS.a(LED.o)
 .comment       0x0000006e       0x6f .\CortexM0\ARM_GCC_541\Debug\QuadEncoderRTOS.a(isr_spi_ss.o)
 .comment       0x0000006e       0x6f .\CortexM0\ARM_GCC_541\Debug\QuadEncoderRTOS.a(spi_ss.o)
 .comment       0x0000006e       0x6f .\CortexM0\ARM_GCC_541\Debug\QuadEncoderRTOS.a(Index_Counter_1.o)
 .comment       0x0000006e       0x6f .\CortexM0\ARM_GCC_541\Debug\QuadEncoderRTOS.a(Timer_BRMS.o)
 .comment       0x0000006e       0x6f .\CortexM0\ARM_GCC_541\Debug\QuadEncoderRTOS.a(isr_brms.o)
 .comment       0x0000006e       0x6f .\CortexM0\ARM_GCC_541\Debug\QuadEncoderRTOS.a(I2C_I2C_INT.o)
 .comment       0x0000006e       0x6f .\CortexM0\ARM_GCC_541\Debug\QuadEncoderRTOS.a(cyutils.o)

.debug_weaknames
 *(.debug_weaknames)

.debug_funcnames
 *(.debug_funcnames)

.debug_typenames
 *(.debug_typenames)

.debug_varnames
 *(.debug_varnames)

.note.gnu.arm.ident
 *(.note.gnu.arm.ident)

.ARM.attributes
                0x00000000       0x28
 *(.ARM.attributes)
 .ARM.attributes
                0x00000000       0x1e c:/program files (x86)/cypress/psoc creator/4.4/psoc creator/import/gnu/arm/5.4.1/bin/../lib/gcc/arm-none-eabi/5.4.1/armv6-m/crti.o
 .ARM.attributes
                0x0000001e       0x2c c:/program files (x86)/cypress/psoc creator/4.4/psoc creator/import/gnu/arm/5.4.1/bin/../lib/gcc/arm-none-eabi/5.4.1/armv6-m/crtbegin.o
 .ARM.attributes
                0x0000004a       0x1b c:/program files (x86)/cypress/psoc creator/4.4/psoc creator/import/gnu/arm/5.4.1/bin/../lib/gcc/arm-none-eabi/5.4.1/../../../../arm-none-eabi/lib/armv6-m/crt0.o
 .ARM.attributes
                0x00000065       0x31 .\CortexM0\ARM_GCC_541\Debug\main.o
 .ARM.attributes
                0x00000096       0x31 .\CortexM0\ARM_GCC_541\Debug\INA219.o
 .ARM.attributes
                0x000000c7       0x31 .\CortexM0\ARM_GCC_541\Debug\cyfitter_cfg.o
 .ARM.attributes
                0x000000f8       0x31 .\CortexM0\ARM_GCC_541\Debug\cymetadata.o
 .ARM.attributes
                0x00000129       0x31 .\CortexM0\ARM_GCC_541\Debug\Cm0Start.o
 .ARM.attributes
                0x0000015a       0x31 .\CortexM0\ARM_GCC_541\Debug\QuadEncoderRTOS.a(I2C.o)
 .ARM.attributes
                0x0000018b       0x31 .\CortexM0\ARM_GCC_541\Debug\QuadEncoderRTOS.a(I2C_I2C.o)
 .ARM.attributes
                0x000001bc       0x31 .\CortexM0\ARM_GCC_541\Debug\QuadEncoderRTOS.a(I2C_I2C_MASTER.o)
 .ARM.attributes
                0x000001ed       0x31 .\CortexM0\ARM_GCC_541\Debug\QuadEncoderRTOS.a(PWM_1.o)
 .ARM.attributes
                0x0000021e       0x31 .\CortexM0\ARM_GCC_541\Debug\QuadEncoderRTOS.a(I2C_sda.o)
 .ARM.attributes
                0x0000024f       0x31 .\CortexM0\ARM_GCC_541\Debug\QuadEncoderRTOS.a(I2C_scl.o)
 .ARM.attributes
                0x00000280       0x31 .\CortexM0\ARM_GCC_541\Debug\QuadEncoderRTOS.a(CyLib.o)
 .ARM.attributes
                0x000002b1       0x31 .\CortexM0\ARM_GCC_541\Debug\QuadEncoderRTOS.a(CyLFClk.o)
 .ARM.attributes
                0x000002e2       0x31 .\CortexM0\ARM_GCC_541\Debug\QuadEncoderRTOS.a(INDEX_OUT.o)
 .ARM.attributes
                0x00000313       0x31 .\CortexM0\ARM_GCC_541\Debug\QuadEncoderRTOS.a(HOME_OUT.o)
 .ARM.attributes
                0x00000344       0x31 .\CortexM0\ARM_GCC_541\Debug\QuadEncoderRTOS.a(HOME_IN.o)
 .ARM.attributes
                0x00000375       0x31 .\CortexM0\ARM_GCC_541\Debug\QuadEncoderRTOS.a(SPI_1.o)
 .ARM.attributes
                0x000003a6       0x31 .\CortexM0\ARM_GCC_541\Debug\QuadEncoderRTOS.a(SPI_1_SPI_UART.o)
 .ARM.attributes
                0x000003d7       0x31 .\CortexM0\ARM_GCC_541\Debug\QuadEncoderRTOS.a(SPI_1_SPI.o)
 .ARM.attributes
                0x00000408       0x31 .\CortexM0\ARM_GCC_541\Debug\QuadEncoderRTOS.a(SPI_1_SPI_UART_INT.o)
 .ARM.attributes
                0x00000439       0x31 .\CortexM0\ARM_GCC_541\Debug\QuadEncoderRTOS.a(Counter_1.o)
 .ARM.attributes
                0x0000046a       0x31 .\CortexM0\ARM_GCC_541\Debug\QuadEncoderRTOS.a(Reset_Encoder.o)
 .ARM.attributes
                0x0000049b       0x31 .\CortexM0\ARM_GCC_541\Debug\QuadEncoderRTOS.a(isr_rst_encoder.o)
 .ARM.attributes
                0x000004cc       0x31 .\CortexM0\ARM_GCC_541\Debug\QuadEncoderRTOS.a(isr_home.o)
 .ARM.attributes
                0x000004fd       0x31 .\CortexM0\ARM_GCC_541\Debug\QuadEncoderRTOS.a(LED.o)
 .ARM.attributes
                0x0000052e       0x31 .\CortexM0\ARM_GCC_541\Debug\QuadEncoderRTOS.a(isr_spi_ss.o)
 .ARM.attributes
                0x0000055f       0x31 .\CortexM0\ARM_GCC_541\Debug\QuadEncoderRTOS.a(spi_ss.o)
 .ARM.attributes
                0x00000590       0x31 .\CortexM0\ARM_GCC_541\Debug\QuadEncoderRTOS.a(Index_Counter_1.o)
 .ARM.attributes
                0x000005c1       0x31 .\CortexM0\ARM_GCC_541\Debug\QuadEncoderRTOS.a(Timer_BRMS.o)
 .ARM.attributes
                0x000005f2       0x31 .\CortexM0\ARM_GCC_541\Debug\QuadEncoderRTOS.a(isr_brms.o)
 .ARM.attributes
                0x00000623       0x21 .\CortexM0\ARM_GCC_541\Debug\QuadEncoderRTOS.a(CyBootAsmGnu.o)
 .ARM.attributes
                0x00000644       0x31 .\CortexM0\ARM_GCC_541\Debug\QuadEncoderRTOS.a(I2C_I2C_INT.o)
 .ARM.attributes
                0x00000675       0x31 .\CortexM0\ARM_GCC_541\Debug\QuadEncoderRTOS.a(cyutils.o)
 .ARM.attributes
                0x000006a6       0x1e c:/program files (x86)/cypress/psoc creator/4.4/psoc creator/import/gnu/arm/5.4.1/bin/../lib/gcc/arm-none-eabi/5.4.1/armv6-m\libgcc.a(_udivsi3.o)
 .ARM.attributes
                0x000006c4       0x1e c:/program files (x86)/cypress/psoc creator/4.4/psoc creator/import/gnu/arm/5.4.1/bin/../lib/gcc/arm-none-eabi/5.4.1/armv6-m\libgcc.a(_dvmd_tls.o)
 .ARM.attributes
                0x000006e2       0x1e c:/program files (x86)/cypress/psoc creator/4.4/psoc creator/import/gnu/arm/5.4.1/bin/../lib/gcc/arm-none-eabi/5.4.1/armv6-m\libgcc.a(_arm_cmpsf2.o)
 .ARM.attributes
                0x00000700       0x2c c:/program files (x86)/cypress/psoc creator/4.4/psoc creator/import/gnu/arm/5.4.1/bin/../lib/gcc/arm-none-eabi/5.4.1/armv6-m\libgcc.a(_fixunssfsi.o)
 .ARM.attributes
                0x0000072c       0x2c c:/program files (x86)/cypress/psoc creator/4.4/psoc creator/import/gnu/arm/5.4.1/bin/../lib/gcc/arm-none-eabi/5.4.1/armv6-m\libgcc.a(addsf3.o)
 .ARM.attributes
                0x00000758       0x2c c:/program files (x86)/cypress/psoc creator/4.4/psoc creator/import/gnu/arm/5.4.1/bin/../lib/gcc/arm-none-eabi/5.4.1/armv6-m\libgcc.a(divsf3.o)
 .ARM.attributes
                0x00000784       0x2c c:/program files (x86)/cypress/psoc creator/4.4/psoc creator/import/gnu/arm/5.4.1/bin/../lib/gcc/arm-none-eabi/5.4.1/armv6-m\libgcc.a(eqsf2.o)
 .ARM.attributes
                0x000007b0       0x2c c:/program files (x86)/cypress/psoc creator/4.4/psoc creator/import/gnu/arm/5.4.1/bin/../lib/gcc/arm-none-eabi/5.4.1/armv6-m\libgcc.a(gesf2.o)
 .ARM.attributes
                0x000007dc       0x2c c:/program files (x86)/cypress/psoc creator/4.4/psoc creator/import/gnu/arm/5.4.1/bin/../lib/gcc/arm-none-eabi/5.4.1/armv6-m\libgcc.a(lesf2.o)
 .ARM.attributes
                0x00000808       0x2c c:/program files (x86)/cypress/psoc creator/4.4/psoc creator/import/gnu/arm/5.4.1/bin/../lib/gcc/arm-none-eabi/5.4.1/armv6-m\libgcc.a(mulsf3.o)
 .ARM.attributes
                0x00000834       0x2c c:/program files (x86)/cypress/psoc creator/4.4/psoc creator/import/gnu/arm/5.4.1/bin/../lib/gcc/arm-none-eabi/5.4.1/armv6-m\libgcc.a(subsf3.o)
 .ARM.attributes
                0x00000860       0x2c c:/program files (x86)/cypress/psoc creator/4.4/psoc creator/import/gnu/arm/5.4.1/bin/../lib/gcc/arm-none-eabi/5.4.1/armv6-m\libgcc.a(fixsfsi.o)
 .ARM.attributes
                0x0000088c       0x2c c:/program files (x86)/cypress/psoc creator/4.4/psoc creator/import/gnu/arm/5.4.1/bin/../lib/gcc/arm-none-eabi/5.4.1/armv6-m\libgcc.a(floatsisf.o)
 .ARM.attributes
                0x000008b8       0x2c c:/program files (x86)/cypress/psoc creator/4.4/psoc creator/import/gnu/arm/5.4.1/bin/../lib/gcc/arm-none-eabi/5.4.1/armv6-m\libgcc.a(floatunsisf.o)
 .ARM.attributes
                0x000008e4       0x2c c:/program files (x86)/cypress/psoc creator/4.4/psoc creator/import/gnu/arm/5.4.1/bin/../lib/gcc/arm-none-eabi/5.4.1/armv6-m\libgcc.a(muldf3.o)
 .ARM.attributes
                0x00000910       0x2c c:/program files (x86)/cypress/psoc creator/4.4/psoc creator/import/gnu/arm/5.4.1/bin/../lib/gcc/arm-none-eabi/5.4.1/armv6-m\libgcc.a(floatsidf.o)
 .ARM.attributes
                0x0000093c       0x2c c:/program files (x86)/cypress/psoc creator/4.4/psoc creator/import/gnu/arm/5.4.1/bin/../lib/gcc/arm-none-eabi/5.4.1/armv6-m\libgcc.a(truncdfsf2.o)
 .ARM.attributes
                0x00000968       0x1e c:/program files (x86)/cypress/psoc creator/4.4/psoc creator/import/gnu/arm/5.4.1/bin/../lib/gcc/arm-none-eabi/5.4.1/armv6-m\libgcc.a(_clzsi2.o)
 .ARM.attributes
                0x00000986       0x2c c:/program files (x86)/cypress/psoc creator/4.4/psoc creator/import/gnu/arm/5.4.1/bin/../lib/gcc/arm-none-eabi/5.4.1/../../../../arm-none-eabi/lib/armv6-m\libg_nano.a(lib_a-errno.o)
 .ARM.attributes
                0x000009b2       0x2c c:/program files (x86)/cypress/psoc creator/4.4/psoc creator/import/gnu/arm/5.4.1/bin/../lib/gcc/arm-none-eabi/5.4.1/../../../../arm-none-eabi/lib/armv6-m\libg_nano.a(lib_a-exit.o)
 .ARM.attributes
                0x000009de       0x2c c:/program files (x86)/cypress/psoc creator/4.4/psoc creator/import/gnu/arm/5.4.1/bin/../lib/gcc/arm-none-eabi/5.4.1/../../../../arm-none-eabi/lib/armv6-m\libg_nano.a(lib_a-impure.o)
 .ARM.attributes
                0x00000a0a       0x2c c:/program files (x86)/cypress/psoc creator/4.4/psoc creator/import/gnu/arm/5.4.1/bin/../lib/gcc/arm-none-eabi/5.4.1/../../../../arm-none-eabi/lib/armv6-m\libg_nano.a(lib_a-init.o)
 .ARM.attributes
                0x00000a36       0x2c c:/program files (x86)/cypress/psoc creator/4.4/psoc creator/import/gnu/arm/5.4.1/bin/../lib/gcc/arm-none-eabi/5.4.1/../../../../arm-none-eabi/lib/armv6-m\libg_nano.a(lib_a-memset.o)
 .ARM.attributes
                0x00000a62       0x2c c:/program files (x86)/cypress/psoc creator/4.4/psoc creator/import/gnu/arm/5.4.1/bin/../lib/gcc/arm-none-eabi/5.4.1/armv6-m/crtend.o
 .ARM.attributes
                0x00000a8e       0x1e c:/program files (x86)/cypress/psoc creator/4.4/psoc creator/import/gnu/arm/5.4.1/bin/../lib/gcc/arm-none-eabi/5.4.1/armv6-m/crtn.o

/DISCARD/
 *(.note.GNU-stack)
OUTPUT(C:\proj\acsnb-motor-cypress\QuadEncoderRTOS.cydsn\CortexM0\ARM_GCC_541\Debug\QuadEncoderRTOS.elf elf32-littlearm)
