Archive member included to satisfy reference by file (symbol)

.\CortexM0\ARM_GCC_541\Debug\QuadEncoderRTOS.a(I2C.o)
                              .\CortexM0\ARM_GCC_541\Debug\main.o (I2C_Start)
.\CortexM0\ARM_GCC_541\Debug\QuadEncoderRTOS.a(I2C_I2C.o)
                              .\CortexM0\ARM_GCC_541\Debug\QuadEncoderRTOS.a(I2C.o) (I2C_I2CInit)
.\CortexM0\ARM_GCC_541\Debug\QuadEncoderRTOS.a(I2C_I2C_MASTER.o)
                              .\CortexM0\ARM_GCC_541\Debug\QuadEncoderRTOS.a(I2C_I2C.o) (I2C_mstrRdBufIndex)
.\CortexM0\ARM_GCC_541\Debug\QuadEncoderRTOS.a(PWM_1.o)
                              .\CortexM0\ARM_GCC_541\Debug\main.o (PWM_1_WritePeriod)
.\CortexM0\ARM_GCC_541\Debug\QuadEncoderRTOS.a(I2C_sda.o)
                              .\CortexM0\ARM_GCC_541\Debug\QuadEncoderRTOS.a(I2C_I2C_MASTER.o) (I2C_sda_Read)
.\CortexM0\ARM_GCC_541\Debug\QuadEncoderRTOS.a(I2C_scl.o)
                              .\CortexM0\ARM_GCC_541\Debug\QuadEncoderRTOS.a(I2C_I2C_MASTER.o) (I2C_scl_Write)
.\CortexM0\ARM_GCC_541\Debug\QuadEncoderRTOS.a(CyLib.o)
                              .\CortexM0\ARM_GCC_541\Debug\QuadEncoderRTOS.a(I2C.o) (CyIntEnable)
.\CortexM0\ARM_GCC_541\Debug\QuadEncoderRTOS.a(INDEX_OUT.o)
                              .\CortexM0\ARM_GCC_541\Debug\main.o (INDEX_OUT_SetDriveMode)
.\CortexM0\ARM_GCC_541\Debug\QuadEncoderRTOS.a(HOME_OUT.o)
                              .\CortexM0\ARM_GCC_541\Debug\main.o (HOME_OUT_SetDriveMode)
.\CortexM0\ARM_GCC_541\Debug\QuadEncoderRTOS.a(HOME_IN.o)
                              .\CortexM0\ARM_GCC_541\Debug\main.o (HOME_IN_ClearInterrupt)
.\CortexM0\ARM_GCC_541\Debug\QuadEncoderRTOS.a(SPI_1.o)
                              .\CortexM0\ARM_GCC_541\Debug\main.o (SPI_1_Start)
.\CortexM0\ARM_GCC_541\Debug\QuadEncoderRTOS.a(SPI_1_SPI_UART.o)
                              .\CortexM0\ARM_GCC_541\Debug\main.o (SPI_1_SpiUartReadRxData)
.\CortexM0\ARM_GCC_541\Debug\QuadEncoderRTOS.a(SPI_1_SPI.o)
                              .\CortexM0\ARM_GCC_541\Debug\QuadEncoderRTOS.a(SPI_1.o) (SPI_1_SpiInit)
.\CortexM0\ARM_GCC_541\Debug\QuadEncoderRTOS.a(SPI_1_SPI_UART_INT.o)
                              .\CortexM0\ARM_GCC_541\Debug\QuadEncoderRTOS.a(SPI_1_SPI.o) (SPI_1_SPI_UART_ISR)
.\CortexM0\ARM_GCC_541\Debug\QuadEncoderRTOS.a(Counter_1.o)
                              .\CortexM0\ARM_GCC_541\Debug\main.o (Counter_1_WriteCounter)
.\CortexM0\ARM_GCC_541\Debug\QuadEncoderRTOS.a(Reset_Encoder.o)
                              .\CortexM0\ARM_GCC_541\Debug\main.o (Reset_Encoder_ClearInterrupt)
.\CortexM0\ARM_GCC_541\Debug\QuadEncoderRTOS.a(isr_rst_encoder.o)
                              .\CortexM0\ARM_GCC_541\Debug\main.o (isr_rst_encoder_SetPriority)
.\CortexM0\ARM_GCC_541\Debug\QuadEncoderRTOS.a(isr_home.o)
                              .\CortexM0\ARM_GCC_541\Debug\main.o (isr_home_SetPriority)
.\CortexM0\ARM_GCC_541\Debug\QuadEncoderRTOS.a(LED.o)
                              .\CortexM0\ARM_GCC_541\Debug\main.o (LED_Write)
.\CortexM0\ARM_GCC_541\Debug\QuadEncoderRTOS.a(isr_spi_ss.o)
                              .\CortexM0\ARM_GCC_541\Debug\main.o (isr_spi_ss_SetPriority)
.\CortexM0\ARM_GCC_541\Debug\QuadEncoderRTOS.a(spi_ss.o)
                              .\CortexM0\ARM_GCC_541\Debug\main.o (spi_ss_Read)
.\CortexM0\ARM_GCC_541\Debug\QuadEncoderRTOS.a(PROBE.o)
                              .\CortexM0\ARM_GCC_541\Debug\main.o (PROBE_Write)
.\CortexM0\ARM_GCC_541\Debug\QuadEncoderRTOS.a(Index_Counter_1.o)
                              .\CortexM0\ARM_GCC_541\Debug\main.o (Index_Counter_1_WriteCounter)
.\CortexM0\ARM_GCC_541\Debug\QuadEncoderRTOS.a(Timer_BRMS.o)
                              .\CortexM0\ARM_GCC_541\Debug\main.o (Timer_BRMS_Start)
.\CortexM0\ARM_GCC_541\Debug\QuadEncoderRTOS.a(isr_brms.o)
                              .\CortexM0\ARM_GCC_541\Debug\main.o (isr_brms_SetPriority)
.\CortexM0\ARM_GCC_541\Debug\QuadEncoderRTOS.a(CyBootAsmGnu.o)
                              .\CortexM0\ARM_GCC_541\Debug\QuadEncoderRTOS.a(CyLib.o) (CyDelayCycles)
.\CortexM0\ARM_GCC_541\Debug\QuadEncoderRTOS.a(I2C_I2C_INT.o)
                              .\CortexM0\ARM_GCC_541\Debug\QuadEncoderRTOS.a(I2C_I2C.o) (I2C_I2C_ISR)
.\CortexM0\ARM_GCC_541\Debug\QuadEncoderRTOS.a(cyutils.o)
                              .\CortexM0\ARM_GCC_541\Debug\QuadEncoderRTOS.a(Counter_1.o) (CySetReg24)
c:/program files (x86)/cypress/psoc creator/4.4/psoc creator/import/gnu/arm/5.4.1/bin/../lib/gcc/arm-none-eabi/5.4.1/armv6-m\libgcc.a(_udivsi3.o)
                              .\CortexM0\ARM_GCC_541\Debug\QuadEncoderRTOS.a(CyLib.o) (__aeabi_uidiv)
c:/program files (x86)/cypress/psoc creator/4.4/psoc creator/import/gnu/arm/5.4.1/bin/../lib/gcc/arm-none-eabi/5.4.1/armv6-m\libgcc.a(_divsi3.o)
                              .\CortexM0\ARM_GCC_541\Debug\pid.o (__aeabi_idiv)
c:/program files (x86)/cypress/psoc creator/4.4/psoc creator/import/gnu/arm/5.4.1/bin/../lib/gcc/arm-none-eabi/5.4.1/armv6-m\libgcc.a(_dvmd_tls.o)
[...]
Memory Configuration

Name             Origin             Length             Attributes
rom              0x00000000         0x00008000         xr
ram              0x20000000         0x00001000         xrw
*default*        0x00000000         0xffffffff

Linker script and memory map

LOAD c:/program files (x86)/cypress/psoc creator/4.4/psoc creator/import/gnu/arm/5.4.1/bin/../lib/gcc/arm-none-eabi/5.4.1/armv6-m/crti.o
LOAD c:/program files (x86)/cypress/psoc creator/4.4/psoc creator/import/gnu/arm/5.4.1/bin/../lib/gcc/arm-none-eabi/5.4.1/armv6-m/crtbegin.o
LOAD c:/program files (x86)/cypress/psoc creator/4.4/psoc creator/import/gnu/arm/5.4.1/bin/../lib/gcc/arm-none-eabi/5.4.1/../../../../arm-none-eabi/lib/armv6-m/crt0.o
START GROUP
LOAD .\CortexM0\ARM_GCC_541\Debug\main.o
LOAD .\CortexM0\ARM_GCC_541\Debug\INA219.o
LOAD .\CortexM0\ARM_GCC_541\Debug\pid.o
LOAD .\CortexM0\ARM_GCC_541\Debug\cyfitter_cfg.o
LOAD .\CortexM0\ARM_GCC_541\Debug\cymetadata.o
LOAD .\CortexM0\ARM_GCC_541\Debug\Cm0Start.o
LOAD .\CortexM0\ARM_GCC_541\Debug\QuadEncoderRTOS.a
END GROUP
START GROUP
LOAD c:/program files (x86)/cypress/psoc creator/4.4/psoc creator/import/gnu/arm/5.4.1/bin/../lib/gcc/arm-none-eabi/5.4.1/armv6-m\libgcc.a
LOAD c:/program files (x86)/cypress/psoc creator/4.4/psoc creator/import/gnu/arm/5.4.1/bin/../lib/gcc/arm-none-eabi/5.4.1/../../../../arm-none-eabi/lib/armv6-m\libg_nano.a
LOAD c:/program files (x86)/cypress/psoc creator/4.4/psoc creator/import/gnu/arm/5.4.1/bin/../lib/gcc/arm-none-eabi/5.4.1/../../../../arm-none-eabi/lib/armv6-m\libc_nano.a
END GROUP
START GROUP
LOAD c:/program files (x86)/cypress/psoc creator/4.4/psoc creator/import/gnu/arm/5.4.1/bin/../lib/gcc/arm-none-eabi/5.4.1/armv6-m\libgcc.a
LOAD c:/program files (x86)/cypress/psoc creator/4.4/psoc creator/import/gnu/arm/5.4.1/bin/../lib/gcc/arm-none-eabi/5.4.1/../../../../arm-none-eabi/lib/armv6-m\libc_nano.a
END GROUP
LOAD c:/program files (x86)/cypress/psoc creator/4.4/psoc creator/import/gnu/arm/5.4.1/bin/../lib/gcc/arm-none-eabi/5.4.1/armv6-m/crtend.o
LOAD c:/program files (x86)/cypress/psoc creator/4.4/psoc creator/import/gnu/arm/5.4.1/bin/../lib/gcc/arm-none-eabi/5.4.1/armv6-m/crtn.o
START GROUP
LOAD c:/program files (x86)/cypress/psoc creator/4.4/psoc creator/import/gnu/arm/5.4.1/bin/../lib/gcc/arm-none-eabi/5.4.1/armv6-m\libgcc.a
LOAD c:/program files (x86)/cypress/psoc creator/4.4/psoc creator/import/gnu/arm/5.4.1/bin/../lib/gcc/arm-none-eabi/5.4.1/../../../../arm-none-eabi/lib/armv6-m\libc.a
LOAD c:/program files (x86)/cypress/psoc creator/4.4/psoc creator/import/gnu/arm/5.4.1/bin/../lib/gcc/arm-none-eabi/5.4.1/../../../../arm-none-eabi/lib/armv6-m\libnosys.a
END GROUP
                0x00000000                CY_APPL_ORIGIN = 0x0
                0x00000080                CY_FLASH_ROW_SIZE = 0x80
                0x00000001                CY_APPL_NUM = 0x1
                0x00000001                CY_APPL_MAX = 0x1
                0x00000040                CY_METADATA_SIZE = 0x40
                0x00000000                CY_APPL_LOADABLE = 0x0
                0x00000000                CY_CHECKSUM_EXCLUDE_SIZE = ALIGN (0x0, CY_FLASH_ROW_SIZE)
                0x00000000                CY_APP_FOR_STACK_AND_COPIER = 0x0
                [!provide]                PROVIDE (__cy_heap_start, _end)
                0x00000001                PROVIDE (__cy_region_num, ((__cy_regions_end - __cy_regions) / 0x10))
                0x20001000                PROVIDE (__cy_stack, (ORIGIN (ram) + LENGTH (ram)))
                [!provide]                PROVIDE (__cy_heap_end, (__cy_stack - 0x200))

.cybootloader   0x00000000        0x0
 *(.cybootloader)
                0x00000000                appl1_start = CY_APPL_ORIGIN?CY_APPL_ORIGIN:ALIGN (CY_FLASH_ROW_SIZE)
                0x00003f80                appl2_start = (appl1_start + ALIGN ((((LENGTH (rom) - appl1_start) - (0x2 * CY_FLASH_ROW_SIZE)) / 0x2), CY_FLASH_ROW_SIZE))
                0x00000000                appl_start = (CY_APPL_NUM == 0x1)?appl1_start:appl2_start
                0x00000001                cy_project_type_bootloader = (appl_start == 0x0)?0x1:0x0
                0x00000000                cy_project_type_app_for_stack_and_copier = (CY_APP_FOR_STACK_AND_COPIER == 0x1)?0x1:0x0

.text           0x00000000     0x1ee0
 CREATE_OBJECT_SYMBOLS
                0x00000000                PROVIDE (__cy_interrupt_vector, RomVectors)
 *(.romvectors)
 .romvectors    0x00000000       0x10 .\CortexM0\ARM_GCC_541\Debug\Cm0Start.o
                0x00000000                RomVectors
                0x00000001                ASSERT ((. != __cy_interrupt_vector), No interrupt vector)
                0x00000001                ASSERT (CY_APPL_ORIGIN?(SIZEOF (.cybootloader) <= CY_APPL_ORIGIN):0x1, Wrong image location)
                0x00000010                PROVIDE (__cy_reset, Reset)
 *(.text.Reset)
 .text.Reset    0x00000010        0x8 .\CortexM0\ARM_GCC_541\Debug\Cm0Start.o
                0x00000010                Reset
                0x00000001                ASSERT ((. != __cy_reset), No reset code)
 *(.psocinit)
 .psocinit      0x00000018      0x218 .\CortexM0\ARM_GCC_541\Debug\cyfitter_cfg.o
                0x000000bc                cyfitter_cfg
                0x00000230                . = MAX (., 0x100)
 *(.text .text.* .gnu.linkonce.t.*)
 .text          0x00000230       0x60 c:/program files (x86)/cypress/psoc creator/4.4/psoc creator/import/gnu/arm/5.4.1/bin/../lib/gcc/arm-none-eabi/5.4.1/armv6-m/crtbegin.o
 .text.RSTIsrHandler
                0x00000290       0x24 .\CortexM0\ARM_GCC_541\Debug\main.o
                0x00000290                RSTIsrHandler
 .text.HomeIsrHandler
                0x000002b4       0x1c .\CortexM0\ARM_GCC_541\Debug\main.o
                0x000002b4                HomeIsrHandler
 .text.SPI_SS_IsrHandler
                0x000002d0       0x60 .\CortexM0\ARM_GCC_541\Debug\main.o
                0x000002d0                SPI_SS_IsrHandler
 .text.ClearFault
                0x00000330       0x1c .\CortexM0\ARM_GCC_541\Debug\main.o
                0x00000330                ClearFault
 .text.PWM_Set  0x0000034c       0x10 .\CortexM0\ARM_GCC_541\Debug\main.o
                0x0000034c                PWM_Set
 .text.GetPosition
                0x0000035c       0x44 .\CortexM0\ARM_GCC_541\Debug\main.o
                0x0000035c                GetPosition
 .text.runRateGroup3_SPI
                0x000003a0      0x2a0 .\CortexM0\ARM_GCC_541\Debug\main.o
                0x000003a0                runRateGroup3_SPI
 .text.PID_Initialize
                0x00000640       0x30 .\CortexM0\ARM_GCC_541\Debug\main.o
                0x00000640                PID_Initialize
 .text.PID_SetMode
                0x00000670       0x24 .\CortexM0\ARM_GCC_541\Debug\main.o
                0x00000670                PID_SetMode
 .text.runRateGroup1_PID
                0x00000694      0x16c .\CortexM0\ARM_GCC_541\Debug\main.o
                0x00000694                runRateGroup1_PID
 .text.BRMS_Interrupt
                0x00000800       0xbc .\CortexM0\ARM_GCC_541\Debug\main.o
                0x00000800                BRMS_Interrupt
 .text.main     0x000008bc      0x138 .\CortexM0\ARM_GCC_541\Debug\main.o
                0x000008bc                main
 .text.PID_UpdateValues
                0x000009f4       0xc8 .\CortexM0\ARM_GCC_541\Debug\pid.o
                0x000009f4                PID_UpdateValues
 .text.cfg_write_bytes32
                0x00000abc       0x34 .\CortexM0\ARM_GCC_541\Debug\cyfitter_cfg.o
 .text.CYMEMZERO
                0x00000af0        0xc .\CortexM0\ARM_GCC_541\Debug\cyfitter_cfg.o
 .text.IntDefaultHandler
                0x00000afc       0x10 .\CortexM0\ARM_GCC_541\Debug\Cm0Start.o
                0x00000afc                IntDefaultHandler
 .text.Start_c  0x00000b0c       0x48 .\CortexM0\ARM_GCC_541\Debug\Cm0Start.o
                0x00000b0c                Start_c
 .text.initialize_psoc
                0x00000b54       0x40 .\CortexM0\ARM_GCC_541\Debug\Cm0Start.o
                0x00000b54                initialize_psoc
 .text.I2C_ScbEnableIntr
                0x00000b94        0xc .\CortexM0\ARM_GCC_541\Debug\QuadEncoderRTOS.a(I2C.o)
 .text.I2C_Init
                0x00000ba0        0x8 .\CortexM0\ARM_GCC_541\Debug\QuadEncoderRTOS.a(I2C.o)
                0x00000ba0                I2C_Init
 .text.I2C_Enable
                0x00000ba8       0x18 .\CortexM0\ARM_GCC_541\Debug\QuadEncoderRTOS.a(I2C.o)
                0x00000ba8                I2C_Enable
 .text.I2C_Start
                0x00000bc0       0x20 .\CortexM0\ARM_GCC_541\Debug\QuadEncoderRTOS.a(I2C.o)
                0x00000bc0                I2C_Start
 .text.I2C_I2CInit
                0x00000be0       0xc4 .\CortexM0\ARM_GCC_541\Debug\QuadEncoderRTOS.a(I2C_I2C.o)
                0x00000be0                I2C_I2CInit
 .text.I2C_I2CFwBlockReset
                0x00000ca4       0x94 .\CortexM0\ARM_GCC_541\Debug\QuadEncoderRTOS.a(I2C_I2C.o)
                0x00000ca4                I2C_I2CFwBlockReset
 .text.PWM_1_WriteCounter
                0x00000d38       0x10 .\CortexM0\ARM_GCC_541\Debug\QuadEncoderRTOS.a(PWM_1.o)
                0x00000d38                PWM_1_WriteCounter
 .text.PWM_1_WritePeriod
                0x00000d48       0x10 .\CortexM0\ARM_GCC_541\Debug\QuadEncoderRTOS.a(PWM_1.o)
                0x00000d48                PWM_1_WritePeriod
 .text.PWM_1_WriteCompare
                0x00000d58       0x10 .\CortexM0\ARM_GCC_541\Debug\QuadEncoderRTOS.a(PWM_1.o)
                0x00000d58                PWM_1_WriteCompare
 .text.PWM_1_TriggerCommand
                0x00000d68       0x1c .\CortexM0\ARM_GCC_541\Debug\QuadEncoderRTOS.a(PWM_1.o)
                0x00000d68                PWM_1_TriggerCommand
 .text.PWM_1_Enable
                0x00000d84       0x24 .\CortexM0\ARM_GCC_541\Debug\QuadEncoderRTOS.a(PWM_1.o)
                0x00000d84                PWM_1_Enable
 .text.PWM_1_SetInterruptMode
                0x00000da8        0xc .\CortexM0\ARM_GCC_541\Debug\QuadEncoderRTOS.a(PWM_1.o)
                0x00000da8                PWM_1_SetInterruptMode
 .text.PWM_1_Init
                0x00000db4       0x48 .\CortexM0\ARM_GCC_541\Debug\QuadEncoderRTOS.a(PWM_1.o)
                0x00000db4                PWM_1_Init
 .text.PWM_1_Start
                0x00000dfc       0x20 .\CortexM0\ARM_GCC_541\Debug\QuadEncoderRTOS.a(PWM_1.o)
                0x00000dfc                PWM_1_Start
 .text.CyIntEnable
                0x00000e1c       0x14 .\CortexM0\ARM_GCC_541\Debug\QuadEncoderRTOS.a(CyLib.o)
                0x00000e1c                CyIntEnable
 .text.CyIntDisable
                0x00000e30       0x14 .\CortexM0\ARM_GCC_541\Debug\QuadEncoderRTOS.a(CyLib.o)
                0x00000e30                CyIntDisable
 .text.CyHalt   0x00000e44        0x4 .\CortexM0\ARM_GCC_541\Debug\QuadEncoderRTOS.a(CyLib.o)
                0x00000e44                CyHalt
 .text.CyIntSetVector
                0x00000e48       0x24 .\CortexM0\ARM_GCC_541\Debug\QuadEncoderRTOS.a(CyLib.o)
                0x00000e48                CyIntSetVector
 .text.CyIntSetPriority
                0x00000e6c       0x4c .\CortexM0\ARM_GCC_541\Debug\QuadEncoderRTOS.a(CyLib.o)
                0x00000e6c                CyIntSetPriority
 .text.CyDelay  0x00000eb8       0x30 .\CortexM0\ARM_GCC_541\Debug\QuadEncoderRTOS.a(CyLib.o)
                0x00000eb8                CyDelay
 .text.CyDelayUs
                0x00000ee8       0x14 .\CortexM0\ARM_GCC_541\Debug\QuadEncoderRTOS.a(CyLib.o)
                0x00000ee8                CyDelayUs
 .text.CySysClkWriteImoFreq
                0x00000efc      0x164 .\CortexM0\ARM_GCC_541\Debug\QuadEncoderRTOS.a(CyLib.o)
                0x00000efc                CySysClkWriteImoFreq
 .text.INDEX_OUT_SetDriveMode
                0x00001060       0x18 .\CortexM0\ARM_GCC_541\Debug\QuadEncoderRTOS.a(INDEX_OUT.o)
                0x00001060                INDEX_OUT_SetDriveMode
 .text.HOME_OUT_SetDriveMode
                0x00001078       0x18 .\CortexM0\ARM_GCC_541\Debug\QuadEncoderRTOS.a(HOME_OUT.o)
                0x00001078                HOME_OUT_SetDriveMode
 .text.HOME_IN_ClearInterrupt
                0x00001090       0x14 .\CortexM0\ARM_GCC_541\Debug\QuadEncoderRTOS.a(HOME_IN.o)
                0x00001090                HOME_IN_ClearInterrupt
 .text.SPI_1_ScbEnableIntr
                0x000010a4        0xc .\CortexM0\ARM_GCC_541\Debug\QuadEncoderRTOS.a(SPI_1.o)
 .text.SPI_1_ScbModePostEnable
                0x000010b0        0x8 .\CortexM0\ARM_GCC_541\Debug\QuadEncoderRTOS.a(SPI_1.o)
 .text.SPI_1_Init
                0x000010b8        0x8 .\CortexM0\ARM_GCC_541\Debug\QuadEncoderRTOS.a(SPI_1.o)
                0x000010b8                SPI_1_Init
 .text.SPI_1_Enable
                0x000010c0       0x1c .\CortexM0\ARM_GCC_541\Debug\QuadEncoderRTOS.a(SPI_1.o)
                0x000010c0                SPI_1_Enable
 .text.SPI_1_Start
                0x000010dc       0x20 .\CortexM0\ARM_GCC_541\Debug\QuadEncoderRTOS.a(SPI_1.o)
                0x000010dc                SPI_1_Start
 .text.SPI_1_SpiUartReadRxData
                0x000010fc       0x34 .\CortexM0\ARM_GCC_541\Debug\QuadEncoderRTOS.a(SPI_1_SPI_UART.o)
                0x000010fc                SPI_1_SpiUartReadRxData
 .text.SPI_1_SpiUartClearRxBuffer
                0x00001130       0x54 .\CortexM0\ARM_GCC_541\Debug\QuadEncoderRTOS.a(SPI_1_SPI_UART.o)
                0x00001130                SPI_1_SpiUartClearRxBuffer
 .text.SPI_1_SpiUartWriteTxData
                0x00001184       0x70 .\CortexM0\ARM_GCC_541\Debug\QuadEncoderRTOS.a(SPI_1_SPI_UART.o)
                0x00001184                SPI_1_SpiUartWriteTxData
 .text.SPI_1_SpiUartPutArray
                0x000011f4       0x18 .\CortexM0\ARM_GCC_541\Debug\QuadEncoderRTOS.a(SPI_1_SPI_UART.o)
                0x000011f4                SPI_1_SpiUartPutArray
 .text.SPI_1_SpiUartClearTxBuffer
                0x0000120c       0x58 .\CortexM0\ARM_GCC_541\Debug\QuadEncoderRTOS.a(SPI_1_SPI_UART.o)
                0x0000120c                SPI_1_SpiUartClearTxBuffer
 .text.SPI_1_SpiInit
                0x00001264       0xcc .\CortexM0\ARM_GCC_541\Debug\QuadEncoderRTOS.a(SPI_1_SPI.o)
                0x00001264                SPI_1_SpiInit
 .text.SPI_1_SpiPostEnable
                0x00001330       0x14 .\CortexM0\ARM_GCC_541\Debug\QuadEncoderRTOS.a(SPI_1_SPI.o)
                0x00001330                SPI_1_SpiPostEnable
 .text.SPI_1_SPI_UART_ISR
                0x00001344       0xe4 .\CortexM0\ARM_GCC_541\Debug\QuadEncoderRTOS.a(SPI_1_SPI_UART_INT.o)
                0x00001344                SPI_1_SPI_UART_ISR
 .text.Counter_1_Enable
                0x00001428       0x14 .\CortexM0\ARM_GCC_541\Debug\QuadEncoderRTOS.a(Counter_1.o)
                0x00001428                Counter_1_Enable
 .text.Counter_1_SetInterruptMode
                0x0000143c        0xc .\CortexM0\ARM_GCC_541\Debug\QuadEncoderRTOS.a(Counter_1.o)
                0x0000143c                Counter_1_SetInterruptMode
 .text.Counter_1_ReadStatusRegister
                0x00001448        0xc .\CortexM0\ARM_GCC_541\Debug\QuadEncoderRTOS.a(Counter_1.o)
                0x00001448                Counter_1_ReadStatusRegister
 .text.Counter_1_WriteCounter
                0x00001454       0x10 .\CortexM0\ARM_GCC_541\Debug\QuadEncoderRTOS.a(Counter_1.o)
                0x00001454                Counter_1_WriteCounter
 .text.Counter_1_ReadCounter
                0x00001464       0x18 .\CortexM0\ARM_GCC_541\Debug\QuadEncoderRTOS.a(Counter_1.o)
                0x00001464                Counter_1_ReadCounter
 .text.Counter_1_ReadCapture
                0x0000147c       0x10 .\CortexM0\ARM_GCC_541\Debug\QuadEncoderRTOS.a(Counter_1.o)
                0x0000147c                Counter_1_ReadCapture
 .text.Counter_1_WritePeriod
                0x0000148c       0x10 .\CortexM0\ARM_GCC_541\Debug\QuadEncoderRTOS.a(Counter_1.o)
                0x0000148c                Counter_1_WritePeriod
 .text.Counter_1_WriteCompare
                0x0000149c       0x10 .\CortexM0\ARM_GCC_541\Debug\QuadEncoderRTOS.a(Counter_1.o)
                0x0000149c                Counter_1_WriteCompare
 .text.Counter_1_ClearFIFO
                0x000014ac       0x14 .\CortexM0\ARM_GCC_541\Debug\QuadEncoderRTOS.a(Counter_1.o)
                0x000014ac                Counter_1_ClearFIFO
 .text.Counter_1_Init
                0x000014c0       0x64 .\CortexM0\ARM_GCC_541\Debug\QuadEncoderRTOS.a(Counter_1.o)
                0x000014c0                Counter_1_Init
 .text.Counter_1_Start
                0x00001524       0x20 .\CortexM0\ARM_GCC_541\Debug\QuadEncoderRTOS.a(Counter_1.o)
                0x00001524                Counter_1_Start
 .text.Reset_Encoder_ClearInterrupt
                0x00001544       0x14 .\CortexM0\ARM_GCC_541\Debug\QuadEncoderRTOS.a(Reset_Encoder.o)
                0x00001544                Reset_Encoder_ClearInterrupt
 .text.isr_rst_encoder_SetVector
                0x00001558        0xc .\CortexM0\ARM_GCC_541\Debug\QuadEncoderRTOS.a(isr_rst_encoder.o)
                0x00001558                isr_rst_encoder_SetVector
 .text.isr_rst_encoder_SetPriority
                0x00001564       0x24 .\CortexM0\ARM_GCC_541\Debug\QuadEncoderRTOS.a(isr_rst_encoder.o)
                0x00001564                isr_rst_encoder_SetPriority
 .text.isr_rst_encoder_Enable
                0x00001588        0xc .\CortexM0\ARM_GCC_541\Debug\QuadEncoderRTOS.a(isr_rst_encoder.o)
                0x00001588                isr_rst_encoder_Enable
 .text.isr_rst_encoder_Disable
                0x00001594        0xc .\CortexM0\ARM_GCC_541\Debug\QuadEncoderRTOS.a(isr_rst_encoder.o)
                0x00001594                isr_rst_encoder_Disable
 .text.isr_rst_encoder_StartEx
                0x000015a0       0x1c .\CortexM0\ARM_GCC_541\Debug\QuadEncoderRTOS.a(isr_rst_encoder.o)
                0x000015a0                isr_rst_encoder_StartEx
 .text.isr_rst_encoder_ClearPending
                0x000015bc        0xc .\CortexM0\ARM_GCC_541\Debug\QuadEncoderRTOS.a(isr_rst_encoder.o)
                0x000015bc                isr_rst_encoder_ClearPending
 .text.isr_home_SetVector
                0x000015c8        0xc .\CortexM0\ARM_GCC_541\Debug\QuadEncoderRTOS.a(isr_home.o)
                0x000015c8                isr_home_SetVector
 .text.isr_home_SetPriority
                0x000015d4       0x20 .\CortexM0\ARM_GCC_541\Debug\QuadEncoderRTOS.a(isr_home.o)
                0x000015d4                isr_home_SetPriority
 .text.isr_home_Enable
                0x000015f4        0xc .\CortexM0\ARM_GCC_541\Debug\QuadEncoderRTOS.a(isr_home.o)
                0x000015f4                isr_home_Enable
 .text.isr_home_Disable
                0x00001600        0xc .\CortexM0\ARM_GCC_541\Debug\QuadEncoderRTOS.a(isr_home.o)
                0x00001600                isr_home_Disable
 .text.isr_home_StartEx
                0x0000160c       0x1c .\CortexM0\ARM_GCC_541\Debug\QuadEncoderRTOS.a(isr_home.o)
                0x0000160c                isr_home_StartEx
 .text.isr_home_ClearPending
                0x00001628        0xc .\CortexM0\ARM_GCC_541\Debug\QuadEncoderRTOS.a(isr_home.o)
                0x00001628                isr_home_ClearPending
 .text.LED_Write
                0x00001634       0x18 .\CortexM0\ARM_GCC_541\Debug\QuadEncoderRTOS.a(LED.o)
                0x00001634                LED_Write
 .text.isr_spi_ss_SetVector
                0x0000164c        0xc .\CortexM0\ARM_GCC_541\Debug\QuadEncoderRTOS.a(isr_spi_ss.o)
                0x0000164c                isr_spi_ss_SetVector
 .text.isr_spi_ss_SetPriority
                0x00001658       0x24 .\CortexM0\ARM_GCC_541\Debug\QuadEncoderRTOS.a(isr_spi_ss.o)
                0x00001658                isr_spi_ss_SetPriority
 .text.isr_spi_ss_Enable
                0x0000167c        0xc .\CortexM0\ARM_GCC_541\Debug\QuadEncoderRTOS.a(isr_spi_ss.o)
                0x0000167c                isr_spi_ss_Enable
 .text.isr_spi_ss_Disable
                0x00001688        0xc .\CortexM0\ARM_GCC_541\Debug\QuadEncoderRTOS.a(isr_spi_ss.o)
                0x00001688                isr_spi_ss_Disable
 .text.isr_spi_ss_StartEx
                0x00001694       0x1c .\CortexM0\ARM_GCC_541\Debug\QuadEncoderRTOS.a(isr_spi_ss.o)
                0x00001694                isr_spi_ss_StartEx
 .text.spi_ss_Read
                0x000016b0       0x10 .\CortexM0\ARM_GCC_541\Debug\QuadEncoderRTOS.a(spi_ss.o)
                0x000016b0                spi_ss_Read
 .text.spi_ss_ClearInterrupt
                0x000016c0       0x14 .\CortexM0\ARM_GCC_541\Debug\QuadEncoderRTOS.a(spi_ss.o)
                0x000016c0                spi_ss_ClearInterrupt
 .text.PROBE_Write
                0x000016d4       0x18 .\CortexM0\ARM_GCC_541\Debug\QuadEncoderRTOS.a(PROBE.o)
                0x000016d4                PROBE_Write
 .text.Index_Counter_1_Enable
                0x000016ec       0x14 .\CortexM0\ARM_GCC_541\Debug\QuadEncoderRTOS.a(Index_Counter_1.o)
                0x000016ec                Index_Counter_1_Enable
 .text.Index_Counter_1_SetInterruptMode
                0x00001700        0xc .\CortexM0\ARM_GCC_541\Debug\QuadEncoderRTOS.a(Index_Counter_1.o)
                0x00001700                Index_Counter_1_SetInterruptMode
 .text.Index_Counter_1_ReadStatusRegister
                0x0000170c        0xc .\CortexM0\ARM_GCC_541\Debug\QuadEncoderRTOS.a(Index_Counter_1.o)
                0x0000170c                Index_Counter_1_ReadStatusRegister
 .text.Index_Counter_1_WriteCounter
                0x00001718        0xc .\CortexM0\ARM_GCC_541\Debug\QuadEncoderRTOS.a(Index_Counter_1.o)
                0x00001718                Index_Counter_1_WriteCounter
 .text.Index_Counter_1_ReadCapture
                0x00001724        0xc .\CortexM0\ARM_GCC_541\Debug\QuadEncoderRTOS.a(Index_Counter_1.o)
                0x00001724                Index_Counter_1_ReadCapture
 .text.Index_Counter_1_WritePeriod
                0x00001730        0xc .\CortexM0\ARM_GCC_541\Debug\QuadEncoderRTOS.a(Index_Counter_1.o)
                0x00001730                Index_Counter_1_WritePeriod
 .text.Index_Counter_1_WriteCompare
                0x0000173c        0xc .\CortexM0\ARM_GCC_541\Debug\QuadEncoderRTOS.a(Index_Counter_1.o)
                0x0000173c                Index_Counter_1_WriteCompare
 .text.Index_Counter_1_ClearFIFO
                0x00001748       0x14 .\CortexM0\ARM_GCC_541\Debug\QuadEncoderRTOS.a(Index_Counter_1.o)
                0x00001748                Index_Counter_1_ClearFIFO
 .text.Index_Counter_1_Init
                0x0000175c       0x58 .\CortexM0\ARM_GCC_541\Debug\QuadEncoderRTOS.a(Index_Counter_1.o)
                0x0000175c                Index_Counter_1_Init
 .text.Index_Counter_1_Start
                0x000017b4       0x20 .\CortexM0\ARM_GCC_541\Debug\QuadEncoderRTOS.a(Index_Counter_1.o)
                0x000017b4                Index_Counter_1_Start
 .text.Timer_BRMS_WriteCounter
                0x000017d4       0x10 .\CortexM0\ARM_GCC_541\Debug\QuadEncoderRTOS.a(Timer_BRMS.o)
                0x000017d4                Timer_BRMS_WriteCounter
 .text.Timer_BRMS_WritePeriod
                0x000017e4       0x10 .\CortexM0\ARM_GCC_541\Debug\QuadEncoderRTOS.a(Timer_BRMS.o)
                0x000017e4                Timer_BRMS_WritePeriod
 .text.Timer_BRMS_WriteCompare
                0x000017f4       0x10 .\CortexM0\ARM_GCC_541\Debug\QuadEncoderRTOS.a(Timer_BRMS.o)
                0x000017f4                Timer_BRMS_WriteCompare
 .text.Timer_BRMS_TriggerCommand
                0x00001804       0x1c .\CortexM0\ARM_GCC_541\Debug\QuadEncoderRTOS.a(Timer_BRMS.o)
                0x00001804                Timer_BRMS_TriggerCommand
 .text.Timer_BRMS_Enable
                0x00001820       0x24 .\CortexM0\ARM_GCC_541\Debug\QuadEncoderRTOS.a(Timer_BRMS.o)
                0x00001820                Timer_BRMS_Enable
 .text.Timer_BRMS_SetInterruptMode
                0x00001844        0xc .\CortexM0\ARM_GCC_541\Debug\QuadEncoderRTOS.a(Timer_BRMS.o)
                0x00001844                Timer_BRMS_SetInterruptMode
 .text.Timer_BRMS_Init
                0x00001850       0x30 .\CortexM0\ARM_GCC_541\Debug\QuadEncoderRTOS.a(Timer_BRMS.o)
                0x00001850                Timer_BRMS_Init
 .text.Timer_BRMS_Start
                0x00001880       0x20 .\CortexM0\ARM_GCC_541\Debug\QuadEncoderRTOS.a(Timer_BRMS.o)
                0x00001880                Timer_BRMS_Start
 .text.Timer_BRMS_ClearInterrupt
                0x000018a0        0xc .\CortexM0\ARM_GCC_541\Debug\QuadEncoderRTOS.a(Timer_BRMS.o)
                0x000018a0                Timer_BRMS_ClearInterrupt
 .text.isr_brms_SetVector
                0x000018ac        0xc .\CortexM0\ARM_GCC_541\Debug\QuadEncoderRTOS.a(isr_brms.o)
                0x000018ac                isr_brms_SetVector
 .text.isr_brms_SetPriority
                0x000018b8       0x20 .\CortexM0\ARM_GCC_541\Debug\QuadEncoderRTOS.a(isr_brms.o)
                0x000018b8                isr_brms_SetPriority
 .text.isr_brms_Enable
                0x000018d8       0x10 .\CortexM0\ARM_GCC_541\Debug\QuadEncoderRTOS.a(isr_brms.o)
                0x000018d8                isr_brms_Enable
 .text.isr_brms_Disable
                0x000018e8       0x10 .\CortexM0\ARM_GCC_541\Debug\QuadEncoderRTOS.a(isr_brms.o)
                0x000018e8                isr_brms_Disable
 .text.isr_brms_StartEx
                0x000018f8       0x1c .\CortexM0\ARM_GCC_541\Debug\QuadEncoderRTOS.a(isr_brms.o)
                0x000018f8                isr_brms_StartEx
 *fill*         0x00001914        0x4 
 .text          0x00001918       0x24 .\CortexM0\ARM_GCC_541\Debug\QuadEncoderRTOS.a(CyBootAsmGnu.o)
                0x00001918                CyDelayCycles
                0x0000192c                CyEnterCriticalSection
                0x00001934                CyExitCriticalSection
 .text.I2C_I2C_ISR
                0x0000193c      0x33c .\CortexM0\ARM_GCC_541\Debug\QuadEncoderRTOS.a(I2C_I2C_INT.o)
                0x0000193c                I2C_I2C_ISR
 .text.CySetReg24
                0x00001c78       0x14 .\CortexM0\ARM_GCC_541\Debug\QuadEncoderRTOS.a(cyutils.o)
                0x00001c78                CySetReg24
 .text.CyGetReg24
                0x00001c8c       0x14 .\CortexM0\ARM_GCC_541\Debug\QuadEncoderRTOS.a(cyutils.o)
                0x00001c8c                CyGetReg24
 .text          0x00001ca0      0x1d4 c:/program files (x86)/cypress/psoc creator/4.4/psoc creator/import/gnu/arm/5.4.1/bin/../lib/gcc/arm-none-eabi/5.4.1/armv6-m\libgcc.a(_divsi3.o)
                0x00001ca0                __divsi3
                0x00001ca0                __aeabi_idiv
                0x00001e6c                __aeabi_idivmod
 .text          0x00001e74        0x4 c:/program files (x86)/cypress/psoc creator/4.4/psoc creator/import/gnu/arm/5.4.1/bin/../lib/gcc/arm-none-eabi/5.4.1/armv6-m\libgcc.a(_dvmd_tls.o)
                0x00001e74                __aeabi_idiv0
                0x00001e74                __aeabi_ldiv0
 .text.__errno  0x00001e78        0xc c:/program files (x86)/cypress/psoc creator/4.4/psoc creator/import/gnu/arm/5.4.1/bin/../lib/gcc/arm-none-eabi/5.4.1/../../../../arm-none-eabi/lib/armv6-m\libg_nano.a(lib_a-errno.o)
                0x00001e78                __errno
 .text.__libc_init_array
                0x00001e84       0x4c c:/program files (x86)/cypress/psoc creator/4.4/psoc creator/import/gnu/arm/5.4.1/bin/../lib/gcc/arm-none-eabi/5.4.1/../../../../arm-none-eabi/lib/armv6-m\libg_nano.a(lib_a-init.o)
                0x00001e84                __libc_init_array
 .text.memset   0x00001ed0       0x10 c:/program files (x86)/cypress/psoc creator/4.4/psoc creator/import/gnu/arm/5.4.1/bin/../lib/gcc/arm-none-eabi/5.4.1/../../../../arm-none-eabi/lib/armv6-m\libg_nano.a(lib_a-memset.o)
                0x00001ed0                memset
 *(.plt)
 *(.gnu.warning)
 *(.glue_7t)
 .glue_7t       0x00001ee0        0x0 linker stubs
 *(.glue_7)
 .glue_7        0x00001ee0        0x0 linker stubs
 *(.vfp11_veneer)
 .vfp11_veneer  0x00001ee0        0x0 linker stubs
 *(.bootloader)
 *(.ARM.extab* .gnu.linkonce.armextab.*)
 *(.gcc_except_table)

.v4_bx          0x00001ee0        0x0
 .v4_bx         0x00001ee0        0x0 linker stubs

.iplt           0x00001ee0        0x0
 .iplt          0x00001ee0        0x0 c:/program files (x86)/cypress/psoc creator/4.4/psoc creator/import/gnu/arm/5.4.1/bin/../lib/gcc/arm-none-eabi/5.4.1/armv6-m/crtbegin.o

.eh_frame_hdr
 *(.eh_frame_hdr)

.eh_frame       0x00001ee0        0x4
 *(.eh_frame)
 .eh_frame      0x00001ee0        0x0 c:/program files (x86)/cypress/psoc creator/4.4/psoc creator/import/gnu/arm/5.4.1/bin/../lib/gcc/arm-none-eabi/5.4.1/armv6-m/crtbegin.o
 .eh_frame      0x00001ee0        0x4 c:/program files (x86)/cypress/psoc creator/4.4/psoc creator/import/gnu/arm/5.4.1/bin/../lib/gcc/arm-none-eabi/5.4.1/armv6-m/crtend.o
                [!provide]                PROVIDE (__exidx_start, .)

.ARM.exidx
 *(.ARM.exidx* .gnu.linkonce.armexidx.*)
                0x00001ee4                __exidx_end = .

.rodata         0x00001ee4      0x36c
 *(.rodata .rodata.* .gnu.linkonce.r.*)
 .rodata        0x00001ee4      0x308 .\CortexM0\ARM_GCC_541\Debug\cyfitter_cfg.o
 .rodata        0x000021ec       0x2e .\CortexM0\ARM_GCC_541\Debug\QuadEncoderRTOS.a(CyLib.o)
                0x000021ec                cyImoFreqMhz2Reg
 .rodata.str1.1
                0x0000221a        0x2 c:/program files (x86)/cypress/psoc creator/4.4/psoc creator/import/gnu/arm/5.4.1/bin/../lib/gcc/arm-none-eabi/5.4.1/../../../../arm-none-eabi/lib/armv6-m\libg_nano.a(lib_a-impure.o)
                0x0000221c                . = ALIGN (0x4)
 *(.init)
 .init          0x0000221c        0x4 c:/program files (x86)/cypress/psoc creator/4.4/psoc creator/import/gnu/arm/5.4.1/bin/../lib/gcc/arm-none-eabi/5.4.1/armv6-m/crti.o
                0x0000221c                _init
 .init          0x00002220        0x8 c:/program files (x86)/cypress/psoc creator/4.4/psoc creator/import/gnu/arm/5.4.1/bin/../lib/gcc/arm-none-eabi/5.4.1/armv6-m/crtn.o
                0x00002228                . = ALIGN (0x4)
                0x00002228                __preinit_array_start = .
 *(.preinit_array)
                0x00002228                __preinit_array_end = .
                0x00002228                . = ALIGN (0x4)
                0x00002228                __init_array_start = .
 *(SORT(.init_array.*))
 *(.init_array)
 .init_array    0x00002228        0x4 c:/program files (x86)/cypress/psoc creator/4.4/psoc creator/import/gnu/arm/5.4.1/bin/../lib/gcc/arm-none-eabi/5.4.1/armv6-m/crtbegin.o
 .init_array    0x0000222c        0x4 .\CortexM0\ARM_GCC_541\Debug\Cm0Start.o
                0x00002230                __init_array_end = .
                0x00002230                . = ALIGN (0x4)
 *(.fini)
 .fini          0x00002230        0x4 c:/program files (x86)/cypress/psoc creator/4.4/psoc creator/import/gnu/arm/5.4.1/bin/../lib/gcc/arm-none-eabi/5.4.1/armv6-m/crti.o
                0x00002230                _fini
 .fini          0x00002234        0x8 c:/program files (x86)/cypress/psoc creator/4.4/psoc creator/import/gnu/arm/5.4.1/bin/../lib/gcc/arm-none-eabi/5.4.1/armv6-m/crtn.o
                0x0000223c                . = ALIGN (0x4)
                0x0000223c                __fini_array_start = .
 *(.fini_array)
 .fini_array    0x0000223c        0x4 c:/program files (x86)/cypress/psoc creator/4.4/psoc creator/import/gnu/arm/5.4.1/bin/../lib/gcc/arm-none-eabi/5.4.1/armv6-m/crtbegin.o
 *(SORT(.fini_array.*))
                0x00002240                __fini_array_end = .
                0x00002240                . = ALIGN (0x4)
 *crtbegin.o(.ctors)
 *(EXCLUDE_FILE(*crtend.o) .ctors)
 *(SORT(.ctors.*))
 *crtend.o(.ctors)
                0x00002240                . = ALIGN (0x4)
 *crtbegin.o(.dtors)
 *(EXCLUDE_FILE(*crtend.o) .dtors)
 *(SORT(.dtors.*))
 *crtend.o(.dtors)
                0x00002240                . = ALIGN (0x4)
                0x00002240                __cy_regions = .
                0x00002240        0x4 LONG 0x2250 __cy_region_init_ram
                0x00002244        0x4 LONG 0x200000c0 __cy_region_start_data
                0x00002248        0x4 LONG 0x80 __cy_region_init_size_ram
                0x0000224c        0x4 LONG 0x198 __cy_region_zero_size_ram
                0x00002250                __cy_regions_end = .
                0x00002250                . = ALIGN (0x8)
                0x00002250                _etext = .

.cy_checksum_exclude
                0x00002250        0x0
 *(.cy_checksum_exclude)

.ramvectors     0x20000000       0xc0
                0x20000000                __cy_region_start_ram = .
 *(.ramvectors)
 .ramvectors    0x20000000       0xc0 .\CortexM0\ARM_GCC_541\Debug\Cm0Start.o
                0x20000000                CyRamVectors

.noinit
 *(.noinit)

.data           0x200000c0       0x80 load address 0x00002250
                0x200000c0                __cy_region_start_data = .
 *(.jcr)
 .jcr           0x200000c0        0x0 c:/program files (x86)/cypress/psoc creator/4.4/psoc creator/import/gnu/arm/5.4.1/bin/../lib/gcc/arm-none-eabi/5.4.1/armv6-m/crtbegin.o
 .jcr           0x200000c0        0x4 c:/program files (x86)/cypress/psoc creator/4.4/psoc creator/import/gnu/arm/5.4.1/bin/../lib/gcc/arm-none-eabi/5.4.1/armv6-m/crtend.o
 *(.got.plt)
 *(.got)
 *(.shdata)
 *(.data .data.* .gnu.linkonce.d.*)
 .data          0x200000c4        0x1 .\CortexM0\ARM_GCC_541\Debug\main.o
                0x200000c4                homingDone
 *fill*         0x200000c5        0x3 
 .data          0x200000c8       0x14 .\CortexM0\ARM_GCC_541\Debug\QuadEncoderRTOS.a(CyLib.o)
                0x200000c8                CySysClkPumpConfig
                0x200000cc                cydelay32kMs
                0x200000d0                cydelayFreqKhz
                0x200000d4                cydelayFreqMhz
                0x200000d8                cydelayFreqHz
 .data.impure_data
                0x200000dc       0x60 c:/program files (x86)/cypress/psoc creator/4.4/psoc creator/import/gnu/arm/5.4.1/bin/../lib/gcc/arm-none-eabi/5.4.1/../../../../arm-none-eabi/lib/armv6-m\libg_nano.a(lib_a-impure.o)
 .data._impure_ptr
                0x2000013c        0x4 c:/program files (x86)/cypress/psoc creator/4.4/psoc creator/import/gnu/arm/5.4.1/bin/../lib/gcc/arm-none-eabi/5.4.1/../../../../arm-none-eabi/lib/armv6-m\libg_nano.a(lib_a-impure.o)
                0x2000013c                _impure_ptr
                0x20000140                . = ALIGN (0x8)
 *(.ram)
                0x20000140                _edata = .

.igot.plt       0x20000140        0x0 load address 0x000022d0
 .igot.plt      0x20000140        0x0 c:/program files (x86)/cypress/psoc creator/4.4/psoc creator/import/gnu/arm/5.4.1/bin/../lib/gcc/arm-none-eabi/5.4.1/armv6-m/crtbegin.o

.bss            0x20000140      0x198 load address 0x000022d0
                0x20000140                PROVIDE (__bss_start__, .)
 *(.shbss)
 *(.bss .bss.* .gnu.linkonce.b.*)
 .bss           0x20000140       0x1c c:/program files (x86)/cypress/psoc creator/4.4/psoc creator/import/gnu/arm/5.4.1/bin/../lib/gcc/arm-none-eabi/5.4.1/armv6-m/crtbegin.o
 *fill*         0x2000015c        0x4 
 .bss           0x20000160       0x4c .\CortexM0\ARM_GCC_541\Debug\main.o
                0x20000160                UptimeSeconds
                0x20000170                NewCommandedMove
                0x20000174                LastMoveTimeUsec
                0x20000178                inAuto
                0x2000017a                LastMoveStableCount
                0x2000017c                LastMoveEndTimeUsec
                0x20000180                LastMoveStartTimeUsec
                0x20000188                UptimeMicroseconds
                0x20000190                UptimeMicrosecondsAccumulator
                0x20000198                UptimeMilliseconds
                0x200001a0                UptimeMillisecondsAccumulator
 .bss           0x200001ac        0x4 .\CortexM0\ARM_GCC_541\Debug\pid.o
 .bss           0x200001b0        0x8 .\CortexM0\ARM_GCC_541\Debug\QuadEncoderRTOS.a(I2C.o)
                0x200001b0                I2C_initVar
                0x200001b4                I2C_customIntrHandler
 .bss           0x200001b8        0x1 .\CortexM0\ARM_GCC_541\Debug\QuadEncoderRTOS.a(PWM_1.o)
                0x200001b8                PWM_1_initVar
 *fill*         0x200001b9        0x3 
 .bss           0x200001bc        0xa .\CortexM0\ARM_GCC_541\Debug\QuadEncoderRTOS.a(SPI_1.o)
                0x200001bc                SPI_1_initVar
                0x200001c0                SPI_1_customIntrHandler
                0x200001c4                SPI_1_IntrTxMask
 .bss           0x200001c6        0x1 .\CortexM0\ARM_GCC_541\Debug\QuadEncoderRTOS.a(Counter_1.o)
                0x200001c6                Counter_1_initVar
 .bss           0x200001c7        0x1 .\CortexM0\ARM_GCC_541\Debug\QuadEncoderRTOS.a(Index_Counter_1.o)
                0x200001c7                Index_Counter_1_initVar
 .bss           0x200001c8        0x1 .\CortexM0\ARM_GCC_541\Debug\QuadEncoderRTOS.a(Timer_BRMS.o)
                0x200001c8                Timer_BRMS_initVar
 *(COMMON)
 *fill*         0x200001c9        0x3 
 COMMON         0x200001cc       0x84 .\CortexM0\ARM_GCC_541\Debug\main.o
                0x200001cc                PID_Enabled
                0x200001d0                PID_Setpoint
                0x200001d4                Position
                0x200001d8                FaultState
                0x200001dc                LastMessageTimeSeconds
                0x200001e0                PID_Was_Enabled
                0x200001e1                PID_EffSetDelta
                0x200001e4                Output
                0x200001e8                txMessage
                0x20000204                lastTime
                0x20000208                CurrentI2Cinbuf
                0x2000021c                PID_EffectiveSetpoint
                0x20000220                Jog
                0x20000222                ChecksumErrors
                0x20000224                limitIterm
                0x20000226                txMessageState
                0x20000227                ConfigSequence
                0x20000228                rxMessage
                0x20000244                MotorCurrent
                0x20000246                limitOutput
                0x20000248                ConfigState
                0x2000024c                LastPosition
 COMMON         0x20000250        0x8 .\CortexM0\ARM_GCC_541\Debug\pid.o
                0x20000250                iterm
                0x20000254                iterm_delay
 COMMON         0x20000258        0x1 .\CortexM0\ARM_GCC_541\Debug\QuadEncoderRTOS.a(I2C_I2C.o)
                0x20000258                I2C_state
 *fill*         0x20000259        0x3 
 COMMON         0x2000025c       0x24 .\CortexM0\ARM_GCC_541\Debug\QuadEncoderRTOS.a(I2C_I2C_MASTER.o)
                0x2000025c                I2C_mstrWrBufIndexTmp
                0x20000260                I2C_mstrWrBufIndex
                0x20000264                I2C_mstrWrBufSize
                0x20000268                I2C_mstrStatus
                0x2000026c                I2C_mstrRdBufPtr
                0x20000270                I2C_mstrControl
                0x20000274                I2C_mstrRdBufSize
                0x20000278                I2C_mstrRdBufIndex
                0x2000027c                I2C_mstrWrBufPtr
 COMMON         0x20000280       0x58 .\CortexM0\ARM_GCC_541\Debug\QuadEncoderRTOS.a(SPI_1_SPI_UART.o)
                0x20000280                SPI_1_txBufferTail
                0x20000284                SPI_1_rxBufferOverflow
                0x20000288                SPI_1_txBufferHead
                0x2000028c                SPI_1_rxBufferTail
                0x20000290                SPI_1_rxBufferHead
                0x20000294                SPI_1_rxBufferInternal
                0x200002b8                SPI_1_txBufferInternal
                0x200002d8                . = ALIGN (0x8)
 *(.ram.b)
                0x200002d8                _end = .
                0x200002d8                __end = .
                0x200002d8                PROVIDE (end, .)
                0x200002d8                PROVIDE (__bss_end__, .)
                0x00002250                __cy_region_init_ram = LOADADDR (.data)
                0x00000080                __cy_region_init_size_ram = (_edata - ADDR (.data))
                0x00000198                __cy_region_zero_size_ram = (_end - _edata)

.heap           0x200002d8       0x80 load address 0x000022d0
                0x200002d8                . = _end
                0x20000358                . = (. + 0x80)
 *fill*         0x200002d8       0x80 
                0x20000358                __cy_heap_limit = .

.stack          0x20000e00      0x200
                0x20000e00                __cy_stack_limit = .
                0x20001000                . = (. + 0x200)
 *fill*         0x20000e00      0x200 
                0x00000001                ASSERT ((__cy_stack_limit >= __cy_heap_limit), region RAM overflowed with stack)
                0x00000000                cy_checksum_exclude_size = (CY_APPL_LOADABLE == 0x1)?SIZEOF (.cy_checksum_exclude):0x0
                0x00000001                ASSERT ((cy_checksum_exclude_size <= CY_CHECKSUM_EXCLUDE_SIZE), CY_BOOT: Section .cy_checksum_exclude size exceedes specified limit.)
                0x00007fc0                cyloadermeta_start = (cy_project_type_bootloader || cy_project_type_app_for_stack_and_copier)?(LENGTH (rom) - CY_METADATA_SIZE):0xf0000000

.cyloadermeta
 *(.cyloadermeta)
                0x00007fc0                cyloadablemeta_start = cy_project_type_app_for_stack_and_copier?((LENGTH (rom) - CY_FLASH_ROW_SIZE) - CY_METADATA_SIZE):((LENGTH (rom) - (CY_FLASH_ROW_SIZE * (CY_APPL_NUM - 0x1))) - CY_METADATA_SIZE)

.cyloadablemeta
 *(.cyloadablemeta)

.cyflashprotect
                0x90400000       0x20
 *(.cyflashprotect)
 .cyflashprotect
                0x90400000       0x20 .\CortexM0\ARM_GCC_541\Debug\cymetadata.o
                0x90400000                cy_meta_flashprotect

.cymeta         0x90500000        0xc
 *(.cymeta)
 .cymeta        0x90500000        0xc .\CortexM0\ARM_GCC_541\Debug\cymetadata.o
                0x90500000                cy_metadata

.cychipprotect  0x90600000        0x1
 *(.cychipprotect)
 .cychipprotect
                0x90600000        0x1 .\CortexM0\ARM_GCC_541\Debug\cymetadata.o
                0x90600000                cy_meta_chipprotect

.rel.dyn        0x000022d0        0x0 load address 0x90600004
 .rel.iplt      0x000022d0        0x0 c:/program files (x86)/cypress/psoc creator/4.4/psoc creator/import/gnu/arm/5.4.1/bin/../lib/gcc/arm-none-eabi/5.4.1/armv6-m/crtbegin.o

.stab
 *(.stab)

.stabstr
 *(.stabstr)

.debug
 *(.debug)

.line
 *(.line)

.debug_srcinfo
 *(.debug_srcinfo)

.debug_sfnames
 *(.debug_sfnames)

.debug_aranges  0x00000000      0xe48
 *(.debug_aranges)
 .debug_aranges
                0x00000000       0x88 .\CortexM0\ARM_GCC_541\Debug\main.o
 .debug_aranges
                0x00000088       0x60 .\CortexM0\ARM_GCC_541\Debug\INA219.o
 .debug_aranges
                0x000000e8       0x20 .\CortexM0\ARM_GCC_541\Debug\pid.o
 .debug_aranges
                0x00000108       0x38 .\CortexM0\ARM_GCC_541\Debug\cyfitter_cfg.o
 .debug_aranges
                0x00000140       0x18 .\CortexM0\ARM_GCC_541\Debug\cymetadata.o
 .debug_aranges
                0x00000158       0x48 .\CortexM0\ARM_GCC_541\Debug\Cm0Start.o
 .debug_aranges
                0x000001a0       0x68 .\CortexM0\ARM_GCC_541\Debug\QuadEncoderRTOS.a(I2C.o)
 .debug_aranges
                0x00000208       0x30 .\CortexM0\ARM_GCC_541\Debug\QuadEncoderRTOS.a(I2C_I2C.o)
 .debug_aranges
                0x00000238       0x98 .\CortexM0\ARM_GCC_541\Debug\QuadEncoderRTOS.a(I2C_I2C_MASTER.o)
 .debug_aranges
                0x000002d0      0x158 .\CortexM0\ARM_GCC_541\Debug\QuadEncoderRTOS.a(PWM_1.o)
 .debug_aranges
                0x00000428       0x48 .\CortexM0\ARM_GCC_541\Debug\QuadEncoderRTOS.a(I2C_sda.o)
 .debug_aranges
                0x00000470       0x48 .\CortexM0\ARM_GCC_541\Debug\QuadEncoderRTOS.a(I2C_scl.o)
 .debug_aranges
                0x000004b8      0x180 .\CortexM0\ARM_GCC_541\Debug\QuadEncoderRTOS.a(CyLib.o)
 .debug_aranges
                0x00000638       0x48 .\CortexM0\ARM_GCC_541\Debug\QuadEncoderRTOS.a(INDEX_OUT.o)
 .debug_aranges
                0x00000680       0x48 .\CortexM0\ARM_GCC_541\Debug\QuadEncoderRTOS.a(HOME_OUT.o)
 .debug_aranges
                0x000006c8       0x48 .\CortexM0\ARM_GCC_541\Debug\QuadEncoderRTOS.a(HOME_IN.o)
 .debug_aranges
                0x00000710       0x70 .\CortexM0\ARM_GCC_541\Debug\QuadEncoderRTOS.a(SPI_1.o)
 .debug_aranges
                0x00000780       0x60 .\CortexM0\ARM_GCC_541\Debug\QuadEncoderRTOS.a(SPI_1_SPI_UART.o)
 .debug_aranges
                0x000007e0       0x30 .\CortexM0\ARM_GCC_541\Debug\QuadEncoderRTOS.a(SPI_1_SPI.o)
 .debug_aranges
                0x00000810       0x20 .\CortexM0\ARM_GCC_541\Debug\QuadEncoderRTOS.a(SPI_1_SPI_UART_INT.o)
 .debug_aranges
                0x00000830       0xa0 .\CortexM0\ARM_GCC_541\Debug\QuadEncoderRTOS.a(Counter_1.o)
 .debug_aranges
                0x000008d0       0x48 .\CortexM0\ARM_GCC_541\Debug\QuadEncoderRTOS.a(Reset_Encoder.o)
 .debug_aranges
                0x00000918       0x80 .\CortexM0\ARM_GCC_541\Debug\QuadEncoderRTOS.a(isr_rst_encoder.o)
 .debug_aranges
                0x00000998       0x80 .\CortexM0\ARM_GCC_541\Debug\QuadEncoderRTOS.a(isr_home.o)
 .debug_aranges
                0x00000a18       0x48 .\CortexM0\ARM_GCC_541\Debug\QuadEncoderRTOS.a(LED.o)
 .debug_aranges
                0x00000a60       0x80 .\CortexM0\ARM_GCC_541\Debug\QuadEncoderRTOS.a(isr_spi_ss.o)
 .debug_aranges
                0x00000ae0       0x48 .\CortexM0\ARM_GCC_541\Debug\QuadEncoderRTOS.a(spi_ss.o)
 .debug_aranges
                0x00000b28       0x48 .\CortexM0\ARM_GCC_541\Debug\QuadEncoderRTOS.a(PROBE.o)
 .debug_aranges
                0x00000b70       0x98 .\CortexM0\ARM_GCC_541\Debug\QuadEncoderRTOS.a(Index_Counter_1.o)
 .debug_aranges
                0x00000c08      0x158 .\CortexM0\ARM_GCC_541\Debug\QuadEncoderRTOS.a(Timer_BRMS.o)
 .debug_aranges
                0x00000d60       0x80 .\CortexM0\ARM_GCC_541\Debug\QuadEncoderRTOS.a(isr_brms.o)
 .debug_aranges
                0x00000de0       0x20 .\CortexM0\ARM_GCC_541\Debug\QuadEncoderRTOS.a(CyBootAsmGnu.o)
 .debug_aranges
                0x00000e00       0x20 .\CortexM0\ARM_GCC_541\Debug\QuadEncoderRTOS.a(I2C_I2C_INT.o)
 .debug_aranges
                0x00000e20       0x28 .\CortexM0\ARM_GCC_541\Debug\QuadEncoderRTOS.a(cyutils.o)

.debug_pubnames
 *(.debug_pubnames)

.debug_info     0x00000000     0x7776
 *(.debug_info .gnu.linkonce.wi.*)
 .debug_info    0x00000000      0xfb6 .\CortexM0\ARM_GCC_541\Debug\main.o
 .debug_info    0x00000fb6      0x49e .\CortexM0\ARM_GCC_541\Debug\INA219.o
 .debug_info    0x00001454      0x1b9 .\CortexM0\ARM_GCC_541\Debug\pid.o
 .debug_info    0x0000160d      0x366 .\CortexM0\ARM_GCC_541\Debug\cyfitter_cfg.o
 .debug_info    0x00001973       0xf8 .\CortexM0\ARM_GCC_541\Debug\cymetadata.o
 .debug_info    0x00001a6b      0x3a2 .\CortexM0\ARM_GCC_541\Debug\Cm0Start.o
 .debug_info    0x00001e0d      0x2aa .\CortexM0\ARM_GCC_541\Debug\QuadEncoderRTOS.a(I2C.o)
 .debug_info    0x000020b7      0x195 .\CortexM0\ARM_GCC_541\Debug\QuadEncoderRTOS.a(I2C_I2C.o)
 .debug_info    0x0000224c      0x91d .\CortexM0\ARM_GCC_541\Debug\QuadEncoderRTOS.a(I2C_I2C_MASTER.o)
 .debug_info    0x00002b69      0x90b .\CortexM0\ARM_GCC_541\Debug\QuadEncoderRTOS.a(PWM_1.o)
 .debug_info    0x00003474      0x19d .\CortexM0\ARM_GCC_541\Debug\QuadEncoderRTOS.a(I2C_sda.o)
 .debug_info    0x00003611      0x19b .\CortexM0\ARM_GCC_541\Debug\QuadEncoderRTOS.a(I2C_scl.o)
 .debug_info    0x000037ac      0xaed .\CortexM0\ARM_GCC_541\Debug\QuadEncoderRTOS.a(CyLib.o)
 .debug_info    0x00004299      0x19d .\CortexM0\ARM_GCC_541\Debug\QuadEncoderRTOS.a(INDEX_OUT.o)
 .debug_info    0x00004436      0x19d .\CortexM0\ARM_GCC_541\Debug\QuadEncoderRTOS.a(HOME_OUT.o)
 .debug_info    0x000045d3      0x19d .\CortexM0\ARM_GCC_541\Debug\QuadEncoderRTOS.a(HOME_IN.o)
 .debug_info    0x00004770      0x2fb .\CortexM0\ARM_GCC_541\Debug\QuadEncoderRTOS.a(SPI_1.o)
 .debug_info    0x00004a6b      0x372 .\CortexM0\ARM_GCC_541\Debug\QuadEncoderRTOS.a(SPI_1_SPI_UART.o)
 .debug_info    0x00004ddd      0x19f .\CortexM0\ARM_GCC_541\Debug\QuadEncoderRTOS.a(SPI_1_SPI.o)
 .debug_info    0x00004f7c      0x186 .\CortexM0\ARM_GCC_541\Debug\QuadEncoderRTOS.a(SPI_1_SPI_UART_INT.o)
 .debug_info    0x00005102      0x43b .\CortexM0\ARM_GCC_541\Debug\QuadEncoderRTOS.a(Counter_1.o)
 .debug_info    0x0000553d      0x19d .\CortexM0\ARM_GCC_541\Debug\QuadEncoderRTOS.a(Reset_Encoder.o)
 .debug_info    0x000056da      0x305 .\CortexM0\ARM_GCC_541\Debug\QuadEncoderRTOS.a(isr_rst_encoder.o)
 .debug_info    0x000059df      0x305 .\CortexM0\ARM_GCC_541\Debug\QuadEncoderRTOS.a(isr_home.o)
 .debug_info    0x00005ce4      0x19d .\CortexM0\ARM_GCC_541\Debug\QuadEncoderRTOS.a(LED.o)
 .debug_info    0x00005e81      0x305 .\CortexM0\ARM_GCC_541\Debug\QuadEncoderRTOS.a(isr_spi_ss.o)
 .debug_info    0x00006186      0x19d .\CortexM0\ARM_GCC_541\Debug\QuadEncoderRTOS.a(spi_ss.o)
 .debug_info    0x00006323      0x19d .\CortexM0\ARM_GCC_541\Debug\QuadEncoderRTOS.a(PROBE.o)
 .debug_info    0x000064c0      0x327 .\CortexM0\ARM_GCC_541\Debug\QuadEncoderRTOS.a(Index_Counter_1.o)
 .debug_info    0x000067e7      0x907 .\CortexM0\ARM_GCC_541\Debug\QuadEncoderRTOS.a(Timer_BRMS.o)
 .debug_info    0x000070ee      0x305 .\CortexM0\ARM_GCC_541\Debug\QuadEncoderRTOS.a(isr_brms.o)
 .debug_info    0x000073f3       0x90 .\CortexM0\ARM_GCC_541\Debug\QuadEncoderRTOS.a(CyBootAsmGnu.o)
 .debug_info    0x00007483      0x1a8 .\CortexM0\ARM_GCC_541\Debug\QuadEncoderRTOS.a(I2C_I2C_INT.o)
 .debug_info    0x0000762b      0x14b .\CortexM0\ARM_GCC_541\Debug\QuadEncoderRTOS.a(cyutils.o)

.debug_abbrev   0x00000000     0x2562
 *(.debug_abbrev)
 .debug_abbrev  0x00000000      0x273 .\CortexM0\ARM_GCC_541\Debug\main.o
 .debug_abbrev  0x00000273      0x155 .\CortexM0\ARM_GCC_541\Debug\INA219.o
 .debug_abbrev  0x000003c8       0xc5 .\CortexM0\ARM_GCC_541\Debug\pid.o
 .debug_abbrev  0x0000048d      0x195 .\CortexM0\ARM_GCC_541\Debug\cyfitter_cfg.o
 .debug_abbrev  0x00000622       0x5d .\CortexM0\ARM_GCC_541\Debug\cymetadata.o
 .debug_abbrev  0x0000067f      0x1d7 .\CortexM0\ARM_GCC_541\Debug\Cm0Start.o
 .debug_abbrev  0x00000856      0x130 .\CortexM0\ARM_GCC_541\Debug\QuadEncoderRTOS.a(I2C.o)
 .debug_abbrev  0x00000986       0xc7 .\CortexM0\ARM_GCC_541\Debug\QuadEncoderRTOS.a(I2C_I2C.o)
 .debug_abbrev  0x00000a4d      0x1b3 .\CortexM0\ARM_GCC_541\Debug\QuadEncoderRTOS.a(I2C_I2C_MASTER.o)
 .debug_abbrev  0x00000c00      0x119 .\CortexM0\ARM_GCC_541\Debug\QuadEncoderRTOS.a(PWM_1.o)
 .debug_abbrev  0x00000d19       0xc8 .\CortexM0\ARM_GCC_541\Debug\QuadEncoderRTOS.a(I2C_sda.o)
 .debug_abbrev  0x00000de1       0xc8 .\CortexM0\ARM_GCC_541\Debug\QuadEncoderRTOS.a(I2C_scl.o)
 .debug_abbrev  0x00000ea9      0x1d3 .\CortexM0\ARM_GCC_541\Debug\QuadEncoderRTOS.a(CyLib.o)
 .debug_abbrev  0x0000107c       0xc8 .\CortexM0\ARM_GCC_541\Debug\QuadEncoderRTOS.a(INDEX_OUT.o)
 .debug_abbrev  0x00001144       0xc8 .\CortexM0\ARM_GCC_541\Debug\QuadEncoderRTOS.a(HOME_OUT.o)
 .debug_abbrev  0x0000120c       0xc8 .\CortexM0\ARM_GCC_541\Debug\QuadEncoderRTOS.a(HOME_IN.o)
 .debug_abbrev  0x000012d4      0x130 .\CortexM0\ARM_GCC_541\Debug\QuadEncoderRTOS.a(SPI_1.o)
 .debug_abbrev  0x00001404      0x168 .\CortexM0\ARM_GCC_541\Debug\QuadEncoderRTOS.a(SPI_1_SPI_UART.o)
 .debug_abbrev  0x0000156c       0xce .\CortexM0\ARM_GCC_541\Debug\QuadEncoderRTOS.a(SPI_1_SPI.o)
 .debug_abbrev  0x0000163a       0x9a .\CortexM0\ARM_GCC_541\Debug\QuadEncoderRTOS.a(SPI_1_SPI_UART_INT.o)
 .debug_abbrev  0x000016d4      0x15e .\CortexM0\ARM_GCC_541\Debug\QuadEncoderRTOS.a(Counter_1.o)
 .debug_abbrev  0x00001832       0xc8 .\CortexM0\ARM_GCC_541\Debug\QuadEncoderRTOS.a(Reset_Encoder.o)
 .debug_abbrev  0x000018fa      0x19a .\CortexM0\ARM_GCC_541\Debug\QuadEncoderRTOS.a(isr_rst_encoder.o)
 .debug_abbrev  0x00001a94      0x19a .\CortexM0\ARM_GCC_541\Debug\QuadEncoderRTOS.a(isr_home.o)
 .debug_abbrev  0x00001c2e       0xc8 .\CortexM0\ARM_GCC_541\Debug\QuadEncoderRTOS.a(LED.o)
 .debug_abbrev  0x00001cf6      0x19a .\CortexM0\ARM_GCC_541\Debug\QuadEncoderRTOS.a(isr_spi_ss.o)
 .debug_abbrev  0x00001e90       0xc8 .\CortexM0\ARM_GCC_541\Debug\QuadEncoderRTOS.a(spi_ss.o)
 .debug_abbrev  0x00001f58       0xc8 .\CortexM0\ARM_GCC_541\Debug\QuadEncoderRTOS.a(PROBE.o)
 .debug_abbrev  0x00002020      0x117 .\CortexM0\ARM_GCC_541\Debug\QuadEncoderRTOS.a(Index_Counter_1.o)
 .debug_abbrev  0x00002137      0x119 .\CortexM0\ARM_GCC_541\Debug\QuadEncoderRTOS.a(Timer_BRMS.o)
 .debug_abbrev  0x00002250      0x19a .\CortexM0\ARM_GCC_541\Debug\QuadEncoderRTOS.a(isr_brms.o)
 .debug_abbrev  0x000023ea       0x14 .\CortexM0\ARM_GCC_541\Debug\QuadEncoderRTOS.a(CyBootAsmGnu.o)
 .debug_abbrev  0x000023fe       0xa4 .\CortexM0\ARM_GCC_541\Debug\QuadEncoderRTOS.a(I2C_I2C_INT.o)
 .debug_abbrev  0x000024a2       0xc0 .\CortexM0\ARM_GCC_541\Debug\QuadEncoderRTOS.a(cyutils.o)

.debug_line     0x00000000     0x3350
 *(.debug_line)
 .debug_line    0x00000000      0x48b .\CortexM0\ARM_GCC_541\Debug\main.o
 .debug_line    0x0000048b      0x232 .\CortexM0\ARM_GCC_541\Debug\INA219.o
 .debug_line    0x000006bd      0x153 .\CortexM0\ARM_GCC_541\Debug\pid.o
 .debug_line    0x00000810      0x173 .\CortexM0\ARM_GCC_541\Debug\cyfitter_cfg.o
 .debug_line    0x00000983      0x141 .\CortexM0\ARM_GCC_541\Debug\cymetadata.o
 .debug_line    0x00000ac4      0x235 .\CortexM0\ARM_GCC_541\Debug\Cm0Start.o
 .debug_line    0x00000cf9      0x143 .\CortexM0\ARM_GCC_541\Debug\QuadEncoderRTOS.a(I2C.o)
 .debug_line    0x00000e3c       0xc3 .\CortexM0\ARM_GCC_541\Debug\QuadEncoderRTOS.a(I2C_I2C.o)
 .debug_line    0x00000eff      0x339 .\CortexM0\ARM_GCC_541\Debug\QuadEncoderRTOS.a(I2C_I2C_MASTER.o)
 .debug_line    0x00001238      0x37e .\CortexM0\ARM_GCC_541\Debug\QuadEncoderRTOS.a(PWM_1.o)
 .debug_line    0x000015b6       0xbf .\CortexM0\ARM_GCC_541\Debug\QuadEncoderRTOS.a(I2C_sda.o)
 .debug_line    0x00001675       0xbe .\CortexM0\ARM_GCC_541\Debug\QuadEncoderRTOS.a(I2C_scl.o)
 .debug_line    0x00001733      0x460 .\CortexM0\ARM_GCC_541\Debug\QuadEncoderRTOS.a(CyLib.o)
 .debug_line    0x00001b93       0xc1 .\CortexM0\ARM_GCC_541\Debug\QuadEncoderRTOS.a(INDEX_OUT.o)
 .debug_line    0x00001c54       0xc0 .\CortexM0\ARM_GCC_541\Debug\QuadEncoderRTOS.a(HOME_OUT.o)
 .debug_line    0x00001d14       0xbf .\CortexM0\ARM_GCC_541\Debug\QuadEncoderRTOS.a(HOME_IN.o)
 .debug_line    0x00001dd3      0x15f .\CortexM0\ARM_GCC_541\Debug\QuadEncoderRTOS.a(SPI_1.o)
 .debug_line    0x00001f32      0x153 .\CortexM0\ARM_GCC_541\Debug\QuadEncoderRTOS.a(SPI_1_SPI_UART.o)
 .debug_line    0x00002085       0xd2 .\CortexM0\ARM_GCC_541\Debug\QuadEncoderRTOS.a(SPI_1_SPI.o)
 .debug_line    0x00002157       0xb1 .\CortexM0\ARM_GCC_541\Debug\QuadEncoderRTOS.a(SPI_1_SPI_UART_INT.o)
 .debug_line    0x00002208      0x1a5 .\CortexM0\ARM_GCC_541\Debug\QuadEncoderRTOS.a(Counter_1.o)
 .debug_line    0x000023ad       0xc5 .\CortexM0\ARM_GCC_541\Debug\QuadEncoderRTOS.a(Reset_Encoder.o)
 .debug_line    0x00002472      0x15b .\CortexM0\ARM_GCC_541\Debug\QuadEncoderRTOS.a(isr_rst_encoder.o)
 .debug_line    0x000025cd      0x150 .\CortexM0\ARM_GCC_541\Debug\QuadEncoderRTOS.a(isr_home.o)
 .debug_line    0x0000271d       0xbb .\CortexM0\ARM_GCC_541\Debug\QuadEncoderRTOS.a(LED.o)
 .debug_line    0x000027d8      0x156 .\CortexM0\ARM_GCC_541\Debug\QuadEncoderRTOS.a(isr_spi_ss.o)
 .debug_line    0x0000292e       0xbe .\CortexM0\ARM_GCC_541\Debug\QuadEncoderRTOS.a(spi_ss.o)
 .debug_line    0x000029ec       0xbd .\CortexM0\ARM_GCC_541\Debug\QuadEncoderRTOS.a(PROBE.o)
 .debug_line    0x00002aa9      0x198 .\CortexM0\ARM_GCC_541\Debug\QuadEncoderRTOS.a(Index_Counter_1.o)
 .debug_line    0x00002c41      0x37f .\CortexM0\ARM_GCC_541\Debug\QuadEncoderRTOS.a(Timer_BRMS.o)
 .debug_line    0x00002fc0      0x154 .\CortexM0\ARM_GCC_541\Debug\QuadEncoderRTOS.a(isr_brms.o)
 .debug_line    0x00003114       0x69 .\CortexM0\ARM_GCC_541\Debug\QuadEncoderRTOS.a(CyBootAsmGnu.o)
 .debug_line    0x0000317d      0x15f .\CortexM0\ARM_GCC_541\Debug\QuadEncoderRTOS.a(I2C_I2C_INT.o)
 .debug_line    0x000032dc       0x74 .\CortexM0\ARM_GCC_541\Debug\QuadEncoderRTOS.a(cyutils.o)

.debug_frame    0x00000000     0x21fc
 *(.debug_frame)
 .debug_frame   0x00000000      0x18c .\CortexM0\ARM_GCC_541\Debug\main.o
 .debug_frame   0x0000018c      0x10c .\CortexM0\ARM_GCC_541\Debug\INA219.o
 .debug_frame   0x00000298       0x2c .\CortexM0\ARM_GCC_541\Debug\pid.o
 .debug_frame   0x000002c4       0x8c .\CortexM0\ARM_GCC_541\Debug\cyfitter_cfg.o
 .debug_frame   0x00000350       0xbc .\CortexM0\ARM_GCC_541\Debug\Cm0Start.o
 .debug_frame   0x0000040c       0xf8 .\CortexM0\ARM_GCC_541\Debug\QuadEncoderRTOS.a(I2C.o)
 .debug_frame   0x00000504       0x58 .\CortexM0\ARM_GCC_541\Debug\QuadEncoderRTOS.a(I2C_I2C.o)
 .debug_frame   0x0000055c      0x1e8 .\CortexM0\ARM_GCC_541\Debug\QuadEncoderRTOS.a(I2C_I2C_MASTER.o)
 .debug_frame   0x00000744      0x3a0 .\CortexM0\ARM_GCC_541\Debug\QuadEncoderRTOS.a(PWM_1.o)
 .debug_frame   0x00000ae4       0x70 .\CortexM0\ARM_GCC_541\Debug\QuadEncoderRTOS.a(I2C_sda.o)
 .debug_frame   0x00000b54       0x70 .\CortexM0\ARM_GCC_541\Debug\QuadEncoderRTOS.a(I2C_scl.o)
 .debug_frame   0x00000bc4      0x3e0 .\CortexM0\ARM_GCC_541\Debug\QuadEncoderRTOS.a(CyLib.o)
 .debug_frame   0x00000fa4       0x70 .\CortexM0\ARM_GCC_541\Debug\QuadEncoderRTOS.a(INDEX_OUT.o)
 .debug_frame   0x00001014       0x70 .\CortexM0\ARM_GCC_541\Debug\QuadEncoderRTOS.a(HOME_OUT.o)
 .debug_frame   0x00001084       0x70 .\CortexM0\ARM_GCC_541\Debug\QuadEncoderRTOS.a(HOME_IN.o)
 .debug_frame   0x000010f4      0x114 .\CortexM0\ARM_GCC_541\Debug\QuadEncoderRTOS.a(SPI_1.o)
 .debug_frame   0x00001208       0xc8 .\CortexM0\ARM_GCC_541\Debug\QuadEncoderRTOS.a(SPI_1_SPI_UART.o)
 .debug_frame   0x000012d0       0x4c .\CortexM0\ARM_GCC_541\Debug\QuadEncoderRTOS.a(SPI_1_SPI.o)
 .debug_frame   0x0000131c       0x2c .\CortexM0\ARM_GCC_541\Debug\QuadEncoderRTOS.a(SPI_1_SPI_UART_INT.o)
 .debug_frame   0x00001348      0x198 .\CortexM0\ARM_GCC_541\Debug\QuadEncoderRTOS.a(Counter_1.o)
 .debug_frame   0x000014e0       0x70 .\CortexM0\ARM_GCC_541\Debug\QuadEncoderRTOS.a(Reset_Encoder.o)
 .debug_frame   0x00001550      0x110 .\CortexM0\ARM_GCC_541\Debug\QuadEncoderRTOS.a(isr_rst_encoder.o)
 .debug_frame   0x00001660      0x110 .\CortexM0\ARM_GCC_541\Debug\QuadEncoderRTOS.a(isr_home.o)
 .debug_frame   0x00001770       0x70 .\CortexM0\ARM_GCC_541\Debug\QuadEncoderRTOS.a(LED.o)
 .debug_frame   0x000017e0      0x110 .\CortexM0\ARM_GCC_541\Debug\QuadEncoderRTOS.a(isr_spi_ss.o)
 .debug_frame   0x000018f0       0x70 .\CortexM0\ARM_GCC_541\Debug\QuadEncoderRTOS.a(spi_ss.o)
 .debug_frame   0x00001960       0x70 .\CortexM0\ARM_GCC_541\Debug\QuadEncoderRTOS.a(PROBE.o)
 .debug_frame   0x000019d0      0x134 .\CortexM0\ARM_GCC_541\Debug\QuadEncoderRTOS.a(Index_Counter_1.o)
 .debug_frame   0x00001b04      0x3a0 .\CortexM0\ARM_GCC_541\Debug\QuadEncoderRTOS.a(Timer_BRMS.o)
 .debug_frame   0x00001ea4      0x110 .\CortexM0\ARM_GCC_541\Debug\QuadEncoderRTOS.a(isr_brms.o)
 .debug_frame   0x00001fb4       0x2c .\CortexM0\ARM_GCC_541\Debug\QuadEncoderRTOS.a(I2C_I2C_INT.o)
 .debug_frame   0x00001fe0       0x30 .\CortexM0\ARM_GCC_541\Debug\QuadEncoderRTOS.a(cyutils.o)
 .debug_frame   0x00002010       0x20 c:/program files (x86)/cypress/psoc creator/4.4/psoc creator/import/gnu/arm/5.4.1/bin/../lib/gcc/arm-none-eabi/5.4.1/armv6-m\libgcc.a(_udivsi3.o)
 .debug_frame   0x00002030       0x20 c:/program files (x86)/cypress/psoc creator/4.4/psoc creator/import/gnu/arm/5.4.1/bin/../lib/gcc/arm-none-eabi/5.4.1/armv6-m\libgcc.a(_divsi3.o)
 .debug_frame   0x00002050       0x38 c:/program files (x86)/cypress/psoc creator/4.4/psoc creator/import/gnu/arm/5.4.1/bin/../lib/gcc/arm-none-eabi/5.4.1/armv6-m\libgcc.a(mulsf3.o)
 .debug_frame   0x00002088       0x20 c:/program files (x86)/cypress/psoc creator/4.4/psoc creator/import/gnu/arm/5.4.1/bin/../lib/gcc/arm-none-eabi/5.4.1/armv6-m\libgcc.a(fixsfsi.o)
 .debug_frame   0x000020a8       0x2c c:/program files (x86)/cypress/psoc creator/4.4/psoc creator/import/gnu/arm/5.4.1/bin/../lib/gcc/arm-none-eabi/5.4.1/armv6-m\libgcc.a(floatsisf.o)
 .debug_frame   0x000020d4       0x3c c:/program files (x86)/cypress/psoc creator/4.4/psoc creator/import/gnu/arm/5.4.1/bin/../lib/gcc/arm-none-eabi/5.4.1/armv6-m\libgcc.a(muldf3.o)
 .debug_frame   0x00002110       0x2c c:/program files (x86)/cypress/psoc creator/4.4/psoc creator/import/gnu/arm/5.4.1/bin/../lib/gcc/arm-none-eabi/5.4.1/armv6-m\libgcc.a(floatsidf.o)
 .debug_frame   0x0000213c       0x2c c:/program files (x86)/cypress/psoc creator/4.4/psoc creator/import/gnu/arm/5.4.1/bin/../lib/gcc/arm-none-eabi/5.4.1/armv6-m\libgcc.a(truncdfsf2.o)
 .debug_frame   0x00002168       0x20 c:/program files (x86)/cypress/psoc creator/4.4/psoc creator/import/gnu/arm/5.4.1/bin/../lib/gcc/arm-none-eabi/5.4.1/../../../../arm-none-eabi/lib/armv6-m\libg_nano.a(lib_a-errno.o)
 .debug_frame   0x00002188       0x28 c:/program files (x86)/cypress/psoc creator/4.4/psoc creator/import/gnu/arm/5.4.1/bin/../lib/gcc/arm-none-eabi/5.4.1/../../../../arm-none-eabi/lib/armv6-m\libg_nano.a(lib_a-exit.o)
 .debug_frame   0x000021b0       0x2c c:/program files (x86)/cypress/psoc creator/4.4/psoc creator/import/gnu/arm/5.4.1/bin/../lib/gcc/arm-none-eabi/5.4.1/../../../../arm-none-eabi/lib/armv6-m\libg_nano.a(lib_a-init.o)
 .debug_frame   0x000021dc       0x20 c:/program files (x86)/cypress/psoc creator/4.4/psoc creator/import/gnu/arm/5.4.1/bin/../lib/gcc/arm-none-eabi/5.4.1/../../../../arm-none-eabi/lib/armv6-m\libg_nano.a(lib_a-memset.o)

.debug_str      0x00000000     0x2cb6
 *(.debug_str)
 .debug_str     0x00000000      0x980 .\CortexM0\ARM_GCC_541\Debug\main.o
                                0xa74 (size before relaxing)
 .debug_str     0x00000980      0x165 .\CortexM0\ARM_GCC_541\Debug\INA219.o
                                0x347 (size before relaxing)
 .debug_str     0x00000ae5       0x4a .\CortexM0\ARM_GCC_541\Debug\pid.o
                                0x235 (size before relaxing)
 .debug_str     0x00000b2f       0xec .\CortexM0\ARM_GCC_541\Debug\cyfitter_cfg.o
                                0x2aa (size before relaxing)
 .debug_str     0x00000c1b       0x59 .\CortexM0\ARM_GCC_541\Debug\cymetadata.o
                                0x1c8 (size before relaxing)
 .debug_str     0x00000c74      0x13a .\CortexM0\ARM_GCC_541\Debug\Cm0Start.o
                                0x301 (size before relaxing)
 .debug_str     0x00000dae      0x141 .\CortexM0\ARM_GCC_541\Debug\QuadEncoderRTOS.a(I2C.o)
                                0x2d9 (size before relaxing)
 .debug_str     0x00000eef       0x94 .\CortexM0\ARM_GCC_541\Debug\QuadEncoderRTOS.a(I2C_I2C.o)
                                0x24e (size before relaxing)
 .debug_str     0x00000f83      0x29b .\CortexM0\ARM_GCC_541\Debug\QuadEncoderRTOS.a(I2C_I2C_MASTER.o)
                                0x4ec (size before relaxing)
 .debug_str     0x0000121e      0x3e7 .\CortexM0\ARM_GCC_541\Debug\QuadEncoderRTOS.a(PWM_1.o)
                                0x5b1 (size before relaxing)
 .debug_str     0x00001605       0xa3 .\CortexM0\ARM_GCC_541\Debug\QuadEncoderRTOS.a(I2C_sda.o)
                                0x244 (size before relaxing)
 .debug_str     0x000016a8       0x7a .\CortexM0\ARM_GCC_541\Debug\QuadEncoderRTOS.a(I2C_scl.o)
                                0x244 (size before relaxing)
 .debug_str     0x00001722      0x440 .\CortexM0\ARM_GCC_541\Debug\QuadEncoderRTOS.a(CyLib.o)
                                0x6b6 (size before relaxing)
 .debug_str     0x00001b62       0x8c .\CortexM0\ARM_GCC_541\Debug\QuadEncoderRTOS.a(INDEX_OUT.o)
                                0x252 (size before relaxing)
 .debug_str     0x00001bee       0x86 .\CortexM0\ARM_GCC_541\Debug\QuadEncoderRTOS.a(HOME_OUT.o)
                                0x24b (size before relaxing)
 .debug_str     0x00001c74       0x7e .\CortexM0\ARM_GCC_541\Debug\QuadEncoderRTOS.a(HOME_IN.o)
                                0x244 (size before relaxing)
 .debug_str     0x00001cf2      0x14e .\CortexM0\ARM_GCC_541\Debug\QuadEncoderRTOS.a(SPI_1.o)
                                0x33b (size before relaxing)
 .debug_str     0x00001e40      0x17c .\CortexM0\ARM_GCC_541\Debug\QuadEncoderRTOS.a(SPI_1_SPI_UART.o)
                                0x392 (size before relaxing)
 .debug_str     0x00001fbc       0x23 .\CortexM0\ARM_GCC_541\Debug\QuadEncoderRTOS.a(SPI_1_SPI.o)
                                0x289 (size before relaxing)
 .debug_str     0x00001fdf       0x3f .\CortexM0\ARM_GCC_541\Debug\QuadEncoderRTOS.a(SPI_1_SPI_UART_INT.o)
                                0x293 (size before relaxing)
 .debug_str     0x0000201e       0x82 .\CortexM0\ARM_GCC_541\Debug\QuadEncoderRTOS.a(Counter_1.o)
                                0x3df (size before relaxing)
 .debug_str     0x000020a0       0xa2 .\CortexM0\ARM_GCC_541\Debug\QuadEncoderRTOS.a(Reset_Encoder.o)
                                0x26e (size before relaxing)
 .debug_str     0x00002142      0x130 .\CortexM0\ARM_GCC_541\Debug\QuadEncoderRTOS.a(isr_rst_encoder.o)
                                0x376 (size before relaxing)
 .debug_str     0x00002272       0xd4 .\CortexM0\ARM_GCC_541\Debug\QuadEncoderRTOS.a(isr_home.o)
                                0x314 (size before relaxing)
 .debug_str     0x00002346       0x6f .\CortexM0\ARM_GCC_541\Debug\QuadEncoderRTOS.a(LED.o)
                                0x228 (size before relaxing)
 .debug_str     0x000023b5      0x102 .\CortexM0\ARM_GCC_541\Debug\QuadEncoderRTOS.a(isr_spi_ss.o)
                                0x330 (size before relaxing)
 .debug_str     0x000024b7       0x6c .\CortexM0\ARM_GCC_541\Debug\QuadEncoderRTOS.a(spi_ss.o)
                                0x23d (size before relaxing)
 .debug_str     0x00002523       0x7b .\CortexM0\ARM_GCC_541\Debug\QuadEncoderRTOS.a(PROBE.o)
                                0x236 (size before relaxing)
 .debug_str     0x0000259e      0x1f0 .\CortexM0\ARM_GCC_541\Debug\QuadEncoderRTOS.a(Index_Counter_1.o)
                                0x409 (size before relaxing)
 .debug_str     0x0000278e      0x3ce .\CortexM0\ARM_GCC_541\Debug\QuadEncoderRTOS.a(Timer_BRMS.o)
                                0x683 (size before relaxing)
 .debug_str     0x00002b5c       0xea .\CortexM0\ARM_GCC_541\Debug\QuadEncoderRTOS.a(isr_brms.o)
                                0x314 (size before relaxing)
 .debug_str     0x00002c46       0x47 .\CortexM0\ARM_GCC_541\Debug\QuadEncoderRTOS.a(I2C_I2C_INT.o)
                                0x2be (size before relaxing)
 .debug_str     0x00002c8d       0x29 .\CortexM0\ARM_GCC_541\Debug\QuadEncoderRTOS.a(cyutils.o)
                                0x1bd (size before relaxing)

.debug_loc      0x00000000     0x2eb6
 *(.debug_loc)
 .debug_loc     0x00000000      0x1fa .\CortexM0\ARM_GCC_541\Debug\main.o
 .debug_loc     0x000001fa      0x26a .\CortexM0\ARM_GCC_541\Debug\INA219.o
 .debug_loc     0x00000464       0x4e .\CortexM0\ARM_GCC_541\Debug\pid.o
 .debug_loc     0x000004b2      0x118 .\CortexM0\ARM_GCC_541\Debug\cyfitter_cfg.o
 .debug_loc     0x000005ca      0x14f .\CortexM0\ARM_GCC_541\Debug\Cm0Start.o
 .debug_loc     0x00000719       0x7e .\CortexM0\ARM_GCC_541\Debug\QuadEncoderRTOS.a(I2C.o)
 .debug_loc     0x00000797      0xa90 .\CortexM0\ARM_GCC_541\Debug\QuadEncoderRTOS.a(I2C_I2C_MASTER.o)
 .debug_loc     0x00001227      0x547 .\CortexM0\ARM_GCC_541\Debug\QuadEncoderRTOS.a(PWM_1.o)
 .debug_loc     0x0000176e       0xa2 .\CortexM0\ARM_GCC_541\Debug\QuadEncoderRTOS.a(I2C_sda.o)
 .debug_loc     0x00001810       0x81 .\CortexM0\ARM_GCC_541\Debug\QuadEncoderRTOS.a(I2C_scl.o)
 .debug_loc     0x00001891      0x599 .\CortexM0\ARM_GCC_541\Debug\QuadEncoderRTOS.a(CyLib.o)
 .debug_loc     0x00001e2a       0xa2 .\CortexM0\ARM_GCC_541\Debug\QuadEncoderRTOS.a(INDEX_OUT.o)
 .debug_loc     0x00001ecc       0xa2 .\CortexM0\ARM_GCC_541\Debug\QuadEncoderRTOS.a(HOME_OUT.o)
 .debug_loc     0x00001f6e       0xa2 .\CortexM0\ARM_GCC_541\Debug\QuadEncoderRTOS.a(HOME_IN.o)
 .debug_loc     0x00002010       0x7e .\CortexM0\ARM_GCC_541\Debug\QuadEncoderRTOS.a(SPI_1.o)
 .debug_loc     0x0000208e      0x170 .\CortexM0\ARM_GCC_541\Debug\QuadEncoderRTOS.a(SPI_1_SPI_UART.o)
 .debug_loc     0x000021fe       0x3d .\CortexM0\ARM_GCC_541\Debug\QuadEncoderRTOS.a(SPI_1_SPI_UART_INT.o)
 .debug_loc     0x0000223b       0xd6 .\CortexM0\ARM_GCC_541\Debug\QuadEncoderRTOS.a(Counter_1.o)
 .debug_loc     0x00002311       0xa2 .\CortexM0\ARM_GCC_541\Debug\QuadEncoderRTOS.a(Reset_Encoder.o)
 .debug_loc     0x000023b3       0x82 .\CortexM0\ARM_GCC_541\Debug\QuadEncoderRTOS.a(isr_rst_encoder.o)
 .debug_loc     0x00002435       0x82 .\CortexM0\ARM_GCC_541\Debug\QuadEncoderRTOS.a(isr_home.o)
 .debug_loc     0x000024b7       0xa2 .\CortexM0\ARM_GCC_541\Debug\QuadEncoderRTOS.a(LED.o)
 .debug_loc     0x00002559       0x82 .\CortexM0\ARM_GCC_541\Debug\QuadEncoderRTOS.a(isr_spi_ss.o)
 .debug_loc     0x000025db       0xa2 .\CortexM0\ARM_GCC_541\Debug\QuadEncoderRTOS.a(spi_ss.o)
 .debug_loc     0x0000267d       0xa2 .\CortexM0\ARM_GCC_541\Debug\QuadEncoderRTOS.a(PROBE.o)
 .debug_loc     0x0000271f       0x31 .\CortexM0\ARM_GCC_541\Debug\QuadEncoderRTOS.a(Index_Counter_1.o)
 .debug_loc     0x00002750      0x547 .\CortexM0\ARM_GCC_541\Debug\QuadEncoderRTOS.a(Timer_BRMS.o)
 .debug_loc     0x00002c97       0x82 .\CortexM0\ARM_GCC_541\Debug\QuadEncoderRTOS.a(isr_brms.o)
 .debug_loc     0x00002d19      0x10c .\CortexM0\ARM_GCC_541\Debug\QuadEncoderRTOS.a(I2C_I2C_INT.o)
 .debug_loc     0x00002e25       0x91 .\CortexM0\ARM_GCC_541\Debug\QuadEncoderRTOS.a(cyutils.o)

.debug_macinfo
 *(.debug_macinfo)

.debug_ranges   0x00000000      0xc10
 *(.debug_ranges)
 .debug_ranges  0x00000000       0x78 .\CortexM0\ARM_GCC_541\Debug\main.o
 .debug_ranges  0x00000078       0x50 .\CortexM0\ARM_GCC_541\Debug\INA219.o
 .debug_ranges  0x000000c8       0x10 .\CortexM0\ARM_GCC_541\Debug\pid.o
 .debug_ranges  0x000000d8       0x28 .\CortexM0\ARM_GCC_541\Debug\cyfitter_cfg.o
 .debug_ranges  0x00000100       0x38 .\CortexM0\ARM_GCC_541\Debug\Cm0Start.o
 .debug_ranges  0x00000138       0x58 .\CortexM0\ARM_GCC_541\Debug\QuadEncoderRTOS.a(I2C.o)
 .debug_ranges  0x00000190       0x20 .\CortexM0\ARM_GCC_541\Debug\QuadEncoderRTOS.a(I2C_I2C.o)
 .debug_ranges  0x000001b0       0x88 .\CortexM0\ARM_GCC_541\Debug\QuadEncoderRTOS.a(I2C_I2C_MASTER.o)
 .debug_ranges  0x00000238      0x148 .\CortexM0\ARM_GCC_541\Debug\QuadEncoderRTOS.a(PWM_1.o)
 .debug_ranges  0x00000380       0x38 .\CortexM0\ARM_GCC_541\Debug\QuadEncoderRTOS.a(I2C_sda.o)
 .debug_ranges  0x000003b8       0x38 .\CortexM0\ARM_GCC_541\Debug\QuadEncoderRTOS.a(I2C_scl.o)
 .debug_ranges  0x000003f0      0x170 .\CortexM0\ARM_GCC_541\Debug\QuadEncoderRTOS.a(CyLib.o)
 .debug_ranges  0x00000560       0x38 .\CortexM0\ARM_GCC_541\Debug\QuadEncoderRTOS.a(INDEX_OUT.o)
 .debug_ranges  0x00000598       0x38 .\CortexM0\ARM_GCC_541\Debug\QuadEncoderRTOS.a(HOME_OUT.o)
 .debug_ranges  0x000005d0       0x38 .\CortexM0\ARM_GCC_541\Debug\QuadEncoderRTOS.a(HOME_IN.o)
 .debug_ranges  0x00000608       0x60 .\CortexM0\ARM_GCC_541\Debug\QuadEncoderRTOS.a(SPI_1.o)
 .debug_ranges  0x00000668       0x50 .\CortexM0\ARM_GCC_541\Debug\QuadEncoderRTOS.a(SPI_1_SPI_UART.o)
 .debug_ranges  0x000006b8       0x20 .\CortexM0\ARM_GCC_541\Debug\QuadEncoderRTOS.a(SPI_1_SPI.o)
 .debug_ranges  0x000006d8       0x10 .\CortexM0\ARM_GCC_541\Debug\QuadEncoderRTOS.a(SPI_1_SPI_UART_INT.o)
 .debug_ranges  0x000006e8       0x90 .\CortexM0\ARM_GCC_541\Debug\QuadEncoderRTOS.a(Counter_1.o)
 .debug_ranges  0x00000778       0x38 .\CortexM0\ARM_GCC_541\Debug\QuadEncoderRTOS.a(Reset_Encoder.o)
 .debug_ranges  0x000007b0       0x70 .\CortexM0\ARM_GCC_541\Debug\QuadEncoderRTOS.a(isr_rst_encoder.o)
 .debug_ranges  0x00000820       0x70 .\CortexM0\ARM_GCC_541\Debug\QuadEncoderRTOS.a(isr_home.o)
 .debug_ranges  0x00000890       0x38 .\CortexM0\ARM_GCC_541\Debug\QuadEncoderRTOS.a(LED.o)
 .debug_ranges  0x000008c8       0x70 .\CortexM0\ARM_GCC_541\Debug\QuadEncoderRTOS.a(isr_spi_ss.o)
 .debug_ranges  0x00000938       0x38 .\CortexM0\ARM_GCC_541\Debug\QuadEncoderRTOS.a(spi_ss.o)
 .debug_ranges  0x00000970       0x38 .\CortexM0\ARM_GCC_541\Debug\QuadEncoderRTOS.a(PROBE.o)
 .debug_ranges  0x000009a8       0x88 .\CortexM0\ARM_GCC_541\Debug\QuadEncoderRTOS.a(Index_Counter_1.o)
 .debug_ranges  0x00000a30      0x148 .\CortexM0\ARM_GCC_541\Debug\QuadEncoderRTOS.a(Timer_BRMS.o)
 .debug_ranges  0x00000b78       0x70 .\CortexM0\ARM_GCC_541\Debug\QuadEncoderRTOS.a(isr_brms.o)
 .debug_ranges  0x00000be8       0x10 .\CortexM0\ARM_GCC_541\Debug\QuadEncoderRTOS.a(I2C_I2C_INT.o)
 .debug_ranges  0x00000bf8       0x18 .\CortexM0\ARM_GCC_541\Debug\QuadEncoderRTOS.a(cyutils.o)

.comment        0x00000000       0x6e
 .comment       0x00000000       0x6e .\CortexM0\ARM_GCC_541\Debug\main.o
                                 0x6f (size before relaxing)
 .comment       0x0000006e       0x6f .\CortexM0\ARM_GCC_541\Debug\INA219.o
 .comment       0x0000006e       0x6f .\CortexM0\ARM_GCC_541\Debug\pid.o
 .comment       0x0000006e       0x6f .\CortexM0\ARM_GCC_541\Debug\cyfitter_cfg.o
 .comment       0x0000006e       0x6f .\CortexM0\ARM_GCC_541\Debug\cymetadata.o
 .comment       0x0000006e       0x6f .\CortexM0\ARM_GCC_541\Debug\Cm0Start.o
 .comment       0x0000006e       0x6f .\CortexM0\ARM_GCC_541\Debug\QuadEncoderRTOS.a(I2C.o)
 .comment       0x0000006e       0x6f .\CortexM0\ARM_GCC_541\Debug\QuadEncoderRTOS.a(I2C_I2C.o)
 .comment       0x0000006e       0x6f .\CortexM0\ARM_GCC_541\Debug\QuadEncoderRTOS.a(I2C_I2C_MASTER.o)
 .comment       0x0000006e       0x6f .\CortexM0\ARM_GCC_541\Debug\QuadEncoderRTOS.a(PWM_1.o)
 .comment       0x0000006e       0x6f .\CortexM0\ARM_GCC_541\Debug\QuadEncoderRTOS.a(I2C_sda.o)
 .comment       0x0000006e       0x6f .\CortexM0\ARM_GCC_541\Debug\QuadEncoderRTOS.a(I2C_scl.o)
 .comment       0x0000006e       0x6f .\CortexM0\ARM_GCC_541\Debug\QuadEncoderRTOS.a(CyLib.o)
 .comment       0x0000006e       0x6f .\CortexM0\ARM_GCC_541\Debug\QuadEncoderRTOS.a(INDEX_OUT.o)
 .comment       0x0000006e       0x6f .\CortexM0\ARM_GCC_541\Debug\QuadEncoderRTOS.a(HOME_OUT.o)
 .comment       0x0000006e       0x6f .\CortexM0\ARM_GCC_541\Debug\QuadEncoderRTOS.a(HOME_IN.o)
 .comment       0x0000006e       0x6f .\CortexM0\ARM_GCC_541\Debug\QuadEncoderRTOS.a(SPI_1.o)
 .comment       0x0000006e       0x6f .\CortexM0\ARM_GCC_541\Debug\QuadEncoderRTOS.a(SPI_1_SPI_UART.o)
 .comment       0x0000006e       0x6f .\CortexM0\ARM_GCC_541\Debug\QuadEncoderRTOS.a(SPI_1_SPI.o)
 .comment       0x0000006e       0x6f .\CortexM0\ARM_GCC_541\Debug\QuadEncoderRTOS.a(SPI_1_SPI_UART_INT.o)
 .comment       0x0000006e       0x6f .\CortexM0\ARM_GCC_541\Debug\QuadEncoderRTOS.a(Counter_1.o)
 .comment       0x0000006e       0x6f .\CortexM0\ARM_GCC_541\Debug\QuadEncoderRTOS.a(Reset_Encoder.o)
 .comment       0x0000006e       0x6f .\CortexM0\ARM_GCC_541\Debug\QuadEncoderRTOS.a(isr_rst_encoder.o)
 .comment       0x0000006e       0x6f .\CortexM0\ARM_GCC_541\Debug\QuadEncoderRTOS.a(isr_home.o)
 .comment       0x0000006e       0x6f .\CortexM0\ARM_GCC_541\Debug\QuadEncoderRTOS.a(LED.o)
 .comment       0x0000006e       0x6f .\CortexM0\ARM_GCC_541\Debug\QuadEncoderRTOS.a(isr_spi_ss.o)
 .comment       0x0000006e       0x6f .\CortexM0\ARM_GCC_541\Debug\QuadEncoderRTOS.a(spi_ss.o)
 .comment       0x0000006e       0x6f .\CortexM0\ARM_GCC_541\Debug\QuadEncoderRTOS.a(PROBE.o)
 .comment       0x0000006e       0x6f .\CortexM0\ARM_GCC_541\Debug\QuadEncoderRTOS.a(Index_Counter_1.o)
 .comment       0x0000006e       0x6f .\CortexM0\ARM_GCC_541\Debug\QuadEncoderRTOS.a(Timer_BRMS.o)
 .comment       0x0000006e       0x6f .\CortexM0\ARM_GCC_541\Debug\QuadEncoderRTOS.a(isr_brms.o)
 .comment       0x0000006e       0x6f .\CortexM0\ARM_GCC_541\Debug\QuadEncoderRTOS.a(I2C_I2C_INT.o)
 .comment       0x0000006e       0x6f .\CortexM0\ARM_GCC_541\Debug\QuadEncoderRTOS.a(cyutils.o)

.debug_weaknames
 *(.debug_weaknames)

.debug_funcnames
 *(.debug_funcnames)

.debug_typenames
 *(.debug_typenames)

.debug_varnames
 *(.debug_varnames)

.note.gnu.arm.ident
 *(.note.gnu.arm.ident)

.ARM.attributes
                0x00000000       0x28
 *(.ARM.attributes)
 .ARM.attributes
                0x00000000       0x1e c:/program files (x86)/cypress/psoc creator/4.4/psoc creator/import/gnu/arm/5.4.1/bin/../lib/gcc/arm-none-eabi/5.4.1/armv6-m/crti.o
 .ARM.attributes
                0x0000001e       0x2c c:/program files (x86)/cypress/psoc creator/4.4/psoc creator/import/gnu/arm/5.4.1/bin/../lib/gcc/arm-none-eabi/5.4.1/armv6-m/crtbegin.o
 .ARM.attributes
                0x0000004a       0x1b c:/program files (x86)/cypress/psoc creator/4.4/psoc creator/import/gnu/arm/5.4.1/bin/../lib/gcc/arm-none-eabi/5.4.1/../../../../arm-none-eabi/lib/armv6-m/crt0.o
 .ARM.attributes
                0x00000065       0x31 .\CortexM0\ARM_GCC_541\Debug\main.o
 .ARM.attributes
                0x00000096       0x31 .\CortexM0\ARM_GCC_541\Debug\INA219.o
 .ARM.attributes
                0x000000c7       0x31 .\CortexM0\ARM_GCC_541\Debug\pid.o
 .ARM.attributes
                0x000000f8       0x31 .\CortexM0\ARM_GCC_541\Debug\cyfitter_cfg.o
 .ARM.attributes
                0x00000129       0x31 .\CortexM0\ARM_GCC_541\Debug\cymetadata.o
 .ARM.attributes
                0x0000015a       0x31 .\CortexM0\ARM_GCC_541\Debug\Cm0Start.o
 .ARM.attributes
                0x0000018b       0x31 .\CortexM0\ARM_GCC_541\Debug\QuadEncoderRTOS.a(I2C.o)
 .ARM.attributes
                0x000001bc       0x31 .\CortexM0\ARM_GCC_541\Debug\QuadEncoderRTOS.a(I2C_I2C.o)
 .ARM.attributes
                0x000001ed       0x31 .\CortexM0\ARM_GCC_541\Debug\QuadEncoderRTOS.a(I2C_I2C_MASTER.o)
 .ARM.attributes
                0x0000021e       0x31 .\CortexM0\ARM_GCC_541\Debug\QuadEncoderRTOS.a(PWM_1.o)
 .ARM.attributes
                0x0000024f       0x31 .\CortexM0\ARM_GCC_541\Debug\QuadEncoderRTOS.a(I2C_sda.o)
 .ARM.attributes
                0x00000280       0x31 .\CortexM0\ARM_GCC_541\Debug\QuadEncoderRTOS.a(I2C_scl.o)
 .ARM.attributes
                0x000002b1       0x31 .\CortexM0\ARM_GCC_541\Debug\QuadEncoderRTOS.a(CyLib.o)
 .ARM.attributes
                0x000002e2       0x31 .\CortexM0\ARM_GCC_541\Debug\QuadEncoderRTOS.a(INDEX_OUT.o)
 .ARM.attributes
                0x00000313       0x31 .\CortexM0\ARM_GCC_541\Debug\QuadEncoderRTOS.a(HOME_OUT.o)
 .ARM.attributes
                0x00000344       0x31 .\CortexM0\ARM_GCC_541\Debug\QuadEncoderRTOS.a(HOME_IN.o)
 .ARM.attributes
                0x00000375       0x31 .\CortexM0\ARM_GCC_541\Debug\QuadEncoderRTOS.a(SPI_1.o)
 .ARM.attributes
                0x000003a6       0x31 .\CortexM0\ARM_GCC_541\Debug\QuadEncoderRTOS.a(SPI_1_SPI_UART.o)
 .ARM.attributes
                0x000003d7       0x31 .\CortexM0\ARM_GCC_541\Debug\QuadEncoderRTOS.a(SPI_1_SPI.o)
 .ARM.attributes
                0x00000408       0x31 .\CortexM0\ARM_GCC_541\Debug\QuadEncoderRTOS.a(SPI_1_SPI_UART_INT.o)
 .ARM.attributes
                0x00000439       0x31 .\CortexM0\ARM_GCC_541\Debug\QuadEncoderRTOS.a(Counter_1.o)
 .ARM.attributes
                0x0000046a       0x31 .\CortexM0\ARM_GCC_541\Debug\QuadEncoderRTOS.a(Reset_Encoder.o)
 .ARM.attributes
                0x0000049b       0x31 .\CortexM0\ARM_GCC_541\Debug\QuadEncoderRTOS.a(isr_rst_encoder.o)
 .ARM.attributes
                0x000004cc       0x31 .\CortexM0\ARM_GCC_541\Debug\QuadEncoderRTOS.a(isr_home.o)
 .ARM.attributes
                0x000004fd       0x31 .\CortexM0\ARM_GCC_541\Debug\QuadEncoderRTOS.a(LED.o)
 .ARM.attributes
                0x0000052e       0x31 .\CortexM0\ARM_GCC_541\Debug\QuadEncoderRTOS.a(isr_spi_ss.o)
 .ARM.attributes
                0x0000055f       0x31 .\CortexM0\ARM_GCC_541\Debug\QuadEncoderRTOS.a(spi_ss.o)
 .ARM.attributes
                0x00000590       0x31 .\CortexM0\ARM_GCC_541\Debug\QuadEncoderRTOS.a(PROBE.o)
 .ARM.attributes
                0x000005c1       0x31 .\CortexM0\ARM_GCC_541\Debug\QuadEncoderRTOS.a(Index_Counter_1.o)
 .ARM.attributes
                0x000005f2       0x31 .\CortexM0\ARM_GCC_541\Debug\QuadEncoderRTOS.a(Timer_BRMS.o)
 .ARM.attributes
                0x00000623       0x31 .\CortexM0\ARM_GCC_541\Debug\QuadEncoderRTOS.a(isr_brms.o)
 .ARM.attributes
                0x00000654       0x21 .\CortexM0\ARM_GCC_541\Debug\QuadEncoderRTOS.a(CyBootAsmGnu.o)
 .ARM.attributes
                0x00000675       0x31 .\CortexM0\ARM_GCC_541\Debug\QuadEncoderRTOS.a(I2C_I2C_INT.o)
 .ARM.attributes
                0x000006a6       0x31 .\CortexM0\ARM_GCC_541\Debug\QuadEncoderRTOS.a(cyutils.o)
 .ARM.attributes
                0x000006d7       0x1e c:/program files (x86)/cypress/psoc creator/4.4/psoc creator/import/gnu/arm/5.4.1/bin/../lib/gcc/arm-none-eabi/5.4.1/armv6-m\libgcc.a(_udivsi3.o)
 .ARM.attributes
                0x000006f5       0x1e c:/program files (x86)/cypress/psoc creator/4.4/psoc creator/import/gnu/arm/5.4.1/bin/../lib/gcc/arm-none-eabi/5.4.1/armv6-m\libgcc.a(_divsi3.o)
 .ARM.attributes
                0x00000713       0x1e c:/program files (x86)/cypress/psoc creator/4.4/psoc creator/import/gnu/arm/5.4.1/bin/../lib/gcc/arm-none-eabi/5.4.1/armv6-m\libgcc.a(_dvmd_tls.o)
 .ARM.attributes
                0x00000731       0x2c c:/program files (x86)/cypress/psoc creator/4.4/psoc creator/import/gnu/arm/5.4.1/bin/../lib/gcc/arm-none-eabi/5.4.1/armv6-m\libgcc.a(mulsf3.o)
 .ARM.attributes
                0x0000075d       0x2c c:/program files (x86)/cypress/psoc creator/4.4/psoc creator/import/gnu/arm/5.4.1/bin/../lib/gcc/arm-none-eabi/5.4.1/armv6-m\libgcc.a(fixsfsi.o)
 .ARM.attributes
                0x00000789       0x2c c:/program files (x86)/cypress/psoc creator/4.4/psoc creator/import/gnu/arm/5.4.1/bin/../lib/gcc/arm-none-eabi/5.4.1/armv6-m\libgcc.a(floatsisf.o)
 .ARM.attributes
                0x000007b5       0x2c c:/program files (x86)/cypress/psoc creator/4.4/psoc creator/import/gnu/arm/5.4.1/bin/../lib/gcc/arm-none-eabi/5.4.1/armv6-m\libgcc.a(muldf3.o)
 .ARM.attributes
                0x000007e1       0x2c c:/program files (x86)/cypress/psoc creator/4.4/psoc creator/import/gnu/arm/5.4.1/bin/../lib/gcc/arm-none-eabi/5.4.1/armv6-m\libgcc.a(floatsidf.o)
 .ARM.attributes
                0x0000080d       0x2c c:/program files (x86)/cypress/psoc creator/4.4/psoc creator/import/gnu/arm/5.4.1/bin/../lib/gcc/arm-none-eabi/5.4.1/armv6-m\libgcc.a(truncdfsf2.o)
 .ARM.attributes
                0x00000839       0x1e c:/program files (x86)/cypress/psoc creator/4.4/psoc creator/import/gnu/arm/5.4.1/bin/../lib/gcc/arm-none-eabi/5.4.1/armv6-m\libgcc.a(_clzsi2.o)
 .ARM.attributes
                0x00000857       0x2c c:/program files (x86)/cypress/psoc creator/4.4/psoc creator/import/gnu/arm/5.4.1/bin/../lib/gcc/arm-none-eabi/5.4.1/../../../../arm-none-eabi/lib/armv6-m\libg_nano.a(lib_a-errno.o)
 .ARM.attributes
                0x00000883       0x2c c:/program files (x86)/cypress/psoc creator/4.4/psoc creator/import/gnu/arm/5.4.1/bin/../lib/gcc/arm-none-eabi/5.4.1/../../../../arm-none-eabi/lib/armv6-m\libg_nano.a(lib_a-exit.o)
 .ARM.attributes
                0x000008af       0x2c c:/program files (x86)/cypress/psoc creator/4.4/psoc creator/import/gnu/arm/5.4.1/bin/../lib/gcc/arm-none-eabi/5.4.1/../../../../arm-none-eabi/lib/armv6-m\libg_nano.a(lib_a-impure.o)
 .ARM.attributes
                0x000008db       0x2c c:/program files (x86)/cypress/psoc creator/4.4/psoc creator/import/gnu/arm/5.4.1/bin/../lib/gcc/arm-none-eabi/5.4.1/../../../../arm-none-eabi/lib/armv6-m\libg_nano.a(lib_a-init.o)
 .ARM.attributes
                0x00000907       0x2c c:/program files (x86)/cypress/psoc creator/4.4/psoc creator/import/gnu/arm/5.4.1/bin/../lib/gcc/arm-none-eabi/5.4.1/../../../../arm-none-eabi/lib/armv6-m\libg_nano.a(lib_a-memset.o)
 .ARM.attributes
                0x00000933       0x2c c:/program files (x86)/cypress/psoc creator/4.4/psoc creator/import/gnu/arm/5.4.1/bin/../lib/gcc/arm-none-eabi/5.4.1/armv6-m/crtend.o
 .ARM.attributes
                0x0000095f       0x1e c:/program files (x86)/cypress/psoc creator/4.4/psoc creator/import/gnu/arm/5.4.1/bin/../lib/gcc/arm-none-eabi/5.4.1/armv6-m/crtn.o

/DISCARD/
 *(.note.GNU-stack)
OUTPUT(C:\Users\prichards\proj\acsnb-motor-cypress\QuadEncoderRTOS.cydsn\CortexM0\ARM_GCC_541\Debug\QuadEncoderRTOS.elf elf32-littlearm)
